build	Set up job	﻿2026-09-05T05:27:23.5838610Z Current runner version: '2.337.0'
build	Set up job	2026-09-05T05:27:23.5855930Z ##[group]Runner Image Provisioner
build	Set up job	2026-09-05T05:27:23.5856450Z Hosted Compute Agent
build	Set up job	2026-09-05T05:27:23.5856860Z Version: 20260828.587
build	Set up job	2026-09-05T05:27:23.5857300Z Commit: abac92662cab4cc7352de4f9f9d2e2419aad9c29
build	Set up job	2026-09-05T05:27:23.5857830Z Build Date: 2026-08-28T16:44:25Z
build	Set up job	2026-09-05T05:27:23.5858300Z Worker ID: {8f03ab59-8e23-44ed-9289-596a4a7437ff}
build	Set up job	2026-09-05T05:27:23.5858780Z Azure Region: westus
build	Set up job	2026-09-05T05:27:23.5859220Z ##[endgroup]
build	Set up job	2026-09-05T05:27:23.5860100Z ##[group]Operating System
build	Set up job	2026-09-05T05:27:23.5860520Z macOS
build	Set up job	2026-09-05T05:27:23.5860930Z 26.6.2
build	Set up job	2026-09-05T05:27:23.5861250Z 25G83
build	Set up job	2026-09-05T05:27:23.5861590Z ##[endgroup]
build	Set up job	2026-09-05T05:27:23.5861940Z ##[group]Runner Image
build	Set up job	2026-09-05T05:27:23.5862380Z Image: macos-26-arm64
build	Set up job	2026-09-05T05:27:23.5862810Z Version: 20260831.0337.3
build	Set up job	2026-09-05T05:27:23.5863550Z Included Software: https://github.com/actions/runner-images/blob/macos-26-arm64/20260831.0337/images/macos/macos-26-arm64-Readme.md
build	Set up job	2026-09-05T05:27:23.5864730Z Image Release: https://github.com/actions/runner-images/releases/tag/macos-26-arm64%2F20260831.0337
build	Set up job	2026-09-05T05:27:23.5865410Z ##[endgroup]
build	Set up job	2026-09-05T05:27:23.5866260Z ##[group]GITHUB_TOKEN Permissions
build	Set up job	2026-09-05T05:27:23.5867380Z Contents: read
build	Set up job	2026-09-05T05:27:23.5867740Z Metadata: read
build	Set up job	2026-09-05T05:27:23.5868090Z Packages: read
build	Set up job	2026-09-05T05:27:23.5868460Z ##[endgroup]
build	Set up job	2026-09-05T05:27:23.5869870Z Secret source: Actions
build	Set up job	2026-09-05T05:27:23.5870590Z Prepare workflow directory
build	Set up job	2026-09-05T05:27:23.6140230Z Prepare all required actions
build	Set up job	2026-09-05T05:27:23.6176940Z Getting action download info
build	Set up job	2026-09-05T05:27:23.9485410Z Download action repository 'actions/checkout@v7' (SHA:3d3c42e5aac5ba805825da76410c181273ba90b1)
build	Set up job	2026-09-05T05:27:24.2552010Z Download action repository 'maxim-lobanov/setup-xcode@v1' (SHA:ed7a3b1fda3918c0306d1b724322adc0b8cc0a90)
build	Set up job	2026-09-05T05:27:24.8700600Z Download action repository 'actions/cache@v6' (SHA:55cc8345863c7cc4c66a329aec7e433d2d1c52a9)
build	Set up job	2026-09-05T05:27:25.0166150Z Download action repository 'subosito/flutter-action@v2' (SHA:1a449444c387b1966244ae4d4f8c696479add0b2)
build	Set up job	2026-09-05T05:27:25.6267670Z Download action repository 'actions/setup-node@v7' (SHA:820762786026740c76f36085b0efc47a31fe5020)
build	Set up job	2026-09-05T05:27:25.7570850Z Download action repository 'actions/setup-java@v6' (SHA:dd06d9cba3e5552c54d9f8ea23572deb30010f7c)
build	Set up job	2026-09-05T05:27:26.8554540Z Download action repository 'gradle/actions@v6' (SHA:9c971963bec38e04b3d30dcc455b5382be2fdbfb)
build	Set up job	2026-09-05T05:27:28.1879520Z Download action repository 'actions/upload-artifact@v7' (SHA:043fb46d1a93c77aae656e7c1c64a875d1fc6a0a)
build	Set up job	2026-09-05T05:27:28.3973150Z Getting action download info
build	Set up job	2026-09-05T05:27:28.4972810Z Download action repository 'actions/cache@v5' (SHA:caa296126883cff596d87d8935842f9db880ef25)
build	Set up job	2026-09-05T05:27:28.6909210Z Complete job name: build
build	Checkout repository	﻿2026-09-05T05:27:28.7732280Z ##[group]Run actions/checkout@v7
build	Checkout repository	2026-09-05T05:27:28.7732950Z with:
build	Checkout repository	2026-09-05T05:27:28.7733370Z   repository: WebExperiments-glitch/huamei-indexTTS
build	Checkout repository	2026-09-05T05:27:28.7735780Z   token: ***
build	Checkout repository	2026-09-05T05:27:28.7735920Z   ssh-strict: true
build	Checkout repository	2026-09-05T05:27:28.7736080Z   ssh-user: git
build	Checkout repository	2026-09-05T05:27:28.7736240Z   persist-credentials: true
build	Checkout repository	2026-09-05T05:27:28.7736410Z   clean: true
build	Checkout repository	2026-09-05T05:27:28.7736610Z   sparse-checkout-cone-mode: true
build	Checkout repository	2026-09-05T05:27:28.7736850Z   fetch-depth: 1
build	Checkout repository	2026-09-05T05:27:28.7737020Z   fetch-tags: false
build	Checkout repository	2026-09-05T05:27:28.7737180Z   show-progress: true
build	Checkout repository	2026-09-05T05:27:28.7737350Z   lfs: false
build	Checkout repository	2026-09-05T05:27:28.7737490Z   submodules: false
build	Checkout repository	2026-09-05T05:27:28.7737690Z   set-safe-directory: true
build	Checkout repository	2026-09-05T05:27:28.7737930Z   allow-unsafe-pr-checkout: false
build	Checkout repository	2026-09-05T05:27:28.7738320Z ##[endgroup]
build	Checkout repository	2026-09-05T05:27:29.2671180Z Syncing repository: WebExperiments-glitch/huamei-indexTTS
build	Checkout repository	2026-09-05T05:27:29.2672400Z ##[group]Getting Git version info
build	Checkout repository	2026-09-05T05:27:29.2672770Z Working directory is '/Users/runner/work/huamei-indexTTS/huamei-indexTTS'
build	Checkout repository	2026-09-05T05:27:29.2673530Z [command]/opt/homebrew/bin/git version
build	Checkout repository	2026-09-05T05:27:29.2945100Z git version 2.55.0
build	Checkout repository	2026-09-05T05:27:29.2956760Z ##[endgroup]
build	Checkout repository	2026-09-05T05:27:29.2961890Z Copying '/Users/runner/.gitconfig' to '/Users/runner/work/_temp/c46a2677-b416-4c6c-9750-84150577ec56/.gitconfig'
build	Checkout repository	2026-09-05T05:27:29.2968080Z Temporarily overriding HOME='/Users/runner/work/_temp/c46a2677-b416-4c6c-9750-84150577ec56' before making global git config changes
build	Checkout repository	2026-09-05T05:27:29.2968930Z Adding repository directory to the temporary git global config as a safe directory
build	Checkout repository	2026-09-05T05:27:29.2971310Z [command]/opt/homebrew/bin/git config --global --add safe.directory /Users/runner/work/huamei-indexTTS/huamei-indexTTS
build	Checkout repository	2026-09-05T05:27:29.3085860Z Deleting the contents of '/Users/runner/work/huamei-indexTTS/huamei-indexTTS'
build	Checkout repository	2026-09-05T05:27:29.3089090Z ##[group]Determining repository object format
build	Checkout repository	2026-09-05T05:27:29.3089810Z ##[endgroup]
build	Checkout repository	2026-09-05T05:27:29.3090390Z ##[group]Initializing the repository
build	Checkout repository	2026-09-05T05:27:29.3093270Z [command]/opt/homebrew/bin/git init /Users/runner/work/huamei-indexTTS/huamei-indexTTS
build	Checkout repository	2026-09-05T05:27:29.3287940Z hint: Using 'master' as the name for the initial branch. This default branch name
build	Checkout repository	2026-09-05T05:27:29.3289770Z hint: will change to "main" in Git 3.0. To configure the initial branch name
build	Checkout repository	2026-09-05T05:27:29.3291890Z hint: to use in all of your new repositories, which will suppress this warning,
build	Checkout repository	2026-09-05T05:27:29.3293160Z hint: call:
build	Checkout repository	2026-09-05T05:27:29.3293510Z hint:
build	Checkout repository	2026-09-05T05:27:29.3293840Z hint: 	git config --global init.defaultBranch <name>
build	Checkout repository	2026-09-05T05:27:29.3312580Z hint:
build	Checkout repository	2026-09-05T05:27:29.3312980Z hint: Names commonly chosen instead of 'master' are 'main', 'trunk' and
build	Checkout repository	2026-09-05T05:27:29.3313520Z hint: 'development'. The just-created branch can be renamed via this command:
build	Checkout repository	2026-09-05T05:27:29.3313820Z hint:
build	Checkout repository	2026-09-05T05:27:29.3313970Z hint: 	git branch -m <name>
build	Checkout repository	2026-09-05T05:27:29.3314160Z hint:
build	Checkout repository	2026-09-05T05:27:29.3314470Z hint: Disable this message with "git config set advice.defaultBranchName false"
build	Checkout repository	2026-09-05T05:27:29.3315020Z Initialized empty Git repository in /Users/runner/work/huamei-indexTTS/huamei-indexTTS/.git/
build	Checkout repository	2026-09-05T05:27:29.3316040Z [command]/opt/homebrew/bin/git remote add origin https://github.com/WebExperiments-glitch/huamei-indexTTS
build	Checkout repository	2026-09-05T05:27:29.3374030Z ##[endgroup]
build	Checkout repository	2026-09-05T05:27:29.3379050Z ##[group]Disabling automatic garbage collection
build	Checkout repository	2026-09-05T05:27:29.3380050Z [command]/opt/homebrew/bin/git config --local gc.auto 0
build	Checkout repository	2026-09-05T05:27:29.3451320Z ##[endgroup]
build	Checkout repository	2026-09-05T05:27:29.3452740Z ##[group]Setting up auth
build	Checkout repository	2026-09-05T05:27:29.3453130Z Removing SSH command configuration
build	Checkout repository	2026-09-05T05:27:29.3455420Z [command]/opt/homebrew/bin/git config --local --name-only --get-regexp core\.sshCommand
build	Checkout repository	2026-09-05T05:27:29.3525830Z [command]/opt/homebrew/bin/git submodule foreach --recursive sh -c "git config --local --name-only --get-regexp 'core\.sshCommand' && git config --local --unset-all 'core.sshCommand' || :"
build	Checkout repository	2026-09-05T05:27:29.4481490Z Removing HTTP extra header
build	Checkout repository	2026-09-05T05:27:29.4486800Z [command]/opt/homebrew/bin/git config --local --name-only --get-regexp http\.https\:\/\/github\.com\/\.extraheader
build	Checkout repository	2026-09-05T05:27:29.4557220Z [command]/opt/homebrew/bin/git submodule foreach --recursive sh -c "git config --local --name-only --get-regexp 'http\.https\:\/\/github\.com\/\.extraheader' && git config --local --unset-all 'http.https://github.com/.extraheader' || :"
build	Checkout repository	2026-09-05T05:27:29.5501260Z Removing includeIf entries pointing to credentials config files
build	Checkout repository	2026-09-05T05:27:29.5504620Z [command]/opt/homebrew/bin/git config --local --name-only --get-regexp ^includeIf\.gitdir:
build	Checkout repository	2026-09-05T05:27:29.5581430Z [command]/opt/homebrew/bin/git submodule foreach --recursive git config --local --show-origin --name-only --get-regexp remote.origin.url
build	Checkout repository	2026-09-05T05:27:29.6569020Z [command]/opt/homebrew/bin/git config --file /Users/runner/work/_temp/git-credentials-2ff4bcc6-7f3a-4c2b-b979-2ea063a316bb.config http.https://github.com/.extraheader AUTHORIZATION: basic ***
build	Checkout repository	2026-09-05T05:27:29.6746210Z [command]/opt/homebrew/bin/git config --local includeIf.gitdir:/Users/runner/work/huamei-indexTTS/huamei-indexTTS/.git.path /Users/runner/work/_temp/git-credentials-2ff4bcc6-7f3a-4c2b-b979-2ea063a316bb.config
build	Checkout repository	2026-09-05T05:27:29.6911840Z [command]/opt/homebrew/bin/git config --local includeIf.gitdir:/Users/runner/work/huamei-indexTTS/huamei-indexTTS/.git/worktrees/*.path /Users/runner/work/_temp/git-credentials-2ff4bcc6-7f3a-4c2b-b979-2ea063a316bb.config
build	Checkout repository	2026-09-05T05:27:29.7035530Z [command]/opt/homebrew/bin/git config --local includeIf.gitdir:/github/workspace/.git.path /github/runner_temp/git-credentials-2ff4bcc6-7f3a-4c2b-b979-2ea063a316bb.config
build	Checkout repository	2026-09-05T05:27:29.7181160Z [command]/opt/homebrew/bin/git config --local includeIf.gitdir:/github/workspace/.git/worktrees/*.path /github/runner_temp/git-credentials-2ff4bcc6-7f3a-4c2b-b979-2ea063a316bb.config
build	Checkout repository	2026-09-05T05:27:29.7266050Z ##[endgroup]
build	Checkout repository	2026-09-05T05:27:29.7294570Z ##[group]Fetching the repository
build	Checkout repository	2026-09-05T05:27:29.7302950Z [command]/opt/homebrew/bin/git -c protocol.version=2 fetch --no-tags --prune --no-recurse-submodules --depth=1 origin +00390c77140346b888b847ec6005118d410ed2d2:refs/remotes/origin/master
build	Checkout repository	2026-09-05T05:27:30.3248380Z From https://github.com/WebExperiments-glitch/huamei-indexTTS
build	Checkout repository	2026-09-05T05:27:30.3249870Z  * [new ref]         00390c77140346b888b847ec6005118d410ed2d2 -> origin/master
build	Checkout repository	2026-09-05T05:27:30.3254670Z [command]/opt/homebrew/bin/git branch --list --remote origin/master
build	Checkout repository	2026-09-05T05:27:30.3325630Z   origin/master
build	Checkout repository	2026-09-05T05:27:30.3330530Z [command]/opt/homebrew/bin/git rev-parse refs/remotes/origin/master
build	Checkout repository	2026-09-05T05:27:30.3390330Z 00390c77140346b888b847ec6005118d410ed2d2
build	Checkout repository	2026-09-05T05:27:30.3394100Z ##[endgroup]
build	Checkout repository	2026-09-05T05:27:30.3394640Z ##[group]Determining the checkout info
build	Checkout repository	2026-09-05T05:27:30.3397110Z ##[endgroup]
build	Checkout repository	2026-09-05T05:27:30.3397740Z [command]/opt/homebrew/bin/git sparse-checkout disable
build	Checkout repository	2026-09-05T05:27:30.3506210Z [command]/opt/homebrew/bin/git config --local --unset-all extensions.worktreeConfig
build	Checkout repository	2026-09-05T05:27:30.3669470Z ##[group]Checking out the ref
build	Checkout repository	2026-09-05T05:27:30.3717990Z [command]/opt/homebrew/bin/git checkout --progress --force -B master refs/remotes/origin/master
build	Checkout repository	2026-09-05T05:27:30.4103940Z Reset branch 'master'
build	Checkout repository	2026-09-05T05:27:30.4135700Z branch 'master' set up to track 'origin/master'.
build	Checkout repository	2026-09-05T05:27:30.4208630Z ##[endgroup]
build	Checkout repository	2026-09-05T05:27:30.4464800Z [command]/opt/homebrew/bin/git log -1 --format=%H
build	Checkout repository	2026-09-05T05:27:30.4503440Z 00390c77140346b888b847ec6005118d410ed2d2
build	Setup Xcode	﻿2026-09-05T05:27:30.4711270Z ##[group]Run maxim-lobanov/setup-xcode@v1
build	Setup Xcode	2026-09-05T05:27:30.4711580Z with:
build	Setup Xcode	2026-09-05T05:27:30.4711730Z   xcode-version: 26
build	Setup Xcode	2026-09-05T05:27:30.4711880Z ##[endgroup]
build	Setup Xcode	2026-09-05T05:27:30.5357710Z Switching Xcode to version '26'...
build	Setup Xcode	2026-09-05T05:27:30.6028050Z Xcode is set to 26.6.0 (17F113)
build	Restore DerivedData cache	﻿2026-09-05T05:27:30.6220630Z ##[group]Run actions/cache/restore@v6
build	Restore DerivedData cache	2026-09-05T05:27:30.6220990Z with:
build	Restore DerivedData cache	2026-09-05T05:27:30.6221150Z   path: DerivedData
build	Restore DerivedData cache	2026-09-05T05:27:30.6221350Z   key: deriveddata-33947241861
build	Restore DerivedData cache	2026-09-05T05:27:30.6221610Z   restore-keys: deriveddata-
build	Restore DerivedData cache	
build	Restore DerivedData cache	2026-09-05T05:27:30.6221840Z   enableCrossOsArchive: false
build	Restore DerivedData cache	2026-09-05T05:27:30.6222030Z   fail-on-cache-miss: false
build	Restore DerivedData cache	2026-09-05T05:27:30.6222210Z   lookup-only: false
build	Restore DerivedData cache	2026-09-05T05:27:30.6222360Z env:
build	Restore DerivedData cache	2026-09-05T05:27:30.6222530Z   MD_APPLE_SDK_ROOT: /Applications/Xcode_26.6.app
build	Restore DerivedData cache	2026-09-05T05:27:30.6222780Z ##[endgroup]
build	Restore DerivedData cache	2026-09-05T05:27:30.9215190Z Cache hit for restore-key: deriveddata-33947004090
build	Restore DerivedData cache	2026-09-05T05:27:32.1201990Z Received 20971520 of 493017004 (4.3%), 20.0 MBs/sec
build	Restore DerivedData cache	2026-09-05T05:27:33.1222160Z Received 134217728 of 493017004 (27.2%), 63.8 MBs/sec
build	Restore DerivedData cache	2026-09-05T05:27:34.1245350Z Received 243269632 of 493017004 (49.3%), 77.1 MBs/sec
build	Restore DerivedData cache	2026-09-05T05:27:35.1271480Z Received 318767104 of 493017004 (64.7%), 75.8 MBs/sec
build	Restore DerivedData cache	2026-09-05T05:27:36.1289330Z Received 402653184 of 493017004 (81.7%), 76.6 MBs/sec
build	Restore DerivedData cache	2026-09-05T05:27:37.1394380Z Received 493017004 of 493017004 (100.0%), 78.1 MBs/sec
build	Restore DerivedData cache	2026-09-05T05:27:37.1395100Z Cache Size: ~470 MB (493017004 B)
build	Restore DerivedData cache	2026-09-05T05:27:37.1528440Z [command]/opt/homebrew/bin/gtar -xf /Users/runner/work/_temp/f9ca68b8-3638-471a-a5d8-9bf359f30bf7/cache.tzst -P -C /Users/runner/work/huamei-indexTTS/huamei-indexTTS --delay-directory-restore --use-compress-program unzstd
build	Restore DerivedData cache	2026-09-05T05:28:01.3673540Z Cache restored successfully
build	Restore DerivedData cache	2026-09-05T05:28:01.4078150Z Cache restored from key: deriveddata-33947004090
build	Detect project type	﻿2026-09-05T05:28:01.4391340Z ##[group]Run if [ -f "pubspec.yaml" ]; then
build	Detect project type	2026-09-05T05:28:01.4391870Z [36;1mif [ -f "pubspec.yaml" ]; then[0m
build	Detect project type	2026-09-05T05:28:01.4392260Z [36;1m  echo "type=flutter" >> $GITHUB_OUTPUT[0m
build	Detect project type	2026-09-05T05:28:01.4392650Z [36;1melif [ -f "package.json" ] && grep -q '"expo"' package.json; then[0m
build	Detect project type	2026-09-05T05:28:01.4393170Z [36;1m  echo "type=expo" >> $GITHUB_OUTPUT[0m
build	Detect project type	2026-09-05T05:28:01.4393660Z [36;1melif [ -f "package.json" ] && grep -q '"react-native"' package.json; then[0m
build	Detect project type	2026-09-05T05:28:01.4394080Z [36;1m  echo "type=reactnative" >> $GITHUB_OUTPUT[0m
build	Detect project type	2026-09-05T05:28:01.4394950Z [36;1melif grep -rqlE 'kotlin\("multiplatform"\)|org\.jetbrains\.kotlin\.multiplatform|id\("org.jetbrains.kotlin.multiplatform"\)' --include='*.gradle.kts' --include='*.gradle' --include='libs.versions.toml' . 2>/dev/null; then[0m
build	Detect project type	2026-09-05T05:28:01.4395990Z [36;1m  echo "type=kmp" >> $GITHUB_OUTPUT[0m
build	Detect project type	2026-09-05T05:28:01.4396280Z [36;1melse[0m
build	Detect project type	2026-09-05T05:28:01.4396580Z [36;1m  echo "type=native" >> $GITHUB_OUTPUT[0m
build	Detect project type	2026-09-05T05:28:01.4396970Z [36;1mfi[0m
build	Detect project type	2026-09-05T05:28:01.4461570Z shell: /bin/bash -e {0}
build	Detect project type	2026-09-05T05:28:01.4461960Z env:
build	Detect project type	2026-09-05T05:28:01.4462290Z   MD_APPLE_SDK_ROOT: /Applications/Xcode_26.6.app
build	Detect project type	2026-09-05T05:28:01.4462620Z ##[endgroup]
build	Materialize missing xcconfig files	﻿2026-09-05T05:28:01.6240870Z ##[group]Run set -e
build	Materialize missing xcconfig files	2026-09-05T05:28:01.6241390Z [36;1mset -e[0m
build	Materialize missing xcconfig files	2026-09-05T05:28:01.6241750Z [36;1mfind . -path ./DerivedData -prune -o -type f \[0m
build	Materialize missing xcconfig files	2026-09-05T05:28:01.6242280Z [36;1m  \( -name '*.xcconfig.template' -o -name '*.xcconfig.example' \[0m
build	Materialize missing xcconfig files	2026-09-05T05:28:01.6242810Z [36;1m     -o -name '*.xcconfig.sample' -o -name '*.template.xcconfig' \[0m
build	Materialize missing xcconfig files	2026-09-05T05:28:01.6243400Z [36;1m     -o -name '*.example.xcconfig' -o -name '*.sample.xcconfig' \) -print \[0m
build	Materialize missing xcconfig files	2026-09-05T05:28:01.6243770Z [36;1m| while IFS= read -r template; do[0m
build	Materialize missing xcconfig files	2026-09-05T05:28:01.6244190Z [36;1m    case "$template" in[0m
build	Materialize missing xcconfig files	2026-09-05T05:28:01.6244820Z [36;1m      *.xcconfig.template|*.xcconfig.example|*.xcconfig.sample) target="${template%.*}" ;;[0m
build	Materialize missing xcconfig files	2026-09-05T05:28:01.6245620Z [36;1m      *) target="$(dirname "$template")/$(basename "$template" | sed -E 's/\.(template|example|sample)\.xcconfig$/.xcconfig/')" ;;[0m
build	Materialize missing xcconfig files	2026-09-05T05:28:01.6246290Z [36;1m    esac[0m
build	Materialize missing xcconfig files	2026-09-05T05:28:01.6246560Z [36;1m    if [ ! -f "$target" ]; then[0m
build	Materialize missing xcconfig files	2026-09-05T05:28:01.6246970Z [36;1m      cp "$template" "$target"[0m
build	Materialize missing xcconfig files	2026-09-05T05:28:01.6247600Z [36;1m      echo "::warning::$target was missing (gitignored?); copied $template over it. Any placeholder values in it are what the build sees."[0m
build	Materialize missing xcconfig files	2026-09-05T05:28:01.6248160Z [36;1m    fi[0m
build	Materialize missing xcconfig files	2026-09-05T05:28:01.6248450Z [36;1m  done[0m
build	Materialize missing xcconfig files	2026-09-05T05:28:01.6282500Z shell: /bin/bash -e {0}
build	Materialize missing xcconfig files	2026-09-05T05:28:01.6282910Z env:
build	Materialize missing xcconfig files	2026-09-05T05:28:01.6283180Z   MD_APPLE_SDK_ROOT: /Applications/Xcode_26.6.app
build	Materialize missing xcconfig files	2026-09-05T05:28:01.6283590Z ##[endgroup]
build	Generate Xcode project (XcodeGen)	﻿2026-09-05T05:28:01.6815150Z ##[group]Run set -e
build	Generate Xcode project (XcodeGen)	2026-09-05T05:28:01.6815570Z [36;1mset -e[0m
build	Generate Xcode project (XcodeGen)	2026-09-05T05:28:01.6815900Z [36;1mcd "$IOS_PATH"[0m
build	Generate Xcode project (XcodeGen)	2026-09-05T05:28:01.6816210Z [36;1m[0m
build	Generate Xcode project (XcodeGen)	2026-09-05T05:28:01.6816660Z [36;1m# Projects generated by XcodeGen usually keep the .xcodeproj out of git,[0m
build	Generate Xcode project (XcodeGen)	2026-09-05T05:28:01.6817200Z [36;1m# so the checkout has a project.yml manifest but nothing to build.[0m
build	Generate Xcode project (XcodeGen)	2026-09-05T05:28:01.6817600Z [36;1mMANIFEST=""[0m
build	Generate Xcode project (XcodeGen)	2026-09-05T05:28:01.6817910Z [36;1mfor f in project.yml project.yaml; do[0m
build	Generate Xcode project (XcodeGen)	2026-09-05T05:28:01.6818260Z [36;1m  if [ -f "$f" ] && grep -qE '^targets:' "$f"; then[0m
build	Generate Xcode project (XcodeGen)	2026-09-05T05:28:01.6818700Z [36;1m    MANIFEST="$f"[0m
build	Generate Xcode project (XcodeGen)	2026-09-05T05:28:01.6819060Z [36;1m    break[0m
build	Generate Xcode project (XcodeGen)	2026-09-05T05:28:01.6824950Z [36;1m  fi[0m
build	Generate Xcode project (XcodeGen)	2026-09-05T05:28:01.6825190Z [36;1mdone[0m
build	Generate Xcode project (XcodeGen)	2026-09-05T05:28:01.6825440Z [36;1m[0m
build	Generate Xcode project (XcodeGen)	2026-09-05T05:28:01.6825730Z [36;1mif [ -z "$MANIFEST" ]; then[0m
build	Generate Xcode project (XcodeGen)	2026-09-05T05:28:01.6826130Z [36;1m  echo "No XcodeGen manifest — skipping."[0m
build	Generate Xcode project (XcodeGen)	2026-09-05T05:28:01.6826620Z [36;1melif [ -n "$(find . -maxdepth 1 -name '*.xcodeproj' -print -quit)" ]; then[0m
build	Generate Xcode project (XcodeGen)	2026-09-05T05:28:01.6827180Z [36;1m  echo "Found a committed .xcodeproj — skipping generation."[0m
build	Generate Xcode project (XcodeGen)	2026-09-05T05:28:01.6827550Z [36;1melse[0m
build	Generate Xcode project (XcodeGen)	2026-09-05T05:28:01.6827980Z [36;1m  echo "Found $MANIFEST and no .xcodeproj — generating with XcodeGen."[0m
build	Generate Xcode project (XcodeGen)	2026-09-05T05:28:01.6828750Z [36;1m  brew install xcodegen[0m
build	Generate Xcode project (XcodeGen)	2026-09-05T05:28:01.6829260Z [36;1m  xcodegen generate[0m
build	Generate Xcode project (XcodeGen)	2026-09-05T05:28:01.6829540Z [36;1mfi[0m
build	Generate Xcode project (XcodeGen)	2026-09-05T05:28:01.6894340Z shell: /bin/bash -e {0}
build	Generate Xcode project (XcodeGen)	2026-09-05T05:28:01.6894880Z env:
build	Generate Xcode project (XcodeGen)	2026-09-05T05:28:01.6895270Z   MD_APPLE_SDK_ROOT: /Applications/Xcode_26.6.app
build	Generate Xcode project (XcodeGen)	2026-09-05T05:28:01.6895560Z   IOS_PATH: ios
build	Generate Xcode project (XcodeGen)	2026-09-05T05:28:01.6895770Z ##[endgroup]
build	Generate Xcode project (XcodeGen)	2026-09-05T05:28:01.7655600Z Found project.yml and no .xcodeproj — generating with XcodeGen.
build	Generate Xcode project (XcodeGen)	2026-09-05T05:28:04.9276520Z [32m==>[0m [1mDownloading bottle manifests[0m
build	Generate Xcode project (XcodeGen)	2026-09-05T05:28:04.9508250Z ✔︎ Bottle Manifest xcodegen (2.46.0)
build	Generate Xcode project (XcodeGen)	2026-09-05T05:28:04.9513940Z [34m==>[0m [1mWould install 1 formula:[0m
build	Generate Xcode project (XcodeGen)	2026-09-05T05:28:04.9514570Z xcodegen
build	Generate Xcode project (XcodeGen)	2026-09-05T05:28:04.9542350Z [32m==>[0m [1mFetching downloads for: [32mxcodegen[39m[0m
build	Generate Xcode project (XcodeGen)	2026-09-05T05:28:05.3101840Z ✔︎ Bottle xcodegen (2.46.0)
build	Generate Xcode project (XcodeGen)	2026-09-05T05:28:05.3639570Z [34m==>[0m [1mPouring xcodegen--2.46.0.arm64_tahoe.bottle.1.tar.gz[0m
build	Generate Xcode project (XcodeGen)	2026-09-05T05:28:05.5324290Z 🍺  /opt/homebrew/Cellar/xcodegen/2.46.0: 38 files, 7.4MB
build	Generate Xcode project (XcodeGen)	2026-09-05T05:28:05.5532850Z ⚙️  Generating plists...
build	Generate Xcode project (XcodeGen)	2026-09-05T05:28:05.5533640Z ⚙️  Generating project...
build	Generate Xcode project (XcodeGen)	2026-09-05T05:28:05.5668260Z ⚙️  Writing project...
build	Generate Xcode project (XcodeGen)	2026-09-05T05:28:05.5766800Z Created project at /Users/runner/work/huamei-indexTTS/huamei-indexTTS/ios/HuameiIndexTTS.xcodeproj
build	Check base configuration files	﻿2026-09-05T05:28:05.5802250Z ##[group]Run set -e
build	Check base configuration files	2026-09-05T05:28:05.5802550Z [36;1mset -e[0m
build	Check base configuration files	2026-09-05T05:28:05.5802700Z [36;1mMISSING=""[0m
build	Check base configuration files	2026-09-05T05:28:05.5803080Z [36;1mfor pbx in $(find "$IOS_PATH" -maxdepth 2 -name project.pbxproj -not -path '*/Pods.xcodeproj/*'); do[0m
build	Check base configuration files	2026-09-05T05:28:05.5803730Z [36;1m  for id in $(grep -o 'baseConfigurationReference = [A-Za-z0-9]*' "$pbx" | awk '{print $3}' | sort -u); do[0m
build	Check base configuration files	2026-09-05T05:28:05.5804240Z [36;1m    ref=$(grep -m1 "^[[:space:]]*$id .*isa = PBXFileReference" "$pbx" || true)[0m
build	Check base configuration files	2026-09-05T05:28:05.5804680Z [36;1m    name=$(printf '%s' "$ref" | sed -n 's/.*[ \t]path = "\{0,1\}\([^";]*\)"\{0,1\};.*/\1/p')[0m
build	Check base configuration files	2026-09-05T05:28:05.5805070Z [36;1m    [ -n "$name" ] || continue[0m
build	Check base configuration files	2026-09-05T05:28:05.5805290Z [36;1m    base=$(basename "$name")[0m
build	Check base configuration files	2026-09-05T05:28:05.5805630Z [36;1m    # CocoaPods writes its xcconfigs during pod install and Flutter[0m
build	Check base configuration files	2026-09-05T05:28:05.5806100Z [36;1m    # writes Generated.xcconfig during pub get — both happen later in[0m
build	Check base configuration files	2026-09-05T05:28:05.5806510Z [36;1m    # this job, so they are legitimately absent right now.[0m
build	Check base configuration files	2026-09-05T05:28:05.5806890Z [36;1m    case "$name" in *Pods/*|*"Target Support Files"*) continue ;; esac[0m
build	Check base configuration files	2026-09-05T05:28:05.5807280Z [36;1m    case "$base" in Pods-*|Generated.xcconfig) continue ;; esac[0m
build	Check base configuration files	2026-09-05T05:28:05.5807760Z [36;1m    if [ -z "$(find . -name "$base" -print -quit)" ]; then[0m
build	Check base configuration files	2026-09-05T05:28:05.5808100Z [36;1m      MISSING="$MISSING $base"[0m
build	Check base configuration files	2026-09-05T05:28:05.5808480Z [36;1m    fi[0m
build	Check base configuration files	2026-09-05T05:28:05.5808830Z [36;1m  done[0m
build	Check base configuration files	2026-09-05T05:28:05.5809180Z [36;1mdone[0m
build	Check base configuration files	2026-09-05T05:28:05.5827200Z [36;1mif [ -n "$MISSING" ]; then[0m
build	Check base configuration files	2026-09-05T05:28:05.5828200Z [36;1m  echo "::error::The project has base configuration files that are not in the repository:$MISSING. They are probably gitignored — commit them, or commit a <name>.xcconfig.template next to each so the build can fill them in."[0m
build	Check base configuration files	2026-09-05T05:28:05.5828980Z [36;1m  exit 1[0m
build	Check base configuration files	2026-09-05T05:28:05.5829710Z [36;1mfi[0m
build	Check base configuration files	2026-09-05T05:28:05.5862910Z shell: /bin/bash -e {0}
build	Check base configuration files	2026-09-05T05:28:05.5863140Z env:
build	Check base configuration files	2026-09-05T05:28:05.5863350Z   MD_APPLE_SDK_ROOT: /Applications/Xcode_26.6.app
build	Check base configuration files	2026-09-05T05:28:05.5863610Z   IOS_PATH: ios
build	Check base configuration files	2026-09-05T05:28:05.5863800Z ##[endgroup]
build	Restore Pods cache	﻿2026-09-05T05:28:06.0515930Z ##[group]Run actions/cache@v6
build	Restore Pods cache	2026-09-05T05:28:06.0516260Z with:
build	Restore Pods cache	2026-09-05T05:28:06.0516490Z   path: ios/Pods
build	Restore Pods cache	~/.cocoapods/repos
build	Restore Pods cache	
build	Restore Pods cache	2026-09-05T05:28:06.0516760Z   key: pods-macOS-
build	Restore Pods cache	2026-09-05T05:28:06.0516990Z   restore-keys: pods-macOS-
build	Restore Pods cache	
build	Restore Pods cache	2026-09-05T05:28:06.0517220Z   enableCrossOsArchive: false
build	Restore Pods cache	2026-09-05T05:28:06.0517430Z   fail-on-cache-miss: false
build	Restore Pods cache	2026-09-05T05:28:06.0517640Z   lookup-only: false
build	Restore Pods cache	2026-09-05T05:28:06.0517830Z   save-always: false
build	Restore Pods cache	2026-09-05T05:28:06.0517990Z env:
build	Restore Pods cache	2026-09-05T05:28:06.0518190Z   MD_APPLE_SDK_ROOT: /Applications/Xcode_26.6.app
build	Restore Pods cache	2026-09-05T05:28:06.0518450Z ##[endgroup]
build	Restore Pods cache	2026-09-05T05:28:06.4080070Z Cache not found for input keys: pods-macOS-, pods-macOS-
build	Build IPA	﻿2026-09-05T05:28:06.4143650Z ##[group]Run set -e
build	Build IPA	2026-09-05T05:28:06.4145010Z [36;1mset -e[0m
build	Build IPA	2026-09-05T05:28:06.4145190Z [36;1m[0m
build	Build IPA	2026-09-05T05:28:06.4145360Z [36;1m# Navigate to iOS project[0m
build	Build IPA	2026-09-05T05:28:06.4145610Z [36;1mcd "$IOS_PATH"[0m
build	Build IPA	2026-09-05T05:28:06.4145800Z [36;1m[0m
build	Build IPA	2026-09-05T05:28:06.4145970Z [36;1m# Find workspace or project[0m
build	Build IPA	2026-09-05T05:28:06.4146330Z [36;1m# 本仓库为 SwiftPM + XcodeGen（无 .xcodeproj 入库）：CI 的 find 探测[0m
build	Build IPA	2026-09-05T05:28:06.4146660Z [36;1m# 在 macOS runner 上行为不可靠，这里直接强制生成并写死工程绝对路径。[0m
build	Build IPA	2026-09-05T05:28:06.4147070Z [36;1mcommand -v xcodegen >/dev/null 2>&1 || brew install xcodegen[0m
build	Build IPA	2026-09-05T05:28:06.4147530Z [36;1mecho "Regenerating project with xcodegen (deterministic)..."[0m
build	Build IPA	2026-09-05T05:28:06.4148940Z [36;1mxcodegen generate[0m
build	Build IPA	2026-09-05T05:28:06.4149600Z [36;1mWORKSPACE=""[0m
build	Build IPA	2026-09-05T05:28:06.4150280Z [36;1mPROJECT="$(pwd)/HuameiIndexTTS.xcodeproj"[0m
build	Build IPA	2026-09-05T05:28:06.4151070Z [36;1mecho "Using project: $PROJECT"[0m
build	Build IPA	2026-09-05T05:28:06.4151700Z [36;1m[0m
build	Build IPA	2026-09-05T05:28:06.4152640Z [36;1m# Install pods if Podfile exists (always run to ensure sync with Podfile.lock)[0m
build	Build IPA	2026-09-05T05:28:06.4153600Z [36;1mif [ -f "Podfile" ]; then[0m
build	Build IPA	2026-09-05T05:28:06.4154240Z [36;1m  echo "Running pod install..."[0m
build	Build IPA	2026-09-05T05:28:06.4154870Z [36;1m  pod install[0m
build	Build IPA	2026-09-05T05:28:06.4155610Z [36;1m  WORKSPACE=$(find . -maxdepth 1 -name "*.xcworkspace" | head -1)[0m
build	Build IPA	2026-09-05T05:28:06.4156460Z [36;1mfi[0m
build	Build IPA	2026-09-05T05:28:06.4156890Z [36;1m[0m
build	Build IPA	2026-09-05T05:28:06.4157480Z [36;1m# Determine scheme (only needed for native projects)[0m
build	Build IPA	2026-09-05T05:28:06.4158410Z [36;1mif [ -z "$SCHEME" ] && [ "$PROJECT_TYPE" = "native" ]; then[0m
build	Build IPA	2026-09-05T05:28:06.4159220Z [36;1m  if [ -n "$WORKSPACE" ]; then[0m
build	Build IPA	2026-09-05T05:28:06.4159890Z [36;1m    TARGET_FLAG=-workspace[0m
build	Build IPA	2026-09-05T05:28:06.4160490Z [36;1m    TARGET_PATH=$WORKSPACE[0m
build	Build IPA	2026-09-05T05:28:06.4161190Z [36;1m    BASE=$(basename "$WORKSPACE" .xcworkspace)[0m
build	Build IPA	2026-09-05T05:28:06.4161880Z [36;1m  else[0m
build	Build IPA	2026-09-05T05:28:06.4162360Z [36;1m    TARGET_FLAG=-project[0m
build	Build IPA	2026-09-05T05:28:06.4162960Z [36;1m    TARGET_PATH=$PROJECT[0m
build	Build IPA	2026-09-05T05:28:06.4163620Z [36;1m    BASE=$(basename "$PROJECT" .xcodeproj)[0m
build	Build IPA	2026-09-05T05:28:06.4164270Z [36;1m  fi[0m
build	Build IPA	2026-09-05T05:28:06.4164720Z [36;1m[0m
build	Build IPA	2026-09-05T05:28:06.4165800Z [36;1m  SCHEMES=$(xcodebuild "$TARGET_FLAG" "$TARGET_PATH" -list -json 2>/dev/null | jq -r '(.workspace // .project).schemes[]?' || true)[0m
build	Build IPA	2026-09-05T05:28:06.4167110Z [36;1m  if [ -z "$SCHEMES" ]; then[0m
build	Build IPA	2026-09-05T05:28:06.4168720Z [36;1m    SCHEMES=$(xcodebuild "$TARGET_FLAG" "$TARGET_PATH" -list 2>/dev/null | sed -n '/Schemes:/,$p' | tail -n +2 | sed 's/^[[:space:]]*//' | sed '/^$/d' || true)[0m
build	Build IPA	2026-09-05T05:28:06.4169500Z [36;1m  fi[0m
build	Build IPA	2026-09-05T05:28:06.4169730Z [36;1m  echo "Schemes:"[0m
build	Build IPA	2026-09-05T05:28:06.4170090Z [36;1m  printf '%s\n' "$SCHEMES" | sed 's/^/  /'[0m
build	Build IPA	2026-09-05T05:28:06.4170440Z [36;1m[0m
build	Build IPA	2026-09-05T05:28:06.4170710Z [36;1m  # In a workspace, the scheme list also holds package and pod[0m
build	Build IPA	2026-09-05T05:28:06.4172130Z [36;1m  # schemes, and they sort ahead of the app as often as not. The[0m
build	Build IPA	2026-09-05T05:28:06.4172550Z [36;1m  # scheme named after the project is the app in nearly every repo.[0m
build	Build IPA	2026-09-05T05:28:06.4173080Z [36;1m  SCHEME=$(printf '%s\n' "$SCHEMES" | grep -Fx "$BASE" | head -1 || true)[0m
build	Build IPA	2026-09-05T05:28:06.4173440Z [36;1m  if [ -z "$SCHEME" ]; then[0m
build	Build IPA	2026-09-05T05:28:06.4173800Z [36;1m    SCHEME=$(printf '%s\n' "$SCHEMES" | grep -v '^Pods-' | while IFS= read -r s; do[0m
build	Build IPA	2026-09-05T05:28:06.4174170Z [36;1m      [ -n "$s" ] || continue[0m
build	Build IPA	2026-09-05T05:28:06.4174500Z [36;1m      # A scheme that belongs to a local Swift package is not the app.[0m
build	Build IPA	2026-09-05T05:28:06.4174970Z [36;1m      [ -z "$(find . -maxdepth 4 -path "*/$s/Package.swift" -print -quit)" ] || continue[0m
build	Build IPA	2026-09-05T05:28:06.4175350Z [36;1m      printf '%s\n' "$s"[0m
build	Build IPA	2026-09-05T05:28:06.4175550Z [36;1m      break[0m
build	Build IPA	2026-09-05T05:28:06.4176090Z [36;1m    done)[0m
build	Build IPA	2026-09-05T05:28:06.4176260Z [36;1m  fi[0m
build	Build IPA	2026-09-05T05:28:06.4176530Z [36;1m  echo "Building with scheme: $SCHEME (configuration: $CONFIGURATION)"[0m
build	Build IPA	2026-09-05T05:28:06.4176860Z [36;1mfi[0m
build	Build IPA	2026-09-05T05:28:06.4177020Z [36;1m[0m
build	Build IPA	2026-09-05T05:28:06.4177310Z [36;1mif [ "$PROJECT_TYPE" = "native" ]; then[0m
build	Build IPA	2026-09-05T05:28:06.4177690Z [36;1m  if [ -z "$WORKSPACE" ] && [ -z "$PROJECT" ]; then[0m
build	Build IPA	2026-09-05T05:28:06.4178300Z [36;1m    echo "::error::No .xcworkspace or .xcodeproj found in '$IOS_PATH'. If the project is generated (XcodeGen/Tuist), commit it or add a generation step."[0m
build	Build IPA	2026-09-05T05:28:06.4178860Z [36;1m    exit 1[0m
build	Build IPA	2026-09-05T05:28:06.4179060Z [36;1m  fi[0m
build	Build IPA	2026-09-05T05:28:06.4179230Z [36;1m  if [ -z "$SCHEME" ]; then[0m
build	Build IPA	2026-09-05T05:28:06.4179880Z [36;1m    echo "::error::Could not determine a scheme. Pass one via the 'scheme' input, or make sure the project has a shared scheme."[0m
build	Build IPA	2026-09-05T05:28:06.4180420Z [36;1m    exit 1[0m
build	Build IPA	2026-09-05T05:28:06.4180600Z [36;1m  fi[0m
build	Build IPA	2026-09-05T05:28:06.4180770Z [36;1mfi[0m
build	Build IPA	2026-09-05T05:28:06.4180940Z [36;1m[0m
build	Build IPA	2026-09-05T05:28:06.4181130Z [36;1m# Use custom DerivedData path for caching[0m
build	Build IPA	2026-09-05T05:28:06.4181480Z [36;1mDERIVED_DATA_PATH="${GITHUB_WORKSPACE}/DerivedData"[0m
build	Build IPA	2026-09-05T05:28:06.4193600Z [36;1m[0m
build	Build IPA	2026-09-05T05:28:06.4193900Z [36;1mif [ "$PROJECT_TYPE" = "flutter" ]; then[0m
build	Build IPA	2026-09-05T05:28:06.4194250Z [36;1m  cd "$GITHUB_WORKSPACE"[0m
build	Build IPA	2026-09-05T05:28:06.4194530Z [36;1m  if [ "$CONFIGURATION" = "Debug" ]; then[0m
build	Build IPA	2026-09-05T05:28:06.4194830Z [36;1m    echo "Building Flutter iOS Debug..."[0m
build	Build IPA	2026-09-05T05:28:06.4195160Z [36;1m    flutter build ios --debug --no-codesign[0m
build	Build IPA	2026-09-05T05:28:06.4195420Z [36;1m  else[0m
build	Build IPA	2026-09-05T05:28:06.4195610Z [36;1m    echo "Building Flutter iOS Release..."[0m
build	Build IPA	2026-09-05T05:28:06.4195970Z [36;1m    flutter build ios --release --no-codesign[0m
build	Build IPA	2026-09-05T05:28:06.4196240Z [36;1m  fi[0m
build	Build IPA	2026-09-05T05:28:06.4196440Z [36;1m  cd "$IOS_PATH"[0m
build	Build IPA	2026-09-05T05:28:06.4196640Z [36;1m[0m
build	Build IPA	2026-09-05T05:28:06.4196830Z [36;1m  if [ "$USE_SIGNING" = "true" ]; then[0m
build	Build IPA	2026-09-05T05:28:06.4197170Z [36;1m    # 'flutter build ios' never signs, so archive the Runner project it[0m
build	Build IPA	2026-09-05T05:28:06.4197570Z [36;1m    # generated. The IPA step below exports build/App.xcarchive[0m
build	Build IPA	2026-09-05T05:28:06.4197880Z [36;1m    # whenever signing is on.[0m
build	Build IPA	2026-09-05T05:28:06.4198100Z [36;1m    ARCHIVE_CMD="xcodebuild"[0m
build	Build IPA	2026-09-05T05:28:06.4198340Z [36;1m    if [ -n "$WORKSPACE" ]; then[0m
build	Build IPA	2026-09-05T05:28:06.4198630Z [36;1m      ARCHIVE_CMD="$ARCHIVE_CMD -workspace '$WORKSPACE'"[0m
build	Build IPA	2026-09-05T05:28:06.4198940Z [36;1m    elif [ -n "$PROJECT" ]; then[0m
build	Build IPA	2026-09-05T05:28:06.4199240Z [36;1m      ARCHIVE_CMD="$ARCHIVE_CMD -project '$PROJECT'"[0m
build	Build IPA	2026-09-05T05:28:06.4199510Z [36;1m    else[0m
build	Build IPA	2026-09-05T05:28:06.4199870Z [36;1m      echo "::error::Signing requested but no Runner workspace/project found in '$IOS_PATH'."[0m
build	Build IPA	2026-09-05T05:28:06.4200780Z [36;1m      exit 1[0m
build	Build IPA	2026-09-05T05:28:06.4200970Z [36;1m    fi[0m
build	Build IPA	2026-09-05T05:28:06.4201110Z [36;1m[0m
build	Build IPA	2026-09-05T05:28:06.4201330Z [36;1m    ARCHIVE_CMD="$ARCHIVE_CMD -scheme '${SCHEME:-Runner}'"[0m
build	Build IPA	2026-09-05T05:28:06.4201740Z [36;1m    ARCHIVE_CMD="$ARCHIVE_CMD -configuration '$CONFIGURATION'"[0m
build	Build IPA	2026-09-05T05:28:06.4202160Z [36;1m    ARCHIVE_CMD="$ARCHIVE_CMD -destination 'generic/platform=iOS'"[0m
build	Build IPA	2026-09-05T05:28:06.4202590Z [36;1m    ARCHIVE_CMD="$ARCHIVE_CMD -derivedDataPath '$DERIVED_DATA_PATH'"[0m
build	Build IPA	2026-09-05T05:28:06.4203020Z [36;1m    ARCHIVE_CMD="$ARCHIVE_CMD COMPILER_INDEX_STORE_ENABLE=NO"[0m
build	Build IPA	2026-09-05T05:28:06.4203410Z [36;1m    ARCHIVE_CMD="$ARCHIVE_CMD DEVELOPMENT_TEAM='$DEVELOPMENT_TEAM'"[0m
build	Build IPA	2026-09-05T05:28:06.4203860Z [36;1m    ARCHIVE_CMD="$ARCHIVE_CMD CODE_SIGN_STYLE=Manual"[0m
build	Build IPA	2026-09-05T05:28:06.4204360Z [36;1m    ARCHIVE_CMD="$ARCHIVE_CMD PROVISIONING_PROFILE_SPECIFIER='$PROVISIONING_PROFILE_NAME'"[0m
build	Build IPA	2026-09-05T05:28:06.4204780Z [36;1m    ARCHIVE_CMD="$ARCHIVE_CMD -quiet"[0m
build	Build IPA	2026-09-05T05:28:06.4205430Z [36;1m    ARCHIVE_CMD="$ARCHIVE_CMD -archivePath '$GITHUB_WORKSPACE/build/App.xcarchive' archive"[0m
build	Build IPA	2026-09-05T05:28:06.4205810Z [36;1m[0m
build	Build IPA	2026-09-05T05:28:06.4205970Z [36;1m    echo "Running: $ARCHIVE_CMD"[0m
build	Build IPA	2026-09-05T05:28:06.4206260Z [36;1m    eval $ARCHIVE_CMD[0m
build	Build IPA	2026-09-05T05:28:06.4206500Z [36;1m  fi[0m
build	Build IPA	2026-09-05T05:28:06.4206850Z [36;1melif [ "$PROJECT_TYPE" = "reactnative" ] || [ "$PROJECT_TYPE" = "expo" ] || [ "$PROJECT_TYPE" = "kmp" ]; then[0m
build	Build IPA	2026-09-05T05:28:06.4207490Z [36;1m  # Use xcodebuild directly for React Native/Expo and Kotlin Multiplatform.[0m
build	Build IPA	2026-09-05T05:28:06.4208020Z [36;1m  # For KMP, the Xcode build phase (or CocoaPods) invokes Gradle to[0m
build	Build IPA	2026-09-05T05:28:06.4208440Z [36;1m  # compile the shared Kotlin framework, so the JDK must be on PATH.[0m
build	Build IPA	2026-09-05T05:28:06.4208780Z [36;1m  if [ "$PROJECT_TYPE" = "kmp" ]; then[0m
build	Build IPA	2026-09-05T05:28:06.4209110Z [36;1m    echo "Building Kotlin Multiplatform iOS ($CONFIGURATION)..."[0m
build	Build IPA	2026-09-05T05:28:06.4209570Z [36;1m    if [ -f "${GITHUB_WORKSPACE}/gradlew" ]; then[0m
build	Build IPA	2026-09-05T05:28:06.4209890Z [36;1m      chmod +x "${GITHUB_WORKSPACE}/gradlew"[0m
build	Build IPA	2026-09-05T05:28:06.4210140Z [36;1m    fi[0m
build	Build IPA	2026-09-05T05:28:06.4210310Z [36;1m  else[0m
build	Build IPA	2026-09-05T05:28:06.4210550Z [36;1m    echo "Building React Native iOS ($CONFIGURATION)..."[0m
build	Build IPA	2026-09-05T05:28:06.4210880Z [36;1m  fi[0m
build	Build IPA	2026-09-05T05:28:06.4211060Z [36;1m  BUILD_CMD="xcodebuild"[0m
build	Build IPA	2026-09-05T05:28:06.4211290Z [36;1m  if [ -n "$WORKSPACE" ]; then[0m
build	Build IPA	2026-09-05T05:28:06.4211630Z [36;1m    BUILD_CMD="$BUILD_CMD -workspace $WORKSPACE"[0m
build	Build IPA	2026-09-05T05:28:06.4211930Z [36;1m  elif [ -n "$PROJECT" ]; then[0m
build	Build IPA	2026-09-05T05:28:06.4212240Z [36;1m    BUILD_CMD="$BUILD_CMD -project $PROJECT"[0m
build	Build IPA	2026-09-05T05:28:06.4212550Z [36;1m  fi[0m
build	Build IPA	2026-09-05T05:28:06.4212750Z [36;1m[0m
build	Build IPA	2026-09-05T05:28:06.4213100Z [36;1m  # Auto-detect scheme from workspace/project name (e.g., MyApp.xcworkspace -> MyApp)[0m
build	Build IPA	2026-09-05T05:28:06.4213610Z [36;1m  # unless an explicit scheme was provided.[0m
build	Build IPA	2026-09-05T05:28:06.4213860Z [36;1m  if [ -z "$SCHEME" ]; then[0m
build	Build IPA	2026-09-05T05:28:06.4214170Z [36;1m    if [ -n "$WORKSPACE" ]; then[0m
build	Build IPA	2026-09-05T05:28:06.4214490Z [36;1m      SCHEME=$(basename "$WORKSPACE" .xcworkspace)[0m
build	Build IPA	2026-09-05T05:28:06.4214770Z [36;1m    elif [ -n "$PROJECT" ]; then[0m
build	Build IPA	2026-09-05T05:28:06.4215070Z [36;1m      SCHEME=$(basename "$PROJECT" .xcodeproj)[0m
build	Build IPA	2026-09-05T05:28:06.4215370Z [36;1m    fi[0m
build	Build IPA	2026-09-05T05:28:06.4215530Z [36;1m  fi[0m
build	Build IPA	2026-09-05T05:28:06.4215670Z [36;1m[0m
build	Build IPA	2026-09-05T05:28:06.4215840Z [36;1m  BUILD_CMD="$BUILD_CMD -scheme '$SCHEME'"[0m
build	Build IPA	2026-09-05T05:28:06.4216190Z [36;1m  BUILD_CMD="$BUILD_CMD -configuration '$CONFIGURATION'"[0m
build	Build IPA	2026-09-05T05:28:06.4216610Z [36;1m  BUILD_CMD="$BUILD_CMD -destination 'generic/platform=iOS'"[0m
build	Build IPA	2026-09-05T05:28:06.4216980Z [36;1m  BUILD_CMD="$BUILD_CMD -derivedDataPath '$DERIVED_DATA_PATH'"[0m
build	Build IPA	2026-09-05T05:28:06.4217730Z [36;1m  BUILD_CMD="$BUILD_CMD COMPILER_INDEX_STORE_ENABLE=NO"[0m
build	Build IPA	2026-09-05T05:28:06.4218020Z [36;1m  BUILD_CMD="$BUILD_CMD -quiet"[0m
build	Build IPA	2026-09-05T05:28:06.4218230Z [36;1m[0m
build	Build IPA	2026-09-05T05:28:06.4218380Z [36;1m  if [ "$USE_SIGNING" = "true" ]; then[0m
build	Build IPA	2026-09-05T05:28:06.4218670Z [36;1m    # Must archive, not build: the IPA step below exports[0m
build	Build IPA	2026-09-05T05:28:06.4218990Z [36;1m    # build/App.xcarchive whenever signing is on.[0m
build	Build IPA	2026-09-05T05:28:06.4219360Z [36;1m    BUILD_CMD="$BUILD_CMD DEVELOPMENT_TEAM='$DEVELOPMENT_TEAM'"[0m
build	Build IPA	2026-09-05T05:28:06.4219760Z [36;1m    BUILD_CMD="$BUILD_CMD CODE_SIGN_STYLE=Manual"[0m
build	Build IPA	2026-09-05T05:28:06.4220150Z [36;1m    BUILD_CMD="$BUILD_CMD PROVISIONING_PROFILE_SPECIFIER='$PROVISIONING_PROFILE_NAME'"[0m
build	Build IPA	2026-09-05T05:28:06.4220720Z [36;1m    BUILD_CMD="$BUILD_CMD -archivePath '$GITHUB_WORKSPACE/build/App.xcarchive' archive"[0m
build	Build IPA	2026-09-05T05:28:06.4221110Z [36;1m  else[0m
build	Build IPA	2026-09-05T05:28:06.4221330Z [36;1m    BUILD_CMD="$BUILD_CMD CODE_SIGNING_ALLOWED=NO build"[0m
build	Build IPA	2026-09-05T05:28:06.4221780Z [36;1m  fi[0m
build	Build IPA	2026-09-05T05:28:06.4221920Z [36;1m[0m
build	Build IPA	2026-09-05T05:28:06.4222070Z [36;1m  echo "Running: $BUILD_CMD"[0m
build	Build IPA	2026-09-05T05:28:06.4222270Z [36;1m  eval $BUILD_CMD[0m
build	Build IPA	2026-09-05T05:28:06.4222660Z [36;1melse[0m
build	Build IPA	2026-09-05T05:28:06.4222840Z [36;1m  BUILD_CMD="xcodebuild"[0m
build	Build IPA	2026-09-05T05:28:06.4223150Z [36;1m  if [ -n "$WORKSPACE" ]; then[0m
build	Build IPA	2026-09-05T05:28:06.4223470Z [36;1m    BUILD_CMD="$BUILD_CMD -workspace $WORKSPACE"[0m
build	Build IPA	2026-09-05T05:28:06.4223750Z [36;1m  elif [ -n "$PROJECT" ]; then[0m
build	Build IPA	2026-09-05T05:28:06.4224920Z [36;1m    BUILD_CMD="$BUILD_CMD -project $PROJECT"[0m
build	Build IPA	2026-09-05T05:28:06.4225650Z [36;1m  fi[0m
build	Build IPA	2026-09-05T05:28:06.4226060Z [36;1m[0m
build	Build IPA	2026-09-05T05:28:06.4226550Z [36;1m  BUILD_CMD="$BUILD_CMD -scheme '$SCHEME'"[0m
build	Build IPA	2026-09-05T05:28:06.4227380Z [36;1m  BUILD_CMD="$BUILD_CMD -configuration '$CONFIGURATION'"[0m
build	Build IPA	2026-09-05T05:28:06.4228310Z [36;1m  BUILD_CMD="$BUILD_CMD -destination 'generic/platform=iOS'"[0m
build	Build IPA	2026-09-05T05:28:06.4229330Z [36;1m  BUILD_CMD="$BUILD_CMD -derivedDataPath '$DERIVED_DATA_PATH'"[0m
build	Build IPA	2026-09-05T05:28:06.4230100Z [36;1m[0m
build	Build IPA	2026-09-05T05:28:06.4230530Z [36;1m  # Speed optimization flags[0m
build	Build IPA	2026-09-05T05:28:06.4231250Z [36;1m  BUILD_CMD="$BUILD_CMD COMPILER_INDEX_STORE_ENABLE=NO"[0m
build	Build IPA	2026-09-05T05:28:06.4232120Z [36;1m  BUILD_CMD="$BUILD_CMD DEBUG_INFORMATION_FORMAT=dwarf"[0m
build	Build IPA	2026-09-05T05:28:06.4232960Z [36;1m  BUILD_CMD="$BUILD_CMD ONLY_ACTIVE_ARCH=YES"[0m
build	Build IPA	2026-09-05T05:28:06.4233680Z [36;1m  BUILD_CMD="$BUILD_CMD -quiet"[0m
build	Build IPA	2026-09-05T05:28:06.4234260Z [36;1m[0m
build	Build IPA	2026-09-05T05:28:06.4234790Z [36;1m  # mlx-swift 自带 CudaBuild 构建插件在 iOS 交叉编译下无法通过验证 →[0m
build	Build IPA	2026-09-05T05:28:06.4235580Z [36;1m  # 跳过包插件校验（不影响产物，规避 "Validate plug-in ... failed"）[0m
build	Build IPA	2026-09-05T05:28:06.4236430Z [36;1m  BUILD_CMD="$BUILD_CMD -skipPackagePluginValidation"[0m
build	Build IPA	2026-09-05T05:28:06.4237150Z [36;1m[0m
build	Build IPA	2026-09-05T05:28:06.4237630Z [36;1m  # Xcode 16+ native compilation caching[0m
build	Build IPA	2026-09-05T05:28:06.4238550Z [36;1m  BUILD_CMD="$BUILD_CMD SWIFT_ENABLE_COMPILE_CACHE=YES"[0m
build	Build IPA	2026-09-05T05:28:06.4239460Z [36;1m  BUILD_CMD="$BUILD_CMD CLANG_ENABLE_COMPILE_CACHE=YES"[0m
build	Build IPA	2026-09-05T05:28:06.4240190Z [36;1m[0m
build	Build IPA	2026-09-05T05:28:06.4240670Z [36;1m  if [ "$USE_SIGNING" = "true" ]; then[0m
build	Build IPA	2026-09-05T05:28:06.4241560Z [36;1m    # For signed builds, use archive. Automatic signing cannot resolve a[0m
build	Build IPA	2026-09-05T05:28:06.4242670Z [36;1m    # team on a runner (no Xcode account), so sign manually against the[0m
build	Build IPA	2026-09-05T05:28:06.4243550Z [36;1m    # profile installed above.[0m
build	Build IPA	2026-09-05T05:28:06.4244350Z [36;1m    BUILD_CMD="$BUILD_CMD DEVELOPMENT_TEAM='$DEVELOPMENT_TEAM'"[0m
build	Build IPA	2026-09-05T05:28:06.4245330Z [36;1m    BUILD_CMD="$BUILD_CMD CODE_SIGN_STYLE=Manual"[0m
build	Build IPA	2026-09-05T05:28:06.4246440Z [36;1m    BUILD_CMD="$BUILD_CMD PROVISIONING_PROFILE_SPECIFIER='$PROVISIONING_PROFILE_NAME'"[0m
build	Build IPA	2026-09-05T05:28:06.4247800Z [36;1m    BUILD_CMD="$BUILD_CMD -archivePath '$GITHUB_WORKSPACE/build/App.xcarchive' archive"[0m
build	Build IPA	2026-09-05T05:28:06.4250030Z [36;1m  else[0m
build	Build IPA	2026-09-05T05:28:06.4250590Z [36;1m    # For unsigned builds, use faster 'build' action[0m
build	Build IPA	2026-09-05T05:28:06.4251420Z [36;1m    BUILD_CMD="$BUILD_CMD CODE_SIGNING_ALLOWED=NO build"[0m
build	Build IPA	2026-09-05T05:28:06.4252130Z [36;1m  fi[0m
build	Build IPA	2026-09-05T05:28:06.4252530Z [36;1m[0m
build	Build IPA	2026-09-05T05:28:06.4252950Z [36;1m  echo "Running: $BUILD_CMD"[0m
build	Build IPA	2026-09-05T05:28:06.4253510Z [36;1m  eval $BUILD_CMD[0m
build	Build IPA	2026-09-05T05:28:06.4253980Z [36;1mfi[0m
build	Build IPA	2026-09-05T05:28:06.4254380Z [36;1m[0m
build	Build IPA	2026-09-05T05:28:06.4254780Z [36;1m# Create IPA[0m
build	Build IPA	2026-09-05T05:28:06.4255310Z [36;1mif [ "$USE_SIGNING" = "true" ]; then[0m
build	Build IPA	2026-09-05T05:28:06.4256070Z [36;1m  # For signed builds, use xcodebuild -exportArchive.[0m
build	Build IPA	2026-09-05T05:28:06.4257030Z [36;1m  # Everything below is relative to the repo root, which is also what[0m
build	Build IPA	2026-09-05T05:28:06.4258120Z [36;1m  # the upload-artifact step ("build/*.ipa") resolves against — do not[0m
build	Build IPA	2026-09-05T05:28:06.4259600Z [36;1m  # use "cd .." here, it breaks when ios_path is "." (native at root).[0m
build	Build IPA	2026-09-05T05:28:06.4260420Z [36;1m  cd "$GITHUB_WORKSPACE"[0m
build	Build IPA	2026-09-05T05:28:06.4260940Z [36;1m[0m
build	Build IPA	2026-09-05T05:28:06.4261830Z [36;1m  # The export has to use the same manual signing as the archive, and[0m
build	Build IPA	2026-09-05T05:28:06.4262850Z [36;1m  # it needs the app's real bundle id to map it to the profile.[0m
build	Build IPA	2026-09-05T05:28:06.4264420Z [36;1m  APP_BUNDLE_ID=$(plutil -extract ApplicationProperties.CFBundleIdentifier raw -o - build/App.xcarchive/Info.plist)[0m
build	Build IPA	2026-09-05T05:28:06.4266140Z [36;1m  echo "Exporting $APP_BUNDLE_ID with profile '$PROVISIONING_PROFILE_NAME' (team $DEVELOPMENT_TEAM)"[0m
build	Build IPA	2026-09-05T05:28:06.4267190Z [36;1m[0m
build	Build IPA	2026-09-05T05:28:06.4267590Z [36;1m  printf '%s\n' \[0m
build	Build IPA	2026-09-05T05:28:06.4268170Z [36;1m    '<?xml version="1.0" encoding="UTF-8"?>' \[0m
build	Build IPA	2026-09-05T05:28:06.4269360Z [36;1m    '<!DOCTYPE plist PUBLIC "-//Apple//DTD PLIST 1.0//EN" "http://www.apple.com/DTDs/PropertyList-1.0.dtd">' \[0m
build	Build IPA	2026-09-05T05:28:06.4270550Z [36;1m    '<plist version="1.0">' \[0m
build	Build IPA	2026-09-05T05:28:06.4271110Z [36;1m    '<dict>' \[0m
build	Build IPA	2026-09-05T05:28:06.4271600Z [36;1m    '    <key>method</key>' \[0m
build	Build IPA	2026-09-05T05:28:06.4272240Z [36;1m    '    <string>development</string>' \[0m
build	Build IPA	2026-09-05T05:28:06.4272910Z [36;1m    '    <key>signingStyle</key>' \[0m
build	Build IPA	2026-09-05T05:28:06.4273550Z [36;1m    '    <string>manual</string>' \[0m
build	Build IPA	2026-09-05T05:28:06.4274160Z [36;1m    '    <key>teamID</key>' \[0m
build	Build IPA	2026-09-05T05:28:06.4274840Z [36;1m    "    <string>${DEVELOPMENT_TEAM}</string>" \[0m
build	Build IPA	2026-09-05T05:28:06.4275560Z [36;1m    '    <key>provisioningProfiles</key>' \[0m
build	Build IPA	2026-09-05T05:28:06.4276210Z [36;1m    '    <dict>' \[0m
build	Build IPA	2026-09-05T05:28:06.4276770Z [36;1m    "        <key>${APP_BUNDLE_ID}</key>" \[0m
build	Build IPA	2026-09-05T05:28:06.4277550Z [36;1m    "        <string>${PROVISIONING_PROFILE_NAME}</string>" \[0m
build	Build IPA	2026-09-05T05:28:06.4278270Z [36;1m    '    </dict>' \[0m
build	Build IPA	2026-09-05T05:28:06.4279040Z [36;1m    '</dict>' \[0m
build	Build IPA	2026-09-05T05:28:06.4279380Z [36;1m    '</plist>' > ExportOptions.plist[0m
build	Build IPA	2026-09-05T05:28:06.4279690Z [36;1m  xcodebuild -exportArchive \[0m
build	Build IPA	2026-09-05T05:28:06.4279980Z [36;1m    -archivePath build/App.xcarchive \[0m
build	Build IPA	2026-09-05T05:28:06.4280340Z [36;1m    -exportOptionsPlist ExportOptions.plist \[0m
build	Build IPA	2026-09-05T05:28:06.4280640Z [36;1m    -exportPath build/export[0m
build	Build IPA	2026-09-05T05:28:06.4280900Z [36;1m[0m
build	Build IPA	2026-09-05T05:28:06.4281090Z [36;1m  # Move IPA to expected location[0m
build	Build IPA	2026-09-05T05:28:06.4281380Z [36;1m  mv build/export/*.ipa "build/$BUILD_ID.ipa"[0m
build	Build IPA	2026-09-05T05:28:06.4281760Z [36;1m  echo "Created signed IPA: build/$BUILD_ID.ipa"[0m
build	Build IPA	2026-09-05T05:28:06.4282010Z [36;1melse[0m
build	Build IPA	2026-09-05T05:28:06.4282230Z [36;1m  # For unsigned builds, find .app and create IPA[0m
build	Build IPA	2026-09-05T05:28:06.4282600Z [36;1m  if [ "$PROJECT_TYPE" = "flutter" ]; then[0m
build	Build IPA	2026-09-05T05:28:06.4282880Z [36;1m    # Flutter outputs to build/ios/iphoneos/[0m
build	Build IPA	2026-09-05T05:28:06.4283800Z [36;1m    APP_PATH=$(find "${GITHUB_WORKSPACE}/build/ios/iphoneos" -name "*.app" -type d | head -1)[0m
build	Build IPA	2026-09-05T05:28:06.4284270Z [36;1m  else[0m
build	Build IPA	2026-09-05T05:28:06.4284530Z [36;1m    # Native and React Native/Expo use DerivedData. Ask the project[0m
build	Build IPA	2026-09-05T05:28:06.4285000Z [36;1m    # which bundle this scheme produces: the first .app under[0m
build	Build IPA	2026-09-05T05:28:06.4285400Z [36;1m    # Build/Products is the wrong one whenever the repo has more than[0m
build	Build IPA	2026-09-05T05:28:06.4285800Z [36;1m    # one app target.[0m
build	Build IPA	2026-09-05T05:28:06.4286030Z [36;1m    if [ -n "$WORKSPACE" ]; then[0m
build	Build IPA	2026-09-05T05:28:06.4286310Z [36;1m      TARGET_FLAG=-workspace[0m
build	Build IPA	2026-09-05T05:28:06.4286570Z [36;1m      TARGET_PATH=$WORKSPACE[0m
build	Build IPA	2026-09-05T05:28:06.4286810Z [36;1m    else[0m
build	Build IPA	2026-09-05T05:28:06.4287010Z [36;1m      TARGET_FLAG=-project[0m
build	Build IPA	2026-09-05T05:28:06.4287260Z [36;1m      TARGET_PATH=$PROJECT[0m
build	Build IPA	2026-09-05T05:28:06.4287510Z [36;1m    fi[0m
build	Build IPA	2026-09-05T05:28:06.4287740Z [36;1m    APP_PATH=$(xcodebuild "$TARGET_FLAG" "$TARGET_PATH" \[0m
build	Build IPA	2026-09-05T05:28:06.4288340Z [36;1m      -scheme "$SCHEME" \[0m
build	Build IPA	2026-09-05T05:28:06.4288570Z [36;1m      -configuration "$CONFIGURATION" \[0m
build	Build IPA	2026-09-05T05:28:06.4288850Z [36;1m      -destination 'generic/platform=iOS' \[0m
build	Build IPA	2026-09-05T05:28:06.4289140Z [36;1m      -derivedDataPath "$DERIVED_DATA_PATH" \[0m
build	Build IPA	2026-09-05T05:28:06.4289410Z [36;1m      -showBuildSettings -json 2>/dev/null \[0m
build	Build IPA	2026-09-05T05:28:06.4289680Z [36;1m      | jq -r 'map(.buildSettings)[0m
build	Build IPA	2026-09-05T05:28:06.4290030Z [36;1m               | map(select(.PRODUCT_TYPE == "com.apple.product-type.application"[0m
build	Build IPA	2026-09-05T05:28:06.4290450Z [36;1m                            and (.TARGET_BUILD_DIR | contains("-iphoneos"))))[0m
build	Build IPA	2026-09-05T05:28:06.4290820Z [36;1m               | map(.TARGET_BUILD_DIR + "/" + .FULL_PRODUCT_NAME)[0m
build	Build IPA	2026-09-05T05:28:06.4291190Z [36;1m               | first // empty' || true)[0m
build	Build IPA	2026-09-05T05:28:06.4291470Z [36;1m    if [ ! -d "$APP_PATH" ]; then[0m
build	Build IPA	2026-09-05T05:28:06.4292020Z [36;1m      APP_PATH=$(find "$DERIVED_DATA_PATH/Build/Products/${CONFIGURATION}-iphoneos" -maxdepth 1 -name "*.app" -type d -print -quit 2>/dev/null || true)[0m
build	Build IPA	2026-09-05T05:28:06.4292650Z [36;1m    fi[0m
build	Build IPA	2026-09-05T05:28:06.4292790Z [36;1m  fi[0m
build	Build IPA	2026-09-05T05:28:06.4292930Z [36;1m[0m
build	Build IPA	2026-09-05T05:28:06.4293100Z [36;1m  if [ -z "$APP_PATH" ]; then[0m
build	Build IPA	2026-09-05T05:28:06.4293380Z [36;1m    echo "Error: Could not find .app"[0m
build	Build IPA	2026-09-05T05:28:06.4293650Z [36;1m    exit 1[0m
build	Build IPA	2026-09-05T05:28:06.4293850Z [36;1m  fi[0m
build	Build IPA	2026-09-05T05:28:06.4294060Z [36;1m  echo "Found app at: $APP_PATH"[0m
build	Build IPA	2026-09-05T05:28:06.4294320Z [36;1m  cd "$GITHUB_WORKSPACE"[0m
build	Build IPA	2026-09-05T05:28:06.4294570Z [36;1m  mkdir -p build/Payload[0m
build	Build IPA	2026-09-05T05:28:06.4294790Z [36;1m  cp -R "$APP_PATH" build/Payload/[0m
build	Build IPA	2026-09-05T05:28:06.4295010Z [36;1m  cd build[0m
build	Build IPA	2026-09-05T05:28:06.4295200Z [36;1m  zip -rq "$BUILD_ID.ipa" Payload[0m
build	Build IPA	2026-09-05T05:28:06.4295410Z [36;1m  rm -rf Payload[0m
build	Build IPA	2026-09-05T05:28:06.4295660Z [36;1m  echo "Created unsigned IPA: build/$BUILD_ID.ipa"[0m
build	Build IPA	2026-09-05T05:28:06.4295910Z [36;1mfi[0m
build	Build IPA	2026-09-05T05:28:06.4357300Z shell: /bin/bash -e {0}
build	Build IPA	2026-09-05T05:28:06.4357560Z env:
build	Build IPA	2026-09-05T05:28:06.4357810Z   MD_APPLE_SDK_ROOT: /Applications/Xcode_26.6.app
build	Build IPA	2026-09-05T05:28:06.4358080Z   BUILD_ID: huamei-0905-132614
build	Build IPA	2026-09-05T05:28:06.4358260Z   IOS_PATH: ios
build	Build IPA	2026-09-05T05:28:06.4358420Z   SCHEME: HuameiIndexTTS
build	Build IPA	2026-09-05T05:28:06.4358590Z   PROJECT_TYPE: native
build	Build IPA	2026-09-05T05:28:06.4358760Z   USE_SIGNING: false
build	Build IPA	2026-09-05T05:28:06.4359030Z   CONFIGURATION: Debug
build	Build IPA	2026-09-05T05:28:06.4359210Z ##[endgroup]
build	Build IPA	2026-09-05T05:28:06.4664170Z Regenerating project with xcodegen (deterministic)...
build	Build IPA	2026-09-05T05:28:06.4821420Z ⚙️  Generating plists...
build	Build IPA	2026-09-05T05:28:06.4822210Z ⚙️  Generating project...
build	Build IPA	2026-09-05T05:28:06.4966940Z ⚙️  Writing project...
build	Build IPA	2026-09-05T05:28:06.5069330Z Created project at /Users/runner/work/huamei-indexTTS/huamei-indexTTS/ios/HuameiIndexTTS.xcodeproj
build	Build IPA	2026-09-05T05:28:06.5086350Z Using project: /Users/runner/work/huamei-indexTTS/huamei-indexTTS/ios/HuameiIndexTTS.xcodeproj
build	Build IPA	2026-09-05T05:28:06.5092810Z Running: xcodebuild -project /Users/runner/work/huamei-indexTTS/huamei-indexTTS/ios/HuameiIndexTTS.xcodeproj -scheme 'HuameiIndexTTS' -configuration 'Debug' -destination 'generic/platform=iOS' -derivedDataPath '/Users/runner/work/huamei-indexTTS/huamei-indexTTS/DerivedData' COMPILER_INDEX_STORE_ENABLE=NO DEBUG_INFORMATION_FORMAT=dwarf ONLY_ACTIVE_ARCH=YES -quiet -skipPackagePluginValidation SWIFT_ENABLE_COMPILE_CACHE=YES CLANG_ENABLE_COMPILE_CACHE=YES CODE_SIGNING_ALLOWED=NO build
build	Build IPA	2026-09-05T05:28:53.9957890Z In file included from /Users/runner/work/huamei-indexTTS/huamei-indexTTS/DerivedData/SourcePackages/checkouts/mlx-swift/Source/Cmlx/mlx-generated/metal/steel/attn/kernels/steel_attention.metal:6:
build	Build IPA	2026-09-05T05:28:54.0085400Z In file included from /Users/runner/work/huamei-indexTTS/huamei-indexTTS/DerivedData/SourcePackages/checkouts/mlx-swift/Source/Cmlx/mlx-generated/metal/steel/attn/kernels/../../../steel/attn/kernels/steel_attention.h:3:
build	Build IPA	2026-09-05T05:28:54.0230880Z In file included from /Users/runner/work/huamei-indexTTS/huamei-indexTTS/DerivedData/SourcePackages/checkouts/mlx-swift/Source/Cmlx/mlx-generated/metal/steel/attn/kernels/../../../steel/attn/attn.h:6:
build	Build IPA	2026-09-05T05:28:54.0354010Z In file included from /Users/runner/work/huamei-indexTTS/huamei-indexTTS/DerivedData/SourcePackages/checkouts/mlx-swift/Source/Cmlx/mlx-generated/metal/steel/attn/kernels/../../../steel/attn/../../steel/attn/mma.h:11:
build	Build IPA	2026-09-05T05:28:54.0462120Z /Users/runner/work/huamei-indexTTS/huamei-indexTTS/DerivedData/SourcePackages/checkouts/mlx-swift/Source/Cmlx/mlx-generated/metal/steel/attn/kernels/../../../steel/attn/../../steel/utils/integral_constant.h:108:6: warning: constexpr if is a C++17 extension [-Wc++17-extensions]
build	Build IPA	2026-09-05T05:28:54.0562210Z   if constexpr (start < stop) {
build	Build IPA	2026-09-05T05:28:54.0663550Z      ^
build	Build IPA	2026-09-05T05:28:54.0767890Z In file included from /Users/runner/work/huamei-indexTTS/huamei-indexTTS/DerivedData/SourcePackages/checkouts/mlx-swift/Source/Cmlx/mlx-generated/metal/steel/attn/kernels/steel_attention.metal:6:
build	Build IPA	2026-09-05T05:28:54.0870420Z /Users/runner/work/huamei-indexTTS/huamei-indexTTS/DerivedData/SourcePackages/checkouts/mlx-swift/Source/Cmlx/mlx-generated/metal/steel/attn/kernels/../../../steel/attn/kernels/steel_attention.h:356:16: warning: constexpr if is a C++17 extension [-Wc++17-extensions]
build	Build IPA	2026-09-05T05:28:54.0972770Z             if constexpr (is_bool) {
build	Build IPA	2026-09-05T05:28:54.1073600Z                ^
build	Build IPA	2026-09-05T05:28:54.1179320Z /Users/runner/work/huamei-indexTTS/huamei-indexTTS/DerivedData/SourcePackages/checkouts/mlx-swift/Source/Cmlx/mlx-generated/metal/steel/attn/kernels/../../../steel/attn/kernels/steel_attention.h:426:14: warning: constexpr if is a C++17 extension [-Wc++17-extensions]
build	Build IPA	2026-09-05T05:28:54.1281490Z           if constexpr (BD == 128) {
build	Build IPA	2026-09-05T05:28:54.1382970Z              ^
build	Build IPA	2026-09-05T05:28:54.1486790Z /Users/runner/work/huamei-indexTTS/huamei-indexTTS/DerivedData/SourcePackages/checkouts/mlx-swift/Source/Cmlx/mlx-generated/metal/steel/attn/kernels/../../../steel/attn/kernels/steel_attention.h:436:14: warning: constexpr if is a C++17 extension [-Wc++17-extensions]
build	Build IPA	2026-09-05T05:28:54.1589020Z           if constexpr (BD == 128) {
build	Build IPA	2026-09-05T05:28:54.1692960Z              ^
build	Build IPA	2026-09-05T05:28:54.1798750Z 4 warnings generated.
build	Build IPA	2026-09-05T05:28:57.9765880Z Cache hit
build	Build IPA	2026-09-05T05:28:57.9870590Z /Users/runner/work/huamei-indexTTS/huamei-indexTTS/ios/Sources/MLXIndexTTS2Core/Voice/AudioFeatures.swift:45:17: warning: variable 'half' was never mutated; consider changing to 'let' constant
build	Build IPA	2026-09-05T05:28:57.9973410Z             var half = len >> 1
build	Build IPA	2026-09-05T05:28:58.0075170Z             ~~~ ^
build	Build IPA	2026-09-05T05:28:58.0177890Z             let
build	Build IPA	2026-09-05T05:28:58.0282840Z /Users/runner/work/huamei-indexTTS/huamei-indexTTS/ios/Sources/MLXIndexTTS2Core/BigVGAN.swift:88:13: warning: initialization of immutable value 'pad' was never used; consider replacing with assignment to '_' or removing it
build	Build IPA	2026-09-05T05:28:58.0300880Z         let pad = (k - rate) / 2
build	Build IPA	2026-09-05T05:28:58.0411910Z         ~~~~^~~
build	Build IPA	2026-09-05T05:28:58.0520420Z         _
build	Build IPA	2026-09-05T05:28:58.0630620Z ** BUILD FAILED **
build	Build IPA	2026-09-05T05:28:58.0633480Z /Users/runner/work/huamei-indexTTS/huamei-indexTTS/ios/Sources/MLXIndexTTS2Core/BigVGAN.swift:112:13: warning: variable 'stageOut' was never used; consider replacing with '_' or removing it
build	Build IPA	2026-09-05T05:28:58.0834030Z 
build	Build IPA	2026-09-05T05:28:58.0834580Z         var stageOut: [MLXArray] = []
build	Build IPA	2026-09-05T05:28:58.1054500Z             ^~~~~~~~
build	Build IPA	2026-09-05T05:28:58.1187140Z             _
build	Build IPA	2026-09-05T05:28:58.1305230Z /Users/runner/work/huamei-indexTTS/huamei-indexTTS/ios/Sources/MLXIndexTTS2Core/Voice/Campplus.swift:291:29: warning: immutable value 'C' was never used; consider replacing with '_' or removing it
build	Build IPA	2026-09-05T05:28:58.1409740Z         let B = x.shape[0], C = x.shape[1], T = x.shape[2]
build	Build IPA	2026-09-05T05:28:58.1533140Z                             ^
build	Build IPA	2026-09-05T05:28:58.1634750Z                             _
build	Build IPA	2026-09-05T05:28:58.1736590Z /Users/runner/work/huamei-indexTTS/huamei-indexTTS/ios/Sources/MLXIndexTTS2Core/Codec.swift:93:13: warning: variable 'q' was never mutated; consider changing to 'let' constant
build	Build IPA	2026-09-05T05:28:58.1871600Z         var q = Ops.conv1d(x, w: outProjW, b: outProjB)     // [1,1024,T]
build	Build IPA	2026-09-05T05:28:58.1973640Z         ~~~ ^
build	Build IPA	2026-09-05T05:28:58.2109150Z         let
build	Build IPA	2026-09-05T05:28:58.2215130Z /Users/runner/work/huamei-indexTTS/huamei-indexTTS/ios/Sources/MLXIndexTTS2Core/Codec.swift:108:13: warning: variable 'floats' was never mutated; consider changing to 'let' constant
build	Build IPA	2026-09-05T05:28:58.2320410Z         var floats = x.asFloatArray()
build	Build IPA	2026-09-05T05:28:58.2422120Z         ~~~ ^
build	Build IPA	2026-09-05T05:28:58.2524760Z         let
build	Build IPA	2026-09-05T05:28:58.2638360Z Cache hit
build	Build IPA	2026-09-05T05:28:58.2640850Z /Users/runner/work/huamei-indexTTS/huamei-indexTTS/ios/Sources/MLXIndexTTS2Core/Ops.swift:80:23: warning: 'quantizedMatmul(_:_:scales:biases:transpose:groupSize:bits:mode:stream:)' is deprecated: renamed to 'quantizedMM(_:_:scales:biases:transpose:groupSize:bits:mode:stream:)'
build	Build IPA	2026-09-05T05:28:58.2748240Z         let out = MLX.quantizedMatmul(
build	Build IPA	2026-09-05T05:28:58.2849910Z                       ^
build	Build IPA	2026-09-05T05:28:58.2952130Z /Users/runner/work/huamei-indexTTS/huamei-indexTTS/ios/Sources/MLXIndexTTS2Core/Ops.swift:80:23: note: use 'quantizedMM(_:_:scales:biases:transpose:groupSize:bits:mode:stream:)' instead
build	Build IPA	2026-09-05T05:28:58.3054920Z         let out = MLX.quantizedMatmul(
build	Build IPA	2026-09-05T05:28:58.3160710Z                       ^~~~~~~~~~~~~~~
build	Build IPA	2026-09-05T05:28:58.3295570Z                       quantizedMM
build	Build IPA	2026-09-05T05:28:58.3401280Z /Users/runner/work/huamei-indexTTS/huamei-indexTTS/ios/Sources/MLXIndexTTS2Core/OpsCPU.swift:11:17: warning: no calls to throwing functions occur within 'try' expression
build	Build IPA	2026-09-05T05:28:58.3504720Z         return (try? self.asArray(Float.self)) ?? []
build	Build IPA	2026-09-05T05:28:58.3607220Z                 ^
build	Build IPA	2026-09-05T05:28:58.3711850Z /Users/runner/work/huamei-indexTTS/huamei-indexTTS/ios/Sources/MLXIndexTTS2Core/S2MelInfer.swift:41:13: warning: immutable value 'B' was never used; consider replacing with '_' or removing it
build	Build IPA	2026-09-05T05:28:58.3815590Z         let B = x.shape[0], T = x.shape[2]
build	Build IPA	2026-09-05T05:28:58.3918000Z             ^
build	Build IPA	2026-09-05T05:28:58.4019490Z             _
build	Build IPA	2026-09-05T05:28:58.4124180Z /Users/runner/work/huamei-indexTTS/huamei-indexTTS/ios/Sources/MLXIndexTTS2Core/S2MelInfer.swift:92:17: warning: variable 'fOut' was never mutated; consider changing to 'let' constant
build	Build IPA	2026-09-05T05:28:58.4227500Z             var fOut = Ops.linear(g, w: blk.ffnW2, b: nil)
build	Build IPA	2026-09-05T05:28:58.4329330Z             ~~~ ^
build	Build IPA	2026-09-05T05:28:58.4431900Z             let
build	Build IPA	2026-09-05T05:28:58.4533890Z /Users/runner/work/huamei-indexTTS/huamei-indexTTS/ios/Sources/MLXIndexTTS2Core/S2MelInfer.swift:123:13: warning: variable 'gAll' was never mutated; consider changing to 'let' constant
build	Build IPA	2026-09-05T05:28:58.4639110Z         var gAll = Ops.conv1d(g, w: w.wnCondW, b: w.wnCondB)              // [1,8192,1]
build	Build IPA	2026-09-05T05:28:58.4746640Z         ~~~ ^
build	Build IPA	2026-09-05T05:28:58.4847770Z         let
build	Build IPA	2026-09-05T05:28:58.4949460Z /Users/runner/work/huamei-indexTTS/huamei-indexTTS/ios/Sources/MLXIndexTTS2Core/S2MelInfer.swift:135:17: warning: variable 'rsa' was never mutated; consider changing to 'let' constant
build	Build IPA	2026-09-05T05:28:58.5055730Z             var rsa = Ops.conv1d(acts, w: rw, b: rb)                      // [1,1024,T]
build	Build IPA	2026-09-05T05:28:58.5158210Z             ~~~ ^
build	Build IPA	2026-09-05T05:28:58.5252090Z             let
build	Build IPA	2026-09-05T05:28:58.5338680Z /Users/runner/work/huamei-indexTTS/huamei-indexTTS/ios/Sources/MLXIndexTTS2Core/S2MelInfer.swift:209:13: warning: immutable value 'B' was never used; consider replacing with '_' or removing it
build	Build IPA	2026-09-05T05:28:58.5441760Z         let B = mu.shape[0], T = mu.shape[1]
build	Build IPA	2026-09-05T05:28:58.5543740Z             ^
build	Build IPA	2026-09-05T05:28:58.5645340Z             _
build	Build IPA	2026-09-05T05:28:58.5747090Z /Users/runner/work/huamei-indexTTS/huamei-indexTTS/ios/Sources/MLXIndexTTS2Core/S2MelInfer.swift:261:14: warning: immutable value 'b' was never used; consider replacing with '_' or removing it
build	Build IPA	2026-09-05T05:28:58.5849400Z         let (b, c, t) = (dstShape[0], dstShape[1], dstShape[2])
build	Build IPA	2026-09-05T05:28:58.5952690Z              ^
build	Build IPA	2026-09-05T05:28:58.6057050Z              _
build	Build IPA	2026-09-05T05:28:58.6159000Z Cache hit
build	Build IPA	2026-09-05T05:28:58.6261440Z /Users/runner/work/huamei-indexTTS/huamei-indexTTS/ios/Sources/MLXIndexTTS2Core/TTSPipeline.swift:183:17: warning: initialization of immutable value 'sm' was never used; consider replacing with assignment to '_' or removing it
build	Build IPA	2026-09-05T05:28:58.6374980Z             let sm = try ensureS2Mel()
build	Build IPA	2026-09-05T05:28:58.6426030Z             ~~~~^~
build	Build IPA	2026-09-05T05:28:58.6527290Z             _
build	Build IPA	2026-09-05T05:28:58.6584740Z /Users/runner/work/huamei-indexTTS/huamei-indexTTS/ios/Sources/MLXIndexTTS2Core/Text/TiktokenBPE.swift:62:21: warning: immutable value 'token' was never used; consider replacing with '_' or removing it
build	Build IPA	2026-09-05T05:28:58.6692470Z             if let (token, id, consumed) = consumeSpecial(from: rest) {
build	Build IPA	2026-09-05T05:28:58.6794740Z                     ^~~~~
build	Build IPA	2026-09-05T05:28:58.6896350Z                     _
build	Build IPA	2026-09-05T05:28:58.6998310Z /Users/runner/work/huamei-indexTTS/huamei-indexTTS/ios/Sources/MLXIndexTTS2Core/Text/TiktokenBPE.swift:92:19: warning: value 'first' was defined but never used; consider replacing with boolean test
build	Build IPA	2026-09-05T05:28:58.7100000Z         guard let first = chars.first else { return "" }
build	Build IPA	2026-09-05T05:28:58.7202360Z               ~~~~^~~~~~~~
build	Build IPA	2026-09-05T05:28:58.7302870Z                                       != nil
build	Build IPA	2026-09-05T05:28:58.7404310Z Cache miss
build	Build IPA	2026-09-05T05:28:58.7505340Z Failed frontend command:
build	Build IPA	2026-09-05T05:28:58.7664130Z /Applications/Xcode_26.6.app/Contents/Developer/Toolchains/XcodeDefault.xctoolchain/usr/bin/swift-frontend -frontend -c -primary-file /Users/runner/work/huamei-indexTTS/huamei-indexTTS/ios/Sources/HuameiIndexTTS/Views/AboutSheet.swift -primary-file /Users/runner/work/huamei-indexTTS/huamei-indexTTS/ios/Sources/HuameiIndexTTS/App.swift -primary-file /Users/runner/work/huamei-indexTTS/huamei-indexTTS/ios/Sources/HuameiIndexTTS/Audio/AudioImporter.swift -primary-file /Users/runner/work/huamei-indexTTS/huamei-indexTTS/ios/Sources/HuameiIndexTTS/Audio/AudioPlayer.swift -primary-file /Users/runner/work/huamei-indexTTS/huamei-indexTTS/ios/Sources/HuameiIndexTTS/Audio/AudioRecorder.swift -primary-file /Users/runner/work/huamei-indexTTS/huamei-indexTTS/ios/Sources/HuameiIndexTTS/Views/AudioSourceSheet.swift -primary-file /Users/runner/work/huamei-indexTTS/huamei-indexTTS/ios/Sources/HuameiIndexTTS/Theme/Colors.swift /Users/runner/work/huamei-indexTTS/huamei-indexTTS/ios/Sources/HuameiIndexTTS/Model/InferenceEngine.swift /Users/runner/work/huamei-indexTTS/huamei-indexTTS/ios/Sources/HuameiIndexTTS/Theme/LiquidGlass.swift /Users/runner/work/huamei-indexTTS/huamei-indexTTS/ios/Sources/HuameiIndexTTS/Model/ModelDownloadManager.swift /Users/runner/work/huamei-indexTTS/huamei-indexTTS/ios/Sources/HuameiIndexTTS/Views/ModelStatusView.swift /Users/runner/work/huamei-indexTTS/huamei-indexTTS/ios/Sources/HuameiIndexTTS/Views/ResultCard.swift /Users/runner/work/huamei-indexTTS/huamei-indexTTS/ios/Sources/HuameiIndexTTS/Views/RootView.swift /Users/runner/work/huamei-indexTTS/huamei-indexTTS/ios/Sources/HuameiIndexTTS/Model/SessionStore.swift /Users/runner/work/huamei-indexTTS/huamei-indexTTS/ios/Sources/HuameiIndexTTS/Views/SettingsSheet.swift /Users/runner/work/huamei-indexTTS/huamei-indexTTS/ios/Sources/HuameiIndexTTS/Views/SynthesizeControl.swift /Users/runner/work/huamei-indexTTS/huamei-indexTTS/ios/Sources/HuameiIndexTTS/Views/TextInputCard.swift /Users/runner/work/huamei-indexTTS/huamei-indexTTS/ios/Sources/HuameiIndexTTS/Audio/VideoAudioExtractor.swift /Users/runner/work/huamei-indexTTS/huamei-indexTTS/ios/Sources/HuameiIndexTTS/Views/VoiceReferenceCard.swift -supplementary-output-file-map /Users/runner/work/huamei-indexTTS/huamei-indexTTS/DerivedData/Build/Intermediates.noindex/HuameiIndexTTS.build/Debug-iphoneos/HuameiIndexTTS.build/Objects-normal/arm64/supplementaryOutputs-4 -target arm64-apple-ios17.0 -direct-clang-cc1-module-build -Xcc -cc1 -Xcc -fansi-escape-codes -Xcc -ferror-limit -Xcc 19 -Xcc -Wdeprecated-objc-isa-usage -Xcc -Werror\=deprecated-objc-isa-usage -Xcc -Werror\=implicit-function-declaration -Xcc -Wno-elaborated-enum-base -Xcc -Wno-error\=allocator-wrappers -Xcc -disable-free -Xcc -fno-pch-timestamp -Xcc -fsyntax-only -Xcc -x -Xcc objective-c -Xcc \<swift-imported-modules\> -Xcc -target-abi -Xcc darwinpcs -Xcc -target-cpu -Xcc apple-a12 -Xcc -target-feature -Xcc +v8.3a -Xcc -target-feature -Xcc +aes -Xcc -target-feature -Xcc +complxnum -Xcc -target-feature -Xcc +crc -Xcc -target-feature -Xcc +fp-armv8 -Xcc -target-feature -Xcc +fullfp16 -Xcc -target-feature -Xcc +jsconv -Xcc -target-feature -Xcc +lse -Xcc -target-feature -Xcc +neon -Xcc -target-feature -Xcc +pauth -Xcc -target-feature -Xcc +perfmon -Xcc -target-feature -Xcc +ras -Xcc -target-feature -Xcc +rcpc -Xcc -target-feature -Xcc +rdm -Xcc -target-feature -Xcc +sha2 -Xcc -triple -Xcc arm64-apple-ios26.5.0 -Xcc -target-linker-version -Xcc 1267 -Xcc -target-sdk-version\=26.5 -Xcc -fmodules-validate-system-headers -Xcc -fno-modulemap-allow-subdirectory-search -Xcc -isysroot -Xcc /Applications/Xcode_26.6.app/Contents/Developer/Platforms/iPhoneOS.platform/Developer/SDKs/iPhoneOS26.5.sdk -Xcc -resource-dir -Xcc /Applications/Xcode_26.6.app/Contents/Developer/Toolchains/XcodeDefault.xctoolchain/usr/lib/swift/clang -Xcc -fmodule-format\=obj -Xcc -fapinotes-swift-version\=5 -Xcc -std\=gnu11 -Xcc -fapinotes-modules -Xcc -fexceptions -Xcc -fskip-odr-check-in-gmf -Xcc -fmodules -Xcc -fno-implicit-modules -Xcc -fretain-comments-from-system-headers -Xcc -fobjc-exceptions -Xcc -fmax-type-align\=16 -Xcc -fstack-check -Xcc -fvisibility-inlines-hidden-static-local-var -Xcc -fmodule-feature -Xcc swift -Xcc -fno-odr-hash-protocols -Xcc -pic-level -Xcc 2 -Xcc -fencode-extended-block-signature -Xcc -stack-protector -Xcc 1 -Xcc -fobjc-runtime\=ios-26.5.0 -Xcc -fobjc-arc -Xcc -fobjc-runtime-has-weak -Xcc -fobjc-weak -Xcc -fgnuc-version\=4.2.1 -Xcc -fblocks -Xcc -fno-convergent-functions -Xcc -ffp-contract\=on -Xcc -fclang-abi-compat\=4.0 -Xcc -fno-experimental-relative-c++-abi-vtables -Xcc -fno-file-reproducible -Xcc -clang-vendor-feature\=+disableNonDependentMemberExprInCurrentInstantiation -Xcc -clang-vendor-feature\=+enableAggressiveVLAFolding -Xcc -clang-vendor-feature\=+revert09abecef7bbf -Xcc -clang-vendor-feature\=+thisNoAlignAttr -Xcc -clang-vendor-feature\=+thisNoNullAttr -Xcc -clang-vendor-feature\=+disableAtImportPrivateFrameworkInImplementationError -Xcc -O0 -Xcc -fno-assume-unique-vtables -Xcc -fcommon -Xcc -fdwarf2-cfi-asm -Xcc -fobjc-msgsend-selector-stubs -Xcc -fregister-global-dtors-with-atexit -Xcc -fno-strict-return -Xcc -debugger-tuning\=lldb -Xcc -disable-llvm-verifier -Xcc -funwind-tables\=1 -Xcc -enable-tlsdesc -Xcc -clear-ast-before-backend -Xcc -discard-value-names -Xcc -mframe-pointer\=non-leaf -Xcc -fno-loop-interchange -Xcc -save-temps\=obj -Xcc -fdiagnostics-hotness-threshold\=0 -Xcc -fdiagnostics-misexpect-tolerance\=0 -Xcc -D -Xcc __swift__\=51000 -Xcc -D -Xcc _ISO646_H_ -Xcc -D -Xcc __ISO646_H -Xcc -D -Xcc SWIFT_SDK_OVERLAY_APPKIT_EPOCH\=2 -Xcc -D -Xcc SWIFT_SDK_OVERLAY_FOUNDATION_EPOCH\=8 -Xcc -D -Xcc SWIFT_SDK_OVERLAY2_SCENEKIT_EPOCH\=3 -Xcc -D -Xcc SWIFT_SDK_OVERLAY_GAMEPLAYKIT_EPOCH\=1 -Xcc -D -Xcc SWIFT_SDK_OVERLAY_SPRITEKIT_EPOCH\=1 -Xcc -D -Xcc SWIFT_SDK_OVERLAY_COREIMAGE_EPOCH\=2 -Xcc -D -Xcc SWIFT_SDK_OVERLAY_DISPATCH_EPOCH\=2 -Xcc -D -Xcc SWIFT_SDK_OVERLAY_PTHREAD_EPOCH\=1 -Xcc -D -Xcc SWIFT_SDK_OVERLAY_COREGRAPHICS_EPOCH\=0 -Xcc -D -Xcc SWIFT_SDK_OVERLAY_UIKIT_EPOCH\=2 -Xcc -D -Xcc SWIFT_CLASS_EXTRA\= -Xcc -D -Xcc __SWIFT_ATTR_SUPPORTS_SENDABLE_DECLS\=1 -Xcc -D -Xcc __SWIFT_COMPILER_VERSION\=6003003001003 -Xcc -D -Xcc __SWIFT_ATTR_SUPPORTS_SENDING\=1 -Xcc -D -Xcc _LIBCPP_HARDENING_MODE\=_LIBCPP_HARDENING_MODE_DEBUG -Xcc -D -Xcc DEBUG\=1 -Xcc -fdefine-target-os-macros -module-can-import-version UIKit 9126.5.5.2 9126.5.5 -load-resolved-plugin /Applications/Xcode_26.6.app/Contents/Developer/Platforms/iPhoneOS.platform/Developer/usr/lib/swift/host/plugins/libFoundationMacros.dylib\#/Applications/Xcode_26.6.app/Contents/Developer/Platforms/iPhoneOS.platform/Developer/usr/bin/swift-plugin-server\#FoundationMacros -load-resolved-plugin /Applications/Xcode_26.6.app/Contents/Developer/Platforms/iPhoneOS.platform/Developer/usr/lib/swift/host/plugins/libObservationMacros.dylib\#/Applications/Xcode_26.6.app/Contents/Developer/Platforms/iPhoneOS.platform/Developer/usr/bin/swift-plugin-server\#ObservationMacros -load-resolved-plugin /Applications/Xcode_26.6.app/Contents/Developer/Platforms/iPhoneOS.platform/Developer/usr/lib/swift/host/plugins/libPreviewsMacros.dylib\#/Applications/Xcode_26.6.app/Contents/Developer/Platforms/iPhoneOS.platform/Developer/usr/bin/swift-plugin-server\#PreviewsMacros -load-resolved-plugin /Applications/Xcode_26.6.app/Contents/Developer/Platforms/iPhoneOS.platform/Developer/usr/lib/swift/host/plugins/libSwiftMacros.dylib\#/Applications/Xcode_26.6.app/Contents/Developer/Platforms/iPhoneOS.platform/Developer/usr/bin/swift-plugin-server\#SwiftMacros -load-resolved-plugin /Applications/Xcode_26.6.app/Contents/Developer/Platforms/iPhoneOS.platform/Developer/usr/lib/swift/host/plugins/libSwiftUIMacros.dylib\#/Applications/Xcode_26.6.app/Contents/Developer/Platforms/iPhoneOS.platform/Developer/usr/bin/swift-plugin-server\#SwiftUIMacros -read-legacy-type-info-path\=/Applications/Xcode_26.6.app/Contents/Developer/Toolchains/XcodeDefault.xctoolchain/usr/lib/swift/iphoneos/layouts-arm64.yaml -clang-include-tree-filelist llvmcas://29cd5697391c9525f9d65e51c0b4bef50baf47b17cab9d0325fb77b3531cc066 -disable-implicit-swift-modules -Xcc -fno-implicit-modules -Xcc -fno-implicit-module-maps -explicit-swift-module-map-file llvmcas://3cc83bc3ca6d337900325de5f0d4ed3a49198fdc01681072a05b9b8634092a22 -debug-module-path /Users/runner/work/huamei-indexTTS/huamei-indexTTS/DerivedData/Build/Intermediates.noindex/HuameiIndexTTS.build/Debug-iphoneos/HuameiIndexTTS.build/Objects-normal/arm64/HuameiIndexTTS.swiftmodule -Xllvm -aarch64-use-tbi -enable-objc-interop -stack-check -sdk /Applications/Xcode_26.6.app/Contents/Developer/Platforms/iPhoneOS.platform/Developer/SDKs/iPhoneOS26.5.sdk -I /Users/runner/work/huamei-indexTTS/huamei-indexTTS/DerivedData/Build/Products/Debug-iphoneos -F /Users/runner/work/huamei-indexTTS/huamei-indexTTS/DerivedData/Build/Products/Debug-iphoneos/PackageFrameworks -F /Users/runner/work/huamei-indexTTS/huamei-indexTTS/DerivedData/Build/Products/Debug-iphoneos/PackageFrameworks -F /Users/runner/work/huamei-indexTTS/huamei-indexTTS/DerivedData/Build/Products/Debug-iphoneos/PackageFrameworks -F /Users/runner/work/huamei-indexTTS/huamei-indexTTS/DerivedData/Build/Products/Debug-iphoneos/PackageFrameworks -F /Users/runner/work/huamei-indexTTS/huamei-indexTTS/DerivedData/Build/Products/Debug-iphoneos/PackageFrameworks -F /Users/runner/work/huamei-indexTTS/huamei-indexTTS/DerivedData/Build/Products/Debug-iphoneos/PackageFrameworks -F /Users/runner/work/huamei-indexTTS/huamei-indexTTS/DerivedData/Build/Products/Debug-iphoneos/PackageFrameworks -F /Users/runner/work/huamei-indexTTS/huamei-indexTTS/DerivedData/Build/Products/Debug-iphoneos/PackageFrameworks -F /Users/runner/work/huamei-indexTTS/huamei-indexTTS/DerivedData/Build/Products/Debug-iphoneos/PackageFrameworks -F /Users/runner/work/huamei-indexTTS/huamei-indexTTS/DerivedData/Build/Products/Debug-iphoneos/PackageFrameworks -F /Users/runner/work/huamei-indexTTS/huamei-indexTTS/DerivedData/Build/Products/Debug-iphoneos -no-color-diagnostics -enable-testing -g -debug-info-format\=dwarf -dwarf-version\=4 -module-cache-path /Users/runner/work/huamei-indexTTS/huamei-indexTTS/DerivedData/Build/Intermediates.noindex/SwiftExplicitPrecompiledModules -swift-version 5 -Onone -D DEBUG -serialize-debugging-options -const-gather-protocols-file /Users/runner/work/huamei-indexTTS/huamei-indexTTS/DerivedData/Build/Intermediates.noindex/HuameiIndexTTS.build/Debug-iphoneos/HuameiIndexTTS.build/Objects-normal/arm64/HuameiIndexTTS_const_extract_protocols.json -enable-experimental-feature DebugDescriptionMacro -enable-bare-slash-regex -empty-abi-descriptor -validate-clang-modules-once -clang-build-session-file /Users/runner/work/huamei-indexTTS/huamei-indexTTS/DerivedData/ModuleCache.noindex/Session.modulevalidation -enable-anonymous-context-mangled-names -file-compilation-dir /Users/runner/work/huamei-indexTTS/huamei-indexTTS/ios -cache-compile-job -cas-path /Users/runner/work/huamei-indexTTS/huamei-indexTTS/DerivedData/CompilationCache.noindex/builtin -auto-bridging-header-chaining -module-name HuameiIndexTTS -frontend-parseable-output -disable-clang-spi -clang-target arm64-apple-ios26.5 -target-sdk-version 26.5 -target-sdk-name iphoneos26.5 -in-process-plugin-server-path /Applications/Xcode_26.6.app/Contents/Developer/Toolchains/XcodeDefault.xctoolchain/usr/lib/swift/host/libSwiftInProcPluginServer.dylib -o /Users/runner/work/huamei-indexTTS/huamei-indexTTS/DerivedData/Build/Intermediates.noindex/HuameiIndexTTS.build/Debug-iphoneos/HuameiIndexTTS.build/Objects-normal/arm64/AboutSheet.o -o /Users/runner/work/huamei-indexTTS/huamei-indexTTS/DerivedData/Build/Intermediates.noindex/HuameiIndexTTS.build/Debug-iphoneos/HuameiIndexTTS.build/Objects-normal/arm64/App.o -o /Users/runner/work/huamei-indexTTS/huamei-indexTTS/DerivedData/Build/Intermediates.noindex/HuameiIndexTTS.build/Debug-iphoneos/HuameiIndexTTS.build/Objects-normal/arm64/AudioImporter.o -o /Users/runner/work/huamei-indexTTS/huamei-indexTTS/DerivedData/Build/Intermediates.noindex/HuameiIndexTTS.build/Debug-iphoneos/HuameiIndexTTS.build/Objects-normal/arm64/AudioPlayer.o -o /Users/runner/work/huamei-indexTTS/huamei-indexTTS/DerivedData/Build/Intermediates.noindex/HuameiIndexTTS.build/Debug-iphoneos/HuameiIndexTTS.build/Objects-normal/arm64/AudioRecorder.o -o /Users/runner/work/huamei-indexTTS/huamei-indexTTS/DerivedData/Build/Intermediates.noindex/HuameiIndexTTS.build/Debug-iphoneos/HuameiIndexTTS.build/Objects-normal/arm64/AudioSourceSheet.o -o /Users/runner/work/huamei-indexTTS/huamei-indexTTS/DerivedData/Build/Intermediates.noindex/HuameiIndexTTS.build/Debug-iphoneos/HuameiIndexTTS.build/Objects-normal/arm64/Colors.o -index-unit-output-path /HuameiIndexTTS.build/Debug-iphoneos/HuameiIndexTTS.build/Objects-normal/arm64/AboutSheet.o -index-unit-output-path /HuameiIndexTTS.build/Debug-iphoneos/HuameiIndexTTS.build/Objects-normal/arm64/App.o -index-unit-output-path /HuameiIndexTTS.build/Debug-iphoneos/HuameiIndexTTS.build/Objects-normal/arm64/AudioImporter.o -index-unit-output-path /HuameiIndexTTS.build/Debug-iphoneos/HuameiIndexTTS.build/Objects-normal/arm64/AudioPlayer.o -index-unit-output-path /HuameiIndexTTS.build/Debug-iphoneos/HuameiIndexTTS.build/Objects-normal/arm64/AudioRecorder.o -index-unit-output-path /HuameiIndexTTS.build/Debug-iphoneos/HuameiIndexTTS.build/Objects-normal/arm64/AudioSourceSheet.o -index-unit-output-path /HuameiIndexTTS.build/Debug-iphoneos/HuameiIndexTTS.build/Objects-normal/arm64/Colors.o
build	Build IPA	2026-09-05T05:28:58.7713020Z /Users/runner/work/huamei-indexTTS/huamei-indexTTS/ios/Sources/HuameiIndexTTS/App.swift:17:29: error: type 'Theme' has no member 'Color'
build	Build IPA	2026-09-05T05:28:58.7808300Z                 .tint(Theme.Color.accent)
build	Build IPA	2026-09-05T05:28:58.7910270Z                       ~~~~~ ^~~~~
build	Build IPA	2026-09-05T05:28:58.8012100Z /Users/runner/work/huamei-indexTTS/huamei-indexTTS/ios/Sources/HuameiIndexTTS/Views/AudioSourceSheet.swift:58:13: error: cannot call value of non-function type 'Button<DefaultButtonLabel>'
build	Build IPA	2026-09-05T05:28:58.8113780Z             Button(role: .cancel) { dismiss() }
build	Build IPA	2026-09-05T05:28:58.8215610Z             ^
build	Build IPA	2026-09-05T05:28:58.8317870Z /Users/runner/work/huamei-indexTTS/huamei-indexTTS/ios/Sources/HuameiIndexTTS/Views/AudioSourceSheet.swift:60:27: error: cannot infer contextual base in reference to member 'top'
build	Build IPA	2026-09-05T05:28:58.8417280Z                 .padding(.top, 4)
build	Build IPA	2026-09-05T05:28:58.8518530Z                          ~^~~
build	Build IPA	2026-09-05T05:28:58.8594760Z ##[error]Process completed with exit code 65.
build	Check for DerivedData	﻿2026-09-05T05:28:58.8826420Z ##[group]Run if [ -d DerivedData ]; then echo "exists=yes" >> $GITHUB_OUTPUT; fi
build	Check for DerivedData	2026-09-05T05:28:58.8827220Z [36;1mif [ -d DerivedData ]; then echo "exists=yes" >> $GITHUB_OUTPUT; fi[0m
build	Check for DerivedData	2026-09-05T05:28:59.0655690Z shell: /bin/bash -e {0}
build	Check for DerivedData	2026-09-05T05:28:59.0656100Z env:
build	Check for DerivedData	2026-09-05T05:28:59.0656480Z   MD_APPLE_SDK_ROOT: /Applications/Xcode_26.6.app
build	Check for DerivedData	2026-09-05T05:28:59.0656980Z ##[endgroup]
build	Save DerivedData cache	﻿2026-09-05T05:28:59.1307770Z ##[group]Run actions/cache/save@v6
build	Save DerivedData cache	2026-09-05T05:28:59.1308120Z with:
build	Save DerivedData cache	2026-09-05T05:28:59.1308290Z   path: DerivedData
build	Save DerivedData cache	2026-09-05T05:28:59.1308490Z   key: deriveddata-33947241861
build	Save DerivedData cache	2026-09-05T05:28:59.1308700Z   enableCrossOsArchive: false
build	Save DerivedData cache	2026-09-05T05:28:59.1308920Z env:
build	Save DerivedData cache	2026-09-05T05:28:59.1309100Z   MD_APPLE_SDK_ROOT: /Applications/Xcode_26.6.app
build	Save DerivedData cache	2026-09-05T05:28:59.1309360Z ##[endgroup]
build	Save DerivedData cache	2026-09-05T05:28:59.8749330Z [command]/opt/homebrew/bin/gtar --posix -cf cache.tzst --exclude cache.tzst -P -C /Users/runner/work/huamei-indexTTS/huamei-indexTTS --files-from manifest.txt --delay-directory-restore --use-compress-program zstdmt
build	Save DerivedData cache	2026-09-05T05:29:18.7083820Z Sent 0 of 493485337 (0.0%), 0.0 MBs/sec
build	Save DerivedData cache	2026-09-05T05:29:19.7130700Z Sent 23723289 of 493485337 (4.8%), 11.3 MBs/sec
build	Save DerivedData cache	2026-09-05T05:29:20.7154000Z Sent 23723289 of 493485337 (4.8%), 7.5 MBs/sec
build	Save DerivedData cache	2026-09-05T05:29:21.7135020Z Sent 292158745 of 493485337 (59.2%), 69.5 MBs/sec
build	Save DerivedData cache	2026-09-05T05:29:22.3049540Z Sent 493485337 of 493485337 (100.0%), 102.3 MBs/sec
build	Save DerivedData cache	2026-09-05T05:29:22.4831570Z Cache saved with key: deriveddata-33947241861
build	Build summary	﻿2026-09-05T05:29:22.5026950Z ##[group]Run echo "## Build Summary" >> $GITHUB_STEP_SUMMARY
build	Build summary	2026-09-05T05:29:22.5027560Z [36;1mecho "## Build Summary" >> $GITHUB_STEP_SUMMARY[0m
build	Build summary	2026-09-05T05:29:22.5027840Z [36;1mecho "" >> $GITHUB_STEP_SUMMARY[0m
build	Build summary	2026-09-05T05:29:22.5028200Z [36;1mecho "- **Build ID:** huamei-0905-132614" >> $GITHUB_STEP_SUMMARY[0m
build	Build summary	2026-09-05T05:29:22.5028610Z [36;1mecho "- **Status:** failure" >> $GITHUB_STEP_SUMMARY[0m
build	Build summary	2026-09-05T05:29:22.5029080Z [36;1mecho "- **Configuration:** $CONFIGURATION" >> $GITHUB_STEP_SUMMARY[0m
build	Build summary	2026-09-05T05:29:22.5029460Z [36;1mecho "- **DerivedData Cache:** Miss" >> $GITHUB_STEP_SUMMARY[0m
build	Build summary	2026-09-05T05:29:22.5030000Z [36;1mecho "- **Pods Cache:** Miss" >> $GITHUB_STEP_SUMMARY[0m
build	Build summary	2026-09-05T05:29:22.5030580Z [36;1mecho "- **Node Modules Cache:** N/A" >> $GITHUB_STEP_SUMMARY[0m
build	Build summary	2026-09-05T05:29:22.5030940Z [36;1mif [ "$USE_SIGNING" = "true" ]; then[0m
build	Build summary	2026-09-05T05:29:22.5031340Z [36;1m  echo "- **Signing:** Signed (development)" >> $GITHUB_STEP_SUMMARY[0m
build	Build summary	2026-09-05T05:29:22.5031880Z [36;1melse[0m
build	Build summary	2026-09-05T05:29:22.5032270Z [36;1m  echo "- **Signing:** Unsigned (sign locally with AltStore/Sideloadly)" >> $GITHUB_STEP_SUMMARY[0m
build	Build summary	2026-09-05T05:29:22.5032660Z [36;1mfi[0m
build	Build summary	2026-09-05T05:29:22.5033000Z [36;1mif [ -f build/*.ipa ]; then[0m
build	Build summary	2026-09-05T05:29:22.5033400Z [36;1m  IPA_PATH=$(find build -name "*.ipa" -type f | head -1)[0m
build	Build summary	2026-09-05T05:29:22.5034020Z [36;1m  echo "- **IPA Size:** $(ls -lh "$IPA_PATH" | awk '{print $5}')" >> $GITHUB_STEP_SUMMARY[0m
build	Build summary	2026-09-05T05:29:22.5041240Z [36;1mfi[0m
build	Build summary	2026-09-05T05:29:22.5087630Z shell: /bin/bash -e {0}
build	Build summary	2026-09-05T05:29:22.5087950Z env:
build	Build summary	2026-09-05T05:29:22.5088270Z   MD_APPLE_SDK_ROOT: /Applications/Xcode_26.6.app
build	Build summary	2026-09-05T05:29:22.5088610Z   USE_SIGNING: false
build	Build summary	2026-09-05T05:29:22.5088980Z   CONFIGURATION: Debug
build	Build summary	2026-09-05T05:29:22.5089350Z ##[endgroup]
build	Post Checkout repository	﻿2026-09-05T05:29:22.5901780Z Post job cleanup.
build	Post Checkout repository	2026-09-05T05:29:22.7385500Z [command]/opt/homebrew/bin/git version
build	Post Checkout repository	2026-09-05T05:29:22.7717490Z git version 2.55.0
build	Post Checkout repository	2026-09-05T05:29:22.7827660Z Copying '/Users/runner/.gitconfig' to '/Users/runner/work/_temp/c8ec8ea8-4225-4372-a01f-0ea430386b1a/.gitconfig'
build	Post Checkout repository	2026-09-05T05:29:22.7835930Z Temporarily overriding HOME='/Users/runner/work/_temp/c8ec8ea8-4225-4372-a01f-0ea430386b1a' before making global git config changes
build	Post Checkout repository	2026-09-05T05:29:22.7841460Z Adding repository directory to the temporary git global config as a safe directory
build	Post Checkout repository	2026-09-05T05:29:22.7861440Z [command]/opt/homebrew/bin/git config --global --add safe.directory /Users/runner/work/huamei-indexTTS/huamei-indexTTS
build	Post Checkout repository	2026-09-05T05:29:22.7885880Z Removing SSH command configuration
build	Post Checkout repository	2026-09-05T05:29:22.7886300Z [command]/opt/homebrew/bin/git config --local --name-only --get-regexp core\.sshCommand
build	Post Checkout repository	2026-09-05T05:29:22.7977880Z [command]/opt/homebrew/bin/git submodule foreach --recursive sh -c "git config --local --name-only --get-regexp 'core\.sshCommand' && git config --local --unset-all 'core.sshCommand' || :"
build	Post Checkout repository	2026-09-05T05:29:22.8935160Z Removing HTTP extra header
build	Post Checkout repository	2026-09-05T05:29:22.8938870Z [command]/opt/homebrew/bin/git config --local --name-only --get-regexp http\.https\:\/\/github\.com\/\.extraheader
build	Post Checkout repository	2026-09-05T05:29:22.9010290Z [command]/opt/homebrew/bin/git submodule foreach --recursive sh -c "git config --local --name-only --get-regexp 'http\.https\:\/\/github\.com\/\.extraheader' && git config --local --unset-all 'http.https://github.com/.extraheader' || :"
build	Post Checkout repository	2026-09-05T05:29:22.9853300Z Removing includeIf entries pointing to credentials config files
build	Post Checkout repository	2026-09-05T05:29:22.9857390Z [command]/opt/homebrew/bin/git config --local --name-only --get-regexp ^includeIf\.gitdir:
build	Post Checkout repository	2026-09-05T05:29:22.9913740Z includeif.gitdir:/Users/runner/work/huamei-indexTTS/huamei-indexTTS/.git.path
build	Post Checkout repository	2026-09-05T05:29:22.9914440Z includeif.gitdir:/Users/runner/work/huamei-indexTTS/huamei-indexTTS/.git/worktrees/*.path
build	Post Checkout repository	2026-09-05T05:29:22.9914920Z includeif.gitdir:/github/workspace/.git.path
build	Post Checkout repository	2026-09-05T05:29:22.9915310Z includeif.gitdir:/github/workspace/.git/worktrees/*.path
build	Post Checkout repository	2026-09-05T05:29:22.9919970Z [command]/opt/homebrew/bin/git config --local --get-all includeif.gitdir:/Users/runner/work/huamei-indexTTS/huamei-indexTTS/.git.path
build	Post Checkout repository	2026-09-05T05:29:22.9977140Z /Users/runner/work/_temp/git-credentials-2ff4bcc6-7f3a-4c2b-b979-2ea063a316bb.config
build	Post Checkout repository	2026-09-05T05:29:22.9983880Z [command]/opt/homebrew/bin/git config --local --unset includeif.gitdir:/Users/runner/work/huamei-indexTTS/huamei-indexTTS/.git.path \/Users\/runner\/work\/_temp\/git\-credentials\-2ff4bcc6\-7f3a\-4c2b\-b979\-2ea063a316bb\.config
build	Post Checkout repository	2026-09-05T05:29:23.0050420Z [command]/opt/homebrew/bin/git config --local --get-all includeif.gitdir:/Users/runner/work/huamei-indexTTS/huamei-indexTTS/.git/worktrees/*.path
build	Post Checkout repository	2026-09-05T05:29:23.0108080Z /Users/runner/work/_temp/git-credentials-2ff4bcc6-7f3a-4c2b-b979-2ea063a316bb.config
build	Post Checkout repository	2026-09-05T05:29:23.0173700Z [command]/opt/homebrew/bin/git config --local --unset includeif.gitdir:/Users/runner/work/huamei-indexTTS/huamei-indexTTS/.git/worktrees/*.path \/Users\/runner\/work\/_temp\/git\-credentials\-2ff4bcc6\-7f3a\-4c2b\-b979\-2ea063a316bb\.config
build	Post Checkout repository	2026-09-05T05:29:23.0195050Z [command]/opt/homebrew/bin/git config --local --get-all includeif.gitdir:/github/workspace/.git.path
build	Post Checkout repository	2026-09-05T05:29:23.0250750Z /github/runner_temp/git-credentials-2ff4bcc6-7f3a-4c2b-b979-2ea063a316bb.config
build	Post Checkout repository	2026-09-05T05:29:23.0256030Z [command]/opt/homebrew/bin/git config --local --unset includeif.gitdir:/github/workspace/.git.path \/github\/runner_temp\/git\-credentials\-2ff4bcc6\-7f3a\-4c2b\-b979\-2ea063a316bb\.config
build	Post Checkout repository	2026-09-05T05:29:23.0321710Z [command]/opt/homebrew/bin/git config --local --get-all includeif.gitdir:/github/workspace/.git/worktrees/*.path
build	Post Checkout repository	2026-09-05T05:29:23.0377280Z /github/runner_temp/git-credentials-2ff4bcc6-7f3a-4c2b-b979-2ea063a316bb.config
build	Post Checkout repository	2026-09-05T05:29:23.0382890Z [command]/opt/homebrew/bin/git config --local --unset includeif.gitdir:/github/workspace/.git/worktrees/*.path \/github\/runner_temp\/git\-credentials\-2ff4bcc6\-7f3a\-4c2b\-b979\-2ea063a316bb\.config
build	Post Checkout repository	2026-09-05T05:29:23.0448100Z [command]/opt/homebrew/bin/git submodule foreach --recursive git config --local --show-origin --name-only --get-regexp remote.origin.url
build	Post Checkout repository	2026-09-05T05:29:23.1636170Z Removing credentials config '/Users/runner/work/_temp/git-credentials-2ff4bcc6-7f3a-4c2b-b979-2ea063a316bb.config'
build	Complete job	﻿2026-09-05T05:29:23.2026510Z Cleaning up orphan processes
