build	Build IPA	﻿2026-09-05T05:52:10.2988000Z ##[group]Run set -e
build	Build IPA	2026-09-05T05:52:10.2989110Z [36;1mset -e[0m
build	Build IPA	2026-09-05T05:52:10.2989280Z [36;1m[0m
build	Build IPA	2026-09-05T05:52:10.2989460Z [36;1m# Navigate to iOS project[0m
build	Build IPA	2026-09-05T05:52:10.2989690Z [36;1mcd "$IOS_PATH"[0m
build	Build IPA	2026-09-05T05:52:10.2989870Z [36;1m[0m
build	Build IPA	2026-09-05T05:52:10.2990050Z [36;1m# Find workspace or project[0m
build	Build IPA	2026-09-05T05:52:10.2990630Z [36;1m# 本仓库为 SwiftPM + XcodeGen（无 .xcodeproj 入库）：CI 的 find 探测[0m
build	Build IPA	2026-09-05T05:52:10.2991010Z [36;1m# 在 macOS runner 上行为不可靠，这里直接强制生成并写死工程绝对路径。[0m
build	Build IPA	2026-09-05T05:52:10.2991380Z [36;1mcommand -v xcodegen >/dev/null 2>&1 || brew install xcodegen[0m
build	Build IPA	2026-09-05T05:52:10.2991930Z [36;1mecho "Regenerating project with xcodegen (deterministic)..."[0m
build	Build IPA	2026-09-05T05:52:10.2992300Z [36;1mxcodegen generate[0m
build	Build IPA	2026-09-05T05:52:10.2992510Z [36;1mWORKSPACE=""[0m
build	Build IPA	2026-09-05T05:52:10.2992750Z [36;1mPROJECT="$(pwd)/HuameiIndexTTS.xcodeproj"[0m
build	Build IPA	2026-09-05T05:52:10.2993030Z [36;1mecho "Using project: $PROJECT"[0m
build	Build IPA	2026-09-05T05:52:10.2993280Z [36;1m[0m
build	Build IPA	2026-09-05T05:52:10.2993630Z [36;1m# Install pods if Podfile exists (always run to ensure sync with Podfile.lock)[0m
build	Build IPA	2026-09-05T05:52:10.2994070Z [36;1mif [ -f "Podfile" ]; then[0m
build	Build IPA	2026-09-05T05:52:10.2994370Z [36;1m  echo "Running pod install..."[0m
build	Build IPA	2026-09-05T05:52:10.2994640Z [36;1m  pod install[0m
build	Build IPA	2026-09-05T05:52:10.2994990Z [36;1m  WORKSPACE=$(find . -maxdepth 1 -name "*.xcworkspace" | head -1)[0m
build	Build IPA	2026-09-05T05:52:10.2995330Z [36;1mfi[0m
build	Build IPA	2026-09-05T05:52:10.2995480Z [36;1m[0m
build	Build IPA	2026-09-05T05:52:10.2995720Z [36;1m# Determine scheme (only needed for native projects)[0m
build	Build IPA	2026-09-05T05:52:10.2996070Z [36;1mif [ -z "$SCHEME" ] && [ "$PROJECT_TYPE" = "native" ]; then[0m
build	Build IPA	2026-09-05T05:52:10.2996400Z [36;1m  if [ -n "$WORKSPACE" ]; then[0m
build	Build IPA	2026-09-05T05:52:10.2996700Z [36;1m    TARGET_FLAG=-workspace[0m
build	Build IPA	2026-09-05T05:52:10.2996950Z [36;1m    TARGET_PATH=$WORKSPACE[0m
build	Build IPA	2026-09-05T05:52:10.2997220Z [36;1m    BASE=$(basename "$WORKSPACE" .xcworkspace)[0m
build	Build IPA	2026-09-05T05:52:10.2997990Z [36;1m  else[0m
build	Build IPA	2026-09-05T05:52:10.2998190Z [36;1m    TARGET_FLAG=-project[0m
build	Build IPA	2026-09-05T05:52:10.2998400Z [36;1m    TARGET_PATH=$PROJECT[0m
build	Build IPA	2026-09-05T05:52:10.2998670Z [36;1m    BASE=$(basename "$PROJECT" .xcodeproj)[0m
build	Build IPA	2026-09-05T05:52:10.2998920Z [36;1m  fi[0m
build	Build IPA	2026-09-05T05:52:10.2999060Z [36;1m[0m
build	Build IPA	2026-09-05T05:52:10.3000320Z [36;1m  SCHEMES=$(xcodebuild "$TARGET_FLAG" "$TARGET_PATH" -list -json 2>/dev/null | jq -r '(.workspace // .project).schemes[]?' || true)[0m
build	Build IPA	2026-09-05T05:52:10.3001910Z [36;1m  if [ -z "$SCHEMES" ]; then[0m
build	Build IPA	2026-09-05T05:52:10.3003290Z [36;1m    SCHEMES=$(xcodebuild "$TARGET_FLAG" "$TARGET_PATH" -list 2>/dev/null | sed -n '/Schemes:/,$p' | tail -n +2 | sed 's/^[[:space:]]*//' | sed '/^$/d' || true)[0m
build	Build IPA	2026-09-05T05:52:10.3004720Z [36;1m  fi[0m
build	Build IPA	2026-09-05T05:52:10.3005220Z [36;1m  echo "Schemes:"[0m
build	Build IPA	2026-09-05T05:52:10.3005830Z [36;1m  printf '%s\n' "$SCHEMES" | sed 's/^/  /'[0m
build	Build IPA	2026-09-05T05:52:10.3006520Z [36;1m[0m
build	Build IPA	2026-09-05T05:52:10.3007160Z [36;1m  # In a workspace, the scheme list also holds package and pod[0m
build	Build IPA	2026-09-05T05:52:10.3008230Z [36;1m  # schemes, and they sort ahead of the app as often as not. The[0m
build	Build IPA	2026-09-05T05:52:10.3009300Z [36;1m  # scheme named after the project is the app in nearly every repo.[0m
build	Build IPA	2026-09-05T05:52:10.3010390Z [36;1m  SCHEME=$(printf '%s\n' "$SCHEMES" | grep -Fx "$BASE" | head -1 || true)[0m
build	Build IPA	2026-09-05T05:52:10.3011280Z [36;1m  if [ -z "$SCHEME" ]; then[0m
build	Build IPA	2026-09-05T05:52:10.3012510Z [36;1m    SCHEME=$(printf '%s\n' "$SCHEMES" | grep -v '^Pods-' | while IFS= read -r s; do[0m
build	Build IPA	2026-09-05T05:52:10.3013450Z [36;1m      [ -n "$s" ] || continue[0m
build	Build IPA	2026-09-05T05:52:10.3014290Z [36;1m      # A scheme that belongs to a local Swift package is not the app.[0m
build	Build IPA	2026-09-05T05:52:10.3015540Z [36;1m      [ -z "$(find . -maxdepth 4 -path "*/$s/Package.swift" -print -quit)" ] || continue[0m
build	Build IPA	2026-09-05T05:52:10.3016600Z [36;1m      printf '%s\n' "$s"[0m
build	Build IPA	2026-09-05T05:52:10.3017200Z [36;1m      break[0m
build	Build IPA	2026-09-05T05:52:10.3018890Z [36;1m    done)[0m
build	Build IPA	2026-09-05T05:52:10.3019380Z [36;1m  fi[0m
build	Build IPA	2026-09-05T05:52:10.3020150Z [36;1m  echo "Building with scheme: $SCHEME (configuration: $CONFIGURATION)"[0m
build	Build IPA	2026-09-05T05:52:10.3021040Z [36;1mfi[0m
build	Build IPA	2026-09-05T05:52:10.3021530Z [36;1m[0m
build	Build IPA	2026-09-05T05:52:10.3022100Z [36;1mif [ "$PROJECT_TYPE" = "native" ]; then[0m
build	Build IPA	2026-09-05T05:52:10.3023370Z [36;1m  if [ -z "$WORKSPACE" ] && [ -z "$PROJECT" ]; then[0m
build	Build IPA	2026-09-05T05:52:10.3024010Z [36;1m    echo "::error::No .xcworkspace or .xcodeproj found in '$IOS_PATH'. If the project is generated (XcodeGen/Tuist), commit it or add a generation step."[0m
build	Build IPA	2026-09-05T05:52:10.3024550Z [36;1m    exit 1[0m
build	Build IPA	2026-09-05T05:52:10.3038570Z [36;1m  fi[0m
build	Build IPA	2026-09-05T05:52:10.3038890Z [36;1m  if [ -z "$SCHEME" ]; then[0m
build	Build IPA	2026-09-05T05:52:10.3039520Z [36;1m    echo "::error::Could not determine a scheme. Pass one via the 'scheme' input, or make sure the project has a shared scheme."[0m
build	Build IPA	2026-09-05T05:52:10.3040100Z [36;1m    exit 1[0m
build	Build IPA	2026-09-05T05:52:10.3040280Z [36;1m  fi[0m
build	Build IPA	2026-09-05T05:52:10.3040430Z [36;1mfi[0m
build	Build IPA	2026-09-05T05:52:10.3040580Z [36;1m[0m
build	Build IPA	2026-09-05T05:52:10.3040750Z [36;1m# Use custom DerivedData path for caching[0m
build	Build IPA	2026-09-05T05:52:10.3041060Z [36;1mDERIVED_DATA_PATH="${GITHUB_WORKSPACE}/DerivedData"[0m
build	Build IPA	2026-09-05T05:52:10.3041340Z [36;1m[0m
build	Build IPA	2026-09-05T05:52:10.3041520Z [36;1mif [ "$PROJECT_TYPE" = "flutter" ]; then[0m
build	Build IPA	2026-09-05T05:52:10.3041780Z [36;1m  cd "$GITHUB_WORKSPACE"[0m
build	Build IPA	2026-09-05T05:52:10.3042310Z [36;1m  if [ "$CONFIGURATION" = "Debug" ]; then[0m
build	Build IPA	2026-09-05T05:52:10.3043180Z [36;1m    echo "Building Flutter iOS Debug..."[0m
build	Build IPA	2026-09-05T05:52:10.3043490Z [36;1m    flutter build ios --debug --no-codesign[0m
build	Build IPA	2026-09-05T05:52:10.3043780Z [36;1m  else[0m
build	Build IPA	2026-09-05T05:52:10.3044070Z [36;1m    echo "Building Flutter iOS Release..."[0m
build	Build IPA	2026-09-05T05:52:10.3044380Z [36;1m    flutter build ios --release --no-codesign[0m
build	Build IPA	2026-09-05T05:52:10.3044620Z [36;1m  fi[0m
build	Build IPA	2026-09-05T05:52:10.3045380Z [36;1m  cd "$IOS_PATH"[0m
build	Build IPA	2026-09-05T05:52:10.3045610Z [36;1m[0m
build	Build IPA	2026-09-05T05:52:10.3045770Z [36;1m  if [ "$USE_SIGNING" = "true" ]; then[0m
build	Build IPA	2026-09-05T05:52:10.3046190Z [36;1m    # 'flutter build ios' never signs, so archive the Runner project it[0m
build	Build IPA	2026-09-05T05:52:10.3046690Z [36;1m    # generated. The IPA step below exports build/App.xcarchive[0m
build	Build IPA	2026-09-05T05:52:10.3047090Z [36;1m    # whenever signing is on.[0m
build	Build IPA	2026-09-05T05:52:10.3047330Z [36;1m    ARCHIVE_CMD="xcodebuild"[0m
build	Build IPA	2026-09-05T05:52:10.3047590Z [36;1m    if [ -n "$WORKSPACE" ]; then[0m
build	Build IPA	2026-09-05T05:52:10.3047970Z [36;1m      ARCHIVE_CMD="$ARCHIVE_CMD -workspace '$WORKSPACE'"[0m
build	Build IPA	2026-09-05T05:52:10.3048310Z [36;1m    elif [ -n "$PROJECT" ]; then[0m
build	Build IPA	2026-09-05T05:52:10.3048640Z [36;1m      ARCHIVE_CMD="$ARCHIVE_CMD -project '$PROJECT'"[0m
build	Build IPA	2026-09-05T05:52:10.3048980Z [36;1m    else[0m
build	Build IPA	2026-09-05T05:52:10.3049330Z [36;1m      echo "::error::Signing requested but no Runner workspace/project found in '$IOS_PATH'."[0m
build	Build IPA	2026-09-05T05:52:10.3049700Z [36;1m      exit 1[0m
build	Build IPA	2026-09-05T05:52:10.3049860Z [36;1m    fi[0m
build	Build IPA	2026-09-05T05:52:10.3050030Z [36;1m[0m
build	Build IPA	2026-09-05T05:52:10.3050320Z [36;1m    ARCHIVE_CMD="$ARCHIVE_CMD -scheme '${SCHEME:-Runner}'"[0m
build	Build IPA	2026-09-05T05:52:10.3050760Z [36;1m    ARCHIVE_CMD="$ARCHIVE_CMD -configuration '$CONFIGURATION'"[0m
build	Build IPA	2026-09-05T05:52:10.3051220Z [36;1m    ARCHIVE_CMD="$ARCHIVE_CMD -destination 'generic/platform=iOS'"[0m
build	Build IPA	2026-09-05T05:52:10.3051710Z [36;1m    ARCHIVE_CMD="$ARCHIVE_CMD -derivedDataPath '$DERIVED_DATA_PATH'"[0m
build	Build IPA	2026-09-05T05:52:10.3052160Z [36;1m    ARCHIVE_CMD="$ARCHIVE_CMD COMPILER_INDEX_STORE_ENABLE=NO"[0m
build	Build IPA	2026-09-05T05:52:10.3052770Z [36;1m    ARCHIVE_CMD="$ARCHIVE_CMD DEVELOPMENT_TEAM='$DEVELOPMENT_TEAM'"[0m
build	Build IPA	2026-09-05T05:52:10.3053290Z [36;1m    ARCHIVE_CMD="$ARCHIVE_CMD CODE_SIGN_STYLE=Manual"[0m
build	Build IPA	2026-09-05T05:52:10.3053890Z [36;1m    ARCHIVE_CMD="$ARCHIVE_CMD PROVISIONING_PROFILE_SPECIFIER='$PROVISIONING_PROFILE_NAME'"[0m
build	Build IPA	2026-09-05T05:52:10.3054450Z [36;1m    ARCHIVE_CMD="$ARCHIVE_CMD -quiet"[0m
build	Build IPA	2026-09-05T05:52:10.3055200Z [36;1m    ARCHIVE_CMD="$ARCHIVE_CMD -archivePath '$GITHUB_WORKSPACE/build/App.xcarchive' archive"[0m
build	Build IPA	2026-09-05T05:52:10.3055710Z [36;1m[0m
build	Build IPA	2026-09-05T05:52:10.3055930Z [36;1m    echo "Running: $ARCHIVE_CMD"[0m
build	Build IPA	2026-09-05T05:52:10.3056270Z [36;1m    eval $ARCHIVE_CMD[0m
build	Build IPA	2026-09-05T05:52:10.3056580Z [36;1m  fi[0m
build	Build IPA	2026-09-05T05:52:10.3057050Z [36;1melif [ "$PROJECT_TYPE" = "reactnative" ] || [ "$PROJECT_TYPE" = "expo" ] || [ "$PROJECT_TYPE" = "kmp" ]; then[0m
build	Build IPA	2026-09-05T05:52:10.3057840Z [36;1m  # Use xcodebuild directly for React Native/Expo and Kotlin Multiplatform.[0m
build	Build IPA	2026-09-05T05:52:10.3058410Z [36;1m  # For KMP, the Xcode build phase (or CocoaPods) invokes Gradle to[0m
build	Build IPA	2026-09-05T05:52:10.3058980Z [36;1m  # compile the shared Kotlin framework, so the JDK must be on PATH.[0m
build	Build IPA	2026-09-05T05:52:10.3059320Z [36;1m  if [ "$PROJECT_TYPE" = "kmp" ]; then[0m
build	Build IPA	2026-09-05T05:52:10.3059670Z [36;1m    echo "Building Kotlin Multiplatform iOS ($CONFIGURATION)..."[0m
build	Build IPA	2026-09-05T05:52:10.3060010Z [36;1m    if [ -f "${GITHUB_WORKSPACE}/gradlew" ]; then[0m
build	Build IPA	2026-09-05T05:52:10.3060310Z [36;1m      chmod +x "${GITHUB_WORKSPACE}/gradlew"[0m
build	Build IPA	2026-09-05T05:52:10.3060560Z [36;1m    fi[0m
build	Build IPA	2026-09-05T05:52:10.3060740Z [36;1m  else[0m
build	Build IPA	2026-09-05T05:52:10.3060980Z [36;1m    echo "Building React Native iOS ($CONFIGURATION)..."[0m
build	Build IPA	2026-09-05T05:52:10.3061280Z [36;1m  fi[0m
build	Build IPA	2026-09-05T05:52:10.3061470Z [36;1m  BUILD_CMD="xcodebuild"[0m
build	Build IPA	2026-09-05T05:52:10.3061730Z [36;1m  if [ -n "$WORKSPACE" ]; then[0m
build	Build IPA	2026-09-05T05:52:10.3062020Z [36;1m    BUILD_CMD="$BUILD_CMD -workspace $WORKSPACE"[0m
build	Build IPA	2026-09-05T05:52:10.3062330Z [36;1m  elif [ -n "$PROJECT" ]; then[0m
build	Build IPA	2026-09-05T05:52:10.3062620Z [36;1m    BUILD_CMD="$BUILD_CMD -project $PROJECT"[0m
build	Build IPA	2026-09-05T05:52:10.3062870Z [36;1m  fi[0m
build	Build IPA	2026-09-05T05:52:10.3063050Z [36;1m[0m
build	Build IPA	2026-09-05T05:52:10.3063470Z [36;1m  # Auto-detect scheme from workspace/project name (e.g., MyApp.xcworkspace -> MyApp)[0m
build	Build IPA	2026-09-05T05:52:10.3064750Z [36;1m  # unless an explicit scheme was provided.[0m
build	Build IPA	2026-09-05T05:52:10.3065080Z [36;1m  if [ -z "$SCHEME" ]; then[0m
build	Build IPA	2026-09-05T05:52:10.3065370Z [36;1m    if [ -n "$WORKSPACE" ]; then[0m
build	Build IPA	2026-09-05T05:52:10.3065640Z [36;1m      SCHEME=$(basename "$WORKSPACE" .xcworkspace)[0m
build	Build IPA	2026-09-05T05:52:10.3065910Z [36;1m    elif [ -n "$PROJECT" ]; then[0m
build	Build IPA	2026-09-05T05:52:10.3066200Z [36;1m      SCHEME=$(basename "$PROJECT" .xcodeproj)[0m
build	Build IPA	2026-09-05T05:52:10.3066510Z [36;1m    fi[0m
build	Build IPA	2026-09-05T05:52:10.3066720Z [36;1m  fi[0m
build	Build IPA	2026-09-05T05:52:10.3066920Z [36;1m[0m
build	Build IPA	2026-09-05T05:52:10.3067260Z [36;1m  BUILD_CMD="$BUILD_CMD -scheme '$SCHEME'"[0m
build	Build IPA	2026-09-05T05:52:10.3067630Z [36;1m  BUILD_CMD="$BUILD_CMD -configuration '$CONFIGURATION'"[0m
build	Build IPA	2026-09-05T05:52:10.3068030Z [36;1m  BUILD_CMD="$BUILD_CMD -destination 'generic/platform=iOS'"[0m
build	Build IPA	2026-09-05T05:52:10.3068630Z [36;1m  BUILD_CMD="$BUILD_CMD -derivedDataPath '$DERIVED_DATA_PATH'"[0m
build	Build IPA	2026-09-05T05:52:10.3069100Z [36;1m  BUILD_CMD="$BUILD_CMD COMPILER_INDEX_STORE_ENABLE=NO"[0m
build	Build IPA	2026-09-05T05:52:10.3069390Z [36;1m  BUILD_CMD="$BUILD_CMD -quiet"[0m
build	Build IPA	2026-09-05T05:52:10.3069640Z [36;1m[0m
build	Build IPA	2026-09-05T05:52:10.3069840Z [36;1m  if [ "$USE_SIGNING" = "true" ]; then[0m
build	Build IPA	2026-09-05T05:52:10.3070190Z [36;1m    # Must archive, not build: the IPA step below exports[0m
build	Build IPA	2026-09-05T05:52:10.3070710Z [36;1m    # build/App.xcarchive whenever signing is on.[0m
build	Build IPA	2026-09-05T05:52:10.3071160Z [36;1m    BUILD_CMD="$BUILD_CMD DEVELOPMENT_TEAM='$DEVELOPMENT_TEAM'"[0m
build	Build IPA	2026-09-05T05:52:10.3071530Z [36;1m    BUILD_CMD="$BUILD_CMD CODE_SIGN_STYLE=Manual"[0m
build	Build IPA	2026-09-05T05:52:10.3071990Z [36;1m    BUILD_CMD="$BUILD_CMD PROVISIONING_PROFILE_SPECIFIER='$PROVISIONING_PROFILE_NAME'"[0m
build	Build IPA	2026-09-05T05:52:10.3072620Z [36;1m    BUILD_CMD="$BUILD_CMD -archivePath '$GITHUB_WORKSPACE/build/App.xcarchive' archive"[0m
build	Build IPA	2026-09-05T05:52:10.3073020Z [36;1m  else[0m
build	Build IPA	2026-09-05T05:52:10.3073280Z [36;1m    BUILD_CMD="$BUILD_CMD CODE_SIGNING_ALLOWED=NO build"[0m
build	Build IPA	2026-09-05T05:52:10.3073880Z [36;1m  fi[0m
build	Build IPA	2026-09-05T05:52:10.3075260Z [36;1m[0m
build	Build IPA	2026-09-05T05:52:10.3075450Z [36;1m  echo "Running: $BUILD_CMD"[0m
build	Build IPA	2026-09-05T05:52:10.3075700Z [36;1m  eval $BUILD_CMD[0m
build	Build IPA	2026-09-05T05:52:10.3075910Z [36;1melse[0m
build	Build IPA	2026-09-05T05:52:10.3076110Z [36;1m  BUILD_CMD="xcodebuild"[0m
build	Build IPA	2026-09-05T05:52:10.3076350Z [36;1m  if [ -n "$WORKSPACE" ]; then[0m
build	Build IPA	2026-09-05T05:52:10.3076760Z [36;1m    BUILD_CMD="$BUILD_CMD -workspace $WORKSPACE"[0m
build	Build IPA	2026-09-05T05:52:10.3077040Z [36;1m  elif [ -n "$PROJECT" ]; then[0m
build	Build IPA	2026-09-05T05:52:10.3077340Z [36;1m    BUILD_CMD="$BUILD_CMD -project $PROJECT"[0m
build	Build IPA	2026-09-05T05:52:10.3077660Z [36;1m  fi[0m
build	Build IPA	2026-09-05T05:52:10.3077820Z [36;1m[0m
build	Build IPA	2026-09-05T05:52:10.3078040Z [36;1m  BUILD_CMD="$BUILD_CMD -scheme '$SCHEME'"[0m
build	Build IPA	2026-09-05T05:52:10.3078410Z [36;1m  BUILD_CMD="$BUILD_CMD -configuration '$CONFIGURATION'"[0m
build	Build IPA	2026-09-05T05:52:10.3078950Z [36;1m  BUILD_CMD="$BUILD_CMD -destination 'generic/platform=iOS'"[0m
build	Build IPA	2026-09-05T05:52:10.3079490Z [36;1m  BUILD_CMD="$BUILD_CMD -derivedDataPath '$DERIVED_DATA_PATH'"[0m
build	Build IPA	2026-09-05T05:52:10.3079810Z [36;1m[0m
build	Build IPA	2026-09-05T05:52:10.3079960Z [36;1m  # Speed optimization flags[0m
build	Build IPA	2026-09-05T05:52:10.3080240Z [36;1m  BUILD_CMD="$BUILD_CMD COMPILER_INDEX_STORE_ENABLE=NO"[0m
build	Build IPA	2026-09-05T05:52:10.3080570Z [36;1m  BUILD_CMD="$BUILD_CMD DEBUG_INFORMATION_FORMAT=dwarf"[0m
build	Build IPA	2026-09-05T05:52:10.3080890Z [36;1m  BUILD_CMD="$BUILD_CMD ONLY_ACTIVE_ARCH=YES"[0m
build	Build IPA	2026-09-05T05:52:10.3081200Z [36;1m  BUILD_CMD="$BUILD_CMD -quiet"[0m
build	Build IPA	2026-09-05T05:52:10.3081440Z [36;1m[0m
build	Build IPA	2026-09-05T05:52:10.3081670Z [36;1m  # mlx-swift 自带 CudaBuild 构建插件在 iOS 交叉编译下无法通过验证 →[0m
build	Build IPA	2026-09-05T05:52:10.3082020Z [36;1m  # 跳过包插件校验（不影响产物，规避 "Validate plug-in ... failed"）[0m
build	Build IPA	2026-09-05T05:52:10.3082360Z [36;1m  BUILD_CMD="$BUILD_CMD -skipPackagePluginValidation"[0m
build	Build IPA	2026-09-05T05:52:10.3082690Z [36;1m[0m
build	Build IPA	2026-09-05T05:52:10.3082900Z [36;1m  # Xcode 16+ native compilation caching[0m
build	Build IPA	2026-09-05T05:52:10.3083670Z [36;1m  BUILD_CMD="$BUILD_CMD SWIFT_ENABLE_COMPILE_CACHE=YES"[0m
build	Build IPA	2026-09-05T05:52:10.3084060Z [36;1m  BUILD_CMD="$BUILD_CMD CLANG_ENABLE_COMPILE_CACHE=YES"[0m
build	Build IPA	2026-09-05T05:52:10.3084480Z [36;1m[0m
build	Build IPA	2026-09-05T05:52:10.3084680Z [36;1m  if [ "$USE_SIGNING" = "true" ]; then[0m
build	Build IPA	2026-09-05T05:52:10.3085040Z [36;1m    # For signed builds, use archive. Automatic signing cannot resolve a[0m
build	Build IPA	2026-09-05T05:52:10.3085470Z [36;1m    # team on a runner (no Xcode account), so sign manually against the[0m
build	Build IPA	2026-09-05T05:52:10.3085860Z [36;1m    # profile installed above.[0m
build	Build IPA	2026-09-05T05:52:10.3086160Z [36;1m    BUILD_CMD="$BUILD_CMD DEVELOPMENT_TEAM='$DEVELOPMENT_TEAM'"[0m
build	Build IPA	2026-09-05T05:52:10.3086610Z [36;1m    BUILD_CMD="$BUILD_CMD CODE_SIGN_STYLE=Manual"[0m
build	Build IPA	2026-09-05T05:52:10.3087050Z [36;1m    BUILD_CMD="$BUILD_CMD PROVISIONING_PROFILE_SPECIFIER='$PROVISIONING_PROFILE_NAME'"[0m
build	Build IPA	2026-09-05T05:52:10.3087640Z [36;1m    BUILD_CMD="$BUILD_CMD -archivePath '$GITHUB_WORKSPACE/build/App.xcarchive' archive"[0m
build	Build IPA	2026-09-05T05:52:10.3088000Z [36;1m  else[0m
build	Build IPA	2026-09-05T05:52:10.3088330Z [36;1m    # For unsigned builds, use faster 'build' action[0m
build	Build IPA	2026-09-05T05:52:10.3088710Z [36;1m    BUILD_CMD="$BUILD_CMD CODE_SIGNING_ALLOWED=NO build"[0m
build	Build IPA	2026-09-05T05:52:10.3089030Z [36;1m  fi[0m
build	Build IPA	2026-09-05T05:52:10.3089180Z [36;1m[0m
build	Build IPA	2026-09-05T05:52:10.3089360Z [36;1m  echo "Running: $BUILD_CMD"[0m
build	Build IPA	2026-09-05T05:52:10.3089620Z [36;1m  eval $BUILD_CMD[0m
build	Build IPA	2026-09-05T05:52:10.3089790Z [36;1mfi[0m
build	Build IPA	2026-09-05T05:52:10.3089930Z [36;1m[0m
build	Build IPA	2026-09-05T05:52:10.3090060Z [36;1m# Create IPA[0m
build	Build IPA	2026-09-05T05:52:10.3090250Z [36;1mif [ "$USE_SIGNING" = "true" ]; then[0m
build	Build IPA	2026-09-05T05:52:10.3090530Z [36;1m  # For signed builds, use xcodebuild -exportArchive.[0m
build	Build IPA	2026-09-05T05:52:10.3090960Z [36;1m  # Everything below is relative to the repo root, which is also what[0m
build	Build IPA	2026-09-05T05:52:10.3091400Z [36;1m  # the upload-artifact step ("build/*.ipa") resolves against — do not[0m
build	Build IPA	2026-09-05T05:52:10.3092160Z [36;1m  # use "cd .." here, it breaks when ios_path is "." (native at root).[0m
build	Build IPA	2026-09-05T05:52:10.3092550Z [36;1m  cd "$GITHUB_WORKSPACE"[0m
build	Build IPA	2026-09-05T05:52:10.3092770Z [36;1m[0m
build	Build IPA	2026-09-05T05:52:10.3093960Z [36;1m  # The export has to use the same manual signing as the archive, and[0m
build	Build IPA	2026-09-05T05:52:10.3095050Z [36;1m  # it needs the app's real bundle id to map it to the profile.[0m
build	Build IPA	2026-09-05T05:52:10.3095690Z [36;1m  APP_BUNDLE_ID=$(plutil -extract ApplicationProperties.CFBundleIdentifier raw -o - build/App.xcarchive/Info.plist)[0m
build	Build IPA	2026-09-05T05:52:10.3096470Z [36;1m  echo "Exporting $APP_BUNDLE_ID with profile '$PROVISIONING_PROFILE_NAME' (team $DEVELOPMENT_TEAM)"[0m
build	Build IPA	2026-09-05T05:52:10.3096850Z [36;1m[0m
build	Build IPA	2026-09-05T05:52:10.3097000Z [36;1m  printf '%s\n' \[0m
build	Build IPA	2026-09-05T05:52:10.3097220Z [36;1m    '<?xml version="1.0" encoding="UTF-8"?>' \[0m
build	Build IPA	2026-09-05T05:52:10.3097670Z [36;1m    '<!DOCTYPE plist PUBLIC "-//Apple//DTD PLIST 1.0//EN" "http://www.apple.com/DTDs/PropertyList-1.0.dtd">' \[0m
build	Build IPA	2026-09-05T05:52:10.3098210Z [36;1m    '<plist version="1.0">' \[0m
build	Build IPA	2026-09-05T05:52:10.3098440Z [36;1m    '<dict>' \[0m
build	Build IPA	2026-09-05T05:52:10.3098660Z [36;1m    '    <key>method</key>' \[0m
build	Build IPA	2026-09-05T05:52:10.3098940Z [36;1m    '    <string>development</string>' \[0m
build	Build IPA	2026-09-05T05:52:10.3099260Z [36;1m    '    <key>signingStyle</key>' \[0m
build	Build IPA	2026-09-05T05:52:10.3099550Z [36;1m    '    <string>manual</string>' \[0m
build	Build IPA	2026-09-05T05:52:10.3100130Z [36;1m    '    <key>teamID</key>' \[0m
build	Build IPA	2026-09-05T05:52:10.3100940Z [36;1m    "    <string>${DEVELOPMENT_TEAM}</string>" \[0m
build	Build IPA	2026-09-05T05:52:10.3101780Z [36;1m    '    <key>provisioningProfiles</key>' \[0m
build	Build IPA	2026-09-05T05:52:10.3102440Z [36;1m    '    <dict>' \[0m
build	Build IPA	2026-09-05T05:52:10.3103000Z [36;1m    "        <key>${APP_BUNDLE_ID}</key>" \[0m
build	Build IPA	2026-09-05T05:52:10.3103760Z [36;1m    "        <string>${PROVISIONING_PROFILE_NAME}</string>" \[0m
build	Build IPA	2026-09-05T05:52:10.3104660Z [36;1m    '    </dict>' \[0m
build	Build IPA	2026-09-05T05:52:10.3106770Z [36;1m    '</dict>' \[0m
build	Build IPA	2026-09-05T05:52:10.3106980Z [36;1m    '</plist>' > ExportOptions.plist[0m
build	Build IPA	2026-09-05T05:52:10.3107230Z [36;1m  xcodebuild -exportArchive \[0m
build	Build IPA	2026-09-05T05:52:10.3107490Z [36;1m    -archivePath build/App.xcarchive \[0m
build	Build IPA	2026-09-05T05:52:10.3107780Z [36;1m    -exportOptionsPlist ExportOptions.plist \[0m
build	Build IPA	2026-09-05T05:52:10.3108230Z [36;1m    -exportPath build/export[0m
build	Build IPA	2026-09-05T05:52:10.3108480Z [36;1m[0m
build	Build IPA	2026-09-05T05:52:10.3108640Z [36;1m  # Move IPA to expected location[0m
build	Build IPA	2026-09-05T05:52:10.3108910Z [36;1m  mv build/export/*.ipa "build/$BUILD_ID.ipa"[0m
build	Build IPA	2026-09-05T05:52:10.3109470Z [36;1m  echo "Created signed IPA: build/$BUILD_ID.ipa"[0m
build	Build IPA	2026-09-05T05:52:10.3109730Z [36;1melse[0m
build	Build IPA	2026-09-05T05:52:10.3109930Z [36;1m  # For unsigned builds, find .app and create IPA[0m
build	Build IPA	2026-09-05T05:52:10.3110440Z [36;1m  if [ "$PROJECT_TYPE" = "flutter" ]; then[0m
build	Build IPA	2026-09-05T05:52:10.3111210Z [36;1m    # Flutter outputs to build/ios/iphoneos/[0m
build	Build IPA	2026-09-05T05:52:10.3111630Z [36;1m    APP_PATH=$(find "${GITHUB_WORKSPACE}/build/ios/iphoneos" -name "*.app" -type d | head -1)[0m
build	Build IPA	2026-09-05T05:52:10.3112000Z [36;1m  else[0m
build	Build IPA	2026-09-05T05:52:10.3112250Z [36;1m    # Native and React Native/Expo use DerivedData. Ask the project[0m
build	Build IPA	2026-09-05T05:52:10.3112830Z [36;1m    # which bundle this scheme produces: the first .app under[0m
build	Build IPA	2026-09-05T05:52:10.3113330Z [36;1m    # Build/Products is the wrong one whenever the repo has more than[0m
build	Build IPA	2026-09-05T05:52:10.3113670Z [36;1m    # one app target.[0m
build	Build IPA	2026-09-05T05:52:10.3113920Z [36;1m    if [ -n "$WORKSPACE" ]; then[0m
build	Build IPA	2026-09-05T05:52:10.3114190Z [36;1m      TARGET_FLAG=-workspace[0m
build	Build IPA	2026-09-05T05:52:10.3114410Z [36;1m      TARGET_PATH=$WORKSPACE[0m
build	Build IPA	2026-09-05T05:52:10.3114610Z [36;1m    else[0m
build	Build IPA	2026-09-05T05:52:10.3114770Z [36;1m      TARGET_FLAG=-project[0m
build	Build IPA	2026-09-05T05:52:10.3114970Z [36;1m      TARGET_PATH=$PROJECT[0m
build	Build IPA	2026-09-05T05:52:10.3115150Z [36;1m    fi[0m
build	Build IPA	2026-09-05T05:52:10.3115370Z [36;1m    APP_PATH=$(xcodebuild "$TARGET_FLAG" "$TARGET_PATH" \[0m
build	Build IPA	2026-09-05T05:52:10.3116660Z [36;1m      -scheme "$SCHEME" \[0m
build	Build IPA	2026-09-05T05:52:10.3117380Z [36;1m      -configuration "$CONFIGURATION" \[0m
build	Build IPA	2026-09-05T05:52:10.3118110Z [36;1m      -destination 'generic/platform=iOS' \[0m
build	Build IPA	2026-09-05T05:52:10.3118850Z [36;1m      -derivedDataPath "$DERIVED_DATA_PATH" \[0m
build	Build IPA	2026-09-05T05:52:10.3119610Z [36;1m      -showBuildSettings -json 2>/dev/null \[0m
build	Build IPA	2026-09-05T05:52:10.3120360Z [36;1m      | jq -r 'map(.buildSettings)[0m
build	Build IPA	2026-09-05T05:52:10.3120850Z [36;1m               | map(select(.PRODUCT_TYPE == "com.apple.product-type.application"[0m
build	Build IPA	2026-09-05T05:52:10.3121360Z [36;1m                            and (.TARGET_BUILD_DIR | contains("-iphoneos"))))[0m
build	Build IPA	2026-09-05T05:52:10.3121780Z [36;1m               | map(.TARGET_BUILD_DIR + "/" + .FULL_PRODUCT_NAME)[0m
build	Build IPA	2026-09-05T05:52:10.3122150Z [36;1m               | first // empty' || true)[0m
build	Build IPA	2026-09-05T05:52:10.3122470Z [36;1m    if [ ! -d "$APP_PATH" ]; then[0m
build	Build IPA	2026-09-05T05:52:10.3123020Z [36;1m      APP_PATH=$(find "$DERIVED_DATA_PATH/Build/Products/${CONFIGURATION}-iphoneos" -maxdepth 1 -name "*.app" -type d -print -quit 2>/dev/null || true)[0m
build	Build IPA	2026-09-05T05:52:10.3123650Z [36;1m    fi[0m
build	Build IPA	2026-09-05T05:52:10.3123800Z [36;1m  fi[0m
build	Build IPA	2026-09-05T05:52:10.3123940Z [36;1m[0m
build	Build IPA	2026-09-05T05:52:10.3124090Z [36;1m  if [ -z "$APP_PATH" ]; then[0m
build	Build IPA	2026-09-05T05:52:10.3124340Z [36;1m    echo "Error: Could not find .app"[0m
build	Build IPA	2026-09-05T05:52:10.3124610Z [36;1m    exit 1[0m
build	Build IPA	2026-09-05T05:52:10.3124780Z [36;1m  fi[0m
build	Build IPA	2026-09-05T05:52:10.3124940Z [36;1m  echo "Found app at: $APP_PATH"[0m
build	Build IPA	2026-09-05T05:52:10.3125160Z [36;1m  cd "$GITHUB_WORKSPACE"[0m
build	Build IPA	2026-09-05T05:52:10.3125370Z [36;1m  mkdir -p build/Payload[0m
build	Build IPA	2026-09-05T05:52:10.3125590Z [36;1m  cp -R "$APP_PATH" build/Payload/[0m
build	Build IPA	2026-09-05T05:52:10.3126690Z [36;1m  cd build[0m
build	Build IPA	2026-09-05T05:52:10.3126890Z [36;1m  zip -rq "$BUILD_ID.ipa" Payload[0m
build	Build IPA	2026-09-05T05:52:10.3127510Z [36;1m  rm -rf Payload[0m
build	Build IPA	2026-09-05T05:52:10.3127810Z [36;1m  echo "Created unsigned IPA: build/$BUILD_ID.ipa"[0m
build	Build IPA	2026-09-05T05:52:10.3128060Z [36;1mfi[0m
build	Build IPA	2026-09-05T05:52:10.3205350Z shell: /bin/bash -e {0}
build	Build IPA	2026-09-05T05:52:10.3205650Z env:
build	Build IPA	2026-09-05T05:52:10.3205860Z   MD_APPLE_SDK_ROOT: /Applications/Xcode_26.6.app
build	Build IPA	2026-09-05T05:52:10.3206230Z   BUILD_ID: huamei-0905-135018
build	Build IPA	2026-09-05T05:52:10.3206480Z   IOS_PATH: ios
build	Build IPA	2026-09-05T05:52:10.3214650Z   SCHEME: HuameiIndexTTS
build	Build IPA	2026-09-05T05:52:10.3214890Z   PROJECT_TYPE: native
build	Build IPA	2026-09-05T05:52:10.3215090Z   USE_SIGNING: false
build	Build IPA	2026-09-05T05:52:10.3215290Z   CONFIGURATION: Debug
build	Build IPA	2026-09-05T05:52:10.3215490Z ##[endgroup]
build	Build IPA	2026-09-05T05:52:10.3708050Z Regenerating project with xcodegen (deterministic)...
build	Build IPA	2026-09-05T05:52:10.3866740Z ⚙️  Generating plists...
build	Build IPA	2026-09-05T05:52:10.3867870Z ⚙️  Generating project...
build	Build IPA	2026-09-05T05:52:10.4050040Z ⚙️  Writing project...
build	Build IPA	2026-09-05T05:52:10.4173270Z Created project at /Users/runner/work/huamei-indexTTS/huamei-indexTTS/ios/HuameiIndexTTS.xcodeproj
build	Build IPA	2026-09-05T05:52:10.4192760Z Using project: /Users/runner/work/huamei-indexTTS/huamei-indexTTS/ios/HuameiIndexTTS.xcodeproj
build	Build IPA	2026-09-05T05:52:10.4207480Z Running: xcodebuild -project /Users/runner/work/huamei-indexTTS/huamei-indexTTS/ios/HuameiIndexTTS.xcodeproj -scheme 'HuameiIndexTTS' -configuration 'Debug' -destination 'generic/platform=iOS' -derivedDataPath '/Users/runner/work/huamei-indexTTS/huamei-indexTTS/DerivedData' COMPILER_INDEX_STORE_ENABLE=NO DEBUG_INFORMATION_FORMAT=dwarf ONLY_ACTIVE_ARCH=YES -quiet -skipPackagePluginValidation SWIFT_ENABLE_COMPILE_CACHE=YES CLANG_ENABLE_COMPILE_CACHE=YES CODE_SIGNING_ALLOWED=NO build
build	Build IPA	2026-09-05T05:52:51.1708460Z In file included from /Users/runner/work/huamei-indexTTS/huamei-indexTTS/DerivedData/SourcePackages/checkouts/mlx-swift/Source/Cmlx/mlx-generated/metal/steel/attn/kernels/steel_attention.metal:6:
build	Build IPA	2026-09-05T05:52:51.1710940Z In file included from /Users/runner/work/huamei-indexTTS/huamei-indexTTS/DerivedData/SourcePackages/checkouts/mlx-swift/Source/Cmlx/mlx-generated/metal/steel/attn/kernels/../../../steel/attn/kernels/steel_attention.h:3:
build	Build IPA	2026-09-05T05:52:51.1719770Z In file included from /Users/runner/work/huamei-indexTTS/huamei-indexTTS/DerivedData/SourcePackages/checkouts/mlx-swift/Source/Cmlx/mlx-generated/metal/steel/attn/kernels/../../../steel/attn/attn.h:6:
build	Build IPA	2026-09-05T05:52:51.1723610Z In file included from /Users/runner/work/huamei-indexTTS/huamei-indexTTS/DerivedData/SourcePackages/checkouts/mlx-swift/Source/Cmlx/mlx-generated/metal/steel/attn/kernels/../../../steel/attn/../../steel/attn/mma.h:11:
build	Build IPA	2026-09-05T05:52:51.1728920Z /Users/runner/work/huamei-indexTTS/huamei-indexTTS/DerivedData/SourcePackages/checkouts/mlx-swift/Source/Cmlx/mlx-generated/metal/steel/attn/kernels/../../../steel/attn/../../steel/utils/integral_constant.h:108:6: warning: constexpr if is a C++17 extension [-Wc++17-extensions]
build	Build IPA	2026-09-05T05:52:51.1733180Z   if constexpr (start < stop) {
build	Build IPA	2026-09-05T05:52:51.1734960Z      ^
build	Build IPA	2026-09-05T05:52:51.1735970Z In file included from /Users/runner/work/huamei-indexTTS/huamei-indexTTS/DerivedData/SourcePackages/checkouts/mlx-swift/Source/Cmlx/mlx-generated/metal/steel/attn/kernels/steel_attention.metal:6:
build	Build IPA	2026-09-05T05:52:51.1737990Z /Users/runner/work/huamei-indexTTS/huamei-indexTTS/DerivedData/SourcePackages/checkouts/mlx-swift/Source/Cmlx/mlx-generated/metal/steel/attn/kernels/../../../steel/attn/kernels/steel_attention.h:356:16: warning: constexpr if is a C++17 extension [-Wc++17-extensions]
build	Build IPA	2026-09-05T05:52:51.1790050Z             if constexpr (is_bool) {
build	Build IPA	2026-09-05T05:52:51.1795300Z                ^
build	Build IPA	2026-09-05T05:52:51.1804600Z /Users/runner/work/huamei-indexTTS/huamei-indexTTS/DerivedData/SourcePackages/checkouts/mlx-swift/Source/Cmlx/mlx-generated/metal/steel/attn/kernels/../../../steel/attn/kernels/steel_attention.h:426:14: warning: constexpr if is a C++17 extension [-Wc++17-extensions]
build	Build IPA	2026-09-05T05:52:51.1836580Z           if constexpr (BD == 128) {
build	Build IPA	2026-09-05T05:52:51.1874040Z              ^
build	Build IPA	2026-09-05T05:52:51.1876470Z /Users/runner/work/huamei-indexTTS/huamei-indexTTS/DerivedData/SourcePackages/checkouts/mlx-swift/Source/Cmlx/mlx-generated/metal/steel/attn/kernels/../../../steel/attn/kernels/steel_attention.h:436:14: warning: constexpr if is a C++17 extension [-Wc++17-extensions]
build	Build IPA	2026-09-05T05:52:51.1879230Z           if constexpr (BD == 128) {
build	Build IPA	2026-09-05T05:52:51.1880380Z              ^
build	Build IPA	2026-09-05T05:52:51.1880990Z 4 warnings generated.
build	Build IPA	2026-09-05T05:52:55.2767600Z Cache hit
build	Build IPA	2026-09-05T05:52:55.2843030Z /Users/runner/work/huamei-indexTTS/huamei-indexTTS/ios/Sources/MLXIndexTTS2Core/Ops.swift:80:23: warning: 'quantizedMatmul(_:_:scales:biases:transpose:groupSize:bits:mode:stream:)' is deprecated: renamed to 'quantizedMM(_:_:scales:biases:transpose:groupSize:bits:mode:stream:)'
build	Build IPA	2026-09-05T05:52:55.2845510Z         let out = MLX.quantizedMatmul(
build	Build IPA	2026-09-05T05:52:55.2846030Z                       ^
build	Build IPA	2026-09-05T05:52:55.2847010Z /Users/runner/work/huamei-indexTTS/huamei-indexTTS/ios/Sources/MLXIndexTTS2Core/Ops.swift:80:23: note: use 'quantizedMM(_:_:scales:biases:transpose:groupSize:bits:mode:stream:)' instead
build	Build IPA	2026-09-05T05:52:55.2848150Z         let out = MLX.quantizedMatmul(
build	Build IPA	2026-09-05T05:52:55.2848590Z                       ^~~~~~~~~~~~~~~
build	Build IPA	2026-09-05T05:52:55.2849210Z                       quantizedMM
build	Build IPA	2026-09-05T05:52:55.2850850Z /Users/runner/work/huamei-indexTTS/huamei-indexTTS/ios/Sources/MLXIndexTTS2Core/OpsCPU.swift:11:17: warning: no calls to throwing functions occur within 'try' expression
build	Build IPA	2026-09-05T05:52:55.2851790Z         return (try? self.asArray(Float.self)) ?? []
build	Build IPA	2026-09-05T05:52:55.2852740Z                 ^
build	Build IPA	2026-09-05T05:52:55.2853550Z /Users/runner/work/huamei-indexTTS/huamei-indexTTS/ios/Sources/MLXIndexTTS2Core/S2MelInfer.swift:41:13: warning: immutable value 'B' was never used; consider replacing with '_' or removing it
build	Build IPA	2026-09-05T05:52:55.2854390Z         let B = x.shape[0], T = x.shape[2]
build	Build IPA	2026-09-05T05:52:55.2854910Z             ^
build	Build IPA	2026-09-05T05:52:55.2855220Z             _
build	Build IPA	2026-09-05T05:52:55.2856590Z /Users/runner/work/huamei-indexTTS/huamei-indexTTS/ios/Sources/MLXIndexTTS2Core/S2MelInfer.swift:92:17: warning: variable 'fOut' was never mutated; consider changing to 'let' constant
build	Build IPA	2026-09-05T05:52:55.2857490Z             var fOut = Ops.linear(g, w: blk.ffnW2, b: nil)
build	Build IPA	2026-09-05T05:52:55.2858430Z             ~~~ ^
build	Build IPA	2026-09-05T05:52:55.2859220Z             let
build	Build IPA	2026-09-05T05:52:55.2859930Z /Users/runner/work/huamei-indexTTS/huamei-indexTTS/ios/Sources/MLXIndexTTS2Core/S2MelInfer.swift:123:13: warning: variable 'gAll' was never mutated; consider changing to 'let' constant
build	Build IPA	2026-09-05T05:52:55.2866170Z         var gAll = Ops.conv1d(g, w: w.wnCondW, b: w.wnCondB)              // [1,8192,1]
build	Build IPA	2026-09-05T05:52:55.2866870Z         ~~~ ^
build	Build IPA	2026-09-05T05:52:55.2867080Z         let
build	Build IPA	2026-09-05T05:52:55.2867800Z /Users/runner/work/huamei-indexTTS/huamei-indexTTS/ios/Sources/MLXIndexTTS2Core/S2MelInfer.swift:135:17: warning: variable 'rsa' was never mutated; consider changing to 'let' constant
build	Build IPA	2026-09-05T05:52:55.2868670Z             var rsa = Ops.conv1d(acts, w: rw, b: rb)                      // [1,1024,T]
build	Build IPA	2026-09-05T05:52:55.2869470Z             ~~~ ^
build	Build IPA	2026-09-05T05:52:55.2870000Z             let
build	Build IPA	2026-09-05T05:52:55.2870850Z /Users/runner/work/huamei-indexTTS/huamei-indexTTS/ios/Sources/MLXIndexTTS2Core/S2MelInfer.swift:209:13: warning: immutable value 'B' was never used; consider replacing with '_' or removing it
build	Build IPA	2026-09-05T05:52:55.2871680Z         let B = mu.shape[0], T = mu.shape[1]
build	Build IPA	2026-09-05T05:52:55.2872070Z             ^
build	Build IPA	2026-09-05T05:52:55.2872280Z             _
build	Build IPA	2026-09-05T05:52:55.2872970Z /Users/runner/work/huamei-indexTTS/huamei-indexTTS/ios/Sources/MLXIndexTTS2Core/S2MelInfer.swift:261:14: warning: immutable value 'b' was never used; consider replacing with '_' or removing it
build	Build IPA	2026-09-05T05:52:55.2873930Z         let (b, c, t) = (dstShape[0], dstShape[1], dstShape[2])
build	Build IPA	2026-09-05T05:52:55.2874440Z              ^
build	Build IPA	2026-09-05T05:52:55.2874830Z              _
build	Build IPA	2026-09-05T05:52:55.2875450Z Cache hit
build	Build IPA	2026-09-05T05:52:55.2876490Z /Users/runner/work/huamei-indexTTS/huamei-indexTTS/ios/Sources/MLXIndexTTS2Core/TTSPipeline.swift:183:17: warning: initialization of immutable value 'sm' was never used; consider replacing with assignment to '_' or removing it
build	Build IPA	2026-09-05T05:52:55.2878030Z             let sm = try ensureS2Mel()
build	Build IPA	2026-09-05T05:52:55.2878310Z             ~~~~^~
build	Build IPA	2026-09-05T05:52:55.2878650Z             _
build	Build IPA	2026-09-05T05:52:55.2879580Z /Users/runner/work/huamei-indexTTS/huamei-indexTTS/ios/Sources/MLXIndexTTS2Core/Text/TiktokenBPE.swift:62:21: warning: immutable value 'token' was never used; consider replacing with '_' or removing it
build	Build IPA	2026-09-05T05:52:55.2880390Z             if let (token, id, consumed) = consumeSpecial(from: rest) {
build	Build IPA	2026-09-05T05:52:55.2880780Z                     ^~~~~
build	Build IPA	2026-09-05T05:52:55.2881070Z                     _
build	Build IPA	2026-09-05T05:52:55.2881790Z /Users/runner/work/huamei-indexTTS/huamei-indexTTS/ios/Sources/MLXIndexTTS2Core/Text/TiktokenBPE.swift:92:19: warning: value 'first' was defined but never used; consider replacing with boolean test
build	Build IPA	2026-09-05T05:52:55.2882630Z         guard let first = chars.first else { return "" }
build	Build IPA	2026-09-05T05:52:55.2882990Z               ~~~~^~~~~~~~
build	Build IPA	2026-09-05T05:52:55.2883400Z                                       != nil
build	Build IPA	2026-09-05T05:52:55.2883720Z Cache hit
build	Build IPA	2026-09-05T05:52:55.2884350Z /Users/runner/work/huamei-indexTTS/huamei-indexTTS/ios/Sources/MLXIndexTTS2Core/Voice/AudioFeatures.swift:45:17: warning: variable 'half' was never mutated; consider changing to 'let' constant
build	Build IPA	2026-09-05T05:52:55.2885100Z             var half = len >> 1
build	Build IPA	2026-09-05T05:52:55.2885420Z             ~~~ ^
build	Build IPA	2026-09-05T05:52:55.2885690Z             let
build	Build IPA	2026-09-05T05:52:55.2886570Z /Users/runner/work/huamei-indexTTS/huamei-indexTTS/ios/Sources/MLXIndexTTS2Core/BigVGAN.swift:88:13: warning: initialization of immutable value 'pad' was never used; consider replacing with assignment to '_' or removing it
build	Build IPA	2026-09-05T05:52:55.2887420Z         let pad = (k - rate) / 2
build	Build IPA	2026-09-05T05:52:55.2887710Z         ~~~~^~~
build	Build IPA	2026-09-05T05:52:55.2888150Z         _
build	Build IPA	2026-09-05T05:52:55.2888840Z /Users/runner/work/huamei-indexTTS/huamei-indexTTS/ios/Sources/MLXIndexTTS2Core/BigVGAN.swift:112:13: warning: variable 'stageOut' was never used; consider replacing with '_' or removing it
build	Build IPA	2026-09-05T05:52:55.2889600Z         var stageOut: [MLXArray] = []
build	Build IPA	2026-09-05T05:52:55.2889840Z             ^~~~~~~~
build	Build IPA	2026-09-05T05:52:55.2890110Z             _
build	Build IPA	2026-09-05T05:52:55.2890760Z /Users/runner/work/huamei-indexTTS/huamei-indexTTS/ios/Sources/MLXIndexTTS2Core/Voice/Campplus.swift:291:29: warning: immutable value 'C' was never used; consider replacing with '_' or removing it
build	Build IPA	2026-09-05T05:52:55.2891540Z         let B = x.shape[0], C = x.shape[1], T = x.shape[2]
build	Build IPA	2026-09-05T05:52:55.2891890Z                             ^
build	Build IPA	2026-09-05T05:52:55.2892150Z                             _
build	Build IPA	2026-09-05T05:52:55.2892830Z /Users/runner/work/huamei-indexTTS/huamei-indexTTS/ios/Sources/MLXIndexTTS2Core/Codec.swift:93:13: warning: variable 'q' was never mutated; consider changing to 'let' constant
build	Build IPA	2026-09-05T05:52:55.2893620Z         var q = Ops.conv1d(x, w: outProjW, b: outProjB)     // [1,1024,T]
build	Build IPA	2026-09-05T05:52:55.2893950Z         ~~~ ^
build	Build IPA	2026-09-05T05:52:55.2894190Z         let
build	Build IPA	2026-09-05T05:52:55.2894850Z /Users/runner/work/huamei-indexTTS/huamei-indexTTS/ios/Sources/MLXIndexTTS2Core/Codec.swift:108:13: warning: variable 'floats' was never mutated; consider changing to 'let' constant
build	Build IPA	2026-09-05T05:52:55.2895540Z         var floats = x.asFloatArray()
build	Build IPA	2026-09-05T05:52:55.2895820Z         ~~~ ^
build	Build IPA	2026-09-05T05:52:55.2896010Z         let
build	Build IPA	2026-09-05T05:52:55.2896270Z Cache miss
build	Build IPA	2026-09-05T05:52:55.2897220Z /Users/runner/work/huamei-indexTTS/huamei-indexTTS/ios/Sources/HuameiIndexTTS/Theme/LiquidGlass.swift:89:17: warning: stored property '_path' of 'Sendable'-conforming struct 'AnyShape' has non-Sendable type '(CGRect) -> Path'; this is an error in the Swift 6 language mode
build	Build IPA	2026-09-05T05:52:55.2898130Z     private let _path: (CGRect) -> Path
build	Build IPA	2026-09-05T05:52:55.2898710Z                 ^
build	Build IPA	2026-09-05T05:52:55.2899450Z /Users/runner/work/huamei-indexTTS/huamei-indexTTS/ios/Sources/HuameiIndexTTS/Theme/LiquidGlass.swift:89:17: note: a function type must be marked '@Sendable' to conform to 'Sendable'
build	Build IPA	2026-09-05T05:52:55.2900890Z     private let _path: (CGRect) -> Path
build	Build IPA	2026-09-05T05:52:55.2901210Z                 ^
build	Build IPA	2026-09-05T05:52:55.3081530Z /Users/runner/work/huamei-indexTTS/huamei-indexTTS/ios/Sources/HuameiIndexTTS/Theme/LiquidGlass.swift:89:17: warning: stored property '_path' of 'Sendable'-conforming struct 'AnyShape' has non-Sendable type '(CGRect) -> Path'; this is an error in the Swift 6 language mode
build	Build IPA	2026-09-05T05:52:55.3084950Z     private let _path: (CGRect) -> Path
build	Build IPA	2026-09-05T05:52:55.3085480Z                 ^
build	Build IPA	2026-09-05T05:52:55.3086320Z /Users/runner/work/huamei-indexTTS/huamei-indexTTS/ios/Sources/HuameiIndexTTS/Theme/LiquidGlass.swift:89:17: note: a function type must be marked '@Sendable' to conform to 'Sendable'
build	Build IPA	2026-09-05T05:52:55.3087360Z     private let _path: (CGRect) -> Path
build	Build IPA	2026-09-05T05:52:55.3087770Z                 ^
build	Build IPA	2026-09-05T05:52:55.3524250Z Cache miss
build	Build IPA	2026-09-05T05:52:55.3524770Z Failed frontend command:
build	Build IPA	2026-09-05T05:52:55.3569310Z /Applications/Xcode_26.6.app/Contents/Developer/Toolchains/XcodeDefault.xctoolchain/usr/bin/swift-frontend -frontend -c /Users/runner/work/huamei-indexTTS/huamei-indexTTS/ios/Sources/HuameiIndexTTS/Views/AboutSheet.swift /Users/runner/work/huamei-indexTTS/huamei-indexTTS/ios/Sources/HuameiIndexTTS/App.swift /Users/runner/work/huamei-indexTTS/huamei-indexTTS/ios/Sources/HuameiIndexTTS/Audio/AudioImporter.swift /Users/runner/work/huamei-indexTTS/huamei-indexTTS/ios/Sources/HuameiIndexTTS/Audio/AudioPlayer.swift /Users/runner/work/huamei-indexTTS/huamei-indexTTS/ios/Sources/HuameiIndexTTS/Audio/AudioRecorder.swift /Users/runner/work/huamei-indexTTS/huamei-indexTTS/ios/Sources/HuameiIndexTTS/Views/AudioSourceSheet.swift /Users/runner/work/huamei-indexTTS/huamei-indexTTS/ios/Sources/HuameiIndexTTS/Theme/Colors.swift /Users/runner/work/huamei-indexTTS/huamei-indexTTS/ios/Sources/HuameiIndexTTS/Model/InferenceEngine.swift /Users/runner/work/huamei-indexTTS/huamei-indexTTS/ios/Sources/HuameiIndexTTS/Theme/LiquidGlass.swift /Users/runner/work/huamei-indexTTS/huamei-indexTTS/ios/Sources/HuameiIndexTTS/Model/ModelDownloadManager.swift /Users/runner/work/huamei-indexTTS/huamei-indexTTS/ios/Sources/HuameiIndexTTS/Views/ModelStatusView.swift /Users/runner/work/huamei-indexTTS/huamei-indexTTS/ios/Sources/HuameiIndexTTS/Views/ResultCard.swift /Users/runner/work/huamei-indexTTS/huamei-indexTTS/ios/Sources/HuameiIndexTTS/Views/RootView.swift -primary-file /Users/runner/work/huamei-indexTTS/huamei-indexTTS/ios/Sources/HuameiIndexTTS/Model/SessionStore.swift -primary-file /Users/runner/work/huamei-indexTTS/huamei-indexTTS/ios/Sources/HuameiIndexTTS/Views/SettingsSheet.swift -primary-file /Users/runner/work/huamei-indexTTS/huamei-indexTTS/ios/Sources/HuameiIndexTTS/Views/SynthesizeControl.swift -primary-file /Users/runner/work/huamei-indexTTS/huamei-indexTTS/ios/Sources/HuameiIndexTTS/Views/TextInputCard.swift -primary-file /Users/runner/work/huamei-indexTTS/huamei-indexTTS/ios/Sources/HuameiIndexTTS/Audio/VideoAudioExtractor.swift -primary-file /Users/runner/work/huamei-indexTTS/huamei-indexTTS/ios/Sources/HuameiIndexTTS/Views/VoiceReferenceCard.swift -supplementary-output-file-map /Users/runner/work/huamei-indexTTS/huamei-indexTTS/DerivedData/Build/Intermediates.noindex/HuameiIndexTTS.build/Debug-iphoneos/HuameiIndexTTS.build/Objects-normal/arm64/supplementaryOutputs-6 -target arm64-apple-ios17.0 -direct-clang-cc1-module-build -Xcc -cc1 -Xcc -fansi-escape-codes -Xcc -ferror-limit -Xcc 19 -Xcc -Wdeprecated-objc-isa-usage -Xcc -Werror\=deprecated-objc-isa-usage -Xcc -Werror\=implicit-function-declaration -Xcc -Wno-elaborated-enum-base -Xcc -Wno-error\=allocator-wrappers -Xcc -disable-free -Xcc -fno-pch-timestamp -Xcc -fsyntax-only -Xcc -x -Xcc objective-c -Xcc \<swift-imported-modules\> -Xcc -target-abi -Xcc darwinpcs -Xcc -target-cpu -Xcc apple-a12 -Xcc -target-feature -Xcc +v8.3a -Xcc -target-feature -Xcc +aes -Xcc -target-feature -Xcc +complxnum -Xcc -target-feature -Xcc +crc -Xcc -target-feature -Xcc +fp-armv8 -Xcc -target-feature -Xcc +fullfp16 -Xcc -target-feature -Xcc +jsconv -Xcc -target-feature -Xcc +lse -Xcc -target-feature -Xcc +neon -Xcc -target-feature -Xcc +pauth -Xcc -target-feature -Xcc +perfmon -Xcc -target-feature -Xcc +ras -Xcc -target-feature -Xcc +rcpc -Xcc -target-feature -Xcc +rdm -Xcc -target-feature -Xcc +sha2 -Xcc -triple -Xcc arm64-apple-ios26.5.0 -Xcc -target-linker-version -Xcc 1267 -Xcc -target-sdk-version\=26.5 -Xcc -fmodules-validate-system-headers -Xcc -fno-modulemap-allow-subdirectory-search -Xcc -isysroot -Xcc /Applications/Xcode_26.6.app/Contents/Developer/Platforms/iPhoneOS.platform/Developer/SDKs/iPhoneOS26.5.sdk -Xcc -resource-dir -Xcc /Applications/Xcode_26.6.app/Contents/Developer/Toolchains/XcodeDefault.xctoolchain/usr/lib/swift/clang -Xcc -fmodule-format\=obj -Xcc -fapinotes-swift-version\=5 -Xcc -std\=gnu11 -Xcc -fapinotes-modules -Xcc -fexceptions -Xcc -fskip-odr-check-in-gmf -Xcc -fmodules -Xcc -fno-implicit-modules -Xcc -fretain-comments-from-system-headers -Xcc -fobjc-exceptions -Xcc -fmax-type-align\=16 -Xcc -fstack-check -Xcc -fvisibility-inlines-hidden-static-local-var -Xcc -fmodule-feature -Xcc swift -Xcc -fno-odr-hash-protocols -Xcc -pic-level -Xcc 2 -Xcc -fencode-extended-block-signature -Xcc -stack-protector -Xcc 1 -Xcc -fobjc-runtime\=ios-26.5.0 -Xcc -fobjc-arc -Xcc -fobjc-runtime-has-weak -Xcc -fobjc-weak -Xcc -fgnuc-version\=4.2.1 -Xcc -fblocks -Xcc -fno-convergent-functions -Xcc -ffp-contract\=on -Xcc -fclang-abi-compat\=4.0 -Xcc -fno-experimental-relative-c++-abi-vtables -Xcc -fno-file-reproducible -Xcc -clang-vendor-feature\=+disableNonDependentMemberExprInCurrentInstantiation -Xcc -clang-vendor-feature\=+enableAggressiveVLAFolding -Xcc -clang-vendor-feature\=+revert09abecef7bbf -Xcc -clang-vendor-feature\=+thisNoAlignAttr -Xcc -clang-vendor-feature\=+thisNoNullAttr -Xcc -clang-vendor-feature\=+disableAtImportPrivateFrameworkInImplementationError -Xcc -O0 -Xcc -fno-assume-unique-vtables -Xcc -fcommon -Xcc -fdwarf2-cfi-asm -Xcc -fobjc-msgsend-selector-stubs -Xcc -fregister-global-dtors-with-atexit -Xcc -fno-strict-return -Xcc -debugger-tuning\=lldb -Xcc -disable-llvm-verifier -Xcc -funwind-tables\=1 -Xcc -enable-tlsdesc -Xcc -clear-ast-before-backend -Xcc -discard-value-names -Xcc -mframe-pointer\=non-leaf -Xcc -fno-loop-interchange -Xcc -save-temps\=obj -Xcc -fdiagnostics-hotness-threshold\=0 -Xcc -fdiagnostics-misexpect-tolerance\=0 -Xcc -D -Xcc __swift__\=51000 -Xcc -D -Xcc _ISO646_H_ -Xcc -D -Xcc __ISO646_H -Xcc -D -Xcc SWIFT_SDK_OVERLAY_APPKIT_EPOCH\=2 -Xcc -D -Xcc SWIFT_SDK_OVERLAY_FOUNDATION_EPOCH\=8 -Xcc -D -Xcc SWIFT_SDK_OVERLAY2_SCENEKIT_EPOCH\=3 -Xcc -D -Xcc SWIFT_SDK_OVERLAY_GAMEPLAYKIT_EPOCH\=1 -Xcc -D -Xcc SWIFT_SDK_OVERLAY_SPRITEKIT_EPOCH\=1 -Xcc -D -Xcc SWIFT_SDK_OVERLAY_COREIMAGE_EPOCH\=2 -Xcc -D -Xcc SWIFT_SDK_OVERLAY_DISPATCH_EPOCH\=2 -Xcc -D -Xcc SWIFT_SDK_OVERLAY_PTHREAD_EPOCH\=1 -Xcc -D -Xcc SWIFT_SDK_OVERLAY_COREGRAPHICS_EPOCH\=0 -Xcc -D -Xcc SWIFT_SDK_OVERLAY_UIKIT_EPOCH\=2 -Xcc -D -Xcc SWIFT_CLASS_EXTRA\= -Xcc -D -Xcc __SWIFT_ATTR_SUPPORTS_SENDABLE_DECLS\=1 -Xcc -D -Xcc __SWIFT_COMPILER_VERSION\=6003003001003 -Xcc -D -Xcc __SWIFT_ATTR_SUPPORTS_SENDING\=1 -Xcc -D -Xcc _LIBCPP_HARDENING_MODE\=_LIBCPP_HARDENING_MODE_DEBUG -Xcc -D -Xcc DEBUG\=1 -Xcc -fdefine-target-os-macros -module-can-import-version UIKit 9126.5.5.2 9126.5.5 -load-resolved-plugin /Applications/Xcode_26.6.app/Contents/Developer/Platforms/iPhoneOS.platform/Developer/usr/lib/swift/host/plugins/libFoundationMacros.dylib\#/Applications/Xcode_26.6.app/Contents/Developer/Platforms/iPhoneOS.platform/Developer/usr/bin/swift-plugin-server\#FoundationMacros -load-resolved-plugin /Applications/Xcode_26.6.app/Contents/Developer/Platforms/iPhoneOS.platform/Developer/usr/lib/swift/host/plugins/libObservationMacros.dylib\#/Applications/Xcode_26.6.app/Contents/Developer/Platforms/iPhoneOS.platform/Developer/usr/bin/swift-plugin-server\#ObservationMacros -load-resolved-plugin /Applications/Xcode_26.6.app/Contents/Developer/Platforms/iPhoneOS.platform/Developer/usr/lib/swift/host/plugins/libPreviewsMacros.dylib\#/Applications/Xcode_26.6.app/Contents/Developer/Platforms/iPhoneOS.platform/Developer/usr/bin/swift-plugin-server\#PreviewsMacros -load-resolved-plugin /Applications/Xcode_26.6.app/Contents/Developer/Platforms/iPhoneOS.platform/Developer/usr/lib/swift/host/plugins/libSwiftMacros.dylib\#/Applications/Xcode_26.6.app/Contents/Developer/Platforms/iPhoneOS.platform/Developer/usr/bin/swift-plugin-server\#SwiftMacros -load-resolved-plugin /Applications/Xcode_26.6.app/Contents/Developer/Platforms/iPhoneOS.platform/Developer/usr/lib/swift/host/plugins/libSwiftUIMacros.dylib\#/Applications/Xcode_26.6.app/Contents/Developer/Platforms/iPhoneOS.platform/Developer/usr/bin/swift-plugin-server\#SwiftUIMacros -read-legacy-type-info-path\=/Applications/Xcode_26.6.app/Contents/Developer/Toolchains/XcodeDefault.xctoolchain/usr/lib/swift/iphoneos/layouts-arm64.yaml -clang-include-tree-filelist llvmcas://1ad21b45d60c7b017c3f02e59e8de9bd77e6263b1959f4f290ffb23a8d55cbb3 -disable-implicit-swift-modules -Xcc -fno-implicit-modules -Xcc -fno-implicit-module-maps -explicit-swift-module-map-file llvmcas://3cc83bc3ca6d337900325de5f0d4ed3a49198fdc01681072a05b9b8634092a22 -debug-module-path /Users/runner/work/huamei-indexTTS/huamei-indexTTS/DerivedData/Build/Intermediates.noindex/HuameiIndexTTS.build/Debug-iphoneos/HuameiIndexTTS.build/Objects-normal/arm64/HuameiIndexTTS.swiftmodule -Xllvm -aarch64-use-tbi -enable-objc-interop -stack-check -sdk /Applications/Xcode_26.6.app/Contents/Developer/Platforms/iPhoneOS.platform/Developer/SDKs/iPhoneOS26.5.sdk -I /Users/runner/work/huamei-indexTTS/huamei-indexTTS/DerivedData/Build/Products/Debug-iphoneos -F /Users/runner/work/huamei-indexTTS/huamei-indexTTS/DerivedData/Build/Products/Debug-iphoneos/PackageFrameworks -F /Users/runner/work/huamei-indexTTS/huamei-indexTTS/DerivedData/Build/Products/Debug-iphoneos/PackageFrameworks -F /Users/runner/work/huamei-indexTTS/huamei-indexTTS/DerivedData/Build/Products/Debug-iphoneos/PackageFrameworks -F /Users/runner/work/huamei-indexTTS/huamei-indexTTS/DerivedData/Build/Products/Debug-iphoneos/PackageFrameworks -F /Users/runner/work/huamei-indexTTS/huamei-indexTTS/DerivedData/Build/Products/Debug-iphoneos/PackageFrameworks -F /Users/runner/work/huamei-indexTTS/huamei-indexTTS/DerivedData/Build/Products/Debug-iphoneos/PackageFrameworks -F /Users/runner/work/huamei-indexTTS/huamei-indexTTS/DerivedData/Build/Products/Debug-iphoneos/PackageFrameworks -F /Users/runner/work/huamei-indexTTS/huamei-indexTTS/DerivedData/Build/Products/Debug-iphoneos/PackageFrameworks -F /Users/runner/work/huamei-indexTTS/huamei-indexTTS/DerivedData/Build/Products/Debug-iphoneos/PackageFrameworks -F /Users/runner/work/huamei-indexTTS/huamei-indexTTS/DerivedData/Build/Products/Debug-iphoneos/PackageFrameworks -F /Users/runner/work/huamei-indexTTS/huamei-indexTTS/DerivedData/Build/Products/Debug-iphoneos -no-color-diagnostics -enable-testing -g -debug-info-format\=dwarf -dwarf-version\=4 -module-cache-path /Users/runner/work/huamei-indexTTS/huamei-indexTTS/DerivedData/Build/Intermediates.noindex/SwiftExplicitPrecompiledModules -swift-version 5 -Onone -D DEBUG -serialize-debugging-options -const-gather-protocols-file /Users/runner/work/huamei-indexTTS/huamei-indexTTS/DerivedData/Build/Intermediates.noindex/HuameiIndexTTS.build/Debug-iphoneos/HuameiIndexTTS.build/Objects-normal/arm64/HuameiIndexTTS_const_extract_protocols.json -enable-experimental-feature DebugDescriptionMacro -enable-bare-slash-regex -empty-abi-descriptor -validate-clang-modules-once -clang-build-session-file /Users/runner/work/huamei-indexTTS/huamei-indexTTS/DerivedData/ModuleCache.noindex/Session.modulevalidation -enable-anonymous-context-mangled-names -file-compilation-dir /Users/runner/work/huamei-indexTTS/huamei-indexTTS/ios -cache-compile-job -cas-path /Users/runner/work/huamei-indexTTS/huamei-indexTTS/DerivedData/CompilationCache.noindex/builtin -auto-bridging-header-chaining -module-name HuameiIndexTTS -frontend-parseable-output -disable-clang-spi -clang-target arm64-apple-ios26.5 -target-sdk-version 26.5 -target-sdk-name iphoneos26.5 -in-process-plugin-server-path /Applications/Xcode_26.6.app/Contents/Developer/Toolchains/XcodeDefault.xctoolchain/usr/lib/swift/host/libSwiftInProcPluginServer.dylib -o /Users/runner/work/huamei-indexTTS/huamei-indexTTS/DerivedData/Build/Intermediates.noindex/HuameiIndexTTS.build/Debug-iphoneos/HuameiIndexTTS.build/Objects-normal/arm64/SessionStore.o -o /Users/runner/work/huamei-indexTTS/huamei-indexTTS/DerivedData/Build/Intermediates.noindex/HuameiIndexTTS.build/Debug-iphoneos/HuameiIndexTTS.build/Objects-normal/arm64/SettingsSheet.o -o /Users/runner/work/huamei-indexTTS/huamei-indexTTS/DerivedData/Build/Intermediates.noindex/HuameiIndexTTS.build/Debug-iphoneos/HuameiIndexTTS.build/Objects-normal/arm64/SynthesizeControl.o -o /Users/runner/work/huamei-indexTTS/huamei-indexTTS/DerivedData/Build/Intermediates.noindex/HuameiIndexTTS.build/Debug-iphoneos/HuameiIndexTTS.build/Objects-normal/arm64/TextInputCard.o -o /Users/runner/work/huamei-indexTTS/huamei-indexTTS/DerivedData/Build/Intermediates.noindex/HuameiIndexTTS.build/Debug-iphoneos/HuameiIndexTTS.build/Objects-normal/arm64/VideoAudioExtractor.o -o /Users/runner/work/huamei-indexTTS/huamei-indexTTS/DerivedData/Build/Intermediates.noindex/HuameiIndexTTS.build/Debug-iphoneos/HuameiIndexTTS.build/Objects-normal/arm64/VoiceReferenceCard.o -index-unit-output-path /HuameiIndexTTS.build/Debug-iphoneos/HuameiIndexTTS.build/Objects-normal/arm64/SessionStore.o -index-unit-output-path /HuameiIndexTTS.build/Debug-iphoneos/HuameiIndexTTS.build/Objects-normal/arm64/SettingsSheet.o -index-unit-output-path /HuameiIndexTTS.build/Debug-iphoneos/HuameiIndexTTS.build/Objects-normal/arm64/SynthesizeControl.o -index-unit-output-path /HuameiIndexTTS.build/Debug-iphoneos/HuameiIndexTTS.build/Objects-normal/arm64/TextInputCard.o -index-unit-output-path /HuameiIndexTTS.build/Debug-iphoneos/HuameiIndexTTS.build/Objects-normal/arm64/VideoAudioExtractor.o -index-unit-output-path /HuameiIndexTTS.build/Debug-iphoneos/HuameiIndexTTS.build/Objects-normal/arm64/VoiceReferenceCard.o
build	Build IPA	2026-09-05T05:52:55.3613360Z /Users/runner/work/huamei-indexTTS/huamei-indexTTS/ios/Sources/HuameiIndexTTS/Model/SessionStore.swift:9:13: error: return from initializer without initializing all stored properties
build	Build IPA	2026-09-05T05:52:55.3614220Z     init() {}
build	Build IPA	2026-09-05T05:52:55.3614490Z             ^
build	Build IPA	2026-09-05T05:52:55.3614950Z @__swiftmacro_14HuameiIndexTTS12SessionStoreC4text18ObservationTrackedfMp_.swift:2:14: note: 'self._text' not initialized
build	Build IPA	2026-09-05T05:52:55.3616870Z private  var _text: String             // 要克隆的文字             // 要克隆的文字             // 要克隆的文字
build	Build IPA	2026-09-05T05:52:55.3617690Z @__swiftmacro_14HuameiIndexTTS12SessionStoreC4text10ObservablefMr1_.swift:1:1: note: in expansion of macro 'ObservationTracked' on property 'text' here
build	Build IPA	2026-09-05T05:52:55.3618390Z @ObservationTracked
build	Build IPA	2026-09-05T05:52:55.3618760Z ^
build	Build IPA	2026-09-05T05:52:55.3619410Z @__swiftmacro_14HuameiIndexTTS12SessionStoreC4text10ObservablefMr1_.swift:1:1: note: in expansion of macro 'ObservationTracked' on property 'text' here
build	Build IPA	2026-09-05T05:52:55.3620120Z @ObservationTracked
build	Build IPA	2026-09-05T05:52:55.3620380Z ^
build	Build IPA	2026-09-05T05:52:55.4350170Z ** BUILD FAILED **
build	Build IPA	2026-09-05T05:52:55.4350840Z 
build	Build IPA	2026-09-05T05:52:55.6450500Z ##[error]Process completed with exit code 65.
