build	Build IPA	﻿2026-09-05T05:47:12.4895550Z ##[group]Run set -e
build	Build IPA	2026-09-05T05:47:12.4896730Z [36;1mset -e[0m
build	Build IPA	2026-09-05T05:47:12.4896900Z [36;1m[0m
build	Build IPA	2026-09-05T05:47:12.4897120Z [36;1m# Navigate to iOS project[0m
build	Build IPA	2026-09-05T05:47:12.4897440Z [36;1mcd "$IOS_PATH"[0m
build	Build IPA	2026-09-05T05:47:12.4897630Z [36;1m[0m
build	Build IPA	2026-09-05T05:47:12.4897800Z [36;1m# Find workspace or project[0m
build	Build IPA	2026-09-05T05:47:12.4898140Z [36;1m# 本仓库为 SwiftPM + XcodeGen（无 .xcodeproj 入库）：CI 的 find 探测[0m
build	Build IPA	2026-09-05T05:47:12.4898470Z [36;1m# 在 macOS runner 上行为不可靠，这里直接强制生成并写死工程绝对路径。[0m
build	Build IPA	2026-09-05T05:47:12.4899230Z [36;1mcommand -v xcodegen >/dev/null 2>&1 || brew install xcodegen[0m
build	Build IPA	2026-09-05T05:47:12.4899650Z [36;1mecho "Regenerating project with xcodegen (deterministic)..."[0m
build	Build IPA	2026-09-05T05:47:12.4900000Z [36;1mxcodegen generate[0m
build	Build IPA	2026-09-05T05:47:12.4900220Z [36;1mWORKSPACE=""[0m
build	Build IPA	2026-09-05T05:47:12.4900510Z [36;1mPROJECT="$(pwd)/HuameiIndexTTS.xcodeproj"[0m
build	Build IPA	2026-09-05T05:47:12.4900850Z [36;1mecho "Using project: $PROJECT"[0m
build	Build IPA	2026-09-05T05:47:12.4901090Z [36;1m[0m
build	Build IPA	2026-09-05T05:47:12.4901450Z [36;1m# Install pods if Podfile exists (always run to ensure sync with Podfile.lock)[0m
build	Build IPA	2026-09-05T05:47:12.4902050Z [36;1mif [ -f "Podfile" ]; then[0m
build	Build IPA	2026-09-05T05:47:12.4902340Z [36;1m  echo "Running pod install..."[0m
build	Build IPA	2026-09-05T05:47:12.4902640Z [36;1m  pod install[0m
build	Build IPA	2026-09-05T05:47:12.4902980Z [36;1m  WORKSPACE=$(find . -maxdepth 1 -name "*.xcworkspace" | head -1)[0m
build	Build IPA	2026-09-05T05:47:12.4903390Z [36;1mfi[0m
build	Build IPA	2026-09-05T05:47:12.4903650Z [36;1m[0m
build	Build IPA	2026-09-05T05:47:12.4903930Z [36;1m# Determine scheme (only needed for native projects)[0m
build	Build IPA	2026-09-05T05:47:12.4904380Z [36;1mif [ -z "$SCHEME" ] && [ "$PROJECT_TYPE" = "native" ]; then[0m
build	Build IPA	2026-09-05T05:47:12.4904730Z [36;1m  if [ -n "$WORKSPACE" ]; then[0m
build	Build IPA	2026-09-05T05:47:12.4905010Z [36;1m    TARGET_FLAG=-workspace[0m
build	Build IPA	2026-09-05T05:47:12.4905330Z [36;1m    TARGET_PATH=$WORKSPACE[0m
build	Build IPA	2026-09-05T05:47:12.4905650Z [36;1m    BASE=$(basename "$WORKSPACE" .xcworkspace)[0m
build	Build IPA	2026-09-05T05:47:12.4905960Z [36;1m  else[0m
build	Build IPA	2026-09-05T05:47:12.4906750Z [36;1m    TARGET_FLAG=-project[0m
build	Build IPA	2026-09-05T05:47:12.4907020Z [36;1m    TARGET_PATH=$PROJECT[0m
build	Build IPA	2026-09-05T05:47:12.4907280Z [36;1m    BASE=$(basename "$PROJECT" .xcodeproj)[0m
build	Build IPA	2026-09-05T05:47:12.4907540Z [36;1m  fi[0m
build	Build IPA	2026-09-05T05:47:12.4907740Z [36;1m[0m
build	Build IPA	2026-09-05T05:47:12.4908240Z [36;1m  SCHEMES=$(xcodebuild "$TARGET_FLAG" "$TARGET_PATH" -list -json 2>/dev/null | jq -r '(.workspace // .project).schemes[]?' || true)[0m
build	Build IPA	2026-09-05T05:47:12.4908760Z [36;1m  if [ -z "$SCHEMES" ]; then[0m
build	Build IPA	2026-09-05T05:47:12.4909320Z [36;1m    SCHEMES=$(xcodebuild "$TARGET_FLAG" "$TARGET_PATH" -list 2>/dev/null | sed -n '/Schemes:/,$p' | tail -n +2 | sed 's/^[[:space:]]*//' | sed '/^$/d' || true)[0m
build	Build IPA	2026-09-05T05:47:12.4909960Z [36;1m  fi[0m
build	Build IPA	2026-09-05T05:47:12.4910170Z [36;1m  echo "Schemes:"[0m
build	Build IPA	2026-09-05T05:47:12.4910460Z [36;1m  printf '%s\n' "$SCHEMES" | sed 's/^/  /'[0m
build	Build IPA	2026-09-05T05:47:12.4910730Z [36;1m[0m
build	Build IPA	2026-09-05T05:47:12.4910970Z [36;1m  # In a workspace, the scheme list also holds package and pod[0m
build	Build IPA	2026-09-05T05:47:12.4911390Z [36;1m  # schemes, and they sort ahead of the app as often as not. The[0m
build	Build IPA	2026-09-05T05:47:12.4912170Z [36;1m  # scheme named after the project is the app in nearly every repo.[0m
build	Build IPA	2026-09-05T05:47:12.4912660Z [36;1m  SCHEME=$(printf '%s\n' "$SCHEMES" | grep -Fx "$BASE" | head -1 || true)[0m
build	Build IPA	2026-09-05T05:47:12.4913410Z [36;1m  if [ -z "$SCHEME" ]; then[0m
build	Build IPA	2026-09-05T05:47:12.4913770Z [36;1m    SCHEME=$(printf '%s\n' "$SCHEMES" | grep -v '^Pods-' | while IFS= read -r s; do[0m
build	Build IPA	2026-09-05T05:47:12.4914150Z [36;1m      [ -n "$s" ] || continue[0m
build	Build IPA	2026-09-05T05:47:12.4914540Z [36;1m      # A scheme that belongs to a local Swift package is not the app.[0m
build	Build IPA	2026-09-05T05:47:12.4915070Z [36;1m      [ -z "$(find . -maxdepth 4 -path "*/$s/Package.swift" -print -quit)" ] || continue[0m
build	Build IPA	2026-09-05T05:47:12.4915600Z [36;1m      printf '%s\n' "$s"[0m
build	Build IPA	2026-09-05T05:47:12.4915860Z [36;1m      break[0m
build	Build IPA	2026-09-05T05:47:12.4916420Z [36;1m    done)[0m
build	Build IPA	2026-09-05T05:47:12.4916630Z [36;1m  fi[0m
build	Build IPA	2026-09-05T05:47:12.4916980Z [36;1m  echo "Building with scheme: $SCHEME (configuration: $CONFIGURATION)"[0m
build	Build IPA	2026-09-05T05:47:12.4917320Z [36;1mfi[0m
build	Build IPA	2026-09-05T05:47:12.4917480Z [36;1m[0m
build	Build IPA	2026-09-05T05:47:12.4917700Z [36;1mif [ "$PROJECT_TYPE" = "native" ]; then[0m
build	Build IPA	2026-09-05T05:47:12.4918450Z [36;1m  if [ -z "$WORKSPACE" ] && [ -z "$PROJECT" ]; then[0m
build	Build IPA	2026-09-05T05:47:12.4919060Z [36;1m    echo "::error::No .xcworkspace or .xcodeproj found in '$IOS_PATH'. If the project is generated (XcodeGen/Tuist), commit it or add a generation step."[0m
build	Build IPA	2026-09-05T05:47:12.4919600Z [36;1m    exit 1[0m
build	Build IPA	2026-09-05T05:47:12.4919770Z [36;1m  fi[0m
build	Build IPA	2026-09-05T05:47:12.4919950Z [36;1m  if [ -z "$SCHEME" ]; then[0m
build	Build IPA	2026-09-05T05:47:12.4920490Z [36;1m    echo "::error::Could not determine a scheme. Pass one via the 'scheme' input, or make sure the project has a shared scheme."[0m
build	Build IPA	2026-09-05T05:47:12.4921030Z [36;1m    exit 1[0m
build	Build IPA	2026-09-05T05:47:12.4921240Z [36;1m  fi[0m
build	Build IPA	2026-09-05T05:47:12.4921430Z [36;1mfi[0m
build	Build IPA	2026-09-05T05:47:12.4921570Z [36;1m[0m
build	Build IPA	2026-09-05T05:47:12.4921780Z [36;1m# Use custom DerivedData path for caching[0m
build	Build IPA	2026-09-05T05:47:12.4922160Z [36;1mDERIVED_DATA_PATH="${GITHUB_WORKSPACE}/DerivedData"[0m
build	Build IPA	2026-09-05T05:47:12.4922490Z [36;1m[0m
build	Build IPA	2026-09-05T05:47:12.4922690Z [36;1mif [ "$PROJECT_TYPE" = "flutter" ]; then[0m
build	Build IPA	2026-09-05T05:47:12.4922950Z [36;1m  cd "$GITHUB_WORKSPACE"[0m
build	Build IPA	2026-09-05T05:47:12.4923210Z [36;1m  if [ "$CONFIGURATION" = "Debug" ]; then[0m
build	Build IPA	2026-09-05T05:47:12.4923530Z [36;1m    echo "Building Flutter iOS Debug..."[0m
build	Build IPA	2026-09-05T05:47:12.4923870Z [36;1m    flutter build ios --debug --no-codesign[0m
build	Build IPA	2026-09-05T05:47:12.4924120Z [36;1m  else[0m
build	Build IPA	2026-09-05T05:47:12.4924330Z [36;1m    echo "Building Flutter iOS Release..."[0m
build	Build IPA	2026-09-05T05:47:12.4924640Z [36;1m    flutter build ios --release --no-codesign[0m
build	Build IPA	2026-09-05T05:47:12.4924890Z [36;1m  fi[0m
build	Build IPA	2026-09-05T05:47:12.4925060Z [36;1m  cd "$IOS_PATH"[0m
build	Build IPA	2026-09-05T05:47:12.4925250Z [36;1m[0m
build	Build IPA	2026-09-05T05:47:12.4925780Z [36;1m  if [ "$USE_SIGNING" = "true" ]; then[0m
build	Build IPA	2026-09-05T05:47:12.4938120Z [36;1m    # 'flutter build ios' never signs, so archive the Runner project it[0m
build	Build IPA	2026-09-05T05:47:12.4938700Z [36;1m    # generated. The IPA step below exports build/App.xcarchive[0m
build	Build IPA	2026-09-05T05:47:12.4939120Z [36;1m    # whenever signing is on.[0m
build	Build IPA	2026-09-05T05:47:12.4939710Z [36;1m    ARCHIVE_CMD="xcodebuild"[0m
build	Build IPA	2026-09-05T05:47:12.4939980Z [36;1m    if [ -n "$WORKSPACE" ]; then[0m
build	Build IPA	2026-09-05T05:47:12.4940300Z [36;1m      ARCHIVE_CMD="$ARCHIVE_CMD -workspace '$WORKSPACE'"[0m
build	Build IPA	2026-09-05T05:47:12.4940670Z [36;1m    elif [ -n "$PROJECT" ]; then[0m
build	Build IPA	2026-09-05T05:47:12.4940990Z [36;1m      ARCHIVE_CMD="$ARCHIVE_CMD -project '$PROJECT'"[0m
build	Build IPA	2026-09-05T05:47:12.4941280Z [36;1m    else[0m
build	Build IPA	2026-09-05T05:47:12.4941670Z [36;1m      echo "::error::Signing requested but no Runner workspace/project found in '$IOS_PATH'."[0m
build	Build IPA	2026-09-05T05:47:12.4942150Z [36;1m      exit 1[0m
build	Build IPA	2026-09-05T05:47:12.4942370Z [36;1m    fi[0m
build	Build IPA	2026-09-05T05:47:12.4942530Z [36;1m[0m
build	Build IPA	2026-09-05T05:47:12.4943350Z [36;1m    ARCHIVE_CMD="$ARCHIVE_CMD -scheme '${SCHEME:-Runner}'"[0m
build	Build IPA	2026-09-05T05:47:12.4943710Z [36;1m    ARCHIVE_CMD="$ARCHIVE_CMD -configuration '$CONFIGURATION'"[0m
build	Build IPA	2026-09-05T05:47:12.4944130Z [36;1m    ARCHIVE_CMD="$ARCHIVE_CMD -destination 'generic/platform=iOS'"[0m
build	Build IPA	2026-09-05T05:47:12.4944630Z [36;1m    ARCHIVE_CMD="$ARCHIVE_CMD -derivedDataPath '$DERIVED_DATA_PATH'"[0m
build	Build IPA	2026-09-05T05:47:12.4945050Z [36;1m    ARCHIVE_CMD="$ARCHIVE_CMD COMPILER_INDEX_STORE_ENABLE=NO"[0m
build	Build IPA	2026-09-05T05:47:12.4945500Z [36;1m    ARCHIVE_CMD="$ARCHIVE_CMD DEVELOPMENT_TEAM='$DEVELOPMENT_TEAM'"[0m
build	Build IPA	2026-09-05T05:47:12.4945960Z [36;1m    ARCHIVE_CMD="$ARCHIVE_CMD CODE_SIGN_STYLE=Manual"[0m
build	Build IPA	2026-09-05T05:47:12.4946870Z [36;1m    ARCHIVE_CMD="$ARCHIVE_CMD PROVISIONING_PROFILE_SPECIFIER='$PROVISIONING_PROFILE_NAME'"[0m
build	Build IPA	2026-09-05T05:47:12.4947330Z [36;1m    ARCHIVE_CMD="$ARCHIVE_CMD -quiet"[0m
build	Build IPA	2026-09-05T05:47:12.4947980Z [36;1m    ARCHIVE_CMD="$ARCHIVE_CMD -archivePath '$GITHUB_WORKSPACE/build/App.xcarchive' archive"[0m
build	Build IPA	2026-09-05T05:47:12.4948380Z [36;1m[0m
build	Build IPA	2026-09-05T05:47:12.4948570Z [36;1m    echo "Running: $ARCHIVE_CMD"[0m
build	Build IPA	2026-09-05T05:47:12.4948830Z [36;1m    eval $ARCHIVE_CMD[0m
build	Build IPA	2026-09-05T05:47:12.4949030Z [36;1m  fi[0m
build	Build IPA	2026-09-05T05:47:12.4949390Z [36;1melif [ "$PROJECT_TYPE" = "reactnative" ] || [ "$PROJECT_TYPE" = "expo" ] || [ "$PROJECT_TYPE" = "kmp" ]; then[0m
build	Build IPA	2026-09-05T05:47:12.4949960Z [36;1m  # Use xcodebuild directly for React Native/Expo and Kotlin Multiplatform.[0m
build	Build IPA	2026-09-05T05:47:12.4950420Z [36;1m  # For KMP, the Xcode build phase (or CocoaPods) invokes Gradle to[0m
build	Build IPA	2026-09-05T05:47:12.4950860Z [36;1m  # compile the shared Kotlin framework, so the JDK must be on PATH.[0m
build	Build IPA	2026-09-05T05:47:12.4951220Z [36;1m  if [ "$PROJECT_TYPE" = "kmp" ]; then[0m
build	Build IPA	2026-09-05T05:47:12.4951630Z [36;1m    echo "Building Kotlin Multiplatform iOS ($CONFIGURATION)..."[0m
build	Build IPA	2026-09-05T05:47:12.4952040Z [36;1m    if [ -f "${GITHUB_WORKSPACE}/gradlew" ]; then[0m
build	Build IPA	2026-09-05T05:47:12.4952590Z [36;1m      chmod +x "${GITHUB_WORKSPACE}/gradlew"[0m
build	Build IPA	2026-09-05T05:47:12.4952870Z [36;1m    fi[0m
build	Build IPA	2026-09-05T05:47:12.4953040Z [36;1m  else[0m
build	Build IPA	2026-09-05T05:47:12.4953260Z [36;1m    echo "Building React Native iOS ($CONFIGURATION)..."[0m
build	Build IPA	2026-09-05T05:47:12.4953540Z [36;1m  fi[0m
build	Build IPA	2026-09-05T05:47:12.4953740Z [36;1m  BUILD_CMD="xcodebuild"[0m
build	Build IPA	2026-09-05T05:47:12.4953950Z [36;1m  if [ -n "$WORKSPACE" ]; then[0m
build	Build IPA	2026-09-05T05:47:12.4954230Z [36;1m    BUILD_CMD="$BUILD_CMD -workspace $WORKSPACE"[0m
build	Build IPA	2026-09-05T05:47:12.4954520Z [36;1m  elif [ -n "$PROJECT" ]; then[0m
build	Build IPA	2026-09-05T05:47:12.4954780Z [36;1m    BUILD_CMD="$BUILD_CMD -project $PROJECT"[0m
build	Build IPA	2026-09-05T05:47:12.4955050Z [36;1m  fi[0m
build	Build IPA	2026-09-05T05:47:12.4955200Z [36;1m[0m
build	Build IPA	2026-09-05T05:47:12.4955520Z [36;1m  # Auto-detect scheme from workspace/project name (e.g., MyApp.xcworkspace -> MyApp)[0m
build	Build IPA	2026-09-05T05:47:12.4955930Z [36;1m  # unless an explicit scheme was provided.[0m
build	Build IPA	2026-09-05T05:47:12.4956180Z [36;1m  if [ -z "$SCHEME" ]; then[0m
build	Build IPA	2026-09-05T05:47:12.4956400Z [36;1m    if [ -n "$WORKSPACE" ]; then[0m
build	Build IPA	2026-09-05T05:47:12.4956690Z [36;1m      SCHEME=$(basename "$WORKSPACE" .xcworkspace)[0m
build	Build IPA	2026-09-05T05:47:12.4957030Z [36;1m    elif [ -n "$PROJECT" ]; then[0m
build	Build IPA	2026-09-05T05:47:12.4957340Z [36;1m      SCHEME=$(basename "$PROJECT" .xcodeproj)[0m
build	Build IPA	2026-09-05T05:47:12.4957600Z [36;1m    fi[0m
build	Build IPA	2026-09-05T05:47:12.4957800Z [36;1m  fi[0m
build	Build IPA	2026-09-05T05:47:12.4958000Z [36;1m[0m
build	Build IPA	2026-09-05T05:47:12.4958210Z [36;1m  BUILD_CMD="$BUILD_CMD -scheme '$SCHEME'"[0m
build	Build IPA	2026-09-05T05:47:12.4958570Z [36;1m  BUILD_CMD="$BUILD_CMD -configuration '$CONFIGURATION'"[0m
build	Build IPA	2026-09-05T05:47:12.4959200Z [36;1m  BUILD_CMD="$BUILD_CMD -destination 'generic/platform=iOS'"[0m
build	Build IPA	2026-09-05T05:47:12.4960570Z [36;1m  BUILD_CMD="$BUILD_CMD -derivedDataPath '$DERIVED_DATA_PATH'"[0m
build	Build IPA	2026-09-05T05:47:12.4961120Z [36;1m  BUILD_CMD="$BUILD_CMD COMPILER_INDEX_STORE_ENABLE=NO"[0m
build	Build IPA	2026-09-05T05:47:12.4961490Z [36;1m  BUILD_CMD="$BUILD_CMD -quiet"[0m
build	Build IPA	2026-09-05T05:47:12.4962310Z [36;1m[0m
build	Build IPA	2026-09-05T05:47:12.4962520Z [36;1m  if [ "$USE_SIGNING" = "true" ]; then[0m
build	Build IPA	2026-09-05T05:47:12.4962900Z [36;1m    # Must archive, not build: the IPA step below exports[0m
build	Build IPA	2026-09-05T05:47:12.4963270Z [36;1m    # build/App.xcarchive whenever signing is on.[0m
build	Build IPA	2026-09-05T05:47:12.4963650Z [36;1m    BUILD_CMD="$BUILD_CMD DEVELOPMENT_TEAM='$DEVELOPMENT_TEAM'"[0m
build	Build IPA	2026-09-05T05:47:12.4964000Z [36;1m    BUILD_CMD="$BUILD_CMD CODE_SIGN_STYLE=Manual"[0m
build	Build IPA	2026-09-05T05:47:12.4964420Z [36;1m    BUILD_CMD="$BUILD_CMD PROVISIONING_PROFILE_SPECIFIER='$PROVISIONING_PROFILE_NAME'"[0m
build	Build IPA	2026-09-05T05:47:12.4965000Z [36;1m    BUILD_CMD="$BUILD_CMD -archivePath '$GITHUB_WORKSPACE/build/App.xcarchive' archive"[0m
build	Build IPA	2026-09-05T05:47:12.4965370Z [36;1m  else[0m
build	Build IPA	2026-09-05T05:47:12.4965640Z [36;1m    BUILD_CMD="$BUILD_CMD CODE_SIGNING_ALLOWED=NO build"[0m
build	Build IPA	2026-09-05T05:47:12.4966130Z [36;1m  fi[0m
build	Build IPA	2026-09-05T05:47:12.4966890Z [36;1m[0m
build	Build IPA	2026-09-05T05:47:12.4967070Z [36;1m  echo "Running: $BUILD_CMD"[0m
build	Build IPA	2026-09-05T05:47:12.4967330Z [36;1m  eval $BUILD_CMD[0m
build	Build IPA	2026-09-05T05:47:12.4967530Z [36;1melse[0m
build	Build IPA	2026-09-05T05:47:12.4967720Z [36;1m  BUILD_CMD="xcodebuild"[0m
build	Build IPA	2026-09-05T05:47:12.4967990Z [36;1m  if [ -n "$WORKSPACE" ]; then[0m
build	Build IPA	2026-09-05T05:47:12.4968290Z [36;1m    BUILD_CMD="$BUILD_CMD -workspace $WORKSPACE"[0m
build	Build IPA	2026-09-05T05:47:12.4968550Z [36;1m  elif [ -n "$PROJECT" ]; then[0m
build	Build IPA	2026-09-05T05:47:12.4968830Z [36;1m    BUILD_CMD="$BUILD_CMD -project $PROJECT"[0m
build	Build IPA	2026-09-05T05:47:12.4969120Z [36;1m  fi[0m
build	Build IPA	2026-09-05T05:47:12.4969270Z [36;1m[0m
build	Build IPA	2026-09-05T05:47:12.4969490Z [36;1m  BUILD_CMD="$BUILD_CMD -scheme '$SCHEME'"[0m
build	Build IPA	2026-09-05T05:47:12.4969960Z [36;1m  BUILD_CMD="$BUILD_CMD -configuration '$CONFIGURATION'"[0m
build	Build IPA	2026-09-05T05:47:12.4970390Z [36;1m  BUILD_CMD="$BUILD_CMD -destination 'generic/platform=iOS'"[0m
build	Build IPA	2026-09-05T05:47:12.4970840Z [36;1m  BUILD_CMD="$BUILD_CMD -derivedDataPath '$DERIVED_DATA_PATH'"[0m
build	Build IPA	2026-09-05T05:47:12.4971120Z [36;1m[0m
build	Build IPA	2026-09-05T05:47:12.4971270Z [36;1m  # Speed optimization flags[0m
build	Build IPA	2026-09-05T05:47:12.4971950Z [36;1m  BUILD_CMD="$BUILD_CMD COMPILER_INDEX_STORE_ENABLE=NO"[0m
build	Build IPA	2026-09-05T05:47:12.4972320Z [36;1m  BUILD_CMD="$BUILD_CMD DEBUG_INFORMATION_FORMAT=dwarf"[0m
build	Build IPA	2026-09-05T05:47:12.4972700Z [36;1m  BUILD_CMD="$BUILD_CMD ONLY_ACTIVE_ARCH=YES"[0m
build	Build IPA	2026-09-05T05:47:12.4972960Z [36;1m  BUILD_CMD="$BUILD_CMD -quiet"[0m
build	Build IPA	2026-09-05T05:47:12.4973170Z [36;1m[0m
build	Build IPA	2026-09-05T05:47:12.4973360Z [36;1m  # mlx-swift 自带 CudaBuild 构建插件在 iOS 交叉编译下无法通过验证 →[0m
build	Build IPA	2026-09-05T05:47:12.4973650Z [36;1m  # 跳过包插件校验（不影响产物，规避 "Validate plug-in ... failed"）[0m
build	Build IPA	2026-09-05T05:47:12.4974030Z [36;1m  BUILD_CMD="$BUILD_CMD -skipPackagePluginValidation"[0m
build	Build IPA	2026-09-05T05:47:12.4974320Z [36;1m[0m
build	Build IPA	2026-09-05T05:47:12.4974490Z [36;1m  # Xcode 16+ native compilation caching[0m
build	Build IPA	2026-09-05T05:47:12.4974810Z [36;1m  BUILD_CMD="$BUILD_CMD SWIFT_ENABLE_COMPILE_CACHE=YES"[0m
build	Build IPA	2026-09-05T05:47:12.4975130Z [36;1m  BUILD_CMD="$BUILD_CMD CLANG_ENABLE_COMPILE_CACHE=YES"[0m
build	Build IPA	2026-09-05T05:47:12.4975390Z [36;1m[0m
build	Build IPA	2026-09-05T05:47:12.4975560Z [36;1m  if [ "$USE_SIGNING" = "true" ]; then[0m
build	Build IPA	2026-09-05T05:47:12.4975930Z [36;1m    # For signed builds, use archive. Automatic signing cannot resolve a[0m
build	Build IPA	2026-09-05T05:47:12.4976390Z [36;1m    # team on a runner (no Xcode account), so sign manually against the[0m
build	Build IPA	2026-09-05T05:47:12.4976710Z [36;1m    # profile installed above.[0m
build	Build IPA	2026-09-05T05:47:12.4977040Z [36;1m    BUILD_CMD="$BUILD_CMD DEVELOPMENT_TEAM='$DEVELOPMENT_TEAM'"[0m
build	Build IPA	2026-09-05T05:47:12.4977480Z [36;1m    BUILD_CMD="$BUILD_CMD CODE_SIGN_STYLE=Manual"[0m
build	Build IPA	2026-09-05T05:47:12.4977870Z [36;1m    BUILD_CMD="$BUILD_CMD PROVISIONING_PROFILE_SPECIFIER='$PROVISIONING_PROFILE_NAME'"[0m
build	Build IPA	2026-09-05T05:47:12.4978380Z [36;1m    BUILD_CMD="$BUILD_CMD -archivePath '$GITHUB_WORKSPACE/build/App.xcarchive' archive"[0m
build	Build IPA	2026-09-05T05:47:12.4978790Z [36;1m  else[0m
build	Build IPA	2026-09-05T05:47:12.4979040Z [36;1m    # For unsigned builds, use faster 'build' action[0m
build	Build IPA	2026-09-05T05:47:12.4979720Z [36;1m    BUILD_CMD="$BUILD_CMD CODE_SIGNING_ALLOWED=NO build"[0m
build	Build IPA	2026-09-05T05:47:12.4980040Z [36;1m  fi[0m
build	Build IPA	2026-09-05T05:47:12.4980210Z [36;1m[0m
build	Build IPA	2026-09-05T05:47:12.4980360Z [36;1m  echo "Running: $BUILD_CMD"[0m
build	Build IPA	2026-09-05T05:47:12.4980560Z [36;1m  eval $BUILD_CMD[0m
build	Build IPA	2026-09-05T05:47:12.4980740Z [36;1mfi[0m
build	Build IPA	2026-09-05T05:47:12.4980870Z [36;1m[0m
build	Build IPA	2026-09-05T05:47:12.4981010Z [36;1m# Create IPA[0m
build	Build IPA	2026-09-05T05:47:12.4981190Z [36;1mif [ "$USE_SIGNING" = "true" ]; then[0m
build	Build IPA	2026-09-05T05:47:12.4981620Z [36;1m  # For signed builds, use xcodebuild -exportArchive.[0m
build	Build IPA	2026-09-05T05:47:12.4982040Z [36;1m  # Everything below is relative to the repo root, which is also what[0m
build	Build IPA	2026-09-05T05:47:12.4983120Z [36;1m  # the upload-artifact step ("build/*.ipa") resolves against — do not[0m
build	Build IPA	2026-09-05T05:47:12.4984700Z [36;1m  # use "cd .." here, it breaks when ios_path is "." (native at root).[0m
build	Build IPA	2026-09-05T05:47:12.4985430Z [36;1m  cd "$GITHUB_WORKSPACE"[0m
build	Build IPA	2026-09-05T05:47:12.4985630Z [36;1m[0m
build	Build IPA	2026-09-05T05:47:12.4985900Z [36;1m  # The export has to use the same manual signing as the archive, and[0m
build	Build IPA	2026-09-05T05:47:12.4986340Z [36;1m  # it needs the app's real bundle id to map it to the profile.[0m
build	Build IPA	2026-09-05T05:47:12.4986970Z [36;1m  APP_BUNDLE_ID=$(plutil -extract ApplicationProperties.CFBundleIdentifier raw -o - build/App.xcarchive/Info.plist)[0m
build	Build IPA	2026-09-05T05:47:12.4987760Z [36;1m  echo "Exporting $APP_BUNDLE_ID with profile '$PROVISIONING_PROFILE_NAME' (team $DEVELOPMENT_TEAM)"[0m
build	Build IPA	2026-09-05T05:47:12.4988140Z [36;1m[0m
build	Build IPA	2026-09-05T05:47:12.4988280Z [36;1m  printf '%s\n' \[0m
build	Build IPA	2026-09-05T05:47:12.4988510Z [36;1m    '<?xml version="1.0" encoding="UTF-8"?>' \[0m
build	Build IPA	2026-09-05T05:47:12.4988970Z [36;1m    '<!DOCTYPE plist PUBLIC "-//Apple//DTD PLIST 1.0//EN" "http://www.apple.com/DTDs/PropertyList-1.0.dtd">' \[0m
build	Build IPA	2026-09-05T05:47:12.4989410Z [36;1m    '<plist version="1.0">' \[0m
build	Build IPA	2026-09-05T05:47:12.4989610Z [36;1m    '<dict>' \[0m
build	Build IPA	2026-09-05T05:47:12.4989790Z [36;1m    '    <key>method</key>' \[0m
build	Build IPA	2026-09-05T05:47:12.4990020Z [36;1m    '    <string>development</string>' \[0m
build	Build IPA	2026-09-05T05:47:12.4990270Z [36;1m    '    <key>signingStyle</key>' \[0m
build	Build IPA	2026-09-05T05:47:12.4990500Z [36;1m    '    <string>manual</string>' \[0m
build	Build IPA	2026-09-05T05:47:12.4990730Z [36;1m    '    <key>teamID</key>' \[0m
build	Build IPA	2026-09-05T05:47:12.4991110Z [36;1m    "    <string>${DEVELOPMENT_TEAM}</string>" \[0m
build	Build IPA	2026-09-05T05:47:12.4991540Z [36;1m    '    <key>provisioningProfiles</key>' \[0m
build	Build IPA	2026-09-05T05:47:12.4991840Z [36;1m    '    <dict>' \[0m
build	Build IPA	2026-09-05T05:47:12.4992090Z [36;1m    "        <key>${APP_BUNDLE_ID}</key>" \[0m
build	Build IPA	2026-09-05T05:47:12.4992380Z [36;1m    "        <string>${PROVISIONING_PROFILE_NAME}</string>" \[0m
build	Build IPA	2026-09-05T05:47:12.4992660Z [36;1m    '    </dict>' \[0m
build	Build IPA	2026-09-05T05:47:12.4992860Z [36;1m    '</dict>' \[0m
build	Build IPA	2026-09-05T05:47:12.4993060Z [36;1m    '</plist>' > ExportOptions.plist[0m
build	Build IPA	2026-09-05T05:47:12.4993360Z [36;1m  xcodebuild -exportArchive \[0m
build	Build IPA	2026-09-05T05:47:12.4993660Z [36;1m    -archivePath build/App.xcarchive \[0m
build	Build IPA	2026-09-05T05:47:12.4993950Z [36;1m    -exportOptionsPlist ExportOptions.plist \[0m
build	Build IPA	2026-09-05T05:47:12.4994230Z [36;1m    -exportPath build/export[0m
build	Build IPA	2026-09-05T05:47:12.4994440Z [36;1m[0m
build	Build IPA	2026-09-05T05:47:12.4994610Z [36;1m  # Move IPA to expected location[0m
build	Build IPA	2026-09-05T05:47:12.4994880Z [36;1m  mv build/export/*.ipa "build/$BUILD_ID.ipa"[0m
build	Build IPA	2026-09-05T05:47:12.4995200Z [36;1m  echo "Created signed IPA: build/$BUILD_ID.ipa"[0m
build	Build IPA	2026-09-05T05:47:12.4995520Z [36;1melse[0m
build	Build IPA	2026-09-05T05:47:12.4995740Z [36;1m  # For unsigned builds, find .app and create IPA[0m
build	Build IPA	2026-09-05T05:47:12.4996030Z [36;1m  if [ "$PROJECT_TYPE" = "flutter" ]; then[0m
build	Build IPA	2026-09-05T05:47:12.4996300Z [36;1m    # Flutter outputs to build/ios/iphoneos/[0m
build	Build IPA	2026-09-05T05:47:12.4996720Z [36;1m    APP_PATH=$(find "${GITHUB_WORKSPACE}/build/ios/iphoneos" -name "*.app" -type d | head -1)[0m
build	Build IPA	2026-09-05T05:47:12.4997120Z [36;1m  else[0m
build	Build IPA	2026-09-05T05:47:12.4997920Z [36;1m    # Native and React Native/Expo use DerivedData. Ask the project[0m
build	Build IPA	2026-09-05T05:47:12.4998310Z [36;1m    # which bundle this scheme produces: the first .app under[0m
build	Build IPA	2026-09-05T05:47:12.4998700Z [36;1m    # Build/Products is the wrong one whenever the repo has more than[0m
build	Build IPA	2026-09-05T05:47:12.4999010Z [36;1m    # one app target.[0m
build	Build IPA	2026-09-05T05:47:12.4999220Z [36;1m    if [ -n "$WORKSPACE" ]; then[0m
build	Build IPA	2026-09-05T05:47:12.4999440Z [36;1m      TARGET_FLAG=-workspace[0m
build	Build IPA	2026-09-05T05:47:12.4999670Z [36;1m      TARGET_PATH=$WORKSPACE[0m
build	Build IPA	2026-09-05T05:47:12.4999870Z [36;1m    else[0m
build	Build IPA	2026-09-05T05:47:12.5000040Z [36;1m      TARGET_FLAG=-project[0m
build	Build IPA	2026-09-05T05:47:12.5000250Z [36;1m      TARGET_PATH=$PROJECT[0m
build	Build IPA	2026-09-05T05:47:12.5000440Z [36;1m    fi[0m
build	Build IPA	2026-09-05T05:47:12.5000670Z [36;1m    APP_PATH=$(xcodebuild "$TARGET_FLAG" "$TARGET_PATH" \[0m
build	Build IPA	2026-09-05T05:47:12.5001290Z [36;1m      -scheme "$SCHEME" \[0m
build	Build IPA	2026-09-05T05:47:12.5001530Z [36;1m      -configuration "$CONFIGURATION" \[0m
build	Build IPA	2026-09-05T05:47:12.5001820Z [36;1m      -destination 'generic/platform=iOS' \[0m
build	Build IPA	2026-09-05T05:47:12.5002110Z [36;1m      -derivedDataPath "$DERIVED_DATA_PATH" \[0m
build	Build IPA	2026-09-05T05:47:12.5002400Z [36;1m      -showBuildSettings -json 2>/dev/null \[0m
build	Build IPA	2026-09-05T05:47:12.5002730Z [36;1m      | jq -r 'map(.buildSettings)[0m
build	Build IPA	2026-09-05T05:47:12.5003110Z [36;1m               | map(select(.PRODUCT_TYPE == "com.apple.product-type.application"[0m
build	Build IPA	2026-09-05T05:47:12.5003560Z [36;1m                            and (.TARGET_BUILD_DIR | contains("-iphoneos"))))[0m
build	Build IPA	2026-09-05T05:47:12.5004000Z [36;1m               | map(.TARGET_BUILD_DIR + "/" + .FULL_PRODUCT_NAME)[0m
build	Build IPA	2026-09-05T05:47:12.5004310Z [36;1m               | first // empty' || true)[0m
build	Build IPA	2026-09-05T05:47:12.5004550Z [36;1m    if [ ! -d "$APP_PATH" ]; then[0m
build	Build IPA	2026-09-05T05:47:12.5005110Z [36;1m      APP_PATH=$(find "$DERIVED_DATA_PATH/Build/Products/${CONFIGURATION}-iphoneos" -maxdepth 1 -name "*.app" -type d -print -quit 2>/dev/null || true)[0m
build	Build IPA	2026-09-05T05:47:12.5005630Z [36;1m    fi[0m
build	Build IPA	2026-09-05T05:47:12.5005770Z [36;1m  fi[0m
build	Build IPA	2026-09-05T05:47:12.5005910Z [36;1m[0m
build	Build IPA	2026-09-05T05:47:12.5006060Z [36;1m  if [ -z "$APP_PATH" ]; then[0m
build	Build IPA	2026-09-05T05:47:12.5006290Z [36;1m    echo "Error: Could not find .app"[0m
build	Build IPA	2026-09-05T05:47:12.5006500Z [36;1m    exit 1[0m
build	Build IPA	2026-09-05T05:47:12.5006650Z [36;1m  fi[0m
build	Build IPA	2026-09-05T05:47:12.5006830Z [36;1m  echo "Found app at: $APP_PATH"[0m
build	Build IPA	2026-09-05T05:47:12.5007100Z [36;1m  cd "$GITHUB_WORKSPACE"[0m
build	Build IPA	2026-09-05T05:47:12.5007340Z [36;1m  mkdir -p build/Payload[0m
build	Build IPA	2026-09-05T05:47:12.5007560Z [36;1m  cp -R "$APP_PATH" build/Payload/[0m
build	Build IPA	2026-09-05T05:47:12.5007790Z [36;1m  cd build[0m
build	Build IPA	2026-09-05T05:47:12.5007970Z [36;1m  zip -rq "$BUILD_ID.ipa" Payload[0m
build	Build IPA	2026-09-05T05:47:12.5008240Z [36;1m  rm -rf Payload[0m
build	Build IPA	2026-09-05T05:47:12.5008520Z [36;1m  echo "Created unsigned IPA: build/$BUILD_ID.ipa"[0m
build	Build IPA	2026-09-05T05:47:12.5008780Z [36;1mfi[0m
build	Build IPA	2026-09-05T05:47:12.5045120Z shell: /bin/bash -e {0}
build	Build IPA	2026-09-05T05:47:12.5045340Z env:
build	Build IPA	2026-09-05T05:47:12.5045550Z   MD_APPLE_SDK_ROOT: /Applications/Xcode_26.6.app
build	Build IPA	2026-09-05T05:47:12.5045870Z   BUILD_ID: huamei-0905-134517
build	Build IPA	2026-09-05T05:47:12.5046070Z   IOS_PATH: ios
build	Build IPA	2026-09-05T05:47:12.5046220Z   SCHEME: HuameiIndexTTS
build	Build IPA	2026-09-05T05:47:12.5046400Z   PROJECT_TYPE: native
build	Build IPA	2026-09-05T05:47:12.5046560Z   USE_SIGNING: false
build	Build IPA	2026-09-05T05:47:12.5046720Z   CONFIGURATION: Debug
build	Build IPA	2026-09-05T05:47:12.5046880Z ##[endgroup]
build	Build IPA	2026-09-05T05:47:12.5375030Z Regenerating project with xcodegen (deterministic)...
build	Build IPA	2026-09-05T05:47:12.5509400Z ⚙️  Generating plists...
build	Build IPA	2026-09-05T05:47:12.5510200Z ⚙️  Generating project...
build	Build IPA	2026-09-05T05:47:12.5645520Z ⚙️  Writing project...
build	Build IPA	2026-09-05T05:47:12.5747500Z Created project at /Users/runner/work/huamei-indexTTS/huamei-indexTTS/ios/HuameiIndexTTS.xcodeproj
build	Build IPA	2026-09-05T05:47:12.5760220Z Using project: /Users/runner/work/huamei-indexTTS/huamei-indexTTS/ios/HuameiIndexTTS.xcodeproj
build	Build IPA	2026-09-05T05:47:12.5769050Z Running: xcodebuild -project /Users/runner/work/huamei-indexTTS/huamei-indexTTS/ios/HuameiIndexTTS.xcodeproj -scheme 'HuameiIndexTTS' -configuration 'Debug' -destination 'generic/platform=iOS' -derivedDataPath '/Users/runner/work/huamei-indexTTS/huamei-indexTTS/DerivedData' COMPILER_INDEX_STORE_ENABLE=NO DEBUG_INFORMATION_FORMAT=dwarf ONLY_ACTIVE_ARCH=YES -quiet -skipPackagePluginValidation SWIFT_ENABLE_COMPILE_CACHE=YES CLANG_ENABLE_COMPILE_CACHE=YES CODE_SIGNING_ALLOWED=NO build
build	Build IPA	2026-09-05T05:47:50.6199780Z In file included from /Users/runner/work/huamei-indexTTS/huamei-indexTTS/DerivedData/SourcePackages/checkouts/mlx-swift/Source/Cmlx/mlx-generated/metal/steel/attn/kernels/steel_attention.metal:6:
build	Build IPA	2026-09-05T05:47:50.6321160Z In file included from /Users/runner/work/huamei-indexTTS/huamei-indexTTS/DerivedData/SourcePackages/checkouts/mlx-swift/Source/Cmlx/mlx-generated/metal/steel/attn/kernels/../../../steel/attn/kernels/steel_attention.h:3:
build	Build IPA	2026-09-05T05:47:50.6336090Z In file included from /Users/runner/work/huamei-indexTTS/huamei-indexTTS/DerivedData/SourcePackages/checkouts/mlx-swift/Source/Cmlx/mlx-generated/metal/steel/attn/kernels/../../../steel/attn/attn.h:6:
build	Build IPA	2026-09-05T05:47:50.6465380Z In file included from /Users/runner/work/huamei-indexTTS/huamei-indexTTS/DerivedData/SourcePackages/checkouts/mlx-swift/Source/Cmlx/mlx-generated/metal/steel/attn/kernels/../../../steel/attn/../../steel/attn/mma.h:11:
build	Build IPA	2026-09-05T05:47:50.6608430Z /Users/runner/work/huamei-indexTTS/huamei-indexTTS/DerivedData/SourcePackages/checkouts/mlx-swift/Source/Cmlx/mlx-generated/metal/steel/attn/kernels/../../../steel/attn/../../steel/utils/integral_constant.h:108:6: warning: constexpr if is a C++17 extension [-Wc++17-extensions]
build	Build IPA	2026-09-05T05:47:50.6748170Z   if constexpr (start < stop) {
build	Build IPA	2026-09-05T05:47:50.6873150Z      ^
build	Build IPA	2026-09-05T05:47:50.6974930Z In file included from /Users/runner/work/huamei-indexTTS/huamei-indexTTS/DerivedData/SourcePackages/checkouts/mlx-swift/Source/Cmlx/mlx-generated/metal/steel/attn/kernels/steel_attention.metal:6:
build	Build IPA	2026-09-05T05:47:50.7181670Z /Users/runner/work/huamei-indexTTS/huamei-indexTTS/DerivedData/SourcePackages/checkouts/mlx-swift/Source/Cmlx/mlx-generated/metal/steel/attn/kernels/../../../steel/attn/kernels/steel_attention.h:356:16: warning: constexpr if is a C++17 extension [-Wc++17-extensions]
build	Build IPA	2026-09-05T05:47:50.7282950Z             if constexpr (is_bool) {
build	Build IPA	2026-09-05T05:47:50.7403670Z                ^
build	Build IPA	2026-09-05T05:47:50.7505630Z /Users/runner/work/huamei-indexTTS/huamei-indexTTS/DerivedData/SourcePackages/checkouts/mlx-swift/Source/Cmlx/mlx-generated/metal/steel/attn/kernels/../../../steel/attn/kernels/steel_attention.h:426:14: warning: constexpr if is a C++17 extension [-Wc++17-extensions]
build	Build IPA	2026-09-05T05:47:50.7607830Z           if constexpr (BD == 128) {
build	Build IPA	2026-09-05T05:47:50.7708710Z              ^
build	Build IPA	2026-09-05T05:47:50.7810680Z /Users/runner/work/huamei-indexTTS/huamei-indexTTS/DerivedData/SourcePackages/checkouts/mlx-swift/Source/Cmlx/mlx-generated/metal/steel/attn/kernels/../../../steel/attn/kernels/steel_attention.h:436:14: warning: constexpr if is a C++17 extension [-Wc++17-extensions]
build	Build IPA	2026-09-05T05:47:50.7912520Z           if constexpr (BD == 128) {
build	Build IPA	2026-09-05T05:47:50.8012910Z              ^
build	Build IPA	2026-09-05T05:47:50.8113830Z 4 warnings generated.
build	Build IPA	2026-09-05T05:47:54.8790560Z Cache hit
build	Build IPA	2026-09-05T05:47:54.8827610Z /Users/runner/work/huamei-indexTTS/huamei-indexTTS/ios/Sources/MLXIndexTTS2Core/TTSPipeline.swift:183:17: warning: initialization of immutable value 'sm' was never used; consider replacing with assignment to '_' or removing it
build	Build IPA	2026-09-05T05:47:54.8857040Z             let sm = try ensureS2Mel()
build	Build IPA	2026-09-05T05:47:54.8860920Z             ~~~~^~
build	Build IPA	2026-09-05T05:47:54.8876470Z             _
build	Build IPA	2026-09-05T05:47:54.8888480Z /Users/runner/work/huamei-indexTTS/huamei-indexTTS/ios/Sources/MLXIndexTTS2Core/Text/TiktokenBPE.swift:62:21: warning: immutable value 'token' was never used; consider replacing with '_' or removing it
build	Build IPA	2026-09-05T05:47:54.8900520Z             if let (token, id, consumed) = consumeSpecial(from: rest) {
build	Build IPA	2026-09-05T05:47:54.8909360Z                     ^~~~~
build	Build IPA	2026-09-05T05:47:54.8913310Z                     _
build	Build IPA	2026-09-05T05:47:54.8921840Z /Users/runner/work/huamei-indexTTS/huamei-indexTTS/ios/Sources/MLXIndexTTS2Core/Text/TiktokenBPE.swift:92:19: warning: value 'first' was defined but never used; consider replacing with boolean test
build	Build IPA	2026-09-05T05:47:54.8937050Z         guard let first = chars.first else { return "" }
build	Build IPA	2026-09-05T05:47:54.8956480Z               ~~~~^~~~~~~~
build	Build IPA	2026-09-05T05:47:54.8979020Z                                       != nil
build	Build IPA	2026-09-05T05:47:54.9009280Z Cache hit
build	Build IPA	2026-09-05T05:47:54.9024000Z /Users/runner/work/huamei-indexTTS/huamei-indexTTS/ios/Sources/MLXIndexTTS2Core/Voice/AudioFeatures.swift:45:17: warning: variable 'half' was never mutated; consider changing to 'let' constant
build	Build IPA	2026-09-05T05:47:54.9048660Z             var half = len >> 1
build	Build IPA	2026-09-05T05:47:54.9052960Z             ~~~ ^
build	Build IPA	2026-09-05T05:47:54.9053690Z             let
build	Build IPA	2026-09-05T05:47:54.9064420Z /Users/runner/work/huamei-indexTTS/huamei-indexTTS/ios/Sources/MLXIndexTTS2Core/BigVGAN.swift:88:13: warning: initialization of immutable value 'pad' was never used; consider replacing with assignment to '_' or removing it
build	Build IPA	2026-09-05T05:47:54.9067020Z         let pad = (k - rate) / 2
build	Build IPA	2026-09-05T05:47:54.9070190Z         ~~~~^~~
build	Build IPA	2026-09-05T05:47:54.9071940Z         _
build	Build IPA	2026-09-05T05:47:54.9073290Z /Users/runner/work/huamei-indexTTS/huamei-indexTTS/ios/Sources/MLXIndexTTS2Core/BigVGAN.swift:112:13: warning: variable 'stageOut' was never used; consider replacing with '_' or removing it
build	Build IPA	2026-09-05T05:47:54.9074910Z         var stageOut: [MLXArray] = []
build	Build IPA	2026-09-05T05:47:54.9075500Z             ^~~~~~~~
build	Build IPA	2026-09-05T05:47:54.9076610Z             _
build	Build IPA	2026-09-05T05:47:54.9077690Z /Users/runner/work/huamei-indexTTS/huamei-indexTTS/ios/Sources/MLXIndexTTS2Core/Voice/Campplus.swift:291:29: warning: immutable value 'C' was never used; consider replacing with '_' or removing it
build	Build IPA	2026-09-05T05:47:54.9080110Z         let B = x.shape[0], C = x.shape[1], T = x.shape[2]
build	Build IPA	2026-09-05T05:47:54.9080840Z                             ^
build	Build IPA	2026-09-05T05:47:54.9081210Z                             _
build	Build IPA	2026-09-05T05:47:54.9082490Z /Users/runner/work/huamei-indexTTS/huamei-indexTTS/ios/Sources/MLXIndexTTS2Core/Codec.swift:93:13: warning: variable 'q' was never mutated; consider changing to 'let' constant
build	Build IPA	2026-09-05T05:47:54.9085260Z         var q = Ops.conv1d(x, w: outProjW, b: outProjB)     // [1,1024,T]
build	Build IPA	2026-09-05T05:47:54.9086670Z         ~~~ ^
build	Build IPA	2026-09-05T05:47:54.9088960Z         let
build	Build IPA	2026-09-05T05:47:54.9091780Z /Users/runner/work/huamei-indexTTS/huamei-indexTTS/ios/Sources/MLXIndexTTS2Core/Codec.swift:108:13: warning: variable 'floats' was never mutated; consider changing to 'let' constant
build	Build IPA	2026-09-05T05:47:54.9093780Z         var floats = x.asFloatArray()
build	Build IPA	2026-09-05T05:47:54.9095970Z         ~~~ ^
build	Build IPA	2026-09-05T05:47:54.9098250Z         let
build	Build IPA	2026-09-05T05:47:54.9099550Z Cache hit
build	Build IPA	2026-09-05T05:47:54.9101210Z /Users/runner/work/huamei-indexTTS/huamei-indexTTS/ios/Sources/MLXIndexTTS2Core/Ops.swift:80:23: warning: 'quantizedMatmul(_:_:scales:biases:transpose:groupSize:bits:mode:stream:)' is deprecated: renamed to 'quantizedMM(_:_:scales:biases:transpose:groupSize:bits:mode:stream:)'
build	Build IPA	2026-09-05T05:47:54.9105540Z         let out = MLX.quantizedMatmul(
build	Build IPA	2026-09-05T05:47:54.9107090Z                       ^
build	Build IPA	2026-09-05T05:47:54.9108740Z /Users/runner/work/huamei-indexTTS/huamei-indexTTS/ios/Sources/MLXIndexTTS2Core/Ops.swift:80:23: note: use 'quantizedMM(_:_:scales:biases:transpose:groupSize:bits:mode:stream:)' instead
build	Build IPA	2026-09-05T05:47:54.9110020Z         let out = MLX.quantizedMatmul(
build	Build IPA	2026-09-05T05:47:54.9111720Z                       ^~~~~~~~~~~~~~~
build	Build IPA	2026-09-05T05:47:54.9112210Z                       quantizedMM
build	Build IPA	2026-09-05T05:47:54.9115850Z /Users/runner/work/huamei-indexTTS/huamei-indexTTS/ios/Sources/MLXIndexTTS2Core/OpsCPU.swift:11:17: warning: no calls to throwing functions occur within 'try' expression
build	Build IPA	2026-09-05T05:47:54.9117970Z         return (try? self.asArray(Float.self)) ?? []
build	Build IPA	2026-09-05T05:47:54.9119920Z                 ^
build	Build IPA	2026-09-05T05:47:54.9121490Z /Users/runner/work/huamei-indexTTS/huamei-indexTTS/ios/Sources/MLXIndexTTS2Core/S2MelInfer.swift:41:13: warning: immutable value 'B' was never used; consider replacing with '_' or removing it
build	Build IPA	2026-09-05T05:47:54.9123140Z         let B = x.shape[0], T = x.shape[2]
build	Build IPA	2026-09-05T05:47:54.9125330Z             ^
build	Build IPA	2026-09-05T05:47:54.9127990Z             _
build	Build IPA	2026-09-05T05:47:54.9129200Z /Users/runner/work/huamei-indexTTS/huamei-indexTTS/ios/Sources/MLXIndexTTS2Core/S2MelInfer.swift:92:17: warning: variable 'fOut' was never mutated; consider changing to 'let' constant
build	Build IPA	2026-09-05T05:47:54.9131010Z             var fOut = Ops.linear(g, w: blk.ffnW2, b: nil)
build	Build IPA	2026-09-05T05:47:54.9132310Z             ~~~ ^
build	Build IPA	2026-09-05T05:47:54.9133620Z             let
build	Build IPA	2026-09-05T05:47:54.9139270Z /Users/runner/work/huamei-indexTTS/huamei-indexTTS/ios/Sources/MLXIndexTTS2Core/S2MelInfer.swift:123:13: warning: variable 'gAll' was never mutated; consider changing to 'let' constant
build	Build IPA	2026-09-05T05:47:54.9142700Z         var gAll = Ops.conv1d(g, w: w.wnCondW, b: w.wnCondB)              // [1,8192,1]
build	Build IPA	2026-09-05T05:47:54.9144510Z         ~~~ ^
build	Build IPA	2026-09-05T05:47:54.9145670Z         let
build	Build IPA	2026-09-05T05:47:54.9148780Z /Users/runner/work/huamei-indexTTS/huamei-indexTTS/ios/Sources/MLXIndexTTS2Core/S2MelInfer.swift:135:17: warning: variable 'rsa' was never mutated; consider changing to 'let' constant
build	Build IPA	2026-09-05T05:47:54.9151830Z             var rsa = Ops.conv1d(acts, w: rw, b: rb)                      // [1,1024,T]
build	Build IPA	2026-09-05T05:47:54.9153090Z             ~~~ ^
build	Build IPA	2026-09-05T05:47:54.9153740Z             let
build	Build IPA	2026-09-05T05:47:54.9155720Z /Users/runner/work/huamei-indexTTS/huamei-indexTTS/ios/Sources/MLXIndexTTS2Core/S2MelInfer.swift:209:13: warning: immutable value 'B' was never used; consider replacing with '_' or removing it
build	Build IPA	2026-09-05T05:47:54.9156620Z         let B = mu.shape[0], T = mu.shape[1]
build	Build IPA	2026-09-05T05:47:54.9156930Z             ^
build	Build IPA	2026-09-05T05:47:54.9157310Z             _
build	Build IPA	2026-09-05T05:47:54.9158070Z /Users/runner/work/huamei-indexTTS/huamei-indexTTS/ios/Sources/MLXIndexTTS2Core/S2MelInfer.swift:261:14: warning: immutable value 'b' was never used; consider replacing with '_' or removing it
build	Build IPA	2026-09-05T05:47:54.9158860Z         let (b, c, t) = (dstShape[0], dstShape[1], dstShape[2])
build	Build IPA	2026-09-05T05:47:54.9159290Z              ^
build	Build IPA	2026-09-05T05:47:54.9159590Z              _
build	Build IPA	2026-09-05T05:47:54.9159790Z Cache miss
build	Build IPA	2026-09-05T05:47:54.9160730Z /Users/runner/work/huamei-indexTTS/huamei-indexTTS/ios/Sources/HuameiIndexTTS/Theme/LiquidGlass.swift:89:17: warning: stored property '_path' of 'Sendable'-conforming struct 'AnyShape' has non-Sendable type '(CGRect) -> Path'; this is an error in the Swift 6 language mode
build	Build IPA	2026-09-05T05:47:54.9161800Z     private let _path: (CGRect) -> Path
build	Build IPA	2026-09-05T05:47:54.9162200Z                 ^
build	Build IPA	2026-09-05T05:47:54.9162940Z /Users/runner/work/huamei-indexTTS/huamei-indexTTS/ios/Sources/HuameiIndexTTS/Theme/LiquidGlass.swift:89:17: note: a function type must be marked '@Sendable' to conform to 'Sendable'
build	Build IPA	2026-09-05T05:47:54.9164280Z     private let _path: (CGRect) -> Path
build	Build IPA	2026-09-05T05:47:54.9164710Z                 ^
build	Build IPA	2026-09-05T05:47:54.9165020Z Cache miss
build	Build IPA	2026-09-05T05:47:54.9165330Z Failed frontend command:
build	Build IPA	2026-09-05T05:47:54.9241040Z /Applications/Xcode_26.6.app/Contents/Developer/Toolchains/XcodeDefault.xctoolchain/usr/bin/swift-frontend -frontend -c /Users/runner/work/huamei-indexTTS/huamei-indexTTS/ios/Sources/HuameiIndexTTS/Views/AboutSheet.swift /Users/runner/work/huamei-indexTTS/huamei-indexTTS/ios/Sources/HuameiIndexTTS/App.swift /Users/runner/work/huamei-indexTTS/huamei-indexTTS/ios/Sources/HuameiIndexTTS/Audio/AudioImporter.swift /Users/runner/work/huamei-indexTTS/huamei-indexTTS/ios/Sources/HuameiIndexTTS/Audio/AudioPlayer.swift /Users/runner/work/huamei-indexTTS/huamei-indexTTS/ios/Sources/HuameiIndexTTS/Audio/AudioRecorder.swift /Users/runner/work/huamei-indexTTS/huamei-indexTTS/ios/Sources/HuameiIndexTTS/Views/AudioSourceSheet.swift /Users/runner/work/huamei-indexTTS/huamei-indexTTS/ios/Sources/HuameiIndexTTS/Theme/Colors.swift /Users/runner/work/huamei-indexTTS/huamei-indexTTS/ios/Sources/HuameiIndexTTS/Model/InferenceEngine.swift /Users/runner/work/huamei-indexTTS/huamei-indexTTS/ios/Sources/HuameiIndexTTS/Theme/LiquidGlass.swift /Users/runner/work/huamei-indexTTS/huamei-indexTTS/ios/Sources/HuameiIndexTTS/Model/ModelDownloadManager.swift /Users/runner/work/huamei-indexTTS/huamei-indexTTS/ios/Sources/HuameiIndexTTS/Views/ModelStatusView.swift /Users/runner/work/huamei-indexTTS/huamei-indexTTS/ios/Sources/HuameiIndexTTS/Views/ResultCard.swift /Users/runner/work/huamei-indexTTS/huamei-indexTTS/ios/Sources/HuameiIndexTTS/Views/RootView.swift -primary-file /Users/runner/work/huamei-indexTTS/huamei-indexTTS/ios/Sources/HuameiIndexTTS/Model/SessionStore.swift -primary-file /Users/runner/work/huamei-indexTTS/huamei-indexTTS/ios/Sources/HuameiIndexTTS/Views/SettingsSheet.swift -primary-file /Users/runner/work/huamei-indexTTS/huamei-indexTTS/ios/Sources/HuameiIndexTTS/Views/SynthesizeControl.swift -primary-file /Users/runner/work/huamei-indexTTS/huamei-indexTTS/ios/Sources/HuameiIndexTTS/Views/TextInputCard.swift -primary-file /Users/runner/work/huamei-indexTTS/huamei-indexTTS/ios/Sources/HuameiIndexTTS/Audio/VideoAudioExtractor.swift -primary-file /Users/runner/work/huamei-indexTTS/huamei-indexTTS/ios/Sources/HuameiIndexTTS/Views/VoiceReferenceCard.swift -supplementary-output-file-map /Users/runner/work/huamei-indexTTS/huamei-indexTTS/DerivedData/Build/Intermediates.noindex/HuameiIndexTTS.build/Debug-iphoneos/HuameiIndexTTS.build/Objects-normal/arm64/supplementaryOutputs-6 -target arm64-apple-ios17.0 -direct-clang-cc1-module-build -Xcc -cc1 -Xcc -fansi-escape-codes -Xcc -ferror-limit -Xcc 19 -Xcc -Wdeprecated-objc-isa-usage -Xcc -Werror\=deprecated-objc-isa-usage -Xcc -Werror\=implicit-function-declaration -Xcc -Wno-elaborated-enum-base -Xcc -Wno-error\=allocator-wrappers -Xcc -disable-free -Xcc -fno-pch-timestamp -Xcc -fsyntax-only -Xcc -x -Xcc objective-c -Xcc \<swift-imported-modules\> -Xcc -target-abi -Xcc darwinpcs -Xcc -target-cpu -Xcc apple-a12 -Xcc -target-feature -Xcc +v8.3a -Xcc -target-feature -Xcc +aes -Xcc -target-feature -Xcc +complxnum -Xcc -target-feature -Xcc +crc -Xcc -target-feature -Xcc +fp-armv8 -Xcc -target-feature -Xcc +fullfp16 -Xcc -target-feature -Xcc +jsconv -Xcc -target-feature -Xcc +lse -Xcc -target-feature -Xcc +neon -Xcc -target-feature -Xcc +pauth -Xcc -target-feature -Xcc +perfmon -Xcc -target-feature -Xcc +ras -Xcc -target-feature -Xcc +rcpc -Xcc -target-feature -Xcc +rdm -Xcc -target-feature -Xcc +sha2 -Xcc -triple -Xcc arm64-apple-ios26.5.0 -Xcc -target-linker-version -Xcc 1267 -Xcc -target-sdk-version\=26.5 -Xcc -fmodules-validate-system-headers -Xcc -fno-modulemap-allow-subdirectory-search -Xcc -isysroot -Xcc /Applications/Xcode_26.6.app/Contents/Developer/Platforms/iPhoneOS.platform/Developer/SDKs/iPhoneOS26.5.sdk -Xcc -resource-dir -Xcc /Applications/Xcode_26.6.app/Contents/Developer/Toolchains/XcodeDefault.xctoolchain/usr/lib/swift/clang -Xcc -fmodule-format\=obj -Xcc -fapinotes-swift-version\=5 -Xcc -std\=gnu11 -Xcc -fapinotes-modules -Xcc -fexceptions -Xcc -fskip-odr-check-in-gmf -Xcc -fmodules -Xcc -fno-implicit-modules -Xcc -fretain-comments-from-system-headers -Xcc -fobjc-exceptions -Xcc -fmax-type-align\=16 -Xcc -fstack-check -Xcc -fvisibility-inlines-hidden-static-local-var -Xcc -fmodule-feature -Xcc swift -Xcc -fno-odr-hash-protocols -Xcc -pic-level -Xcc 2 -Xcc -fencode-extended-block-signature -Xcc -stack-protector -Xcc 1 -Xcc -fobjc-runtime\=ios-26.5.0 -Xcc -fobjc-arc -Xcc -fobjc-runtime-has-weak -Xcc -fobjc-weak -Xcc -fgnuc-version\=4.2.1 -Xcc -fblocks -Xcc -fno-convergent-functions -Xcc -ffp-contract\=on -Xcc -fclang-abi-compat\=4.0 -Xcc -fno-experimental-relative-c++-abi-vtables -Xcc -fno-file-reproducible -Xcc -clang-vendor-feature\=+disableNonDependentMemberExprInCurrentInstantiation -Xcc -clang-vendor-feature\=+enableAggressiveVLAFolding -Xcc -clang-vendor-feature\=+revert09abecef7bbf -Xcc -clang-vendor-feature\=+thisNoAlignAttr -Xcc -clang-vendor-feature\=+thisNoNullAttr -Xcc -clang-vendor-feature\=+disableAtImportPrivateFrameworkInImplementationError -Xcc -O0 -Xcc -fno-assume-unique-vtables -Xcc -fcommon -Xcc -fdwarf2-cfi-asm -Xcc -fobjc-msgsend-selector-stubs -Xcc -fregister-global-dtors-with-atexit -Xcc -fno-strict-return -Xcc -debugger-tuning\=lldb -Xcc -disable-llvm-verifier -Xcc -funwind-tables\=1 -Xcc -enable-tlsdesc -Xcc -clear-ast-before-backend -Xcc -discard-value-names -Xcc -mframe-pointer\=non-leaf -Xcc -fno-loop-interchange -Xcc -save-temps\=obj -Xcc -fdiagnostics-hotness-threshold\=0 -Xcc -fdiagnostics-misexpect-tolerance\=0 -Xcc -D -Xcc __swift__\=51000 -Xcc -D -Xcc _ISO646_H_ -Xcc -D -Xcc __ISO646_H -Xcc -D -Xcc SWIFT_SDK_OVERLAY_APPKIT_EPOCH\=2 -Xcc -D -Xcc SWIFT_SDK_OVERLAY_FOUNDATION_EPOCH\=8 -Xcc -D -Xcc SWIFT_SDK_OVERLAY2_SCENEKIT_EPOCH\=3 -Xcc -D -Xcc SWIFT_SDK_OVERLAY_GAMEPLAYKIT_EPOCH\=1 -Xcc -D -Xcc SWIFT_SDK_OVERLAY_SPRITEKIT_EPOCH\=1 -Xcc -D -Xcc SWIFT_SDK_OVERLAY_COREIMAGE_EPOCH\=2 -Xcc -D -Xcc SWIFT_SDK_OVERLAY_DISPATCH_EPOCH\=2 -Xcc -D -Xcc SWIFT_SDK_OVERLAY_PTHREAD_EPOCH\=1 -Xcc -D -Xcc SWIFT_SDK_OVERLAY_COREGRAPHICS_EPOCH\=0 -Xcc -D -Xcc SWIFT_SDK_OVERLAY_UIKIT_EPOCH\=2 -Xcc -D -Xcc SWIFT_CLASS_EXTRA\= -Xcc -D -Xcc __SWIFT_ATTR_SUPPORTS_SENDABLE_DECLS\=1 -Xcc -D -Xcc __SWIFT_COMPILER_VERSION\=6003003001003 -Xcc -D -Xcc __SWIFT_ATTR_SUPPORTS_SENDING\=1 -Xcc -D -Xcc _LIBCPP_HARDENING_MODE\=_LIBCPP_HARDENING_MODE_DEBUG -Xcc -D -Xcc DEBUG\=1 -Xcc -fdefine-target-os-macros -module-can-import-version UIKit 9126.5.5.2 9126.5.5 -load-resolved-plugin /Applications/Xcode_26.6.app/Contents/Developer/Platforms/iPhoneOS.platform/Developer/usr/lib/swift/host/plugins/libFoundationMacros.dylib\#/Applications/Xcode_26.6.app/Contents/Developer/Platforms/iPhoneOS.platform/Developer/usr/bin/swift-plugin-server\#FoundationMacros -load-resolved-plugin /Applications/Xcode_26.6.app/Contents/Developer/Platforms/iPhoneOS.platform/Developer/usr/lib/swift/host/plugins/libObservationMacros.dylib\#/Applications/Xcode_26.6.app/Contents/Developer/Platforms/iPhoneOS.platform/Developer/usr/bin/swift-plugin-server\#ObservationMacros -load-resolved-plugin /Applications/Xcode_26.6.app/Contents/Developer/Platforms/iPhoneOS.platform/Developer/usr/lib/swift/host/plugins/libPreviewsMacros.dylib\#/Applications/Xcode_26.6.app/Contents/Developer/Platforms/iPhoneOS.platform/Developer/usr/bin/swift-plugin-server\#PreviewsMacros -load-resolved-plugin /Applications/Xcode_26.6.app/Contents/Developer/Platforms/iPhoneOS.platform/Developer/usr/lib/swift/host/plugins/libSwiftMacros.dylib\#/Applications/Xcode_26.6.app/Contents/Developer/Platforms/iPhoneOS.platform/Developer/usr/bin/swift-plugin-server\#SwiftMacros -load-resolved-plugin /Applications/Xcode_26.6.app/Contents/Developer/Platforms/iPhoneOS.platform/Developer/usr/lib/swift/host/plugins/libSwiftUIMacros.dylib\#/Applications/Xcode_26.6.app/Contents/Developer/Platforms/iPhoneOS.platform/Developer/usr/bin/swift-plugin-server\#SwiftUIMacros -read-legacy-type-info-path\=/Applications/Xcode_26.6.app/Contents/Developer/Toolchains/XcodeDefault.xctoolchain/usr/lib/swift/iphoneos/layouts-arm64.yaml -clang-include-tree-filelist llvmcas://2cdf31e06e0f1bf95b84543e376e1bcce23688a9f84ab93a22af499a81fd4a89 -disable-implicit-swift-modules -Xcc -fno-implicit-modules -Xcc -fno-implicit-module-maps -explicit-swift-module-map-file llvmcas://3cc83bc3ca6d337900325de5f0d4ed3a49198fdc01681072a05b9b8634092a22 -debug-module-path /Users/runner/work/huamei-indexTTS/huamei-indexTTS/DerivedData/Build/Intermediates.noindex/HuameiIndexTTS.build/Debug-iphoneos/HuameiIndexTTS.build/Objects-normal/arm64/HuameiIndexTTS.swiftmodule -Xllvm -aarch64-use-tbi -enable-objc-interop -stack-check -sdk /Applications/Xcode_26.6.app/Contents/Developer/Platforms/iPhoneOS.platform/Developer/SDKs/iPhoneOS26.5.sdk -I /Users/runner/work/huamei-indexTTS/huamei-indexTTS/DerivedData/Build/Products/Debug-iphoneos -F /Users/runner/work/huamei-indexTTS/huamei-indexTTS/DerivedData/Build/Products/Debug-iphoneos/PackageFrameworks -F /Users/runner/work/huamei-indexTTS/huamei-indexTTS/DerivedData/Build/Products/Debug-iphoneos/PackageFrameworks -F /Users/runner/work/huamei-indexTTS/huamei-indexTTS/DerivedData/Build/Products/Debug-iphoneos/PackageFrameworks -F /Users/runner/work/huamei-indexTTS/huamei-indexTTS/DerivedData/Build/Products/Debug-iphoneos/PackageFrameworks -F /Users/runner/work/huamei-indexTTS/huamei-indexTTS/DerivedData/Build/Products/Debug-iphoneos/PackageFrameworks -F /Users/runner/work/huamei-indexTTS/huamei-indexTTS/DerivedData/Build/Products/Debug-iphoneos/PackageFrameworks -F /Users/runner/work/huamei-indexTTS/huamei-indexTTS/DerivedData/Build/Products/Debug-iphoneos/PackageFrameworks -F /Users/runner/work/huamei-indexTTS/huamei-indexTTS/DerivedData/Build/Products/Debug-iphoneos/PackageFrameworks -F /Users/runner/work/huamei-indexTTS/huamei-indexTTS/DerivedData/Build/Products/Debug-iphoneos/PackageFrameworks -F /Users/runner/work/huamei-indexTTS/huamei-indexTTS/DerivedData/Build/Products/Debug-iphoneos/PackageFrameworks -F /Users/runner/work/huamei-indexTTS/huamei-indexTTS/DerivedData/Build/Products/Debug-iphoneos -no-color-diagnostics -enable-testing -g -debug-info-format\=dwarf -dwarf-version\=4 -module-cache-path /Users/runner/work/huamei-indexTTS/huamei-indexTTS/DerivedData/Build/Intermediates.noindex/SwiftExplicitPrecompiledModules -swift-version 5 -Onone -D DEBUG -serialize-debugging-options -const-gather-protocols-file /Users/runner/work/huamei-indexTTS/huamei-indexTTS/DerivedData/Build/Intermediates.noindex/HuameiIndexTTS.build/Debug-iphoneos/HuameiIndexTTS.build/Objects-normal/arm64/HuameiIndexTTS_const_extract_protocols.json -enable-experimental-feature DebugDescriptionMacro -enable-bare-slash-regex -empty-abi-descriptor -validate-clang-modules-once -clang-build-session-file /Users/runner/work/huamei-indexTTS/huamei-indexTTS/DerivedData/ModuleCache.noindex/Session.modulevalidation -enable-anonymous-context-mangled-names -file-compilation-dir /Users/runner/work/huamei-indexTTS/huamei-indexTTS/ios -cache-compile-job -cas-path /Users/runner/work/huamei-indexTTS/huamei-indexTTS/DerivedData/CompilationCache.noindex/builtin -auto-bridging-header-chaining -module-name HuameiIndexTTS -frontend-parseable-output -disable-clang-spi -clang-target arm64-apple-ios26.5 -target-sdk-version 26.5 -target-sdk-name iphoneos26.5 -in-process-plugin-server-path /Applications/Xcode_26.6.app/Contents/Developer/Toolchains/XcodeDefault.xctoolchain/usr/lib/swift/host/libSwiftInProcPluginServer.dylib -o /Users/runner/work/huamei-indexTTS/huamei-indexTTS/DerivedData/Build/Intermediates.noindex/HuameiIndexTTS.build/Debug-iphoneos/HuameiIndexTTS.build/Objects-normal/arm64/SessionStore.o -o /Users/runner/work/huamei-indexTTS/huamei-indexTTS/DerivedData/Build/Intermediates.noindex/HuameiIndexTTS.build/Debug-iphoneos/HuameiIndexTTS.build/Objects-normal/arm64/SettingsSheet.o -o /Users/runner/work/huamei-indexTTS/huamei-indexTTS/DerivedData/Build/Intermediates.noindex/HuameiIndexTTS.build/Debug-iphoneos/HuameiIndexTTS.build/Objects-normal/arm64/SynthesizeControl.o -o /Users/runner/work/huamei-indexTTS/huamei-indexTTS/DerivedData/Build/Intermediates.noindex/HuameiIndexTTS.build/Debug-iphoneos/HuameiIndexTTS.build/Objects-normal/arm64/TextInputCard.o -o /Users/runner/work/huamei-indexTTS/huamei-indexTTS/DerivedData/Build/Intermediates.noindex/HuameiIndexTTS.build/Debug-iphoneos/HuameiIndexTTS.build/Objects-normal/arm64/VideoAudioExtractor.o -o /Users/runner/work/huamei-indexTTS/huamei-indexTTS/DerivedData/Build/Intermediates.noindex/HuameiIndexTTS.build/Debug-iphoneos/HuameiIndexTTS.build/Objects-normal/arm64/VoiceReferenceCard.o -index-unit-output-path /HuameiIndexTTS.build/Debug-iphoneos/HuameiIndexTTS.build/Objects-normal/arm64/SessionStore.o -index-unit-output-path /HuameiIndexTTS.build/Debug-iphoneos/HuameiIndexTTS.build/Objects-normal/arm64/SettingsSheet.o -index-unit-output-path /HuameiIndexTTS.build/Debug-iphoneos/HuameiIndexTTS.build/Objects-normal/arm64/SynthesizeControl.o -index-unit-output-path /HuameiIndexTTS.build/Debug-iphoneos/HuameiIndexTTS.build/Objects-normal/arm64/TextInputCard.o -index-unit-output-path /HuameiIndexTTS.build/Debug-iphoneos/HuameiIndexTTS.build/Objects-normal/arm64/VideoAudioExtractor.o -index-unit-output-path /HuameiIndexTTS.build/Debug-iphoneos/HuameiIndexTTS.build/Objects-normal/arm64/VoiceReferenceCard.o
build	Build IPA	2026-09-05T05:47:54.9322040Z /Users/runner/work/huamei-indexTTS/huamei-indexTTS/ios/Sources/HuameiIndexTTS/Views/TextInputCard.swift:31:34: error: cannot find '$s' in scope
build	Build IPA	2026-09-05T05:47:54.9325340Z                 TextEditor(text: $s.text)
build	Build IPA	2026-09-05T05:47:54.9326890Z                                  ^~
build	Build IPA	2026-09-05T05:47:54.9750840Z ** BUILD FAILED **
build	Build IPA	2026-09-05T05:47:54.9879640Z 
build	Build IPA	2026-09-05T05:47:55.2611040Z ##[error]Process completed with exit code 65.
