build	Build IPA	﻿2026-09-05T05:33:11.2516560Z ##[group]Run set -e
build	Build IPA	2026-09-05T05:33:11.2517600Z [36;1mset -e[0m
build	Build IPA	2026-09-05T05:33:11.2517770Z [36;1m[0m
build	Build IPA	2026-09-05T05:33:11.2517980Z [36;1m# Navigate to iOS project[0m
build	Build IPA	2026-09-05T05:33:11.2518210Z [36;1mcd "$IOS_PATH"[0m
build	Build IPA	2026-09-05T05:33:11.2518400Z [36;1m[0m
build	Build IPA	2026-09-05T05:33:11.2518560Z [36;1m# Find workspace or project[0m
build	Build IPA	2026-09-05T05:33:11.2518900Z [36;1m# 本仓库为 SwiftPM + XcodeGen（无 .xcodeproj 入库）：CI 的 find 探测[0m
build	Build IPA	2026-09-05T05:33:11.2519220Z [36;1m# 在 macOS runner 上行为不可靠，这里直接强制生成并写死工程绝对路径。[0m
build	Build IPA	2026-09-05T05:33:11.2519560Z [36;1mcommand -v xcodegen >/dev/null 2>&1 || brew install xcodegen[0m
build	Build IPA	2026-09-05T05:33:11.2519960Z [36;1mecho "Regenerating project with xcodegen (deterministic)..."[0m
build	Build IPA	2026-09-05T05:33:11.2520270Z [36;1mxcodegen generate[0m
build	Build IPA	2026-09-05T05:33:11.2520470Z [36;1mWORKSPACE=""[0m
build	Build IPA	2026-09-05T05:33:11.2520700Z [36;1mPROJECT="$(pwd)/HuameiIndexTTS.xcodeproj"[0m
build	Build IPA	2026-09-05T05:33:11.2520970Z [36;1mecho "Using project: $PROJECT"[0m
build	Build IPA	2026-09-05T05:33:11.2521180Z [36;1m[0m
build	Build IPA	2026-09-05T05:33:11.2521520Z [36;1m# Install pods if Podfile exists (always run to ensure sync with Podfile.lock)[0m
build	Build IPA	2026-09-05T05:33:11.2521890Z [36;1mif [ -f "Podfile" ]; then[0m
build	Build IPA	2026-09-05T05:33:11.2522120Z [36;1m  echo "Running pod install..."[0m
build	Build IPA	2026-09-05T05:33:11.2522350Z [36;1m  pod install[0m
build	Build IPA	2026-09-05T05:33:11.2522620Z [36;1m  WORKSPACE=$(find . -maxdepth 1 -name "*.xcworkspace" | head -1)[0m
build	Build IPA	2026-09-05T05:33:11.2522930Z [36;1mfi[0m
build	Build IPA	2026-09-05T05:33:11.2523070Z [36;1m[0m
build	Build IPA	2026-09-05T05:33:11.2523290Z [36;1m# Determine scheme (only needed for native projects)[0m
build	Build IPA	2026-09-05T05:33:11.2523640Z [36;1mif [ -z "$SCHEME" ] && [ "$PROJECT_TYPE" = "native" ]; then[0m
build	Build IPA	2026-09-05T05:33:11.2523930Z [36;1m  if [ -n "$WORKSPACE" ]; then[0m
build	Build IPA	2026-09-05T05:33:11.2524160Z [36;1m    TARGET_FLAG=-workspace[0m
build	Build IPA	2026-09-05T05:33:11.2524400Z [36;1m    TARGET_PATH=$WORKSPACE[0m
build	Build IPA	2026-09-05T05:33:11.2524650Z [36;1m    BASE=$(basename "$WORKSPACE" .xcworkspace)[0m
build	Build IPA	2026-09-05T05:33:11.2524900Z [36;1m  else[0m
build	Build IPA	2026-09-05T05:33:11.2525080Z [36;1m    TARGET_FLAG=-project[0m
build	Build IPA	2026-09-05T05:33:11.2525300Z [36;1m    TARGET_PATH=$PROJECT[0m
build	Build IPA	2026-09-05T05:33:11.2525890Z [36;1m    BASE=$(basename "$PROJECT" .xcodeproj)[0m
build	Build IPA	2026-09-05T05:33:11.2526120Z [36;1m  fi[0m
build	Build IPA	2026-09-05T05:33:11.2526270Z [36;1m[0m
build	Build IPA	2026-09-05T05:33:11.2526700Z [36;1m  SCHEMES=$(xcodebuild "$TARGET_FLAG" "$TARGET_PATH" -list -json 2>/dev/null | jq -r '(.workspace // .project).schemes[]?' || true)[0m
build	Build IPA	2026-09-05T05:33:11.2527170Z [36;1m  if [ -z "$SCHEMES" ]; then[0m
build	Build IPA	2026-09-05T05:33:11.2527690Z [36;1m    SCHEMES=$(xcodebuild "$TARGET_FLAG" "$TARGET_PATH" -list 2>/dev/null | sed -n '/Schemes:/,$p' | tail -n +2 | sed 's/^[[:space:]]*//' | sed '/^$/d' || true)[0m
build	Build IPA	2026-09-05T05:33:11.2528190Z [36;1m  fi[0m
build	Build IPA	2026-09-05T05:33:11.2528370Z [36;1m  echo "Schemes:"[0m
build	Build IPA	2026-09-05T05:33:11.2528610Z [36;1m  printf '%s\n' "$SCHEMES" | sed 's/^/  /'[0m
build	Build IPA	2026-09-05T05:33:11.2528830Z [36;1m[0m
build	Build IPA	2026-09-05T05:33:11.2529060Z [36;1m  # In a workspace, the scheme list also holds package and pod[0m
build	Build IPA	2026-09-05T05:33:11.2529460Z [36;1m  # schemes, and they sort ahead of the app as often as not. The[0m
build	Build IPA	2026-09-05T05:33:11.2529860Z [36;1m  # scheme named after the project is the app in nearly every repo.[0m
build	Build IPA	2026-09-05T05:33:11.2530280Z [36;1m  SCHEME=$(printf '%s\n' "$SCHEMES" | grep -Fx "$BASE" | head -1 || true)[0m
build	Build IPA	2026-09-05T05:33:11.2530620Z [36;1m  if [ -z "$SCHEME" ]; then[0m
build	Build IPA	2026-09-05T05:33:11.2530950Z [36;1m    SCHEME=$(printf '%s\n' "$SCHEMES" | grep -v '^Pods-' | while IFS= read -r s; do[0m
build	Build IPA	2026-09-05T05:33:11.2531300Z [36;1m      [ -n "$s" ] || continue[0m
build	Build IPA	2026-09-05T05:33:11.2531600Z [36;1m      # A scheme that belongs to a local Swift package is not the app.[0m
build	Build IPA	2026-09-05T05:33:11.2532070Z [36;1m      [ -z "$(find . -maxdepth 4 -path "*/$s/Package.swift" -print -quit)" ] || continue[0m
build	Build IPA	2026-09-05T05:33:11.2532440Z [36;1m      printf '%s\n' "$s"[0m
build	Build IPA	2026-09-05T05:33:11.2532640Z [36;1m      break[0m
build	Build IPA	2026-09-05T05:33:11.2533020Z [36;1m    done)[0m
build	Build IPA	2026-09-05T05:33:11.2533220Z [36;1m  fi[0m
build	Build IPA	2026-09-05T05:33:11.2533480Z [36;1m  echo "Building with scheme: $SCHEME (configuration: $CONFIGURATION)"[0m
build	Build IPA	2026-09-05T05:33:11.2533890Z [36;1mfi[0m
build	Build IPA	2026-09-05T05:33:11.2534060Z [36;1m[0m
build	Build IPA	2026-09-05T05:33:11.2545170Z [36;1mif [ "$PROJECT_TYPE" = "native" ]; then[0m
build	Build IPA	2026-09-05T05:33:11.2545690Z [36;1m  if [ -z "$WORKSPACE" ] && [ -z "$PROJECT" ]; then[0m
build	Build IPA	2026-09-05T05:33:11.2546320Z [36;1m    echo "::error::No .xcworkspace or .xcodeproj found in '$IOS_PATH'. If the project is generated (XcodeGen/Tuist), commit it or add a generation step."[0m
build	Build IPA	2026-09-05T05:33:11.2546850Z [36;1m    exit 1[0m
build	Build IPA	2026-09-05T05:33:11.2547010Z [36;1m  fi[0m
build	Build IPA	2026-09-05T05:33:11.2547180Z [36;1m  if [ -z "$SCHEME" ]; then[0m
build	Build IPA	2026-09-05T05:33:11.2547750Z [36;1m    echo "::error::Could not determine a scheme. Pass one via the 'scheme' input, or make sure the project has a shared scheme."[0m
build	Build IPA	2026-09-05T05:33:11.2548240Z [36;1m    exit 1[0m
build	Build IPA	2026-09-05T05:33:11.2548420Z [36;1m  fi[0m
build	Build IPA	2026-09-05T05:33:11.2548570Z [36;1mfi[0m
build	Build IPA	2026-09-05T05:33:11.2548730Z [36;1m[0m
build	Build IPA	2026-09-05T05:33:11.2548980Z [36;1m# Use custom DerivedData path for caching[0m
build	Build IPA	2026-09-05T05:33:11.2549330Z [36;1mDERIVED_DATA_PATH="${GITHUB_WORKSPACE}/DerivedData"[0m
build	Build IPA	2026-09-05T05:33:11.2549660Z [36;1m[0m
build	Build IPA	2026-09-05T05:33:11.2549880Z [36;1mif [ "$PROJECT_TYPE" = "flutter" ]; then[0m
build	Build IPA	2026-09-05T05:33:11.2550120Z [36;1m  cd "$GITHUB_WORKSPACE"[0m
build	Build IPA	2026-09-05T05:33:11.2550370Z [36;1m  if [ "$CONFIGURATION" = "Debug" ]; then[0m
build	Build IPA	2026-09-05T05:33:11.2550630Z [36;1m    echo "Building Flutter iOS Debug..."[0m
build	Build IPA	2026-09-05T05:33:11.2551050Z [36;1m    flutter build ios --debug --no-codesign[0m
build	Build IPA	2026-09-05T05:33:11.2551350Z [36;1m  else[0m
build	Build IPA	2026-09-05T05:33:11.2551640Z [36;1m    echo "Building Flutter iOS Release..."[0m
build	Build IPA	2026-09-05T05:33:11.2552010Z [36;1m    flutter build ios --release --no-codesign[0m
build	Build IPA	2026-09-05T05:33:11.2552300Z [36;1m  fi[0m
build	Build IPA	2026-09-05T05:33:11.2552470Z [36;1m  cd "$IOS_PATH"[0m
build	Build IPA	2026-09-05T05:33:11.2552630Z [36;1m[0m
build	Build IPA	2026-09-05T05:33:11.2552790Z [36;1m  if [ "$USE_SIGNING" = "true" ]; then[0m
build	Build IPA	2026-09-05T05:33:11.2553490Z [36;1m    # 'flutter build ios' never signs, so archive the Runner project it[0m
build	Build IPA	2026-09-05T05:33:11.2553900Z [36;1m    # generated. The IPA step below exports build/App.xcarchive[0m
build	Build IPA	2026-09-05T05:33:11.2554610Z [36;1m    # whenever signing is on.[0m
build	Build IPA	2026-09-05T05:33:11.2554850Z [36;1m    ARCHIVE_CMD="xcodebuild"[0m
build	Build IPA	2026-09-05T05:33:11.2555090Z [36;1m    if [ -n "$WORKSPACE" ]; then[0m
build	Build IPA	2026-09-05T05:33:11.2555380Z [36;1m      ARCHIVE_CMD="$ARCHIVE_CMD -workspace '$WORKSPACE'"[0m
build	Build IPA	2026-09-05T05:33:11.2555730Z [36;1m    elif [ -n "$PROJECT" ]; then[0m
build	Build IPA	2026-09-05T05:33:11.2556070Z [36;1m      ARCHIVE_CMD="$ARCHIVE_CMD -project '$PROJECT'"[0m
build	Build IPA	2026-09-05T05:33:11.2556320Z [36;1m    else[0m
build	Build IPA	2026-09-05T05:33:11.2556650Z [36;1m      echo "::error::Signing requested but no Runner workspace/project found in '$IOS_PATH'."[0m
build	Build IPA	2026-09-05T05:33:11.2557080Z [36;1m      exit 1[0m
build	Build IPA	2026-09-05T05:33:11.2557280Z [36;1m    fi[0m
build	Build IPA	2026-09-05T05:33:11.2557430Z [36;1m[0m
build	Build IPA	2026-09-05T05:33:11.2557630Z [36;1m    ARCHIVE_CMD="$ARCHIVE_CMD -scheme '${SCHEME:-Runner}'"[0m
build	Build IPA	2026-09-05T05:33:11.2557990Z [36;1m    ARCHIVE_CMD="$ARCHIVE_CMD -configuration '$CONFIGURATION'"[0m
build	Build IPA	2026-09-05T05:33:11.2558380Z [36;1m    ARCHIVE_CMD="$ARCHIVE_CMD -destination 'generic/platform=iOS'"[0m
build	Build IPA	2026-09-05T05:33:11.2558780Z [36;1m    ARCHIVE_CMD="$ARCHIVE_CMD -derivedDataPath '$DERIVED_DATA_PATH'"[0m
build	Build IPA	2026-09-05T05:33:11.2559190Z [36;1m    ARCHIVE_CMD="$ARCHIVE_CMD COMPILER_INDEX_STORE_ENABLE=NO"[0m
build	Build IPA	2026-09-05T05:33:11.2559580Z [36;1m    ARCHIVE_CMD="$ARCHIVE_CMD DEVELOPMENT_TEAM='$DEVELOPMENT_TEAM'"[0m
build	Build IPA	2026-09-05T05:33:11.2560040Z [36;1m    ARCHIVE_CMD="$ARCHIVE_CMD CODE_SIGN_STYLE=Manual"[0m
build	Build IPA	2026-09-05T05:33:11.2560490Z [36;1m    ARCHIVE_CMD="$ARCHIVE_CMD PROVISIONING_PROFILE_SPECIFIER='$PROVISIONING_PROFILE_NAME'"[0m
build	Build IPA	2026-09-05T05:33:11.2560900Z [36;1m    ARCHIVE_CMD="$ARCHIVE_CMD -quiet"[0m
build	Build IPA	2026-09-05T05:33:11.2561490Z [36;1m    ARCHIVE_CMD="$ARCHIVE_CMD -archivePath '$GITHUB_WORKSPACE/build/App.xcarchive' archive"[0m
build	Build IPA	2026-09-05T05:33:11.2561860Z [36;1m[0m
build	Build IPA	2026-09-05T05:33:11.2562030Z [36;1m    echo "Running: $ARCHIVE_CMD"[0m
build	Build IPA	2026-09-05T05:33:11.2562340Z [36;1m    eval $ARCHIVE_CMD[0m
build	Build IPA	2026-09-05T05:33:11.2562590Z [36;1m  fi[0m
build	Build IPA	2026-09-05T05:33:11.2562930Z [36;1melif [ "$PROJECT_TYPE" = "reactnative" ] || [ "$PROJECT_TYPE" = "expo" ] || [ "$PROJECT_TYPE" = "kmp" ]; then[0m
build	Build IPA	2026-09-05T05:33:11.2563550Z [36;1m  # Use xcodebuild directly for React Native/Expo and Kotlin Multiplatform.[0m
build	Build IPA	2026-09-05T05:33:11.2564060Z [36;1m  # For KMP, the Xcode build phase (or CocoaPods) invokes Gradle to[0m
build	Build IPA	2026-09-05T05:33:11.2564490Z [36;1m  # compile the shared Kotlin framework, so the JDK must be on PATH.[0m
build	Build IPA	2026-09-05T05:33:11.2564840Z [36;1m  if [ "$PROJECT_TYPE" = "kmp" ]; then[0m
build	Build IPA	2026-09-05T05:33:11.2565170Z [36;1m    echo "Building Kotlin Multiplatform iOS ($CONFIGURATION)..."[0m
build	Build IPA	2026-09-05T05:33:11.2565700Z [36;1m    if [ -f "${GITHUB_WORKSPACE}/gradlew" ]; then[0m
build	Build IPA	2026-09-05T05:33:11.2566040Z [36;1m      chmod +x "${GITHUB_WORKSPACE}/gradlew"[0m
build	Build IPA	2026-09-05T05:33:11.2566280Z [36;1m    fi[0m
build	Build IPA	2026-09-05T05:33:11.2566490Z [36;1m  else[0m
build	Build IPA	2026-09-05T05:33:11.2566760Z [36;1m    echo "Building React Native iOS ($CONFIGURATION)..."[0m
build	Build IPA	2026-09-05T05:33:11.2567100Z [36;1m  fi[0m
build	Build IPA	2026-09-05T05:33:11.2567300Z [36;1m  BUILD_CMD="xcodebuild"[0m
build	Build IPA	2026-09-05T05:33:11.2567530Z [36;1m  if [ -n "$WORKSPACE" ]; then[0m
build	Build IPA	2026-09-05T05:33:11.2567820Z [36;1m    BUILD_CMD="$BUILD_CMD -workspace $WORKSPACE"[0m
build	Build IPA	2026-09-05T05:33:11.2568090Z [36;1m  elif [ -n "$PROJECT" ]; then[0m
build	Build IPA	2026-09-05T05:33:11.2568350Z [36;1m    BUILD_CMD="$BUILD_CMD -project $PROJECT"[0m
build	Build IPA	2026-09-05T05:33:11.2568580Z [36;1m  fi[0m
build	Build IPA	2026-09-05T05:33:11.2568730Z [36;1m[0m
build	Build IPA	2026-09-05T05:33:11.2569050Z [36;1m  # Auto-detect scheme from workspace/project name (e.g., MyApp.xcworkspace -> MyApp)[0m
build	Build IPA	2026-09-05T05:33:11.2569450Z [36;1m  # unless an explicit scheme was provided.[0m
build	Build IPA	2026-09-05T05:33:11.2569890Z [36;1m  if [ -z "$SCHEME" ]; then[0m
build	Build IPA	2026-09-05T05:33:11.2570150Z [36;1m    if [ -n "$WORKSPACE" ]; then[0m
build	Build IPA	2026-09-05T05:33:11.2570440Z [36;1m      SCHEME=$(basename "$WORKSPACE" .xcworkspace)[0m
build	Build IPA	2026-09-05T05:33:11.2570730Z [36;1m    elif [ -n "$PROJECT" ]; then[0m
build	Build IPA	2026-09-05T05:33:11.2570990Z [36;1m      SCHEME=$(basename "$PROJECT" .xcodeproj)[0m
build	Build IPA	2026-09-05T05:33:11.2571230Z [36;1m    fi[0m
build	Build IPA	2026-09-05T05:33:11.2571420Z [36;1m  fi[0m
build	Build IPA	2026-09-05T05:33:11.2571600Z [36;1m[0m
build	Build IPA	2026-09-05T05:33:11.2571820Z [36;1m  BUILD_CMD="$BUILD_CMD -scheme '$SCHEME'"[0m
build	Build IPA	2026-09-05T05:33:11.2572220Z [36;1m  BUILD_CMD="$BUILD_CMD -configuration '$CONFIGURATION'"[0m
build	Build IPA	2026-09-05T05:33:11.2572620Z [36;1m  BUILD_CMD="$BUILD_CMD -destination 'generic/platform=iOS'"[0m
build	Build IPA	2026-09-05T05:33:11.2573030Z [36;1m  BUILD_CMD="$BUILD_CMD -derivedDataPath '$DERIVED_DATA_PATH'"[0m
build	Build IPA	2026-09-05T05:33:11.2573380Z [36;1m  BUILD_CMD="$BUILD_CMD COMPILER_INDEX_STORE_ENABLE=NO"[0m
build	Build IPA	2026-09-05T05:33:11.2573660Z [36;1m  BUILD_CMD="$BUILD_CMD -quiet"[0m
build	Build IPA	2026-09-05T05:33:11.2573860Z [36;1m[0m
build	Build IPA	2026-09-05T05:33:11.2574010Z [36;1m  if [ "$USE_SIGNING" = "true" ]; then[0m
build	Build IPA	2026-09-05T05:33:11.2574300Z [36;1m    # Must archive, not build: the IPA step below exports[0m
build	Build IPA	2026-09-05T05:33:11.2574620Z [36;1m    # build/App.xcarchive whenever signing is on.[0m
build	Build IPA	2026-09-05T05:33:11.2574940Z [36;1m    BUILD_CMD="$BUILD_CMD DEVELOPMENT_TEAM='$DEVELOPMENT_TEAM'"[0m
build	Build IPA	2026-09-05T05:33:11.2575270Z [36;1m    BUILD_CMD="$BUILD_CMD CODE_SIGN_STYLE=Manual"[0m
build	Build IPA	2026-09-05T05:33:11.2575660Z [36;1m    BUILD_CMD="$BUILD_CMD PROVISIONING_PROFILE_SPECIFIER='$PROVISIONING_PROFILE_NAME'"[0m
build	Build IPA	2026-09-05T05:33:11.2576150Z [36;1m    BUILD_CMD="$BUILD_CMD -archivePath '$GITHUB_WORKSPACE/build/App.xcarchive' archive"[0m
build	Build IPA	2026-09-05T05:33:11.2576490Z [36;1m  else[0m
build	Build IPA	2026-09-05T05:33:11.2576700Z [36;1m    BUILD_CMD="$BUILD_CMD CODE_SIGNING_ALLOWED=NO build"[0m
build	Build IPA	2026-09-05T05:33:11.2577250Z [36;1m  fi[0m
build	Build IPA	2026-09-05T05:33:11.2577420Z [36;1m[0m
build	Build IPA	2026-09-05T05:33:11.2577580Z [36;1m  echo "Running: $BUILD_CMD"[0m
build	Build IPA	2026-09-05T05:33:11.2577780Z [36;1m  eval $BUILD_CMD[0m
build	Build IPA	2026-09-05T05:33:11.2577960Z [36;1melse[0m
build	Build IPA	2026-09-05T05:33:11.2578140Z [36;1m  BUILD_CMD="xcodebuild"[0m
build	Build IPA	2026-09-05T05:33:11.2578350Z [36;1m  if [ -n "$WORKSPACE" ]; then[0m
build	Build IPA	2026-09-05T05:33:11.2578590Z [36;1m    BUILD_CMD="$BUILD_CMD -workspace $WORKSPACE"[0m
build	Build IPA	2026-09-05T05:33:11.2578850Z [36;1m  elif [ -n "$PROJECT" ]; then[0m
build	Build IPA	2026-09-05T05:33:11.2579090Z [36;1m    BUILD_CMD="$BUILD_CMD -project $PROJECT"[0m
build	Build IPA	2026-09-05T05:33:11.2579320Z [36;1m  fi[0m
build	Build IPA	2026-09-05T05:33:11.2579450Z [36;1m[0m
build	Build IPA	2026-09-05T05:33:11.2579610Z [36;1m  BUILD_CMD="$BUILD_CMD -scheme '$SCHEME'"[0m
build	Build IPA	2026-09-05T05:33:11.2579920Z [36;1m  BUILD_CMD="$BUILD_CMD -configuration '$CONFIGURATION'"[0m
build	Build IPA	2026-09-05T05:33:11.2580260Z [36;1m  BUILD_CMD="$BUILD_CMD -destination 'generic/platform=iOS'"[0m
build	Build IPA	2026-09-05T05:33:11.2580620Z [36;1m  BUILD_CMD="$BUILD_CMD -derivedDataPath '$DERIVED_DATA_PATH'"[0m
build	Build IPA	2026-09-05T05:33:11.2580900Z [36;1m[0m
build	Build IPA	2026-09-05T05:33:11.2581050Z [36;1m  # Speed optimization flags[0m
build	Build IPA	2026-09-05T05:33:11.2581310Z [36;1m  BUILD_CMD="$BUILD_CMD COMPILER_INDEX_STORE_ENABLE=NO"[0m
build	Build IPA	2026-09-05T05:33:11.2581650Z [36;1m  BUILD_CMD="$BUILD_CMD DEBUG_INFORMATION_FORMAT=dwarf"[0m
build	Build IPA	2026-09-05T05:33:11.2581980Z [36;1m  BUILD_CMD="$BUILD_CMD ONLY_ACTIVE_ARCH=YES"[0m
build	Build IPA	2026-09-05T05:33:11.2582230Z [36;1m  BUILD_CMD="$BUILD_CMD -quiet"[0m
build	Build IPA	2026-09-05T05:33:11.2582420Z [36;1m[0m
build	Build IPA	2026-09-05T05:33:11.2582610Z [36;1m  # mlx-swift 自带 CudaBuild 构建插件在 iOS 交叉编译下无法通过验证 →[0m
build	Build IPA	2026-09-05T05:33:11.2582900Z [36;1m  # 跳过包插件校验（不影响产物，规避 "Validate plug-in ... failed"）[0m
build	Build IPA	2026-09-05T05:33:11.2583200Z [36;1m  BUILD_CMD="$BUILD_CMD -skipPackagePluginValidation"[0m
build	Build IPA	2026-09-05T05:33:11.2583450Z [36;1m[0m
build	Build IPA	2026-09-05T05:33:11.2583610Z [36;1m  # Xcode 16+ native compilation caching[0m
build	Build IPA	2026-09-05T05:33:11.2583920Z [36;1m  BUILD_CMD="$BUILD_CMD SWIFT_ENABLE_COMPILE_CACHE=YES"[0m
build	Build IPA	2026-09-05T05:33:11.2584440Z [36;1m  BUILD_CMD="$BUILD_CMD CLANG_ENABLE_COMPILE_CACHE=YES"[0m
build	Build IPA	2026-09-05T05:33:11.2584690Z [36;1m[0m
build	Build IPA	2026-09-05T05:33:11.2584850Z [36;1m  if [ "$USE_SIGNING" = "true" ]; then[0m
build	Build IPA	2026-09-05T05:33:11.2585200Z [36;1m    # For signed builds, use archive. Automatic signing cannot resolve a[0m
build	Build IPA	2026-09-05T05:33:11.2585670Z [36;1m    # team on a runner (no Xcode account), so sign manually against the[0m
build	Build IPA	2026-09-05T05:33:11.2586030Z [36;1m    # profile installed above.[0m
build	Build IPA	2026-09-05T05:33:11.2586360Z [36;1m    BUILD_CMD="$BUILD_CMD DEVELOPMENT_TEAM='$DEVELOPMENT_TEAM'"[0m
build	Build IPA	2026-09-05T05:33:11.2586740Z [36;1m    BUILD_CMD="$BUILD_CMD CODE_SIGN_STYLE=Manual"[0m
build	Build IPA	2026-09-05T05:33:11.2587120Z [36;1m    BUILD_CMD="$BUILD_CMD PROVISIONING_PROFILE_SPECIFIER='$PROVISIONING_PROFILE_NAME'"[0m
build	Build IPA	2026-09-05T05:33:11.2587620Z [36;1m    BUILD_CMD="$BUILD_CMD -archivePath '$GITHUB_WORKSPACE/build/App.xcarchive' archive"[0m
build	Build IPA	2026-09-05T05:33:11.2587960Z [36;1m  else[0m
build	Build IPA	2026-09-05T05:33:11.2588160Z [36;1m    # For unsigned builds, use faster 'build' action[0m
build	Build IPA	2026-09-05T05:33:11.2588480Z [36;1m    BUILD_CMD="$BUILD_CMD CODE_SIGNING_ALLOWED=NO build"[0m
build	Build IPA	2026-09-05T05:33:11.2588730Z [36;1m  fi[0m
build	Build IPA	2026-09-05T05:33:11.2588870Z [36;1m[0m
build	Build IPA	2026-09-05T05:33:11.2589060Z [36;1m  echo "Running: $BUILD_CMD"[0m
build	Build IPA	2026-09-05T05:33:11.2589310Z [36;1m  eval $BUILD_CMD[0m
build	Build IPA	2026-09-05T05:33:11.2589480Z [36;1mfi[0m
build	Build IPA	2026-09-05T05:33:11.2589610Z [36;1m[0m
build	Build IPA	2026-09-05T05:33:11.2589740Z [36;1m# Create IPA[0m
build	Build IPA	2026-09-05T05:33:11.2589940Z [36;1mif [ "$USE_SIGNING" = "true" ]; then[0m
build	Build IPA	2026-09-05T05:33:11.2590280Z [36;1m  # For signed builds, use xcodebuild -exportArchive.[0m
build	Build IPA	2026-09-05T05:33:11.2590710Z [36;1m  # Everything below is relative to the repo root, which is also what[0m
build	Build IPA	2026-09-05T05:33:11.2591140Z [36;1m  # the upload-artifact step ("build/*.ipa") resolves against — do not[0m
build	Build IPA	2026-09-05T05:33:11.2591750Z [36;1m  # use "cd .." here, it breaks when ios_path is "." (native at root).[0m
build	Build IPA	2026-09-05T05:33:11.2592050Z [36;1m  cd "$GITHUB_WORKSPACE"[0m
build	Build IPA	2026-09-05T05:33:11.2592240Z [36;1m[0m
build	Build IPA	2026-09-05T05:33:11.2592460Z [36;1m  # The export has to use the same manual signing as the archive, and[0m
build	Build IPA	2026-09-05T05:33:11.2592830Z [36;1m  # it needs the app's real bundle id to map it to the profile.[0m
build	Build IPA	2026-09-05T05:33:11.2593370Z [36;1m  APP_BUNDLE_ID=$(plutil -extract ApplicationProperties.CFBundleIdentifier raw -o - build/App.xcarchive/Info.plist)[0m
build	Build IPA	2026-09-05T05:33:11.2594020Z [36;1m  echo "Exporting $APP_BUNDLE_ID with profile '$PROVISIONING_PROFILE_NAME' (team $DEVELOPMENT_TEAM)"[0m
build	Build IPA	2026-09-05T05:33:11.2594400Z [36;1m[0m
build	Build IPA	2026-09-05T05:33:11.2594550Z [36;1m  printf '%s\n' \[0m
build	Build IPA	2026-09-05T05:33:11.2594810Z [36;1m    '<?xml version="1.0" encoding="UTF-8"?>' \[0m
build	Build IPA	2026-09-05T05:33:11.2595300Z [36;1m    '<!DOCTYPE plist PUBLIC "-//Apple//DTD PLIST 1.0//EN" "http://www.apple.com/DTDs/PropertyList-1.0.dtd">' \[0m
build	Build IPA	2026-09-05T05:33:11.2595720Z [36;1m    '<plist version="1.0">' \[0m
build	Build IPA	2026-09-05T05:33:11.2595920Z [36;1m    '<dict>' \[0m
build	Build IPA	2026-09-05T05:33:11.2596110Z [36;1m    '    <key>method</key>' \[0m
build	Build IPA	2026-09-05T05:33:11.2596390Z [36;1m    '    <string>development</string>' \[0m
build	Build IPA	2026-09-05T05:33:11.2596670Z [36;1m    '    <key>signingStyle</key>' \[0m
build	Build IPA	2026-09-05T05:33:11.2596950Z [36;1m    '    <string>manual</string>' \[0m
build	Build IPA	2026-09-05T05:33:11.2597180Z [36;1m    '    <key>teamID</key>' \[0m
build	Build IPA	2026-09-05T05:33:11.2597420Z [36;1m    "    <string>${DEVELOPMENT_TEAM}</string>" \[0m
build	Build IPA	2026-09-05T05:33:11.2597690Z [36;1m    '    <key>provisioningProfiles</key>' \[0m
build	Build IPA	2026-09-05T05:33:11.2597920Z [36;1m    '    <dict>' \[0m
build	Build IPA	2026-09-05T05:33:11.2598130Z [36;1m    "        <key>${APP_BUNDLE_ID}</key>" \[0m
build	Build IPA	2026-09-05T05:33:11.2598420Z [36;1m    "        <string>${PROVISIONING_PROFILE_NAME}</string>" \[0m
build	Build IPA	2026-09-05T05:33:11.2598680Z [36;1m    '    </dict>' \[0m
build	Build IPA	2026-09-05T05:33:11.2598860Z [36;1m    '</dict>' \[0m
build	Build IPA	2026-09-05T05:33:11.2599050Z [36;1m    '</plist>' > ExportOptions.plist[0m
build	Build IPA	2026-09-05T05:33:11.2599480Z [36;1m  xcodebuild -exportArchive \[0m
build	Build IPA	2026-09-05T05:33:11.2599720Z [36;1m    -archivePath build/App.xcarchive \[0m
build	Build IPA	2026-09-05T05:33:11.2600000Z [36;1m    -exportOptionsPlist ExportOptions.plist \[0m
build	Build IPA	2026-09-05T05:33:11.2600260Z [36;1m    -exportPath build/export[0m
build	Build IPA	2026-09-05T05:33:11.2600470Z [36;1m[0m
build	Build IPA	2026-09-05T05:33:11.2600630Z [36;1m  # Move IPA to expected location[0m
build	Build IPA	2026-09-05T05:33:11.2600900Z [36;1m  mv build/export/*.ipa "build/$BUILD_ID.ipa"[0m
build	Build IPA	2026-09-05T05:33:11.2601190Z [36;1m  echo "Created signed IPA: build/$BUILD_ID.ipa"[0m
build	Build IPA	2026-09-05T05:33:11.2601440Z [36;1melse[0m
build	Build IPA	2026-09-05T05:33:11.2601640Z [36;1m  # For unsigned builds, find .app and create IPA[0m
build	Build IPA	2026-09-05T05:33:11.2601920Z [36;1m  if [ "$PROJECT_TYPE" = "flutter" ]; then[0m
build	Build IPA	2026-09-05T05:33:11.2602190Z [36;1m    # Flutter outputs to build/ios/iphoneos/[0m
build	Build IPA	2026-09-05T05:33:11.2602600Z [36;1m    APP_PATH=$(find "${GITHUB_WORKSPACE}/build/ios/iphoneos" -name "*.app" -type d | head -1)[0m
build	Build IPA	2026-09-05T05:33:11.2602970Z [36;1m  else[0m
build	Build IPA	2026-09-05T05:33:11.2603210Z [36;1m    # Native and React Native/Expo use DerivedData. Ask the project[0m
build	Build IPA	2026-09-05T05:33:11.2603570Z [36;1m    # which bundle this scheme produces: the first .app under[0m
build	Build IPA	2026-09-05T05:33:11.2605170Z [36;1m    # Build/Products is the wrong one whenever the repo has more than[0m
build	Build IPA	2026-09-05T05:33:11.2605800Z [36;1m    # one app target.[0m
build	Build IPA	2026-09-05T05:33:11.2606010Z [36;1m    if [ -n "$WORKSPACE" ]; then[0m
build	Build IPA	2026-09-05T05:33:11.2606250Z [36;1m      TARGET_FLAG=-workspace[0m
build	Build IPA	2026-09-05T05:33:11.2606520Z [36;1m      TARGET_PATH=$WORKSPACE[0m
build	Build IPA	2026-09-05T05:33:11.2606740Z [36;1m    else[0m
build	Build IPA	2026-09-05T05:33:11.2606910Z [36;1m      TARGET_FLAG=-project[0m
build	Build IPA	2026-09-05T05:33:11.2607110Z [36;1m      TARGET_PATH=$PROJECT[0m
build	Build IPA	2026-09-05T05:33:11.2607290Z [36;1m    fi[0m
build	Build IPA	2026-09-05T05:33:11.2607510Z [36;1m    APP_PATH=$(xcodebuild "$TARGET_FLAG" "$TARGET_PATH" \[0m
build	Build IPA	2026-09-05T05:33:11.2608180Z [36;1m      -scheme "$SCHEME" \[0m
build	Build IPA	2026-09-05T05:33:11.2608410Z [36;1m      -configuration "$CONFIGURATION" \[0m
build	Build IPA	2026-09-05T05:33:11.2608680Z [36;1m      -destination 'generic/platform=iOS' \[0m
build	Build IPA	2026-09-05T05:33:11.2608960Z [36;1m      -derivedDataPath "$DERIVED_DATA_PATH" \[0m
build	Build IPA	2026-09-05T05:33:11.2609230Z [36;1m      -showBuildSettings -json 2>/dev/null \[0m
build	Build IPA	2026-09-05T05:33:11.2609490Z [36;1m      | jq -r 'map(.buildSettings)[0m
build	Build IPA	2026-09-05T05:33:11.2609830Z [36;1m               | map(select(.PRODUCT_TYPE == "com.apple.product-type.application"[0m
build	Build IPA	2026-09-05T05:33:11.2610240Z [36;1m                            and (.TARGET_BUILD_DIR | contains("-iphoneos"))))[0m
build	Build IPA	2026-09-05T05:33:11.2610590Z [36;1m               | map(.TARGET_BUILD_DIR + "/" + .FULL_PRODUCT_NAME)[0m
build	Build IPA	2026-09-05T05:33:11.2610890Z [36;1m               | first // empty' || true)[0m
build	Build IPA	2026-09-05T05:33:11.2611130Z [36;1m    if [ ! -d "$APP_PATH" ]; then[0m
build	Build IPA	2026-09-05T05:33:11.2611660Z [36;1m      APP_PATH=$(find "$DERIVED_DATA_PATH/Build/Products/${CONFIGURATION}-iphoneos" -maxdepth 1 -name "*.app" -type d -print -quit 2>/dev/null || true)[0m
build	Build IPA	2026-09-05T05:33:11.2612170Z [36;1m    fi[0m
build	Build IPA	2026-09-05T05:33:11.2612320Z [36;1m  fi[0m
build	Build IPA	2026-09-05T05:33:11.2612450Z [36;1m[0m
build	Build IPA	2026-09-05T05:33:11.2612600Z [36;1m  if [ -z "$APP_PATH" ]; then[0m
build	Build IPA	2026-09-05T05:33:11.2612820Z [36;1m    echo "Error: Could not find .app"[0m
build	Build IPA	2026-09-05T05:33:11.2613040Z [36;1m    exit 1[0m
build	Build IPA	2026-09-05T05:33:11.2613230Z [36;1m  fi[0m
build	Build IPA	2026-09-05T05:33:11.2613430Z [36;1m  echo "Found app at: $APP_PATH"[0m
build	Build IPA	2026-09-05T05:33:11.2613660Z [36;1m  cd "$GITHUB_WORKSPACE"[0m
build	Build IPA	2026-09-05T05:33:11.2613860Z [36;1m  mkdir -p build/Payload[0m
build	Build IPA	2026-09-05T05:33:11.2614080Z [36;1m  cp -R "$APP_PATH" build/Payload/[0m
build	Build IPA	2026-09-05T05:33:11.2614340Z [36;1m  cd build[0m
build	Build IPA	2026-09-05T05:33:11.2614560Z [36;1m  zip -rq "$BUILD_ID.ipa" Payload[0m
build	Build IPA	2026-09-05T05:33:11.2614880Z [36;1m  rm -rf Payload[0m
build	Build IPA	2026-09-05T05:33:11.2615140Z [36;1m  echo "Created unsigned IPA: build/$BUILD_ID.ipa"[0m
build	Build IPA	2026-09-05T05:33:11.2623740Z [36;1mfi[0m
build	Build IPA	2026-09-05T05:33:11.2658470Z shell: /bin/bash -e {0}
build	Build IPA	2026-09-05T05:33:11.2658660Z env:
build	Build IPA	2026-09-05T05:33:11.2658840Z   MD_APPLE_SDK_ROOT: /Applications/Xcode_26.6.app
build	Build IPA	2026-09-05T05:33:11.2659080Z   BUILD_ID: huamei-0905-133215
build	Build IPA	2026-09-05T05:33:11.2659260Z   IOS_PATH: ios
build	Build IPA	2026-09-05T05:33:11.2659410Z   SCHEME: HuameiIndexTTS
build	Build IPA	2026-09-05T05:33:11.2659580Z   PROJECT_TYPE: native
build	Build IPA	2026-09-05T05:33:11.2659770Z   USE_SIGNING: false
build	Build IPA	2026-09-05T05:33:11.2659960Z   CONFIGURATION: Debug
build	Build IPA	2026-09-05T05:33:11.2660140Z ##[endgroup]
build	Build IPA	2026-09-05T05:33:11.3068980Z Regenerating project with xcodegen (deterministic)...
build	Build IPA	2026-09-05T05:33:11.3193140Z ⚙️  Generating plists...
build	Build IPA	2026-09-05T05:33:11.3210840Z ⚙️  Generating project...
build	Build IPA	2026-09-05T05:33:11.3304430Z ⚙️  Writing project...
build	Build IPA	2026-09-05T05:33:11.3389000Z Created project at /Users/runner/work/huamei-indexTTS/huamei-indexTTS/ios/HuameiIndexTTS.xcodeproj
build	Build IPA	2026-09-05T05:33:11.3399430Z Using project: /Users/runner/work/huamei-indexTTS/huamei-indexTTS/ios/HuameiIndexTTS.xcodeproj
build	Build IPA	2026-09-05T05:33:11.3405830Z Running: xcodebuild -project /Users/runner/work/huamei-indexTTS/huamei-indexTTS/ios/HuameiIndexTTS.xcodeproj -scheme 'HuameiIndexTTS' -configuration 'Debug' -destination 'generic/platform=iOS' -derivedDataPath '/Users/runner/work/huamei-indexTTS/huamei-indexTTS/DerivedData' COMPILER_INDEX_STORE_ENABLE=NO DEBUG_INFORMATION_FORMAT=dwarf ONLY_ACTIVE_ARCH=YES -quiet -skipPackagePluginValidation SWIFT_ENABLE_COMPILE_CACHE=YES CLANG_ENABLE_COMPILE_CACHE=YES CODE_SIGNING_ALLOWED=NO build
build	Build IPA	2026-09-05T05:33:53.8004010Z In file included from /Users/runner/work/huamei-indexTTS/huamei-indexTTS/DerivedData/SourcePackages/checkouts/mlx-swift/Source/Cmlx/mlx-generated/metal/steel/attn/kernels/steel_attention.metal:6:
build	Build IPA	2026-09-05T05:33:53.8107260Z In file included from /Users/runner/work/huamei-indexTTS/huamei-indexTTS/DerivedData/SourcePackages/checkouts/mlx-swift/Source/Cmlx/mlx-generated/metal/steel/attn/kernels/../../../steel/attn/kernels/steel_attention.h:3:
build	Build IPA	2026-09-05T05:33:53.8208250Z In file included from /Users/runner/work/huamei-indexTTS/huamei-indexTTS/DerivedData/SourcePackages/checkouts/mlx-swift/Source/Cmlx/mlx-generated/metal/steel/attn/kernels/../../../steel/attn/attn.h:6:
build	Build IPA	2026-09-05T05:33:53.8311320Z In file included from /Users/runner/work/huamei-indexTTS/huamei-indexTTS/DerivedData/SourcePackages/checkouts/mlx-swift/Source/Cmlx/mlx-generated/metal/steel/attn/kernels/../../../steel/attn/../../steel/attn/mma.h:11:
build	Build IPA	2026-09-05T05:33:53.8432760Z /Users/runner/work/huamei-indexTTS/huamei-indexTTS/DerivedData/SourcePackages/checkouts/mlx-swift/Source/Cmlx/mlx-generated/metal/steel/attn/kernels/../../../steel/attn/../../steel/utils/integral_constant.h:108:6: warning: constexpr if is a C++17 extension [-Wc++17-extensions]
build	Build IPA	2026-09-05T05:33:53.8534080Z   if constexpr (start < stop) {
build	Build IPA	2026-09-05T05:33:53.8635420Z      ^
build	Build IPA	2026-09-05T05:33:53.8737480Z In file included from /Users/runner/work/huamei-indexTTS/huamei-indexTTS/DerivedData/SourcePackages/checkouts/mlx-swift/Source/Cmlx/mlx-generated/metal/steel/attn/kernels/steel_attention.metal:6:
build	Build IPA	2026-09-05T05:33:53.8837580Z /Users/runner/work/huamei-indexTTS/huamei-indexTTS/DerivedData/SourcePackages/checkouts/mlx-swift/Source/Cmlx/mlx-generated/metal/steel/attn/kernels/../../../steel/attn/kernels/steel_attention.h:356:16: warning: constexpr if is a C++17 extension [-Wc++17-extensions]
build	Build IPA	2026-09-05T05:33:53.8937030Z             if constexpr (is_bool) {
build	Build IPA	2026-09-05T05:33:53.9091140Z                ^
build	Build IPA	2026-09-05T05:33:53.9318140Z /Users/runner/work/huamei-indexTTS/huamei-indexTTS/DerivedData/SourcePackages/checkouts/mlx-swift/Source/Cmlx/mlx-generated/metal/steel/attn/kernels/../../../steel/attn/kernels/steel_attention.h:426:14: warning: constexpr if is a C++17 extension [-Wc++17-extensions]
build	Build IPA	2026-09-05T05:33:53.9319350Z           if constexpr (BD == 128) {
build	Build IPA	2026-09-05T05:33:53.9426630Z              ^
build	Build IPA	2026-09-05T05:33:53.9528670Z /Users/runner/work/huamei-indexTTS/huamei-indexTTS/DerivedData/SourcePackages/checkouts/mlx-swift/Source/Cmlx/mlx-generated/metal/steel/attn/kernels/../../../steel/attn/kernels/steel_attention.h:436:14: warning: constexpr if is a C++17 extension [-Wc++17-extensions]
build	Build IPA	2026-09-05T05:33:53.9636790Z           if constexpr (BD == 128) {
build	Build IPA	2026-09-05T05:33:53.9737920Z              ^
build	Build IPA	2026-09-05T05:33:53.9841880Z 4 warnings generated.
build	Build IPA	2026-09-05T05:33:56.1951080Z Cache hit
build	Build IPA	2026-09-05T05:33:56.2051280Z /Users/runner/work/huamei-indexTTS/huamei-indexTTS/ios/Sources/MLXIndexTTS2Core/TTSPipeline.swift:183:17: warning: initialization of immutable value 'sm' was never used; consider replacing with assignment to '_' or removing it
build	Build IPA	2026-09-05T05:33:56.2152870Z             let sm = try ensureS2Mel()
build	Build IPA	2026-09-05T05:33:56.2256290Z             ~~~~^~
build	Build IPA	2026-09-05T05:33:56.2357590Z             _
build	Build IPA	2026-09-05T05:33:56.2458700Z /Users/runner/work/huamei-indexTTS/huamei-indexTTS/ios/Sources/MLXIndexTTS2Core/Text/TiktokenBPE.swift:62:21: warning: immutable value 'token' was never used; consider replacing with '_' or removing it
build	Build IPA	2026-09-05T05:33:56.2561140Z             if let (token, id, consumed) = consumeSpecial(from: rest) {
build	Build IPA	2026-09-05T05:33:56.2663500Z ** BUILD FAILED **
build	Build IPA	2026-09-05T05:33:56.2663890Z                     ^~~~~
build	Build IPA	2026-09-05T05:33:56.2769070Z 
build	Build IPA	2026-09-05T05:33:56.2769380Z                     _
build	Build IPA	2026-09-05T05:33:56.2871210Z /Users/runner/work/huamei-indexTTS/huamei-indexTTS/ios/Sources/MLXIndexTTS2Core/Text/TiktokenBPE.swift:92:19: warning: value 'first' was defined but never used; consider replacing with boolean test
build	Build IPA	2026-09-05T05:33:56.2974420Z         guard let first = chars.first else { return "" }
build	Build IPA	2026-09-05T05:33:56.3104740Z               ~~~~^~~~~~~~
build	Build IPA	2026-09-05T05:33:56.3214430Z                                       != nil
build	Build IPA	2026-09-05T05:33:56.3317830Z Cache hit
build	Build IPA	2026-09-05T05:33:56.3430980Z /Users/runner/work/huamei-indexTTS/huamei-indexTTS/ios/Sources/MLXIndexTTS2Core/Ops.swift:80:23: warning: 'quantizedMatmul(_:_:scales:biases:transpose:groupSize:bits:mode:stream:)' is deprecated: renamed to 'quantizedMM(_:_:scales:biases:transpose:groupSize:bits:mode:stream:)'
build	Build IPA	2026-09-05T05:33:56.3537040Z         let out = MLX.quantizedMatmul(
build	Build IPA	2026-09-05T05:33:56.3729860Z                       ^
build	Build IPA	2026-09-05T05:33:56.3834010Z /Users/runner/work/huamei-indexTTS/huamei-indexTTS/ios/Sources/MLXIndexTTS2Core/Ops.swift:80:23: note: use 'quantizedMM(_:_:scales:biases:transpose:groupSize:bits:mode:stream:)' instead
build	Build IPA	2026-09-05T05:33:56.3936540Z         let out = MLX.quantizedMatmul(
build	Build IPA	2026-09-05T05:33:56.4038900Z                       ^~~~~~~~~~~~~~~
build	Build IPA	2026-09-05T05:33:56.4140190Z                       quantizedMM
build	Build IPA	2026-09-05T05:33:56.4241860Z /Users/runner/work/huamei-indexTTS/huamei-indexTTS/ios/Sources/MLXIndexTTS2Core/OpsCPU.swift:11:17: warning: no calls to throwing functions occur within 'try' expression
build	Build IPA	2026-09-05T05:33:56.4347280Z         return (try? self.asArray(Float.self)) ?? []
build	Build IPA	2026-09-05T05:33:56.4348740Z                 ^
build	Build IPA	2026-09-05T05:33:56.4450800Z /Users/runner/work/huamei-indexTTS/huamei-indexTTS/ios/Sources/MLXIndexTTS2Core/S2MelInfer.swift:41:13: warning: immutable value 'B' was never used; consider replacing with '_' or removing it
build	Build IPA	2026-09-05T05:33:56.4552950Z         let B = x.shape[0], T = x.shape[2]
build	Build IPA	2026-09-05T05:33:56.4654100Z             ^
build	Build IPA	2026-09-05T05:33:56.4755180Z             _
build	Build IPA	2026-09-05T05:33:56.4856990Z /Users/runner/work/huamei-indexTTS/huamei-indexTTS/ios/Sources/MLXIndexTTS2Core/S2MelInfer.swift:92:17: warning: variable 'fOut' was never mutated; consider changing to 'let' constant
build	Build IPA	2026-09-05T05:33:56.4959040Z             var fOut = Ops.linear(g, w: blk.ffnW2, b: nil)
build	Build IPA	2026-09-05T05:33:56.5060290Z             ~~~ ^
build	Build IPA	2026-09-05T05:33:56.5161400Z             let
build	Build IPA	2026-09-05T05:33:56.5263010Z /Users/runner/work/huamei-indexTTS/huamei-indexTTS/ios/Sources/MLXIndexTTS2Core/S2MelInfer.swift:123:13: warning: variable 'gAll' was never mutated; consider changing to 'let' constant
build	Build IPA	2026-09-05T05:33:56.5365040Z         var gAll = Ops.conv1d(g, w: w.wnCondW, b: w.wnCondB)              // [1,8192,1]
build	Build IPA	2026-09-05T05:33:56.5466520Z         ~~~ ^
build	Build IPA	2026-09-05T05:33:56.5568330Z         let
build	Build IPA	2026-09-05T05:33:56.5670670Z /Users/runner/work/huamei-indexTTS/huamei-indexTTS/ios/Sources/MLXIndexTTS2Core/S2MelInfer.swift:135:17: warning: variable 'rsa' was never mutated; consider changing to 'let' constant
build	Build IPA	2026-09-05T05:33:56.5772350Z             var rsa = Ops.conv1d(acts, w: rw, b: rb)                      // [1,1024,T]
build	Build IPA	2026-09-05T05:33:56.5873690Z             ~~~ ^
build	Build IPA	2026-09-05T05:33:56.5951210Z             let
build	Build IPA	2026-09-05T05:33:56.6052940Z /Users/runner/work/huamei-indexTTS/huamei-indexTTS/ios/Sources/MLXIndexTTS2Core/S2MelInfer.swift:209:13: warning: immutable value 'B' was never used; consider replacing with '_' or removing it
build	Build IPA	2026-09-05T05:33:56.6154770Z         let B = mu.shape[0], T = mu.shape[1]
build	Build IPA	2026-09-05T05:33:56.6255850Z             ^
build	Build IPA	2026-09-05T05:33:56.6357090Z             _
build	Build IPA	2026-09-05T05:33:56.6457870Z /Users/runner/work/huamei-indexTTS/huamei-indexTTS/ios/Sources/MLXIndexTTS2Core/S2MelInfer.swift:261:14: warning: immutable value 'b' was never used; consider replacing with '_' or removing it
build	Build IPA	2026-09-05T05:33:56.6560830Z         let (b, c, t) = (dstShape[0], dstShape[1], dstShape[2])
build	Build IPA	2026-09-05T05:33:56.6661120Z              ^
build	Build IPA	2026-09-05T05:33:56.6762180Z              _
build	Build IPA	2026-09-05T05:33:56.6862610Z Cache hit
build	Build IPA	2026-09-05T05:33:56.6963970Z /Users/runner/work/huamei-indexTTS/huamei-indexTTS/ios/Sources/MLXIndexTTS2Core/Voice/AudioFeatures.swift:45:17: warning: variable 'half' was never mutated; consider changing to 'let' constant
build	Build IPA	2026-09-05T05:33:56.7063860Z             var half = len >> 1
build	Build IPA	2026-09-05T05:33:56.7164990Z             ~~~ ^
build	Build IPA	2026-09-05T05:33:56.7266100Z             let
build	Build IPA	2026-09-05T05:33:56.7367330Z /Users/runner/work/huamei-indexTTS/huamei-indexTTS/ios/Sources/MLXIndexTTS2Core/BigVGAN.swift:88:13: warning: initialization of immutable value 'pad' was never used; consider replacing with assignment to '_' or removing it
build	Build IPA	2026-09-05T05:33:56.7468050Z         let pad = (k - rate) / 2
build	Build IPA	2026-09-05T05:33:56.7569890Z         ~~~~^~~
build	Build IPA	2026-09-05T05:33:56.7669760Z         _
build	Build IPA	2026-09-05T05:33:56.7771410Z /Users/runner/work/huamei-indexTTS/huamei-indexTTS/ios/Sources/MLXIndexTTS2Core/BigVGAN.swift:112:13: warning: variable 'stageOut' was never used; consider replacing with '_' or removing it
build	Build IPA	2026-09-05T05:33:56.7871910Z         var stageOut: [MLXArray] = []
build	Build IPA	2026-09-05T05:33:56.7972980Z             ^~~~~~~~
build	Build IPA	2026-09-05T05:33:56.8073240Z             _
build	Build IPA	2026-09-05T05:33:56.8175520Z /Users/runner/work/huamei-indexTTS/huamei-indexTTS/ios/Sources/MLXIndexTTS2Core/Voice/Campplus.swift:291:29: warning: immutable value 'C' was never used; consider replacing with '_' or removing it
build	Build IPA	2026-09-05T05:33:56.8274850Z         let B = x.shape[0], C = x.shape[1], T = x.shape[2]
build	Build IPA	2026-09-05T05:33:56.8377180Z                             ^
build	Build IPA	2026-09-05T05:33:56.8478170Z                             _
build	Build IPA	2026-09-05T05:33:56.8579130Z /Users/runner/work/huamei-indexTTS/huamei-indexTTS/ios/Sources/MLXIndexTTS2Core/Codec.swift:93:13: warning: variable 'q' was never mutated; consider changing to 'let' constant
build	Build IPA	2026-09-05T05:33:56.8679710Z         var q = Ops.conv1d(x, w: outProjW, b: outProjB)     // [1,1024,T]
build	Build IPA	2026-09-05T05:33:56.8781040Z         ~~~ ^
build	Build IPA	2026-09-05T05:33:56.8882070Z         let
build	Build IPA	2026-09-05T05:33:56.8984370Z /Users/runner/work/huamei-indexTTS/huamei-indexTTS/ios/Sources/MLXIndexTTS2Core/Codec.swift:108:13: warning: variable 'floats' was never mutated; consider changing to 'let' constant
build	Build IPA	2026-09-05T05:33:56.9083230Z         var floats = x.asFloatArray()
build	Build IPA	2026-09-05T05:33:56.9184480Z         ~~~ ^
build	Build IPA	2026-09-05T05:33:56.9285840Z         let
build	Build IPA	2026-09-05T05:33:56.9386280Z Cache miss
build	Build IPA	2026-09-05T05:33:56.9488350Z /Users/runner/work/huamei-indexTTS/huamei-indexTTS/ios/Sources/HuameiIndexTTS/Theme/LiquidGlass.swift:89:17: warning: stored property '_path' of 'Sendable'-conforming struct 'AnyShape' has non-Sendable type '(CGRect) -> Path'; this is an error in the Swift 6 language mode
build	Build IPA	2026-09-05T05:33:56.9587760Z     private let _path: (CGRect) -> Path
build	Build IPA	2026-09-05T05:33:56.9688900Z                 ^
build	Build IPA	2026-09-05T05:33:56.9790290Z /Users/runner/work/huamei-indexTTS/huamei-indexTTS/ios/Sources/HuameiIndexTTS/Theme/LiquidGlass.swift:89:17: note: a function type must be marked '@Sendable' to conform to 'Sendable'
build	Build IPA	2026-09-05T05:33:56.9892740Z     private let _path: (CGRect) -> Path
build	Build IPA	2026-09-05T05:33:56.9993220Z                 ^
build	Build IPA	2026-09-05T05:33:57.0094510Z Cache miss
build	Build IPA	2026-09-05T05:33:57.0195130Z Failed frontend command:
build	Build IPA	2026-09-05T05:33:57.0340180Z /Applications/Xcode_26.6.app/Contents/Developer/Toolchains/XcodeDefault.xctoolchain/usr/bin/swift-frontend -frontend -c /Users/runner/work/huamei-indexTTS/huamei-indexTTS/ios/Sources/HuameiIndexTTS/Views/AboutSheet.swift /Users/runner/work/huamei-indexTTS/huamei-indexTTS/ios/Sources/HuameiIndexTTS/App.swift /Users/runner/work/huamei-indexTTS/huamei-indexTTS/ios/Sources/HuameiIndexTTS/Audio/AudioImporter.swift /Users/runner/work/huamei-indexTTS/huamei-indexTTS/ios/Sources/HuameiIndexTTS/Audio/AudioPlayer.swift /Users/runner/work/huamei-indexTTS/huamei-indexTTS/ios/Sources/HuameiIndexTTS/Audio/AudioRecorder.swift /Users/runner/work/huamei-indexTTS/huamei-indexTTS/ios/Sources/HuameiIndexTTS/Views/AudioSourceSheet.swift /Users/runner/work/huamei-indexTTS/huamei-indexTTS/ios/Sources/HuameiIndexTTS/Theme/Colors.swift -primary-file /Users/runner/work/huamei-indexTTS/huamei-indexTTS/ios/Sources/HuameiIndexTTS/Model/InferenceEngine.swift -primary-file /Users/runner/work/huamei-indexTTS/huamei-indexTTS/ios/Sources/HuameiIndexTTS/Theme/LiquidGlass.swift -primary-file /Users/runner/work/huamei-indexTTS/huamei-indexTTS/ios/Sources/HuameiIndexTTS/Model/ModelDownloadManager.swift -primary-file /Users/runner/work/huamei-indexTTS/huamei-indexTTS/ios/Sources/HuameiIndexTTS/Views/ModelStatusView.swift -primary-file /Users/runner/work/huamei-indexTTS/huamei-indexTTS/ios/Sources/HuameiIndexTTS/Views/ResultCard.swift -primary-file /Users/runner/work/huamei-indexTTS/huamei-indexTTS/ios/Sources/HuameiIndexTTS/Views/RootView.swift /Users/runner/work/huamei-indexTTS/huamei-indexTTS/ios/Sources/HuameiIndexTTS/Model/SessionStore.swift /Users/runner/work/huamei-indexTTS/huamei-indexTTS/ios/Sources/HuameiIndexTTS/Views/SettingsSheet.swift /Users/runner/work/huamei-indexTTS/huamei-indexTTS/ios/Sources/HuameiIndexTTS/Views/SynthesizeControl.swift /Users/runner/work/huamei-indexTTS/huamei-indexTTS/ios/Sources/HuameiIndexTTS/Views/TextInputCard.swift /Users/runner/work/huamei-indexTTS/huamei-indexTTS/ios/Sources/HuameiIndexTTS/Audio/VideoAudioExtractor.swift /Users/runner/work/huamei-indexTTS/huamei-indexTTS/ios/Sources/HuameiIndexTTS/Views/VoiceReferenceCard.swift -supplementary-output-file-map /Users/runner/work/huamei-indexTTS/huamei-indexTTS/DerivedData/Build/Intermediates.noindex/HuameiIndexTTS.build/Debug-iphoneos/HuameiIndexTTS.build/Objects-normal/arm64/supplementaryOutputs-5 -target arm64-apple-ios17.0 -direct-clang-cc1-module-build -Xcc -cc1 -Xcc -fansi-escape-codes -Xcc -ferror-limit -Xcc 19 -Xcc -Wdeprecated-objc-isa-usage -Xcc -Werror\=deprecated-objc-isa-usage -Xcc -Werror\=implicit-function-declaration -Xcc -Wno-elaborated-enum-base -Xcc -Wno-error\=allocator-wrappers -Xcc -disable-free -Xcc -fno-pch-timestamp -Xcc -fsyntax-only -Xcc -x -Xcc objective-c -Xcc \<swift-imported-modules\> -Xcc -target-abi -Xcc darwinpcs -Xcc -target-cpu -Xcc apple-a12 -Xcc -target-feature -Xcc +v8.3a -Xcc -target-feature -Xcc +aes -Xcc -target-feature -Xcc +complxnum -Xcc -target-feature -Xcc +crc -Xcc -target-feature -Xcc +fp-armv8 -Xcc -target-feature -Xcc +fullfp16 -Xcc -target-feature -Xcc +jsconv -Xcc -target-feature -Xcc +lse -Xcc -target-feature -Xcc +neon -Xcc -target-feature -Xcc +pauth -Xcc -target-feature -Xcc +perfmon -Xcc -target-feature -Xcc +ras -Xcc -target-feature -Xcc +rcpc -Xcc -target-feature -Xcc +rdm -Xcc -target-feature -Xcc +sha2 -Xcc -triple -Xcc arm64-apple-ios26.5.0 -Xcc -target-linker-version -Xcc 1267 -Xcc -target-sdk-version\=26.5 -Xcc -fmodules-validate-system-headers -Xcc -fno-modulemap-allow-subdirectory-search -Xcc -isysroot -Xcc /Applications/Xcode_26.6.app/Contents/Developer/Platforms/iPhoneOS.platform/Developer/SDKs/iPhoneOS26.5.sdk -Xcc -resource-dir -Xcc /Applications/Xcode_26.6.app/Contents/Developer/Toolchains/XcodeDefault.xctoolchain/usr/lib/swift/clang -Xcc -fmodule-format\=obj -Xcc -fapinotes-swift-version\=5 -Xcc -std\=gnu11 -Xcc -fapinotes-modules -Xcc -fexceptions -Xcc -fskip-odr-check-in-gmf -Xcc -fmodules -Xcc -fno-implicit-modules -Xcc -fretain-comments-from-system-headers -Xcc -fobjc-exceptions -Xcc -fmax-type-align\=16 -Xcc -fstack-check -Xcc -fvisibility-inlines-hidden-static-local-var -Xcc -fmodule-feature -Xcc swift -Xcc -fno-odr-hash-protocols -Xcc -pic-level -Xcc 2 -Xcc -fencode-extended-block-signature -Xcc -stack-protector -Xcc 1 -Xcc -fobjc-runtime\=ios-26.5.0 -Xcc -fobjc-arc -Xcc -fobjc-runtime-has-weak -Xcc -fobjc-weak -Xcc -fgnuc-version\=4.2.1 -Xcc -fblocks -Xcc -fno-convergent-functions -Xcc -ffp-contract\=on -Xcc -fclang-abi-compat\=4.0 -Xcc -fno-experimental-relative-c++-abi-vtables -Xcc -fno-file-reproducible -Xcc -clang-vendor-feature\=+disableNonDependentMemberExprInCurrentInstantiation -Xcc -clang-vendor-feature\=+enableAggressiveVLAFolding -Xcc -clang-vendor-feature\=+revert09abecef7bbf -Xcc -clang-vendor-feature\=+thisNoAlignAttr -Xcc -clang-vendor-feature\=+thisNoNullAttr -Xcc -clang-vendor-feature\=+disableAtImportPrivateFrameworkInImplementationError -Xcc -O0 -Xcc -fno-assume-unique-vtables -Xcc -fcommon -Xcc -fdwarf2-cfi-asm -Xcc -fobjc-msgsend-selector-stubs -Xcc -fregister-global-dtors-with-atexit -Xcc -fno-strict-return -Xcc -debugger-tuning\=lldb -Xcc -disable-llvm-verifier -Xcc -funwind-tables\=1 -Xcc -enable-tlsdesc -Xcc -clear-ast-before-backend -Xcc -discard-value-names -Xcc -mframe-pointer\=non-leaf -Xcc -fno-loop-interchange -Xcc -save-temps\=obj -Xcc -fdiagnostics-hotness-threshold\=0 -Xcc -fdiagnostics-misexpect-tolerance\=0 -Xcc -D -Xcc __swift__\=51000 -Xcc -D -Xcc _ISO646_H_ -Xcc -D -Xcc __ISO646_H -Xcc -D -Xcc SWIFT_SDK_OVERLAY_APPKIT_EPOCH\=2 -Xcc -D -Xcc SWIFT_SDK_OVERLAY_FOUNDATION_EPOCH\=8 -Xcc -D -Xcc SWIFT_SDK_OVERLAY2_SCENEKIT_EPOCH\=3 -Xcc -D -Xcc SWIFT_SDK_OVERLAY_GAMEPLAYKIT_EPOCH\=1 -Xcc -D -Xcc SWIFT_SDK_OVERLAY_SPRITEKIT_EPOCH\=1 -Xcc -D -Xcc SWIFT_SDK_OVERLAY_COREIMAGE_EPOCH\=2 -Xcc -D -Xcc SWIFT_SDK_OVERLAY_DISPATCH_EPOCH\=2 -Xcc -D -Xcc SWIFT_SDK_OVERLAY_PTHREAD_EPOCH\=1 -Xcc -D -Xcc SWIFT_SDK_OVERLAY_COREGRAPHICS_EPOCH\=0 -Xcc -D -Xcc SWIFT_SDK_OVERLAY_UIKIT_EPOCH\=2 -Xcc -D -Xcc SWIFT_CLASS_EXTRA\= -Xcc -D -Xcc __SWIFT_ATTR_SUPPORTS_SENDABLE_DECLS\=1 -Xcc -D -Xcc __SWIFT_COMPILER_VERSION\=6003003001003 -Xcc -D -Xcc __SWIFT_ATTR_SUPPORTS_SENDING\=1 -Xcc -D -Xcc _LIBCPP_HARDENING_MODE\=_LIBCPP_HARDENING_MODE_DEBUG -Xcc -D -Xcc DEBUG\=1 -Xcc -fdefine-target-os-macros -module-can-import-version UIKit 9126.5.5.2 9126.5.5 -load-resolved-plugin /Applications/Xcode_26.6.app/Contents/Developer/Platforms/iPhoneOS.platform/Developer/usr/lib/swift/host/plugins/libFoundationMacros.dylib\#/Applications/Xcode_26.6.app/Contents/Developer/Platforms/iPhoneOS.platform/Developer/usr/bin/swift-plugin-server\#FoundationMacros -load-resolved-plugin /Applications/Xcode_26.6.app/Contents/Developer/Platforms/iPhoneOS.platform/Developer/usr/lib/swift/host/plugins/libObservationMacros.dylib\#/Applications/Xcode_26.6.app/Contents/Developer/Platforms/iPhoneOS.platform/Developer/usr/bin/swift-plugin-server\#ObservationMacros -load-resolved-plugin /Applications/Xcode_26.6.app/Contents/Developer/Platforms/iPhoneOS.platform/Developer/usr/lib/swift/host/plugins/libPreviewsMacros.dylib\#/Applications/Xcode_26.6.app/Contents/Developer/Platforms/iPhoneOS.platform/Developer/usr/bin/swift-plugin-server\#PreviewsMacros -load-resolved-plugin /Applications/Xcode_26.6.app/Contents/Developer/Platforms/iPhoneOS.platform/Developer/usr/lib/swift/host/plugins/libSwiftMacros.dylib\#/Applications/Xcode_26.6.app/Contents/Developer/Platforms/iPhoneOS.platform/Developer/usr/bin/swift-plugin-server\#SwiftMacros -load-resolved-plugin /Applications/Xcode_26.6.app/Contents/Developer/Platforms/iPhoneOS.platform/Developer/usr/lib/swift/host/plugins/libSwiftUIMacros.dylib\#/Applications/Xcode_26.6.app/Contents/Developer/Platforms/iPhoneOS.platform/Developer/usr/bin/swift-plugin-server\#SwiftUIMacros -read-legacy-type-info-path\=/Applications/Xcode_26.6.app/Contents/Developer/Toolchains/XcodeDefault.xctoolchain/usr/lib/swift/iphoneos/layouts-arm64.yaml -clang-include-tree-filelist llvmcas://e84bbde1609c37528ac1bbcebc9303b3c394f82ebe9f1fda009bb7d14d7a6129 -disable-implicit-swift-modules -Xcc -fno-implicit-modules -Xcc -fno-implicit-module-maps -explicit-swift-module-map-file llvmcas://3cc83bc3ca6d337900325de5f0d4ed3a49198fdc01681072a05b9b8634092a22 -debug-module-path /Users/runner/work/huamei-indexTTS/huamei-indexTTS/DerivedData/Build/Intermediates.noindex/HuameiIndexTTS.build/Debug-iphoneos/HuameiIndexTTS.build/Objects-normal/arm64/HuameiIndexTTS.swiftmodule -Xllvm -aarch64-use-tbi -enable-objc-interop -stack-check -sdk /Applications/Xcode_26.6.app/Contents/Developer/Platforms/iPhoneOS.platform/Developer/SDKs/iPhoneOS26.5.sdk -I /Users/runner/work/huamei-indexTTS/huamei-indexTTS/DerivedData/Build/Products/Debug-iphoneos -F /Users/runner/work/huamei-indexTTS/huamei-indexTTS/DerivedData/Build/Products/Debug-iphoneos/PackageFrameworks -F /Users/runner/work/huamei-indexTTS/huamei-indexTTS/DerivedData/Build/Products/Debug-iphoneos/PackageFrameworks -F /Users/runner/work/huamei-indexTTS/huamei-indexTTS/DerivedData/Build/Products/Debug-iphoneos/PackageFrameworks -F /Users/runner/work/huamei-indexTTS/huamei-indexTTS/DerivedData/Build/Products/Debug-iphoneos/PackageFrameworks -F /Users/runner/work/huamei-indexTTS/huamei-indexTTS/DerivedData/Build/Products/Debug-iphoneos/PackageFrameworks -F /Users/runner/work/huamei-indexTTS/huamei-indexTTS/DerivedData/Build/Products/Debug-iphoneos/PackageFrameworks -F /Users/runner/work/huamei-indexTTS/huamei-indexTTS/DerivedData/Build/Products/Debug-iphoneos/PackageFrameworks -F /Users/runner/work/huamei-indexTTS/huamei-indexTTS/DerivedData/Build/Products/Debug-iphoneos/PackageFrameworks -F /Users/runner/work/huamei-indexTTS/huamei-indexTTS/DerivedData/Build/Products/Debug-iphoneos/PackageFrameworks -F /Users/runner/work/huamei-indexTTS/huamei-indexTTS/DerivedData/Build/Products/Debug-iphoneos/PackageFrameworks -F /Users/runner/work/huamei-indexTTS/huamei-indexTTS/DerivedData/Build/Products/Debug-iphoneos -no-color-diagnostics -enable-testing -g -debug-info-format\=dwarf -dwarf-version\=4 -module-cache-path /Users/runner/work/huamei-indexTTS/huamei-indexTTS/DerivedData/Build/Intermediates.noindex/SwiftExplicitPrecompiledModules -swift-version 5 -Onone -D DEBUG -serialize-debugging-options -const-gather-protocols-file /Users/runner/work/huamei-indexTTS/huamei-indexTTS/DerivedData/Build/Intermediates.noindex/HuameiIndexTTS.build/Debug-iphoneos/HuameiIndexTTS.build/Objects-normal/arm64/HuameiIndexTTS_const_extract_protocols.json -enable-experimental-feature DebugDescriptionMacro -enable-bare-slash-regex -empty-abi-descriptor -validate-clang-modules-once -clang-build-session-file /Users/runner/work/huamei-indexTTS/huamei-indexTTS/DerivedData/ModuleCache.noindex/Session.modulevalidation -enable-anonymous-context-mangled-names -file-compilation-dir /Users/runner/work/huamei-indexTTS/huamei-indexTTS/ios -cache-compile-job -cas-path /Users/runner/work/huamei-indexTTS/huamei-indexTTS/DerivedData/CompilationCache.noindex/builtin -auto-bridging-header-chaining -module-name HuameiIndexTTS -frontend-parseable-output -disable-clang-spi -clang-target arm64-apple-ios26.5 -target-sdk-version 26.5 -target-sdk-name iphoneos26.5 -in-process-plugin-server-path /Applications/Xcode_26.6.app/Contents/Developer/Toolchains/XcodeDefault.xctoolchain/usr/lib/swift/host/libSwiftInProcPluginServer.dylib -o /Users/runner/work/huamei-indexTTS/huamei-indexTTS/DerivedData/Build/Intermediates.noindex/HuameiIndexTTS.build/Debug-iphoneos/HuameiIndexTTS.build/Objects-normal/arm64/InferenceEngine.o -o /Users/runner/work/huamei-indexTTS/huamei-indexTTS/DerivedData/Build/Intermediates.noindex/HuameiIndexTTS.build/Debug-iphoneos/HuameiIndexTTS.build/Objects-normal/arm64/LiquidGlass.o -o /Users/runner/work/huamei-indexTTS/huamei-indexTTS/DerivedData/Build/Intermediates.noindex/HuameiIndexTTS.build/Debug-iphoneos/HuameiIndexTTS.build/Objects-normal/arm64/ModelDownloadManager.o -o /Users/runner/work/huamei-indexTTS/huamei-indexTTS/DerivedData/Build/Intermediates.noindex/HuameiIndexTTS.build/Debug-iphoneos/HuameiIndexTTS.build/Objects-normal/arm64/ModelStatusView.o -o /Users/runner/work/huamei-indexTTS/huamei-indexTTS/DerivedData/Build/Intermediates.noindex/HuameiIndexTTS.build/Debug-iphoneos/HuameiIndexTTS.build/Objects-normal/arm64/ResultCard.o -o /Users/runner/work/huamei-indexTTS/huamei-indexTTS/DerivedData/Build/Intermediates.noindex/HuameiIndexTTS.build/Debug-iphoneos/HuameiIndexTTS.build/Objects-normal/arm64/RootView.o -index-unit-output-path /HuameiIndexTTS.build/Debug-iphoneos/HuameiIndexTTS.build/Objects-normal/arm64/InferenceEngine.o -index-unit-output-path /HuameiIndexTTS.build/Debug-iphoneos/HuameiIndexTTS.build/Objects-normal/arm64/LiquidGlass.o -index-unit-output-path /HuameiIndexTTS.build/Debug-iphoneos/HuameiIndexTTS.build/Objects-normal/arm64/ModelDownloadManager.o -index-unit-output-path /HuameiIndexTTS.build/Debug-iphoneos/HuameiIndexTTS.build/Objects-normal/arm64/ModelStatusView.o -index-unit-output-path /HuameiIndexTTS.build/Debug-iphoneos/HuameiIndexTTS.build/Objects-normal/arm64/ResultCard.o -index-unit-output-path /HuameiIndexTTS.build/Debug-iphoneos/HuameiIndexTTS.build/Objects-normal/arm64/RootView.o
build	Build IPA	2026-09-05T05:33:57.0386740Z /Users/runner/work/huamei-indexTTS/huamei-indexTTS/ios/Sources/HuameiIndexTTS/Model/InferenceEngine.swift:115:32: error: main actor-isolated static method 'writeWav(_:sampleRate:)' cannot be called from outside of the actor
build	Build IPA	2026-09-05T05:33:57.0488780Z             let url = try Self.writeWav(floats, sampleRate: TTSConfig.sampleRate)
build	Build IPA	2026-09-05T05:33:57.0590690Z                       ~~~~~~~~~^~~~~~~~~~~~~~~~~~~~~~~~~~~~~~~~~~~~~~~~~~~~~~~~~~
build	Build IPA	2026-09-05T05:33:57.0690360Z                           await 
build	Build IPA	2026-09-05T05:33:57.0783950Z /Users/runner/work/huamei-indexTTS/huamei-indexTTS/ios/Sources/HuameiIndexTTS/Model/ModelDownloadManager.swift:94:77: error: referencing instance method 'firstIndex(of:)' on 'Collection' requires that 'ModelManifest.Entry' conform to 'Equatable'
build	Build IPA	2026-09-05T05:33:57.0866980Z                     try await downloadOne(entry, base: base, index: entries.firstIndex(of: entry) ?? 0, total: entries.count)
build	Build IPA	2026-09-05T05:33:57.0968240Z                                                                             ^
build	Build IPA	2026-09-05T05:33:57.1023840Z Swift.Collection:1:11: note: where 'Self.Element' = 'ModelManifest.Entry'
build	Build IPA	2026-09-05T05:33:57.1068400Z extension Collection where Self.Element : Equatable {
build	Build IPA	2026-09-05T05:33:57.1143870Z           ^
build	Build IPA	2026-09-05T05:33:57.1247310Z ##[error]Process completed with exit code 65.
