build	Build IPA	﻿2026-09-05T06:01:47.7164710Z ##[group]Run set -e
build	Build IPA	2026-09-05T06:01:47.7166480Z [36;1mset -e[0m
build	Build IPA	2026-09-05T06:01:47.7166690Z [36;1m[0m
build	Build IPA	2026-09-05T06:01:47.7166910Z [36;1m# Navigate to iOS project[0m
build	Build IPA	2026-09-05T06:01:47.7167180Z [36;1mcd "$IOS_PATH"[0m
build	Build IPA	2026-09-05T06:01:47.7167370Z [36;1m[0m
build	Build IPA	2026-09-05T06:01:47.7167540Z [36;1m# Find workspace or project[0m
build	Build IPA	2026-09-05T06:01:47.7167910Z [36;1m# 本仓库为 SwiftPM + XcodeGen（无 .xcodeproj 入库）：CI 的 find 探测[0m
build	Build IPA	2026-09-05T06:01:47.7168230Z [36;1m# 在 macOS runner 上行为不可靠，这里直接强制生成并写死工程绝对路径。[0m
build	Build IPA	2026-09-05T06:01:47.7168600Z [36;1mcommand -v xcodegen >/dev/null 2>&1 || brew install xcodegen[0m
build	Build IPA	2026-09-05T06:01:47.7169020Z [36;1mecho "Regenerating project with xcodegen (deterministic)..."[0m
build	Build IPA	2026-09-05T06:01:47.7169350Z [36;1mxcodegen generate[0m
build	Build IPA	2026-09-05T06:01:47.7169680Z [36;1mWORKSPACE=""[0m
build	Build IPA	2026-09-05T06:01:47.7169940Z [36;1mPROJECT="$(pwd)/HuameiIndexTTS.xcodeproj"[0m
build	Build IPA	2026-09-05T06:01:47.7170230Z [36;1mecho "Using project: $PROJECT"[0m
build	Build IPA	2026-09-05T06:01:47.7170470Z [36;1m[0m
build	Build IPA	2026-09-05T06:01:47.7170810Z [36;1m# Install pods if Podfile exists (always run to ensure sync with Podfile.lock)[0m
build	Build IPA	2026-09-05T06:01:47.7171200Z [36;1mif [ -f "Podfile" ]; then[0m
build	Build IPA	2026-09-05T06:01:47.7171460Z [36;1m  echo "Running pod install..."[0m
build	Build IPA	2026-09-05T06:01:47.7171710Z [36;1m  pod install[0m
build	Build IPA	2026-09-05T06:01:47.7171990Z [36;1m  WORKSPACE=$(find . -maxdepth 1 -name "*.xcworkspace" | head -1)[0m
build	Build IPA	2026-09-05T06:01:47.7172330Z [36;1mfi[0m
build	Build IPA	2026-09-05T06:01:47.7172500Z [36;1m[0m
build	Build IPA	2026-09-05T06:01:47.7172800Z [36;1m# Determine scheme (only needed for native projects)[0m
build	Build IPA	2026-09-05T06:01:47.7173190Z [36;1mif [ -z "$SCHEME" ] && [ "$PROJECT_TYPE" = "native" ]; then[0m
build	Build IPA	2026-09-05T06:01:47.7173560Z [36;1m  if [ -n "$WORKSPACE" ]; then[0m
build	Build IPA	2026-09-05T06:01:47.7173830Z [36;1m    TARGET_FLAG=-workspace[0m
build	Build IPA	2026-09-05T06:01:47.7174080Z [36;1m    TARGET_PATH=$WORKSPACE[0m
build	Build IPA	2026-09-05T06:01:47.7174400Z [36;1m    BASE=$(basename "$WORKSPACE" .xcworkspace)[0m
build	Build IPA	2026-09-05T06:01:47.7174710Z [36;1m  else[0m
build	Build IPA	2026-09-05T06:01:47.7174900Z [36;1m    TARGET_FLAG=-project[0m
build	Build IPA	2026-09-05T06:01:47.7175150Z [36;1m    TARGET_PATH=$PROJECT[0m
build	Build IPA	2026-09-05T06:01:47.7175480Z [36;1m    BASE=$(basename "$PROJECT" .xcodeproj)[0m
build	Build IPA	2026-09-05T06:01:47.7175770Z [36;1m  fi[0m
build	Build IPA	2026-09-05T06:01:47.7175980Z [36;1m[0m
build	Build IPA	2026-09-05T06:01:47.7176460Z [36;1m  SCHEMES=$(xcodebuild "$TARGET_FLAG" "$TARGET_PATH" -list -json 2>/dev/null | jq -r '(.workspace // .project).schemes[]?' || true)[0m
build	Build IPA	2026-09-05T06:01:47.7176950Z [36;1m  if [ -z "$SCHEMES" ]; then[0m
build	Build IPA	2026-09-05T06:01:47.7177500Z [36;1m    SCHEMES=$(xcodebuild "$TARGET_FLAG" "$TARGET_PATH" -list 2>/dev/null | sed -n '/Schemes:/,$p' | tail -n +2 | sed 's/^[[:space:]]*//' | sed '/^$/d' || true)[0m
build	Build IPA	2026-09-05T06:01:47.7178110Z [36;1m  fi[0m
build	Build IPA	2026-09-05T06:01:47.7178870Z [36;1m  echo "Schemes:"[0m
build	Build IPA	2026-09-05T06:01:47.7179190Z [36;1m  printf '%s\n' "$SCHEMES" | sed 's/^/  /'[0m
build	Build IPA	2026-09-05T06:01:47.7179460Z [36;1m[0m
build	Build IPA	2026-09-05T06:01:47.7179710Z [36;1m  # In a workspace, the scheme list also holds package and pod[0m
build	Build IPA	2026-09-05T06:01:47.7180180Z [36;1m  # schemes, and they sort ahead of the app as often as not. The[0m
build	Build IPA	2026-09-05T06:01:47.7180620Z [36;1m  # scheme named after the project is the app in nearly every repo.[0m
build	Build IPA	2026-09-05T06:01:47.7181140Z [36;1m  SCHEME=$(printf '%s\n' "$SCHEMES" | grep -Fx "$BASE" | head -1 || true)[0m
build	Build IPA	2026-09-05T06:01:47.7181540Z [36;1m  if [ -z "$SCHEME" ]; then[0m
build	Build IPA	2026-09-05T06:01:47.7181930Z [36;1m    SCHEME=$(printf '%s\n' "$SCHEMES" | grep -v '^Pods-' | while IFS= read -r s; do[0m
build	Build IPA	2026-09-05T06:01:47.7182360Z [36;1m      [ -n "$s" ] || continue[0m
build	Build IPA	2026-09-05T06:01:47.7182720Z [36;1m      # A scheme that belongs to a local Swift package is not the app.[0m
build	Build IPA	2026-09-05T06:01:47.7183320Z [36;1m      [ -z "$(find . -maxdepth 4 -path "*/$s/Package.swift" -print -quit)" ] || continue[0m
build	Build IPA	2026-09-05T06:01:47.7183720Z [36;1m      printf '%s\n' "$s"[0m
build	Build IPA	2026-09-05T06:01:47.7183930Z [36;1m      break[0m
build	Build IPA	2026-09-05T06:01:47.7184680Z [36;1m    done)[0m
build	Build IPA	2026-09-05T06:01:47.7184900Z [36;1m  fi[0m
build	Build IPA	2026-09-05T06:01:47.7185210Z [36;1m  echo "Building with scheme: $SCHEME (configuration: $CONFIGURATION)"[0m
build	Build IPA	2026-09-05T06:01:47.7186890Z [36;1mfi[0m
build	Build IPA	2026-09-05T06:01:47.7187410Z [36;1m[0m
build	Build IPA	2026-09-05T06:01:47.7187960Z [36;1mif [ "$PROJECT_TYPE" = "native" ]; then[0m
build	Build IPA	2026-09-05T06:01:47.7188780Z [36;1m  if [ -z "$WORKSPACE" ] && [ -z "$PROJECT" ]; then[0m
build	Build IPA	2026-09-05T06:01:47.7190330Z [36;1m    echo "::error::No .xcworkspace or .xcodeproj found in '$IOS_PATH'. If the project is generated (XcodeGen/Tuist), commit it or add a generation step."[0m
build	Build IPA	2026-09-05T06:01:47.7191820Z [36;1m    exit 1[0m
build	Build IPA	2026-09-05T06:01:47.7192330Z [36;1m  fi[0m
build	Build IPA	2026-09-05T06:01:47.7192800Z [36;1m  if [ -z "$SCHEME" ]; then[0m
build	Build IPA	2026-09-05T06:01:47.7194420Z [36;1m    echo "::error::Could not determine a scheme. Pass one via the 'scheme' input, or make sure the project has a shared scheme."[0m
build	Build IPA	2026-09-05T06:01:47.7195210Z [36;1m    exit 1[0m
build	Build IPA	2026-09-05T06:01:47.7195420Z [36;1m  fi[0m
build	Build IPA	2026-09-05T06:01:47.7195610Z [36;1mfi[0m
build	Build IPA	2026-09-05T06:01:47.7196020Z [36;1m[0m
build	Build IPA	2026-09-05T06:01:47.7196330Z [36;1m# Use custom DerivedData path for caching[0m
build	Build IPA	2026-09-05T06:01:47.7196780Z [36;1mDERIVED_DATA_PATH="${GITHUB_WORKSPACE}/DerivedData"[0m
build	Build IPA	2026-09-05T06:01:47.7197060Z [36;1m[0m
build	Build IPA	2026-09-05T06:01:47.7197260Z [36;1mif [ "$PROJECT_TYPE" = "flutter" ]; then[0m
build	Build IPA	2026-09-05T06:01:47.7197600Z [36;1m  cd "$GITHUB_WORKSPACE"[0m
build	Build IPA	2026-09-05T06:01:47.7197980Z [36;1m  if [ "$CONFIGURATION" = "Debug" ]; then[0m
build	Build IPA	2026-09-05T06:01:47.7198660Z [36;1m    echo "Building Flutter iOS Debug..."[0m
build	Build IPA	2026-09-05T06:01:47.7200070Z [36;1m    flutter build ios --debug --no-codesign[0m
build	Build IPA	2026-09-05T06:01:47.7200400Z [36;1m  else[0m
build	Build IPA	2026-09-05T06:01:47.7200630Z [36;1m    echo "Building Flutter iOS Release..."[0m
build	Build IPA	2026-09-05T06:01:47.7200960Z [36;1m    flutter build ios --release --no-codesign[0m
build	Build IPA	2026-09-05T06:01:47.7201300Z [36;1m  fi[0m
build	Build IPA	2026-09-05T06:01:47.7201480Z [36;1m  cd "$IOS_PATH"[0m
build	Build IPA	2026-09-05T06:01:47.7201660Z [36;1m[0m
build	Build IPA	2026-09-05T06:01:47.7216530Z [36;1m  if [ "$USE_SIGNING" = "true" ]; then[0m
build	Build IPA	2026-09-05T06:01:47.7216960Z [36;1m    # 'flutter build ios' never signs, so archive the Runner project it[0m
build	Build IPA	2026-09-05T06:01:47.7219140Z [36;1m    # generated. The IPA step below exports build/App.xcarchive[0m
build	Build IPA	2026-09-05T06:01:47.7220110Z [36;1m    # whenever signing is on.[0m
build	Build IPA	2026-09-05T06:01:47.7220850Z [36;1m    ARCHIVE_CMD="xcodebuild"[0m
build	Build IPA	2026-09-05T06:01:47.7221770Z [36;1m    if [ -n "$WORKSPACE" ]; then[0m
build	Build IPA	2026-09-05T06:01:47.7222520Z [36;1m      ARCHIVE_CMD="$ARCHIVE_CMD -workspace '$WORKSPACE'"[0m
build	Build IPA	2026-09-05T06:01:47.7223650Z [36;1m    elif [ -n "$PROJECT" ]; then[0m
build	Build IPA	2026-09-05T06:01:47.7225180Z [36;1m      ARCHIVE_CMD="$ARCHIVE_CMD -project '$PROJECT'"[0m
build	Build IPA	2026-09-05T06:01:47.7226650Z [36;1m    else[0m
build	Build IPA	2026-09-05T06:01:47.7227040Z [36;1m      echo "::error::Signing requested but no Runner workspace/project found in '$IOS_PATH'."[0m
build	Build IPA	2026-09-05T06:01:47.7227540Z [36;1m      exit 1[0m
build	Build IPA	2026-09-05T06:01:47.7227730Z [36;1m    fi[0m
build	Build IPA	2026-09-05T06:01:47.7227900Z [36;1m[0m
build	Build IPA	2026-09-05T06:01:47.7228130Z [36;1m    ARCHIVE_CMD="$ARCHIVE_CMD -scheme '${SCHEME:-Runner}'"[0m
build	Build IPA	2026-09-05T06:01:47.7228620Z [36;1m    ARCHIVE_CMD="$ARCHIVE_CMD -configuration '$CONFIGURATION'"[0m
build	Build IPA	2026-09-05T06:01:47.7230150Z [36;1m    ARCHIVE_CMD="$ARCHIVE_CMD -destination 'generic/platform=iOS'"[0m
build	Build IPA	2026-09-05T06:01:47.7231400Z [36;1m    ARCHIVE_CMD="$ARCHIVE_CMD -derivedDataPath '$DERIVED_DATA_PATH'"[0m
build	Build IPA	2026-09-05T06:01:47.7233230Z [36;1m    ARCHIVE_CMD="$ARCHIVE_CMD COMPILER_INDEX_STORE_ENABLE=NO"[0m
build	Build IPA	2026-09-05T06:01:47.7234650Z [36;1m    ARCHIVE_CMD="$ARCHIVE_CMD DEVELOPMENT_TEAM='$DEVELOPMENT_TEAM'"[0m
build	Build IPA	2026-09-05T06:01:47.7235290Z [36;1m    ARCHIVE_CMD="$ARCHIVE_CMD CODE_SIGN_STYLE=Manual"[0m
build	Build IPA	2026-09-05T06:01:47.7236620Z [36;1m    ARCHIVE_CMD="$ARCHIVE_CMD PROVISIONING_PROFILE_SPECIFIER='$PROVISIONING_PROFILE_NAME'"[0m
build	Build IPA	2026-09-05T06:01:47.7237710Z [36;1m    ARCHIVE_CMD="$ARCHIVE_CMD -quiet"[0m
build	Build IPA	2026-09-05T06:01:47.7239800Z [36;1m    ARCHIVE_CMD="$ARCHIVE_CMD -archivePath '$GITHUB_WORKSPACE/build/App.xcarchive' archive"[0m
build	Build IPA	2026-09-05T06:01:47.7241760Z [36;1m[0m
build	Build IPA	2026-09-05T06:01:47.7242310Z [36;1m    echo "Running: $ARCHIVE_CMD"[0m
build	Build IPA	2026-09-05T06:01:47.7243130Z [36;1m    eval $ARCHIVE_CMD[0m
build	Build IPA	2026-09-05T06:01:47.7243710Z [36;1m  fi[0m
build	Build IPA	2026-09-05T06:01:47.7245590Z [36;1melif [ "$PROJECT_TYPE" = "reactnative" ] || [ "$PROJECT_TYPE" = "expo" ] || [ "$PROJECT_TYPE" = "kmp" ]; then[0m
build	Build IPA	2026-09-05T06:01:47.7246880Z [36;1m  # Use xcodebuild directly for React Native/Expo and Kotlin Multiplatform.[0m
build	Build IPA	2026-09-05T06:01:47.7247890Z [36;1m  # For KMP, the Xcode build phase (or CocoaPods) invokes Gradle to[0m
build	Build IPA	2026-09-05T06:01:47.7248390Z [36;1m  # compile the shared Kotlin framework, so the JDK must be on PATH.[0m
build	Build IPA	2026-09-05T06:01:47.7248840Z [36;1m  if [ "$PROJECT_TYPE" = "kmp" ]; then[0m
build	Build IPA	2026-09-05T06:01:47.7249820Z [36;1m    echo "Building Kotlin Multiplatform iOS ($CONFIGURATION)..."[0m
build	Build IPA	2026-09-05T06:01:47.7251400Z [36;1m    if [ -f "${GITHUB_WORKSPACE}/gradlew" ]; then[0m
build	Build IPA	2026-09-05T06:01:47.7252120Z [36;1m      chmod +x "${GITHUB_WORKSPACE}/gradlew"[0m
build	Build IPA	2026-09-05T06:01:47.7253470Z [36;1m    fi[0m
build	Build IPA	2026-09-05T06:01:47.7253750Z [36;1m  else[0m
build	Build IPA	2026-09-05T06:01:47.7253980Z [36;1m    echo "Building React Native iOS ($CONFIGURATION)..."[0m
build	Build IPA	2026-09-05T06:01:47.7255280Z [36;1m  fi[0m
build	Build IPA	2026-09-05T06:01:47.7255720Z [36;1m  BUILD_CMD="xcodebuild"[0m
build	Build IPA	2026-09-05T06:01:47.7256560Z [36;1m  if [ -n "$WORKSPACE" ]; then[0m
build	Build IPA	2026-09-05T06:01:47.7257610Z [36;1m    BUILD_CMD="$BUILD_CMD -workspace $WORKSPACE"[0m
build	Build IPA	2026-09-05T06:01:47.7258030Z [36;1m  elif [ -n "$PROJECT" ]; then[0m
build	Build IPA	2026-09-05T06:01:47.7258380Z [36;1m    BUILD_CMD="$BUILD_CMD -project $PROJECT"[0m
build	Build IPA	2026-09-05T06:01:47.7259000Z [36;1m  fi[0m
build	Build IPA	2026-09-05T06:01:47.7260130Z [36;1m[0m
build	Build IPA	2026-09-05T06:01:47.7261510Z [36;1m  # Auto-detect scheme from workspace/project name (e.g., MyApp.xcworkspace -> MyApp)[0m
build	Build IPA	2026-09-05T06:01:47.7262080Z [36;1m  # unless an explicit scheme was provided.[0m
build	Build IPA	2026-09-05T06:01:47.7262360Z [36;1m  if [ -z "$SCHEME" ]; then[0m
build	Build IPA	2026-09-05T06:01:47.7262630Z [36;1m    if [ -n "$WORKSPACE" ]; then[0m
build	Build IPA	2026-09-05T06:01:47.7262930Z [36;1m      SCHEME=$(basename "$WORKSPACE" .xcworkspace)[0m
build	Build IPA	2026-09-05T06:01:47.7263300Z [36;1m    elif [ -n "$PROJECT" ]; then[0m
build	Build IPA	2026-09-05T06:01:47.7263640Z [36;1m      SCHEME=$(basename "$PROJECT" .xcodeproj)[0m
build	Build IPA	2026-09-05T06:01:47.7264020Z [36;1m    fi[0m
build	Build IPA	2026-09-05T06:01:47.7264410Z [36;1m  fi[0m
build	Build IPA	2026-09-05T06:01:47.7264630Z [36;1m[0m
build	Build IPA	2026-09-05T06:01:47.7265140Z [36;1m  BUILD_CMD="$BUILD_CMD -scheme '$SCHEME'"[0m
build	Build IPA	2026-09-05T06:01:47.7265930Z [36;1m  BUILD_CMD="$BUILD_CMD -configuration '$CONFIGURATION'"[0m
build	Build IPA	2026-09-05T06:01:47.7267740Z [36;1m  BUILD_CMD="$BUILD_CMD -destination 'generic/platform=iOS'"[0m
build	Build IPA	2026-09-05T06:01:47.7269100Z [36;1m  BUILD_CMD="$BUILD_CMD -derivedDataPath '$DERIVED_DATA_PATH'"[0m
build	Build IPA	2026-09-05T06:01:47.7269920Z [36;1m  BUILD_CMD="$BUILD_CMD COMPILER_INDEX_STORE_ENABLE=NO"[0m
build	Build IPA	2026-09-05T06:01:47.7270330Z [36;1m  BUILD_CMD="$BUILD_CMD -quiet"[0m
build	Build IPA	2026-09-05T06:01:47.7271210Z [36;1m[0m
build	Build IPA	2026-09-05T06:01:47.7271800Z [36;1m  if [ "$USE_SIGNING" = "true" ]; then[0m
build	Build IPA	2026-09-05T06:01:47.7273010Z [36;1m    # Must archive, not build: the IPA step below exports[0m
build	Build IPA	2026-09-05T06:01:47.7274080Z [36;1m    # build/App.xcarchive whenever signing is on.[0m
build	Build IPA	2026-09-05T06:01:47.7274510Z [36;1m    BUILD_CMD="$BUILD_CMD DEVELOPMENT_TEAM='$DEVELOPMENT_TEAM'"[0m
build	Build IPA	2026-09-05T06:01:47.7274900Z [36;1m    BUILD_CMD="$BUILD_CMD CODE_SIGN_STYLE=Manual"[0m
build	Build IPA	2026-09-05T06:01:47.7275790Z [36;1m    BUILD_CMD="$BUILD_CMD PROVISIONING_PROFILE_SPECIFIER='$PROVISIONING_PROFILE_NAME'"[0m
build	Build IPA	2026-09-05T06:01:47.7276450Z [36;1m    BUILD_CMD="$BUILD_CMD -archivePath '$GITHUB_WORKSPACE/build/App.xcarchive' archive"[0m
build	Build IPA	2026-09-05T06:01:47.7276880Z [36;1m  else[0m
build	Build IPA	2026-09-05T06:01:47.7277200Z [36;1m    BUILD_CMD="$BUILD_CMD CODE_SIGNING_ALLOWED=NO build"[0m
build	Build IPA	2026-09-05T06:01:47.7277940Z [36;1m  fi[0m
build	Build IPA	2026-09-05T06:01:47.7278110Z [36;1m[0m
build	Build IPA	2026-09-05T06:01:47.7278280Z [36;1m  echo "Running: $BUILD_CMD"[0m
build	Build IPA	2026-09-05T06:01:47.7278600Z [36;1m  eval $BUILD_CMD[0m
build	Build IPA	2026-09-05T06:01:47.7278800Z [36;1melse[0m
build	Build IPA	2026-09-05T06:01:47.7279410Z [36;1m  BUILD_CMD="xcodebuild"[0m
build	Build IPA	2026-09-05T06:01:47.7279710Z [36;1m  if [ -n "$WORKSPACE" ]; then[0m
build	Build IPA	2026-09-05T06:01:47.7280010Z [36;1m    BUILD_CMD="$BUILD_CMD -workspace $WORKSPACE"[0m
build	Build IPA	2026-09-05T06:01:47.7280290Z [36;1m  elif [ -n "$PROJECT" ]; then[0m
build	Build IPA	2026-09-05T06:01:47.7280590Z [36;1m    BUILD_CMD="$BUILD_CMD -project $PROJECT"[0m
build	Build IPA	2026-09-05T06:01:47.7280860Z [36;1m  fi[0m
build	Build IPA	2026-09-05T06:01:47.7281020Z [36;1m[0m
build	Build IPA	2026-09-05T06:01:47.7281210Z [36;1m  BUILD_CMD="$BUILD_CMD -scheme '$SCHEME'"[0m
build	Build IPA	2026-09-05T06:01:47.7281540Z [36;1m  BUILD_CMD="$BUILD_CMD -configuration '$CONFIGURATION'"[0m
build	Build IPA	2026-09-05T06:01:47.7281950Z [36;1m  BUILD_CMD="$BUILD_CMD -destination 'generic/platform=iOS'"[0m
build	Build IPA	2026-09-05T06:01:47.7282320Z [36;1m  BUILD_CMD="$BUILD_CMD -derivedDataPath '$DERIVED_DATA_PATH'"[0m
build	Build IPA	2026-09-05T06:01:47.7282600Z [36;1m[0m
build	Build IPA	2026-09-05T06:01:47.7282750Z [36;1m  # Speed optimization flags[0m
build	Build IPA	2026-09-05T06:01:47.7283020Z [36;1m  BUILD_CMD="$BUILD_CMD COMPILER_INDEX_STORE_ENABLE=NO"[0m
build	Build IPA	2026-09-05T06:01:47.7283340Z [36;1m  BUILD_CMD="$BUILD_CMD DEBUG_INFORMATION_FORMAT=dwarf"[0m
build	Build IPA	2026-09-05T06:01:47.7283700Z [36;1m  BUILD_CMD="$BUILD_CMD ONLY_ACTIVE_ARCH=YES"[0m
build	Build IPA	2026-09-05T06:01:47.7284190Z [36;1m  BUILD_CMD="$BUILD_CMD -quiet"[0m
build	Build IPA	2026-09-05T06:01:47.7284790Z [36;1m[0m
build	Build IPA	2026-09-05T06:01:47.7285000Z [36;1m  # mlx-swift 自带 CudaBuild 构建插件在 iOS 交叉编译下无法通过验证 →[0m
build	Build IPA	2026-09-05T06:01:47.7285300Z [36;1m  # 跳过包插件校验（不影响产物，规避 "Validate plug-in ... failed"）[0m
build	Build IPA	2026-09-05T06:01:47.7285640Z [36;1m  BUILD_CMD="$BUILD_CMD -skipPackagePluginValidation"[0m
build	Build IPA	2026-09-05T06:01:47.7286550Z [36;1m[0m
build	Build IPA	2026-09-05T06:01:47.7287070Z [36;1m  # Xcode 16+ native compilation caching[0m
build	Build IPA	2026-09-05T06:01:47.7287890Z [36;1m  BUILD_CMD="$BUILD_CMD SWIFT_ENABLE_COMPILE_CACHE=YES"[0m
build	Build IPA	2026-09-05T06:01:47.7288770Z [36;1m  BUILD_CMD="$BUILD_CMD CLANG_ENABLE_COMPILE_CACHE=YES"[0m
build	Build IPA	2026-09-05T06:01:47.7289520Z [36;1m[0m
build	Build IPA	2026-09-05T06:01:47.7290190Z [36;1m  if [ "$USE_SIGNING" = "true" ]; then[0m
build	Build IPA	2026-09-05T06:01:47.7291140Z [36;1m    # For signed builds, use archive. Automatic signing cannot resolve a[0m
build	Build IPA	2026-09-05T06:01:47.7292680Z [36;1m    # team on a runner (no Xcode account), so sign manually against the[0m
build	Build IPA	2026-09-05T06:01:47.7293590Z [36;1m    # profile installed above.[0m
build	Build IPA	2026-09-05T06:01:47.7294370Z [36;1m    BUILD_CMD="$BUILD_CMD DEVELOPMENT_TEAM='$DEVELOPMENT_TEAM'"[0m
build	Build IPA	2026-09-05T06:01:47.7295340Z [36;1m    BUILD_CMD="$BUILD_CMD CODE_SIGN_STYLE=Manual"[0m
build	Build IPA	2026-09-05T06:01:47.7297570Z [36;1m    BUILD_CMD="$BUILD_CMD PROVISIONING_PROFILE_SPECIFIER='$PROVISIONING_PROFILE_NAME'"[0m
build	Build IPA	2026-09-05T06:01:47.7298210Z [36;1m    BUILD_CMD="$BUILD_CMD -archivePath '$GITHUB_WORKSPACE/build/App.xcarchive' archive"[0m
build	Build IPA	2026-09-05T06:01:47.7298650Z [36;1m  else[0m
build	Build IPA	2026-09-05T06:01:47.7299500Z [36;1m    # For unsigned builds, use faster 'build' action[0m
build	Build IPA	2026-09-05T06:01:47.7300370Z [36;1m    BUILD_CMD="$BUILD_CMD CODE_SIGNING_ALLOWED=NO build"[0m
build	Build IPA	2026-09-05T06:01:47.7301080Z [36;1m  fi[0m
build	Build IPA	2026-09-05T06:01:47.7301940Z [36;1m[0m
build	Build IPA	2026-09-05T06:01:47.7302190Z [36;1m  echo "Running: $BUILD_CMD"[0m
build	Build IPA	2026-09-05T06:01:47.7302450Z [36;1m  eval $BUILD_CMD[0m
build	Build IPA	2026-09-05T06:01:47.7302790Z [36;1mfi[0m
build	Build IPA	2026-09-05T06:01:47.7302980Z [36;1m[0m
build	Build IPA	2026-09-05T06:01:47.7303630Z [36;1m# Create IPA[0m
build	Build IPA	2026-09-05T06:01:47.7304420Z [36;1mif [ "$USE_SIGNING" = "true" ]; then[0m
build	Build IPA	2026-09-05T06:01:47.7305280Z [36;1m  # For signed builds, use xcodebuild -exportArchive.[0m
build	Build IPA	2026-09-05T06:01:47.7306610Z [36;1m  # Everything below is relative to the repo root, which is also what[0m
build	Build IPA	2026-09-05T06:01:47.7307950Z [36;1m  # the upload-artifact step ("build/*.ipa") resolves against — do not[0m
build	Build IPA	2026-09-05T06:01:47.7309670Z [36;1m  # use "cd .." here, it breaks when ios_path is "." (native at root).[0m
build	Build IPA	2026-09-05T06:01:47.7310030Z [36;1m  cd "$GITHUB_WORKSPACE"[0m
build	Build IPA	2026-09-05T06:01:47.7310230Z [36;1m[0m
build	Build IPA	2026-09-05T06:01:47.7310940Z [36;1m  # The export has to use the same manual signing as the archive, and[0m
build	Build IPA	2026-09-05T06:01:47.7311350Z [36;1m  # it needs the app's real bundle id to map it to the profile.[0m
build	Build IPA	2026-09-05T06:01:47.7312630Z [36;1m  APP_BUNDLE_ID=$(plutil -extract ApplicationProperties.CFBundleIdentifier raw -o - build/App.xcarchive/Info.plist)[0m
build	Build IPA	2026-09-05T06:01:47.7313360Z [36;1m  echo "Exporting $APP_BUNDLE_ID with profile '$PROVISIONING_PROFILE_NAME' (team $DEVELOPMENT_TEAM)"[0m
build	Build IPA	2026-09-05T06:01:47.7314010Z [36;1m[0m
build	Build IPA	2026-09-05T06:01:47.7314530Z [36;1m  printf '%s\n' \[0m
build	Build IPA	2026-09-05T06:01:47.7315000Z [36;1m    '<?xml version="1.0" encoding="UTF-8"?>' \[0m
build	Build IPA	2026-09-05T06:01:47.7315560Z [36;1m    '<!DOCTYPE plist PUBLIC "-//Apple//DTD PLIST 1.0//EN" "http://www.apple.com/DTDs/PropertyList-1.0.dtd">' \[0m
build	Build IPA	2026-09-05T06:01:47.7316510Z [36;1m    '<plist version="1.0">' \[0m
build	Build IPA	2026-09-05T06:01:47.7316760Z [36;1m    '<dict>' \[0m
build	Build IPA	2026-09-05T06:01:47.7316960Z [36;1m    '    <key>method</key>' \[0m
build	Build IPA	2026-09-05T06:01:47.7317250Z [36;1m    '    <string>development</string>' \[0m
build	Build IPA	2026-09-05T06:01:47.7318170Z [36;1m    '    <key>signingStyle</key>' \[0m
build	Build IPA	2026-09-05T06:01:47.7318830Z [36;1m    '    <string>manual</string>' \[0m
build	Build IPA	2026-09-05T06:01:47.7319360Z [36;1m    '    <key>teamID</key>' \[0m
build	Build IPA	2026-09-05T06:01:47.7319630Z [36;1m    "    <string>${DEVELOPMENT_TEAM}</string>" \[0m
build	Build IPA	2026-09-05T06:01:47.7319920Z [36;1m    '    <key>provisioningProfiles</key>' \[0m
build	Build IPA	2026-09-05T06:01:47.7320150Z [36;1m    '    <dict>' \[0m
build	Build IPA	2026-09-05T06:01:47.7320390Z [36;1m    "        <key>${APP_BUNDLE_ID}</key>" \[0m
build	Build IPA	2026-09-05T06:01:47.7320730Z [36;1m    "        <string>${PROVISIONING_PROFILE_NAME}</string>" \[0m
build	Build IPA	2026-09-05T06:01:47.7321050Z [36;1m    '    </dict>' \[0m
build	Build IPA	2026-09-05T06:01:47.7321240Z [36;1m    '</dict>' \[0m
build	Build IPA	2026-09-05T06:01:47.7321440Z [36;1m    '</plist>' > ExportOptions.plist[0m
build	Build IPA	2026-09-05T06:01:47.7321680Z [36;1m  xcodebuild -exportArchive \[0m
build	Build IPA	2026-09-05T06:01:47.7321920Z [36;1m    -archivePath build/App.xcarchive \[0m
build	Build IPA	2026-09-05T06:01:47.7322220Z [36;1m    -exportOptionsPlist ExportOptions.plist \[0m
build	Build IPA	2026-09-05T06:01:47.7322480Z [36;1m    -exportPath build/export[0m
build	Build IPA	2026-09-05T06:01:47.7322730Z [36;1m[0m
build	Build IPA	2026-09-05T06:01:47.7322940Z [36;1m  # Move IPA to expected location[0m
build	Build IPA	2026-09-05T06:01:47.7323240Z [36;1m  mv build/export/*.ipa "build/$BUILD_ID.ipa"[0m
build	Build IPA	2026-09-05T06:01:47.7323590Z [36;1m  echo "Created signed IPA: build/$BUILD_ID.ipa"[0m
build	Build IPA	2026-09-05T06:01:47.7323820Z [36;1melse[0m
build	Build IPA	2026-09-05T06:01:47.7324020Z [36;1m  # For unsigned builds, find .app and create IPA[0m
build	Build IPA	2026-09-05T06:01:47.7325010Z [36;1m  if [ "$PROJECT_TYPE" = "flutter" ]; then[0m
build	Build IPA	2026-09-05T06:01:47.7325290Z [36;1m    # Flutter outputs to build/ios/iphoneos/[0m
build	Build IPA	2026-09-05T06:01:47.7325690Z [36;1m    APP_PATH=$(find "${GITHUB_WORKSPACE}/build/ios/iphoneos" -name "*.app" -type d | head -1)[0m
build	Build IPA	2026-09-05T06:01:47.7326050Z [36;1m  else[0m
build	Build IPA	2026-09-05T06:01:47.7326320Z [36;1m    # Native and React Native/Expo use DerivedData. Ask the project[0m
build	Build IPA	2026-09-05T06:01:47.7326780Z [36;1m    # which bundle this scheme produces: the first .app under[0m
build	Build IPA	2026-09-05T06:01:47.7327220Z [36;1m    # Build/Products is the wrong one whenever the repo has more than[0m
build	Build IPA	2026-09-05T06:01:47.7327560Z [36;1m    # one app target.[0m
build	Build IPA	2026-09-05T06:01:47.7327760Z [36;1m    if [ -n "$WORKSPACE" ]; then[0m
build	Build IPA	2026-09-05T06:01:47.7327990Z [36;1m      TARGET_FLAG=-workspace[0m
build	Build IPA	2026-09-05T06:01:47.7328230Z [36;1m      TARGET_PATH=$WORKSPACE[0m
build	Build IPA	2026-09-05T06:01:47.7328490Z [36;1m    else[0m
build	Build IPA	2026-09-05T06:01:47.7328670Z [36;1m      TARGET_FLAG=-project[0m
build	Build IPA	2026-09-05T06:01:47.7328870Z [36;1m      TARGET_PATH=$PROJECT[0m
build	Build IPA	2026-09-05T06:01:47.7329090Z [36;1m    fi[0m
build	Build IPA	2026-09-05T06:01:47.7329360Z [36;1m    APP_PATH=$(xcodebuild "$TARGET_FLAG" "$TARGET_PATH" \[0m
build	Build IPA	2026-09-05T06:01:47.7329980Z [36;1m      -scheme "$SCHEME" \[0m
build	Build IPA	2026-09-05T06:01:47.7330230Z [36;1m      -configuration "$CONFIGURATION" \[0m
build	Build IPA	2026-09-05T06:01:47.7330500Z [36;1m      -destination 'generic/platform=iOS' \[0m
build	Build IPA	2026-09-05T06:01:47.7330810Z [36;1m      -derivedDataPath "$DERIVED_DATA_PATH" \[0m
build	Build IPA	2026-09-05T06:01:47.7331160Z [36;1m      -showBuildSettings -json 2>/dev/null \[0m
build	Build IPA	2026-09-05T06:01:47.7331410Z [36;1m      | jq -r 'map(.buildSettings)[0m
build	Build IPA	2026-09-05T06:01:47.7331750Z [36;1m               | map(select(.PRODUCT_TYPE == "com.apple.product-type.application"[0m
build	Build IPA	2026-09-05T06:01:47.7332150Z [36;1m                            and (.TARGET_BUILD_DIR | contains("-iphoneos"))))[0m
build	Build IPA	2026-09-05T06:01:47.7332520Z [36;1m               | map(.TARGET_BUILD_DIR + "/" + .FULL_PRODUCT_NAME)[0m
build	Build IPA	2026-09-05T06:01:47.7332820Z [36;1m               | first // empty' || true)[0m
build	Build IPA	2026-09-05T06:01:47.7333060Z [36;1m    if [ ! -d "$APP_PATH" ]; then[0m
build	Build IPA	2026-09-05T06:01:47.7333900Z [36;1m      APP_PATH=$(find "$DERIVED_DATA_PATH/Build/Products/${CONFIGURATION}-iphoneos" -maxdepth 1 -name "*.app" -type d -print -quit 2>/dev/null || true)[0m
build	Build IPA	2026-09-05T06:01:47.7334490Z [36;1m    fi[0m
build	Build IPA	2026-09-05T06:01:47.7334640Z [36;1m  fi[0m
build	Build IPA	2026-09-05T06:01:47.7334770Z [36;1m[0m
build	Build IPA	2026-09-05T06:01:47.7334930Z [36;1m  if [ -z "$APP_PATH" ]; then[0m
build	Build IPA	2026-09-05T06:01:47.7335160Z [36;1m    echo "Error: Could not find .app"[0m
build	Build IPA	2026-09-05T06:01:47.7335370Z [36;1m    exit 1[0m
build	Build IPA	2026-09-05T06:01:47.7335520Z [36;1m  fi[0m
build	Build IPA	2026-09-05T06:01:47.7335690Z [36;1m  echo "Found app at: $APP_PATH"[0m
build	Build IPA	2026-09-05T06:01:47.7335900Z [36;1m  cd "$GITHUB_WORKSPACE"[0m
build	Build IPA	2026-09-05T06:01:47.7336110Z [36;1m  mkdir -p build/Payload[0m
build	Build IPA	2026-09-05T06:01:47.7336340Z [36;1m  cp -R "$APP_PATH" build/Payload/[0m
build	Build IPA	2026-09-05T06:01:47.7336550Z [36;1m  cd build[0m
build	Build IPA	2026-09-05T06:01:47.7336730Z [36;1m  zip -rq "$BUILD_ID.ipa" Payload[0m
build	Build IPA	2026-09-05T06:01:47.7336950Z [36;1m  rm -rf Payload[0m
build	Build IPA	2026-09-05T06:01:47.7337180Z [36;1m  echo "Created unsigned IPA: build/$BUILD_ID.ipa"[0m
build	Build IPA	2026-09-05T06:01:47.7337430Z [36;1mfi[0m
build	Build IPA	2026-09-05T06:01:47.7373550Z shell: /bin/bash -e {0}
build	Build IPA	2026-09-05T06:01:47.7373760Z env:
build	Build IPA	2026-09-05T06:01:47.7373950Z   MD_APPLE_SDK_ROOT: /Applications/Xcode_26.6.app
build	Build IPA	2026-09-05T06:01:47.7374200Z   BUILD_ID: huamei-0905-140019
build	Build IPA	2026-09-05T06:01:47.7374380Z   IOS_PATH: ios
build	Build IPA	2026-09-05T06:01:47.7374530Z   SCHEME: HuameiIndexTTS
build	Build IPA	2026-09-05T06:01:47.7374700Z   PROJECT_TYPE: native
build	Build IPA	2026-09-05T06:01:47.7374850Z   USE_SIGNING: false
build	Build IPA	2026-09-05T06:01:47.7375010Z   CONFIGURATION: Debug
build	Build IPA	2026-09-05T06:01:47.7375170Z ##[endgroup]
build	Build IPA	2026-09-05T06:01:47.7719150Z Regenerating project with xcodegen (deterministic)...
build	Build IPA	2026-09-05T06:01:47.7844850Z ⚙️  Generating plists...
build	Build IPA	2026-09-05T06:01:47.7845200Z ⚙️  Generating project...
build	Build IPA	2026-09-05T06:01:47.7962210Z ⚙️  Writing project...
build	Build IPA	2026-09-05T06:01:47.8043150Z Created project at /Users/runner/work/huamei-indexTTS/huamei-indexTTS/ios/HuameiIndexTTS.xcodeproj
build	Build IPA	2026-09-05T06:01:47.8054730Z Using project: /Users/runner/work/huamei-indexTTS/huamei-indexTTS/ios/HuameiIndexTTS.xcodeproj
build	Build IPA	2026-09-05T06:01:47.8060910Z Running: xcodebuild -project /Users/runner/work/huamei-indexTTS/huamei-indexTTS/ios/HuameiIndexTTS.xcodeproj -scheme 'HuameiIndexTTS' -configuration 'Debug' -destination 'generic/platform=iOS' -derivedDataPath '/Users/runner/work/huamei-indexTTS/huamei-indexTTS/DerivedData' COMPILER_INDEX_STORE_ENABLE=NO DEBUG_INFORMATION_FORMAT=dwarf ONLY_ACTIVE_ARCH=YES -quiet -skipPackagePluginValidation SWIFT_ENABLE_COMPILE_CACHE=YES CLANG_ENABLE_COMPILE_CACHE=YES CODE_SIGNING_ALLOWED=NO build
build	Build IPA	2026-09-05T06:02:19.5707210Z In file included from /Users/runner/work/huamei-indexTTS/huamei-indexTTS/DerivedData/SourcePackages/checkouts/mlx-swift/Source/Cmlx/mlx-generated/metal/steel/attn/kernels/steel_attention.metal:6:
build	Build IPA	2026-09-05T06:02:19.5711800Z In file included from /Users/runner/work/huamei-indexTTS/huamei-indexTTS/DerivedData/SourcePackages/checkouts/mlx-swift/Source/Cmlx/mlx-generated/metal/steel/attn/kernels/../../../steel/attn/kernels/steel_attention.h:3:
build	Build IPA	2026-09-05T06:02:19.5722760Z In file included from /Users/runner/work/huamei-indexTTS/huamei-indexTTS/DerivedData/SourcePackages/checkouts/mlx-swift/Source/Cmlx/mlx-generated/metal/steel/attn/kernels/../../../steel/attn/attn.h:6:
build	Build IPA	2026-09-05T06:02:19.5726440Z In file included from /Users/runner/work/huamei-indexTTS/huamei-indexTTS/DerivedData/SourcePackages/checkouts/mlx-swift/Source/Cmlx/mlx-generated/metal/steel/attn/kernels/../../../steel/attn/../../steel/attn/mma.h:11:
build	Build IPA	2026-09-05T06:02:19.5728040Z /Users/runner/work/huamei-indexTTS/huamei-indexTTS/DerivedData/SourcePackages/checkouts/mlx-swift/Source/Cmlx/mlx-generated/metal/steel/attn/kernels/../../../steel/attn/../../steel/utils/integral_constant.h:108:6: warning: constexpr if is a C++17 extension [-Wc++17-extensions]
build	Build IPA	2026-09-05T06:02:19.5729810Z   if constexpr (start < stop) {
build	Build IPA	2026-09-05T06:02:19.5730210Z      ^
build	Build IPA	2026-09-05T06:02:19.5731850Z In file included from /Users/runner/work/huamei-indexTTS/huamei-indexTTS/DerivedData/SourcePackages/checkouts/mlx-swift/Source/Cmlx/mlx-generated/metal/steel/attn/kernels/steel_attention.metal:6:
build	Build IPA	2026-09-05T06:02:19.5733310Z /Users/runner/work/huamei-indexTTS/huamei-indexTTS/DerivedData/SourcePackages/checkouts/mlx-swift/Source/Cmlx/mlx-generated/metal/steel/attn/kernels/../../../steel/attn/kernels/steel_attention.h:356:16: warning: constexpr if is a C++17 extension [-Wc++17-extensions]
build	Build IPA	2026-09-05T06:02:19.5734360Z             if constexpr (is_bool) {
build	Build IPA	2026-09-05T06:02:19.5734760Z                ^
build	Build IPA	2026-09-05T06:02:19.5735660Z /Users/runner/work/huamei-indexTTS/huamei-indexTTS/DerivedData/SourcePackages/checkouts/mlx-swift/Source/Cmlx/mlx-generated/metal/steel/attn/kernels/../../../steel/attn/kernels/steel_attention.h:426:14: warning: constexpr if is a C++17 extension [-Wc++17-extensions]
build	Build IPA	2026-09-05T06:02:19.5736730Z           if constexpr (BD == 128) {
build	Build IPA	2026-09-05T06:02:19.5737090Z              ^
build	Build IPA	2026-09-05T06:02:19.5738120Z /Users/runner/work/huamei-indexTTS/huamei-indexTTS/DerivedData/SourcePackages/checkouts/mlx-swift/Source/Cmlx/mlx-generated/metal/steel/attn/kernels/../../../steel/attn/kernels/steel_attention.h:436:14: warning: constexpr if is a C++17 extension [-Wc++17-extensions]
build	Build IPA	2026-09-05T06:02:19.5739100Z           if constexpr (BD == 128) {
build	Build IPA	2026-09-05T06:02:19.5739550Z              ^
build	Build IPA	2026-09-05T06:02:19.5739750Z 4 warnings generated.
build	Build IPA	2026-09-05T06:02:21.8996550Z Cache hit
build	Build IPA	2026-09-05T06:02:21.8997990Z /Users/runner/work/huamei-indexTTS/huamei-indexTTS/ios/Sources/MLXIndexTTS2Core/TTSPipeline.swift:183:17: warning: initialization of immutable value 'sm' was never used; consider replacing with assignment to '_' or removing it
build	Build IPA	2026-09-05T06:02:21.8999760Z             let sm = try ensureS2Mel()
build	Build IPA	2026-09-05T06:02:21.9016000Z             ~~~~^~
build	Build IPA	2026-09-05T06:02:21.9016320Z             _
build	Build IPA	2026-09-05T06:02:21.9017280Z /Users/runner/work/huamei-indexTTS/huamei-indexTTS/ios/Sources/MLXIndexTTS2Core/Text/TiktokenBPE.swift:62:21: warning: immutable value 'token' was never used; consider replacing with '_' or removing it
build	Build IPA	2026-09-05T06:02:21.9018500Z             if let (token, id, consumed) = consumeSpecial(from: rest) {
build	Build IPA	2026-09-05T06:02:21.9018960Z                     ^~~~~
build	Build IPA	2026-09-05T06:02:21.9019480Z                     _
build	Build IPA	2026-09-05T06:02:21.9020310Z /Users/runner/work/huamei-indexTTS/huamei-indexTTS/ios/Sources/MLXIndexTTS2Core/Text/TiktokenBPE.swift:92:19: warning: value 'first' was defined but never used; consider replacing with boolean test
build	Build IPA	2026-09-05T06:02:21.9021090Z         guard let first = chars.first else { return "" }
build	Build IPA	2026-09-05T06:02:21.9021720Z               ~~~~^~~~~~~~
build	Build IPA	2026-09-05T06:02:21.9022090Z                                       != nil
build	Build IPA	2026-09-05T06:02:21.9022390Z Cache hit
build	Build IPA	2026-09-05T06:02:21.9026080Z /Users/runner/work/huamei-indexTTS/huamei-indexTTS/ios/Sources/MLXIndexTTS2Core/Ops.swift:80:23: warning: 'quantizedMatmul(_:_:scales:biases:transpose:groupSize:bits:mode:stream:)' is deprecated: renamed to 'quantizedMM(_:_:scales:biases:transpose:groupSize:bits:mode:stream:)'
build	Build IPA	2026-09-05T06:02:21.9028330Z         let out = MLX.quantizedMatmul(
build	Build IPA	2026-09-05T06:02:21.9028620Z                       ^
build	Build IPA	2026-09-05T06:02:21.9029410Z /Users/runner/work/huamei-indexTTS/huamei-indexTTS/ios/Sources/MLXIndexTTS2Core/Ops.swift:80:23: note: use 'quantizedMM(_:_:scales:biases:transpose:groupSize:bits:mode:stream:)' instead
build	Build IPA	2026-09-05T06:02:21.9030250Z         let out = MLX.quantizedMatmul(
build	Build IPA	2026-09-05T06:02:21.9030810Z                       ^~~~~~~~~~~~~~~
build	Build IPA	2026-09-05T06:02:21.9031620Z                       quantizedMM
build	Build IPA	2026-09-05T06:02:21.9032560Z /Users/runner/work/huamei-indexTTS/huamei-indexTTS/ios/Sources/MLXIndexTTS2Core/OpsCPU.swift:11:17: warning: no calls to throwing functions occur within 'try' expression
build	Build IPA	2026-09-05T06:02:21.9033400Z         return (try? self.asArray(Float.self)) ?? []
build	Build IPA	2026-09-05T06:02:21.9033870Z                 ^
build	Build IPA	2026-09-05T06:02:21.9035020Z /Users/runner/work/huamei-indexTTS/huamei-indexTTS/ios/Sources/MLXIndexTTS2Core/S2MelInfer.swift:41:13: warning: immutable value 'B' was never used; consider replacing with '_' or removing it
build	Build IPA	2026-09-05T06:02:21.9035790Z         let B = x.shape[0], T = x.shape[2]
build	Build IPA	2026-09-05T06:02:21.9036120Z             ^
build	Build IPA	2026-09-05T06:02:21.9036540Z             _
build	Build IPA	2026-09-05T06:02:21.9037810Z /Users/runner/work/huamei-indexTTS/huamei-indexTTS/ios/Sources/MLXIndexTTS2Core/S2MelInfer.swift:92:17: warning: variable 'fOut' was never mutated; consider changing to 'let' constant
build	Build IPA	2026-09-05T06:02:21.9038700Z             var fOut = Ops.linear(g, w: blk.ffnW2, b: nil)
build	Build IPA	2026-09-05T06:02:21.9039050Z             ~~~ ^
build	Build IPA	2026-09-05T06:02:21.9039270Z             let
build	Build IPA	2026-09-05T06:02:21.9040150Z /Users/runner/work/huamei-indexTTS/huamei-indexTTS/ios/Sources/MLXIndexTTS2Core/S2MelInfer.swift:123:13: warning: variable 'gAll' was never mutated; consider changing to 'let' constant
build	Build IPA	2026-09-05T06:02:21.9041240Z         var gAll = Ops.conv1d(g, w: w.wnCondW, b: w.wnCondB)              // [1,8192,1]
build	Build IPA	2026-09-05T06:02:21.9041950Z         ~~~ ^
build	Build IPA	2026-09-05T06:02:21.9042290Z         let
build	Build IPA	2026-09-05T06:02:21.9043100Z /Users/runner/work/huamei-indexTTS/huamei-indexTTS/ios/Sources/MLXIndexTTS2Core/S2MelInfer.swift:135:17: warning: variable 'rsa' was never mutated; consider changing to 'let' constant
build	Build IPA	2026-09-05T06:02:21.9044050Z             var rsa = Ops.conv1d(acts, w: rw, b: rb)                      // [1,1024,T]
build	Build IPA	2026-09-05T06:02:21.9044530Z             ~~~ ^
build	Build IPA	2026-09-05T06:02:21.9044780Z             let
build	Build IPA	2026-09-05T06:02:21.9045640Z /Users/runner/work/huamei-indexTTS/huamei-indexTTS/ios/Sources/MLXIndexTTS2Core/S2MelInfer.swift:209:13: warning: immutable value 'B' was never used; consider replacing with '_' or removing it
build	Build IPA	2026-09-05T06:02:21.9046750Z         let B = mu.shape[0], T = mu.shape[1]
build	Build IPA	2026-09-05T06:02:21.9047470Z             ^
build	Build IPA	2026-09-05T06:02:21.9047840Z             _
build	Build IPA	2026-09-05T06:02:21.9048710Z /Users/runner/work/huamei-indexTTS/huamei-indexTTS/ios/Sources/MLXIndexTTS2Core/S2MelInfer.swift:261:14: warning: immutable value 'b' was never used; consider replacing with '_' or removing it
build	Build IPA	2026-09-05T06:02:21.9049760Z         let (b, c, t) = (dstShape[0], dstShape[1], dstShape[2])
build	Build IPA	2026-09-05T06:02:21.9050260Z              ^
build	Build IPA	2026-09-05T06:02:21.9050520Z              _
build	Build IPA	2026-09-05T06:02:21.9050850Z Cache hit
build	Build IPA	2026-09-05T06:02:21.9051920Z /Users/runner/work/huamei-indexTTS/huamei-indexTTS/ios/Sources/MLXIndexTTS2Core/Voice/AudioFeatures.swift:45:17: warning: variable 'half' was never mutated; consider changing to 'let' constant
build	Build IPA	2026-09-05T06:02:21.9052710Z             var half = len >> 1
build	Build IPA	2026-09-05T06:02:21.9053120Z             ~~~ ^
build	Build IPA	2026-09-05T06:02:21.9053540Z             let
build	Build IPA	2026-09-05T06:02:21.9054860Z /Users/runner/work/huamei-indexTTS/huamei-indexTTS/ios/Sources/MLXIndexTTS2Core/BigVGAN.swift:88:13: warning: initialization of immutable value 'pad' was never used; consider replacing with assignment to '_' or removing it
build	Build IPA	2026-09-05T06:02:21.9055940Z         let pad = (k - rate) / 2
build	Build IPA	2026-09-05T06:02:21.9056180Z         ~~~~^~~
build	Build IPA	2026-09-05T06:02:21.9056820Z         _
build	Build IPA	2026-09-05T06:02:21.9057700Z /Users/runner/work/huamei-indexTTS/huamei-indexTTS/ios/Sources/MLXIndexTTS2Core/BigVGAN.swift:112:13: warning: variable 'stageOut' was never used; consider replacing with '_' or removing it
build	Build IPA	2026-09-05T06:02:21.9058470Z         var stageOut: [MLXArray] = []
build	Build IPA	2026-09-05T06:02:21.9058870Z             ^~~~~~~~
build	Build IPA	2026-09-05T06:02:21.9059190Z             _
build	Build IPA	2026-09-05T06:02:21.9059980Z /Users/runner/work/huamei-indexTTS/huamei-indexTTS/ios/Sources/MLXIndexTTS2Core/Voice/Campplus.swift:291:29: warning: immutable value 'C' was never used; consider replacing with '_' or removing it
build	Build IPA	2026-09-05T06:02:21.9060800Z         let B = x.shape[0], C = x.shape[1], T = x.shape[2]
build	Build IPA	2026-09-05T06:02:21.9061110Z                             ^
build	Build IPA	2026-09-05T06:02:21.9061570Z                             _
build	Build IPA	2026-09-05T06:02:21.9062510Z /Users/runner/work/huamei-indexTTS/huamei-indexTTS/ios/Sources/MLXIndexTTS2Core/Codec.swift:93:13: warning: variable 'q' was never mutated; consider changing to 'let' constant
build	Build IPA	2026-09-05T06:02:21.9063400Z         var q = Ops.conv1d(x, w: outProjW, b: outProjB)     // [1,1024,T]
build	Build IPA	2026-09-05T06:02:21.9063830Z         ~~~ ^
build	Build IPA	2026-09-05T06:02:21.9064180Z         let
build	Build IPA	2026-09-05T06:02:21.9064870Z /Users/runner/work/huamei-indexTTS/huamei-indexTTS/ios/Sources/MLXIndexTTS2Core/Codec.swift:108:13: warning: variable 'floats' was never mutated; consider changing to 'let' constant
build	Build IPA	2026-09-05T06:02:21.9065710Z         var floats = x.asFloatArray()
build	Build IPA	2026-09-05T06:02:21.9065960Z         ~~~ ^
build	Build IPA	2026-09-05T06:02:21.9066360Z         let
build	Build IPA	2026-09-05T06:02:21.9066650Z Cache miss
build	Build IPA	2026-09-05T06:02:21.9066940Z Failed frontend command:
build	Build IPA	2026-09-05T06:02:21.9116410Z /Applications/Xcode_26.6.app/Contents/Developer/Toolchains/XcodeDefault.xctoolchain/usr/bin/swift-frontend -frontend -emit-module -experimental-skip-non-inlinable-function-bodies-without-types /Users/runner/work/huamei-indexTTS/huamei-indexTTS/ios/Sources/HuameiIndexTTS/Views/AboutSheet.swift /Users/runner/work/huamei-indexTTS/huamei-indexTTS/ios/Sources/HuameiIndexTTS/App.swift /Users/runner/work/huamei-indexTTS/huamei-indexTTS/ios/Sources/HuameiIndexTTS/Audio/AudioImporter.swift /Users/runner/work/huamei-indexTTS/huamei-indexTTS/ios/Sources/HuameiIndexTTS/Audio/AudioPlayer.swift /Users/runner/work/huamei-indexTTS/huamei-indexTTS/ios/Sources/HuameiIndexTTS/Audio/AudioRecorder.swift /Users/runner/work/huamei-indexTTS/huamei-indexTTS/ios/Sources/HuameiIndexTTS/Views/AudioSourceSheet.swift /Users/runner/work/huamei-indexTTS/huamei-indexTTS/ios/Sources/HuameiIndexTTS/Theme/Colors.swift /Users/runner/work/huamei-indexTTS/huamei-indexTTS/ios/Sources/HuameiIndexTTS/Model/InferenceEngine.swift /Users/runner/work/huamei-indexTTS/huamei-indexTTS/ios/Sources/HuameiIndexTTS/Theme/LiquidGlass.swift /Users/runner/work/huamei-indexTTS/huamei-indexTTS/ios/Sources/HuameiIndexTTS/Model/ModelDownloadManager.swift /Users/runner/work/huamei-indexTTS/huamei-indexTTS/ios/Sources/HuameiIndexTTS/Views/ModelStatusView.swift /Users/runner/work/huamei-indexTTS/huamei-indexTTS/ios/Sources/HuameiIndexTTS/Views/ResultCard.swift /Users/runner/work/huamei-indexTTS/huamei-indexTTS/ios/Sources/HuameiIndexTTS/Views/RootView.swift /Users/runner/work/huamei-indexTTS/huamei-indexTTS/ios/Sources/HuameiIndexTTS/Model/SessionStore.swift /Users/runner/work/huamei-indexTTS/huamei-indexTTS/ios/Sources/HuameiIndexTTS/Views/SettingsSheet.swift /Users/runner/work/huamei-indexTTS/huamei-indexTTS/ios/Sources/HuameiIndexTTS/Views/SynthesizeControl.swift /Users/runner/work/huamei-indexTTS/huamei-indexTTS/ios/Sources/HuameiIndexTTS/Views/TextInputCard.swift /Users/runner/work/huamei-indexTTS/huamei-indexTTS/ios/Sources/HuameiIndexTTS/Audio/VideoAudioExtractor.swift /Users/runner/work/huamei-indexTTS/huamei-indexTTS/ios/Sources/HuameiIndexTTS/Views/VoiceReferenceCard.swift -target arm64-apple-ios17.0 -direct-clang-cc1-module-build -Xcc -cc1 -Xcc -fansi-escape-codes -Xcc -ferror-limit -Xcc 19 -Xcc -Wdeprecated-objc-isa-usage -Xcc -Werror\=deprecated-objc-isa-usage -Xcc -Werror\=implicit-function-declaration -Xcc -Wno-elaborated-enum-base -Xcc -Wno-error\=allocator-wrappers -Xcc -disable-free -Xcc -fno-pch-timestamp -Xcc -fsyntax-only -Xcc -x -Xcc objective-c -Xcc \<swift-imported-modules\> -Xcc -target-abi -Xcc darwinpcs -Xcc -target-cpu -Xcc apple-a12 -Xcc -target-feature -Xcc +v8.3a -Xcc -target-feature -Xcc +aes -Xcc -target-feature -Xcc +complxnum -Xcc -target-feature -Xcc +crc -Xcc -target-feature -Xcc +fp-armv8 -Xcc -target-feature -Xcc +fullfp16 -Xcc -target-feature -Xcc +jsconv -Xcc -target-feature -Xcc +lse -Xcc -target-feature -Xcc +neon -Xcc -target-feature -Xcc +pauth -Xcc -target-feature -Xcc +perfmon -Xcc -target-feature -Xcc +ras -Xcc -target-feature -Xcc +rcpc -Xcc -target-feature -Xcc +rdm -Xcc -target-feature -Xcc +sha2 -Xcc -triple -Xcc arm64-apple-ios26.5.0 -Xcc -target-linker-version -Xcc 1267 -Xcc -target-sdk-version\=26.5 -Xcc -fmodules-validate-system-headers -Xcc -fno-modulemap-allow-subdirectory-search -Xcc -isysroot -Xcc /Applications/Xcode_26.6.app/Contents/Developer/Platforms/iPhoneOS.platform/Developer/SDKs/iPhoneOS26.5.sdk -Xcc -resource-dir -Xcc /Applications/Xcode_26.6.app/Contents/Developer/Toolchains/XcodeDefault.xctoolchain/usr/lib/swift/clang -Xcc -fmodule-format\=obj -Xcc -fapinotes-swift-version\=5 -Xcc -std\=gnu11 -Xcc -fapinotes-modules -Xcc -fexceptions -Xcc -fskip-odr-check-in-gmf -Xcc -fmodules -Xcc -fno-implicit-modules -Xcc -fretain-comments-from-system-headers -Xcc -fobjc-exceptions -Xcc -fmax-type-align\=16 -Xcc -fstack-check -Xcc -fvisibility-inlines-hidden-static-local-var -Xcc -fmodule-feature -Xcc swift -Xcc -fno-odr-hash-protocols -Xcc -pic-level -Xcc 2 -Xcc -fencode-extended-block-signature -Xcc -stack-protector -Xcc 1 -Xcc -fobjc-runtime\=ios-26.5.0 -Xcc -fobjc-arc -Xcc -fobjc-runtime-has-weak -Xcc -fobjc-weak -Xcc -fgnuc-version\=4.2.1 -Xcc -fblocks -Xcc -fno-convergent-functions -Xcc -ffp-contract\=on -Xcc -fclang-abi-compat\=4.0 -Xcc -fno-experimental-relative-c++-abi-vtables -Xcc -fno-file-reproducible -Xcc -clang-vendor-feature\=+disableNonDependentMemberExprInCurrentInstantiation -Xcc -clang-vendor-feature\=+enableAggressiveVLAFolding -Xcc -clang-vendor-feature\=+revert09abecef7bbf -Xcc -clang-vendor-feature\=+thisNoAlignAttr -Xcc -clang-vendor-feature\=+thisNoNullAttr -Xcc -clang-vendor-feature\=+disableAtImportPrivateFrameworkInImplementationError -Xcc -O0 -Xcc -fno-assume-unique-vtables -Xcc -fcommon -Xcc -fdwarf2-cfi-asm -Xcc -fobjc-msgsend-selector-stubs -Xcc -fregister-global-dtors-with-atexit -Xcc -fno-strict-return -Xcc -debugger-tuning\=lldb -Xcc -disable-llvm-verifier -Xcc -funwind-tables\=1 -Xcc -enable-tlsdesc -Xcc -clear-ast-before-backend -Xcc -discard-value-names -Xcc -mframe-pointer\=non-leaf -Xcc -fno-loop-interchange -Xcc -save-temps\=obj -Xcc -fdiagnostics-hotness-threshold\=0 -Xcc -fdiagnostics-misexpect-tolerance\=0 -Xcc -D -Xcc __swift__\=51000 -Xcc -D -Xcc _ISO646_H_ -Xcc -D -Xcc __ISO646_H -Xcc -D -Xcc SWIFT_SDK_OVERLAY_APPKIT_EPOCH\=2 -Xcc -D -Xcc SWIFT_SDK_OVERLAY_FOUNDATION_EPOCH\=8 -Xcc -D -Xcc SWIFT_SDK_OVERLAY2_SCENEKIT_EPOCH\=3 -Xcc -D -Xcc SWIFT_SDK_OVERLAY_GAMEPLAYKIT_EPOCH\=1 -Xcc -D -Xcc SWIFT_SDK_OVERLAY_SPRITEKIT_EPOCH\=1 -Xcc -D -Xcc SWIFT_SDK_OVERLAY_COREIMAGE_EPOCH\=2 -Xcc -D -Xcc SWIFT_SDK_OVERLAY_DISPATCH_EPOCH\=2 -Xcc -D -Xcc SWIFT_SDK_OVERLAY_PTHREAD_EPOCH\=1 -Xcc -D -Xcc SWIFT_SDK_OVERLAY_COREGRAPHICS_EPOCH\=0 -Xcc -D -Xcc SWIFT_SDK_OVERLAY_UIKIT_EPOCH\=2 -Xcc -D -Xcc SWIFT_CLASS_EXTRA\= -Xcc -D -Xcc __SWIFT_ATTR_SUPPORTS_SENDABLE_DECLS\=1 -Xcc -D -Xcc __SWIFT_COMPILER_VERSION\=6003003001003 -Xcc -D -Xcc __SWIFT_ATTR_SUPPORTS_SENDING\=1 -Xcc -D -Xcc _LIBCPP_HARDENING_MODE\=_LIBCPP_HARDENING_MODE_DEBUG -Xcc -D -Xcc DEBUG\=1 -Xcc -fdefine-target-os-macros -module-can-import-version UIKit 9126.5.5.2 9126.5.5 -load-resolved-plugin /Applications/Xcode_26.6.app/Contents/Developer/Platforms/iPhoneOS.platform/Developer/usr/lib/swift/host/plugins/libFoundationMacros.dylib\#/Applications/Xcode_26.6.app/Contents/Developer/Platforms/iPhoneOS.platform/Developer/usr/bin/swift-plugin-server\#FoundationMacros -load-resolved-plugin /Applications/Xcode_26.6.app/Contents/Developer/Platforms/iPhoneOS.platform/Developer/usr/lib/swift/host/plugins/libObservationMacros.dylib\#/Applications/Xcode_26.6.app/Contents/Developer/Platforms/iPhoneOS.platform/Developer/usr/bin/swift-plugin-server\#ObservationMacros -load-resolved-plugin /Applications/Xcode_26.6.app/Contents/Developer/Platforms/iPhoneOS.platform/Developer/usr/lib/swift/host/plugins/libPreviewsMacros.dylib\#/Applications/Xcode_26.6.app/Contents/Developer/Platforms/iPhoneOS.platform/Developer/usr/bin/swift-plugin-server\#PreviewsMacros -load-resolved-plugin /Applications/Xcode_26.6.app/Contents/Developer/Platforms/iPhoneOS.platform/Developer/usr/lib/swift/host/plugins/libSwiftMacros.dylib\#/Applications/Xcode_26.6.app/Contents/Developer/Platforms/iPhoneOS.platform/Developer/usr/bin/swift-plugin-server\#SwiftMacros -load-resolved-plugin /Applications/Xcode_26.6.app/Contents/Developer/Platforms/iPhoneOS.platform/Developer/usr/lib/swift/host/plugins/libSwiftUIMacros.dylib\#/Applications/Xcode_26.6.app/Contents/Developer/Platforms/iPhoneOS.platform/Developer/usr/bin/swift-plugin-server\#SwiftUIMacros -read-legacy-type-info-path\=/Applications/Xcode_26.6.app/Contents/Developer/Toolchains/XcodeDefault.xctoolchain/usr/lib/swift/iphoneos/layouts-arm64.yaml -clang-include-tree-filelist llvmcas://0834d084fe4c858b0367552471352cd2ca3d073a90003103a339ddbfd54ef846 -disable-implicit-swift-modules -Xcc -fno-implicit-modules -Xcc -fno-implicit-module-maps -explicit-swift-module-map-file llvmcas://3cc83bc3ca6d337900325de5f0d4ed3a49198fdc01681072a05b9b8634092a22 -Xllvm -aarch64-use-tbi -enable-objc-interop -stack-check -sdk /Applications/Xcode_26.6.app/Contents/Developer/Platforms/iPhoneOS.platform/Developer/SDKs/iPhoneOS26.5.sdk -I /Users/runner/work/huamei-indexTTS/huamei-indexTTS/DerivedData/Build/Products/Debug-iphoneos -F /Users/runner/work/huamei-indexTTS/huamei-indexTTS/DerivedData/Build/Products/Debug-iphoneos/PackageFrameworks -F /Users/runner/work/huamei-indexTTS/huamei-indexTTS/DerivedData/Build/Products/Debug-iphoneos/PackageFrameworks -F /Users/runner/work/huamei-indexTTS/huamei-indexTTS/DerivedData/Build/Products/Debug-iphoneos/PackageFrameworks -F /Users/runner/work/huamei-indexTTS/huamei-indexTTS/DerivedData/Build/Products/Debug-iphoneos/PackageFrameworks -F /Users/runner/work/huamei-indexTTS/huamei-indexTTS/DerivedData/Build/Products/Debug-iphoneos/PackageFrameworks -F /Users/runner/work/huamei-indexTTS/huamei-indexTTS/DerivedData/Build/Products/Debug-iphoneos/PackageFrameworks -F /Users/runner/work/huamei-indexTTS/huamei-indexTTS/DerivedData/Build/Products/Debug-iphoneos/PackageFrameworks -F /Users/runner/work/huamei-indexTTS/huamei-indexTTS/DerivedData/Build/Products/Debug-iphoneos/PackageFrameworks -F /Users/runner/work/huamei-indexTTS/huamei-indexTTS/DerivedData/Build/Products/Debug-iphoneos/PackageFrameworks -F /Users/runner/work/huamei-indexTTS/huamei-indexTTS/DerivedData/Build/Products/Debug-iphoneos/PackageFrameworks -F /Users/runner/work/huamei-indexTTS/huamei-indexTTS/DerivedData/Build/Products/Debug-iphoneos -no-color-diagnostics -enable-testing -g -debug-info-format\=dwarf -dwarf-version\=4 -module-cache-path /Users/runner/work/huamei-indexTTS/huamei-indexTTS/DerivedData/Build/Intermediates.noindex/SwiftExplicitPrecompiledModules -swift-version 5 -Onone -D DEBUG -serialize-debugging-options -const-gather-protocols-file /Users/runner/work/huamei-indexTTS/huamei-indexTTS/DerivedData/Build/Intermediates.noindex/HuameiIndexTTS.build/Debug-iphoneos/HuameiIndexTTS.build/Objects-normal/arm64/HuameiIndexTTS_const_extract_protocols.json -enable-experimental-feature DebugDescriptionMacro -enable-bare-slash-regex -empty-abi-descriptor -validate-clang-modules-once -clang-build-session-file /Users/runner/work/huamei-indexTTS/huamei-indexTTS/DerivedData/ModuleCache.noindex/Session.modulevalidation -enable-anonymous-context-mangled-names -file-compilation-dir /Users/runner/work/huamei-indexTTS/huamei-indexTTS/ios -cache-compile-job -cas-path /Users/runner/work/huamei-indexTTS/huamei-indexTTS/DerivedData/CompilationCache.noindex/builtin -auto-bridging-header-chaining -module-name HuameiIndexTTS -frontend-parseable-output -disable-clang-spi -clang-target arm64-apple-ios26.5 -target-sdk-version 26.5 -target-sdk-name iphoneos26.5 -in-process-plugin-server-path /Applications/Xcode_26.6.app/Contents/Developer/Toolchains/XcodeDefault.xctoolchain/usr/lib/swift/host/libSwiftInProcPluginServer.dylib -emit-module-doc-path /Users/runner/work/huamei-indexTTS/huamei-indexTTS/DerivedData/Build/Intermediates.noindex/HuameiIndexTTS.build/Debug-iphoneos/HuameiIndexTTS.build/Objects-normal/arm64/HuameiIndexTTS.swiftdoc -emit-module-source-info-path /Users/runner/work/huamei-indexTTS/huamei-indexTTS/DerivedData/Build/Intermediates.noindex/HuameiIndexTTS.build/Debug-iphoneos/HuameiIndexTTS.build/Objects-normal/arm64/HuameiIndexTTS.swiftsourceinfo -emit-objc-header-path /Users/runner/work/huamei-indexTTS/huamei-indexTTS/DerivedData/Build/Intermediates.noindex/HuameiIndexTTS.build/Debug-iphoneos/HuameiIndexTTS.build/Objects-normal/arm64/HuameiIndexTTS-Swift.h -serialize-diagnostics-path /Users/runner/work/huamei-indexTTS/huamei-indexTTS/DerivedData/Build/Intermediates.noindex/HuameiIndexTTS.build/Debug-iphoneos/HuameiIndexTTS.build/Objects-normal/arm64/HuameiIndexTTS-primary-emit-module.dia -emit-dependencies-path /Users/runner/work/huamei-indexTTS/huamei-indexTTS/DerivedData/Build/Intermediates.noindex/HuameiIndexTTS.build/Debug-iphoneos/HuameiIndexTTS.build/Objects-normal/arm64/HuameiIndexTTS-primary-emit-module.d -o /Users/runner/work/huamei-indexTTS/huamei-indexTTS/DerivedData/Build/Intermediates.noindex/HuameiIndexTTS.build/Debug-iphoneos/HuameiIndexTTS.build/Objects-normal/arm64/HuameiIndexTTS.swiftmodule -emit-abi-descriptor-path /Users/runner/work/huamei-indexTTS/huamei-indexTTS/DerivedData/Build/Intermediates.noindex/HuameiIndexTTS.build/Debug-iphoneos/HuameiIndexTTS.build/Objects-normal/arm64/HuameiIndexTTS.abi.json
build	Build IPA	2026-09-05T06:02:21.9160090Z /Users/runner/work/huamei-indexTTS/huamei-indexTTS/ios/Sources/HuameiIndexTTS/App.swift:8:34: error: 'SessionStore' cannot be constructed because it has no accessible initializers
build	Build IPA	2026-09-05T06:02:21.9161050Z     @State private var session = SessionStore()
build	Build IPA	2026-09-05T06:02:21.9161610Z                                  ^~~~~~~~~~~~
build	Build IPA	2026-09-05T06:02:21.9162920Z /Users/runner/work/huamei-indexTTS/huamei-indexTTS/ios/Sources/HuameiIndexTTS/Theme/LiquidGlass.swift:89:17: warning: stored property '_path' of 'Sendable'-conforming struct 'AnyShape' has non-Sendable type '(CGRect) -> Path'; this is an error in the Swift 6 language mode
build	Build IPA	2026-09-05T06:02:21.9164100Z     private let _path: (CGRect) -> Path
build	Build IPA	2026-09-05T06:02:21.9164370Z                 ^
build	Build IPA	2026-09-05T06:02:21.9165080Z /Users/runner/work/huamei-indexTTS/huamei-indexTTS/ios/Sources/HuameiIndexTTS/Theme/LiquidGlass.swift:89:17: note: a function type must be marked '@Sendable' to conform to 'Sendable'
build	Build IPA	2026-09-05T06:02:21.9166510Z     private let _path: (CGRect) -> Path
build	Build IPA	2026-09-05T06:02:21.9166780Z                 ^
build	Build IPA	2026-09-05T06:02:21.9167550Z /Users/runner/work/huamei-indexTTS/huamei-indexTTS/ios/Sources/HuameiIndexTTS/Views/RootView.swift:58:22: error: 'SessionStore' cannot be constructed because it has no accessible initializers
build	Build IPA	2026-09-05T06:02:21.9168730Z         .environment(SessionStore())
build	Build IPA	2026-09-05T06:02:21.9169230Z                      ^~~~~~~~~~~~
build	Build IPA	2026-09-05T06:02:21.9170030Z /Users/runner/work/huamei-indexTTS/huamei-indexTTS/ios/Sources/HuameiIndexTTS/Model/SessionStore.swift:7:13: error: class 'SessionStore' has no initializers
build	Build IPA	2026-09-05T06:02:21.9170800Z final class SessionStore {
build	Build IPA	2026-09-05T06:02:21.9171140Z             ^
build	Build IPA	2026-09-05T06:02:21.9611010Z ** BUILD FAILED **
build	Build IPA	2026-09-05T06:02:21.9703080Z 
build	Build IPA	2026-09-05T06:02:22.1276800Z ##[error]Process completed with exit code 65.
