build	Set up job	﻿2026-09-05T03:13:08.6481580Z Current runner version: '2.337.0'
build	Set up job	2026-09-05T03:13:08.6512700Z ##[group]Runner Image Provisioner
build	Set up job	2026-09-05T03:13:08.6513460Z Hosted Compute Agent
build	Set up job	2026-09-05T03:13:08.6513840Z Version: 20260828.587
build	Set up job	2026-09-05T03:13:08.6514250Z Commit: abac92662cab4cc7352de4f9f9d2e2419aad9c29
build	Set up job	2026-09-05T03:13:08.6514720Z Build Date: 2026-08-28T16:44:25Z
build	Set up job	2026-09-05T03:13:08.6515170Z Worker ID: {4b4c4bb9-1e5a-49b3-aeb5-6c25dcdf1899}
build	Set up job	2026-09-05T03:13:08.6515630Z Azure Region: westus
build	Set up job	2026-09-05T03:13:08.6516020Z ##[endgroup]
build	Set up job	2026-09-05T03:13:08.6517910Z ##[group]Operating System
build	Set up job	2026-09-05T03:13:08.6518460Z macOS
build	Set up job	2026-09-05T03:13:08.6518970Z 26.6.2
build	Set up job	2026-09-05T03:13:08.6519690Z 25G83
build	Set up job	2026-09-05T03:13:08.6520130Z ##[endgroup]
build	Set up job	2026-09-05T03:13:08.6520570Z ##[group]Runner Image
build	Set up job	2026-09-05T03:13:08.6521010Z Image: macos-26-arm64
build	Set up job	2026-09-05T03:13:08.6521380Z Version: 20260831.0337.3
build	Set up job	2026-09-05T03:13:08.6522140Z Included Software: https://github.com/actions/runner-images/blob/macos-26-arm64/20260831.0337/images/macos/macos-26-arm64-Readme.md
build	Set up job	2026-09-05T03:13:08.6523360Z Image Release: https://github.com/actions/runner-images/releases/tag/macos-26-arm64%2F20260831.0337
build	Set up job	2026-09-05T03:13:08.6524050Z ##[endgroup]
build	Set up job	2026-09-05T03:13:08.6524920Z ##[group]GITHUB_TOKEN Permissions
build	Set up job	2026-09-05T03:13:08.6527260Z Contents: read
build	Set up job	2026-09-05T03:13:08.6527660Z Metadata: read
build	Set up job	2026-09-05T03:13:08.6528090Z Packages: read
build	Set up job	2026-09-05T03:13:08.6528490Z ##[endgroup]
build	Set up job	2026-09-05T03:13:08.6530200Z Secret source: Actions
build	Set up job	2026-09-05T03:13:08.6531050Z Prepare workflow directory
build	Set up job	2026-09-05T03:13:08.6831020Z Prepare all required actions
build	Set up job	2026-09-05T03:13:08.6897260Z Getting action download info
build	Set up job	2026-09-05T03:13:09.1338810Z Download action repository 'actions/checkout@v7' (SHA:3d3c42e5aac5ba805825da76410c181273ba90b1)
build	Set up job	2026-09-05T03:13:09.4550550Z Download action repository 'maxim-lobanov/setup-xcode@v1' (SHA:ed7a3b1fda3918c0306d1b724322adc0b8cc0a90)
build	Set up job	2026-09-05T03:13:09.8146160Z Download action repository 'actions/cache@v6' (SHA:55cc8345863c7cc4c66a329aec7e433d2d1c52a9)
build	Set up job	2026-09-05T03:13:09.9099590Z Download action repository 'subosito/flutter-action@v2' (SHA:1a449444c387b1966244ae4d4f8c696479add0b2)
build	Set up job	2026-09-05T03:13:10.3756050Z Download action repository 'actions/setup-node@v7' (SHA:820762786026740c76f36085b0efc47a31fe5020)
build	Set up job	2026-09-05T03:13:10.4676740Z Download action repository 'actions/setup-java@v6' (SHA:dd06d9cba3e5552c54d9f8ea23572deb30010f7c)
build	Set up job	2026-09-05T03:13:10.9531100Z Download action repository 'gradle/actions@v6' (SHA:9c971963bec38e04b3d30dcc455b5382be2fdbfb)
build	Set up job	2026-09-05T03:13:11.6314410Z Download action repository 'actions/upload-artifact@v7' (SHA:043fb46d1a93c77aae656e7c1c64a875d1fc6a0a)
build	Set up job	2026-09-05T03:13:11.8169370Z Getting action download info
build	Set up job	2026-09-05T03:13:11.9473900Z Download action repository 'actions/cache@v5' (SHA:caa296126883cff596d87d8935842f9db880ef25)
build	Set up job	2026-09-05T03:13:12.1509560Z Complete job name: build
build	Checkout repository	﻿2026-09-05T03:13:12.2219090Z ##[group]Run actions/checkout@v7
build	Checkout repository	2026-09-05T03:13:12.2220120Z with:
build	Checkout repository	2026-09-05T03:13:12.2220820Z   repository: WebExperiments-glitch/huamei-indexTTS
build	Checkout repository	2026-09-05T03:13:12.2226740Z   token: ***
build	Checkout repository	2026-09-05T03:13:12.2227250Z   ssh-strict: true
build	Checkout repository	2026-09-05T03:13:12.2227760Z   ssh-user: git
build	Checkout repository	2026-09-05T03:13:12.2228280Z   persist-credentials: true
build	Checkout repository	2026-09-05T03:13:12.2228940Z   clean: true
build	Checkout repository	2026-09-05T03:13:12.2229470Z   sparse-checkout-cone-mode: true
build	Checkout repository	2026-09-05T03:13:12.2230080Z   fetch-depth: 1
build	Checkout repository	2026-09-05T03:13:12.2230580Z   fetch-tags: false
build	Checkout repository	2026-09-05T03:13:12.2231090Z   show-progress: true
build	Checkout repository	2026-09-05T03:13:12.2231610Z   lfs: false
build	Checkout repository	2026-09-05T03:13:12.2232090Z   submodules: false
build	Checkout repository	2026-09-05T03:13:12.2232610Z   set-safe-directory: true
build	Checkout repository	2026-09-05T03:13:12.2233200Z   allow-unsafe-pr-checkout: false
build	Checkout repository	2026-09-05T03:13:12.2233980Z ##[endgroup]
build	Checkout repository	2026-09-05T03:13:12.6482370Z Syncing repository: WebExperiments-glitch/huamei-indexTTS
build	Checkout repository	2026-09-05T03:13:12.6483640Z ##[group]Getting Git version info
build	Checkout repository	2026-09-05T03:13:12.6484050Z Working directory is '/Users/runner/work/huamei-indexTTS/huamei-indexTTS'
build	Checkout repository	2026-09-05T03:13:12.6484750Z [command]/opt/homebrew/bin/git version
build	Checkout repository	2026-09-05T03:13:12.6733060Z git version 2.55.0
build	Checkout repository	2026-09-05T03:13:12.6745590Z ##[endgroup]
build	Checkout repository	2026-09-05T03:13:12.6750840Z Copying '/Users/runner/.gitconfig' to '/Users/runner/work/_temp/893085fa-7435-430f-a7f0-a17b610776f4/.gitconfig'
build	Checkout repository	2026-09-05T03:13:12.6757190Z Temporarily overriding HOME='/Users/runner/work/_temp/893085fa-7435-430f-a7f0-a17b610776f4' before making global git config changes
build	Checkout repository	2026-09-05T03:13:12.6758590Z Adding repository directory to the temporary git global config as a safe directory
build	Checkout repository	2026-09-05T03:13:12.6761020Z [command]/opt/homebrew/bin/git config --global --add safe.directory /Users/runner/work/huamei-indexTTS/huamei-indexTTS
build	Checkout repository	2026-09-05T03:13:12.6859200Z Deleting the contents of '/Users/runner/work/huamei-indexTTS/huamei-indexTTS'
build	Checkout repository	2026-09-05T03:13:12.6861430Z ##[group]Determining repository object format
build	Checkout repository	2026-09-05T03:13:12.6862360Z ##[endgroup]
build	Checkout repository	2026-09-05T03:13:12.6862720Z ##[group]Initializing the repository
build	Checkout repository	2026-09-05T03:13:12.6865910Z [command]/opt/homebrew/bin/git init /Users/runner/work/huamei-indexTTS/huamei-indexTTS
build	Checkout repository	2026-09-05T03:13:12.7098960Z hint: Using 'master' as the name for the initial branch. This default branch name
build	Checkout repository	2026-09-05T03:13:12.7099640Z hint: will change to "main" in Git 3.0. To configure the initial branch name
build	Checkout repository	2026-09-05T03:13:12.7100130Z hint: to use in all of your new repositories, which will suppress this warning,
build	Checkout repository	2026-09-05T03:13:12.7100550Z hint: call:
build	Checkout repository	2026-09-05T03:13:12.7101200Z hint:
build	Checkout repository	2026-09-05T03:13:12.7101520Z hint: 	git config --global init.defaultBranch <name>
build	Checkout repository	2026-09-05T03:13:12.7101770Z hint:
build	Checkout repository	2026-09-05T03:13:12.7102040Z hint: Names commonly chosen instead of 'master' are 'main', 'trunk' and
build	Checkout repository	2026-09-05T03:13:12.7102480Z hint: 'development'. The just-created branch can be renamed via this command:
build	Checkout repository	2026-09-05T03:13:12.7102880Z hint:
build	Checkout repository	2026-09-05T03:13:12.7103080Z hint: 	git branch -m <name>
build	Checkout repository	2026-09-05T03:13:12.7103310Z hint:
build	Checkout repository	2026-09-05T03:13:12.7103700Z hint: Disable this message with "git config set advice.defaultBranchName false"
build	Checkout repository	2026-09-05T03:13:12.7105240Z Initialized empty Git repository in /Users/runner/work/huamei-indexTTS/huamei-indexTTS/.git/
build	Checkout repository	2026-09-05T03:13:12.7113570Z [command]/opt/homebrew/bin/git remote add origin https://github.com/WebExperiments-glitch/huamei-indexTTS
build	Checkout repository	2026-09-05T03:13:12.7216700Z ##[endgroup]
build	Checkout repository	2026-09-05T03:13:12.7217370Z ##[group]Disabling automatic garbage collection
build	Checkout repository	2026-09-05T03:13:12.7219080Z [command]/opt/homebrew/bin/git config --local gc.auto 0
build	Checkout repository	2026-09-05T03:13:12.7315200Z ##[endgroup]
build	Checkout repository	2026-09-05T03:13:12.7315620Z ##[group]Setting up auth
build	Checkout repository	2026-09-05T03:13:12.7315940Z Removing SSH command configuration
build	Checkout repository	2026-09-05T03:13:12.7316390Z [command]/opt/homebrew/bin/git config --local --name-only --get-regexp core\.sshCommand
build	Checkout repository	2026-09-05T03:13:12.7373950Z [command]/opt/homebrew/bin/git submodule foreach --recursive sh -c "git config --local --name-only --get-regexp 'core\.sshCommand' && git config --local --unset-all 'core.sshCommand' || :"
build	Checkout repository	2026-09-05T03:13:12.8469730Z Removing HTTP extra header
build	Checkout repository	2026-09-05T03:13:12.8477370Z [command]/opt/homebrew/bin/git config --local --name-only --get-regexp http\.https\:\/\/github\.com\/\.extraheader
build	Checkout repository	2026-09-05T03:13:12.8553730Z [command]/opt/homebrew/bin/git submodule foreach --recursive sh -c "git config --local --name-only --get-regexp 'http\.https\:\/\/github\.com\/\.extraheader' && git config --local --unset-all 'http.https://github.com/.extraheader' || :"
build	Checkout repository	2026-09-05T03:13:12.9416910Z Removing includeIf entries pointing to credentials config files
build	Checkout repository	2026-09-05T03:13:12.9420940Z [command]/opt/homebrew/bin/git config --local --name-only --get-regexp ^includeIf\.gitdir:
build	Checkout repository	2026-09-05T03:13:12.9694610Z [command]/opt/homebrew/bin/git submodule foreach --recursive git config --local --show-origin --name-only --get-regexp remote.origin.url
build	Checkout repository	2026-09-05T03:13:13.1463990Z [command]/opt/homebrew/bin/git config --file /Users/runner/work/_temp/git-credentials-f74e44c7-08c3-4147-a30d-dea210c8a102.config http.https://github.com/.extraheader AUTHORIZATION: basic ***
build	Checkout repository	2026-09-05T03:13:13.1743510Z [command]/opt/homebrew/bin/git config --local includeIf.gitdir:/Users/runner/work/huamei-indexTTS/huamei-indexTTS/.git.path /Users/runner/work/_temp/git-credentials-f74e44c7-08c3-4147-a30d-dea210c8a102.config
build	Checkout repository	2026-09-05T03:13:13.1768680Z [command]/opt/homebrew/bin/git config --local includeIf.gitdir:/Users/runner/work/huamei-indexTTS/huamei-indexTTS/.git/worktrees/*.path /Users/runner/work/_temp/git-credentials-f74e44c7-08c3-4147-a30d-dea210c8a102.config
build	Checkout repository	2026-09-05T03:13:13.1770490Z [command]/opt/homebrew/bin/git config --local includeIf.gitdir:/github/workspace/.git.path /github/runner_temp/git-credentials-f74e44c7-08c3-4147-a30d-dea210c8a102.config
build	Checkout repository	2026-09-05T03:13:13.1772040Z [command]/opt/homebrew/bin/git config --local includeIf.gitdir:/github/workspace/.git/worktrees/*.path /github/runner_temp/git-credentials-f74e44c7-08c3-4147-a30d-dea210c8a102.config
build	Checkout repository	2026-09-05T03:13:13.1773270Z ##[endgroup]
build	Checkout repository	2026-09-05T03:13:13.1773980Z ##[group]Fetching the repository
build	Checkout repository	2026-09-05T03:13:13.1774930Z [command]/opt/homebrew/bin/git -c protocol.version=2 fetch --no-tags --prune --no-recurse-submodules --depth=1 origin +e9b4af8874c4b9e0e4a9e7eabdd00e8dfb46392a:refs/remotes/origin/master
build	Checkout repository	2026-09-05T03:13:13.7271720Z From https://github.com/WebExperiments-glitch/huamei-indexTTS
build	Checkout repository	2026-09-05T03:13:13.7272730Z  * [new ref]         e9b4af8874c4b9e0e4a9e7eabdd00e8dfb46392a -> origin/master
build	Checkout repository	2026-09-05T03:13:13.7283540Z [command]/opt/homebrew/bin/git branch --list --remote origin/master
build	Checkout repository	2026-09-05T03:13:13.7378890Z   origin/master
build	Checkout repository	2026-09-05T03:13:13.7385000Z [command]/opt/homebrew/bin/git rev-parse refs/remotes/origin/master
build	Checkout repository	2026-09-05T03:13:13.7447080Z e9b4af8874c4b9e0e4a9e7eabdd00e8dfb46392a
build	Checkout repository	2026-09-05T03:13:13.7456930Z ##[endgroup]
build	Checkout repository	2026-09-05T03:13:13.7457580Z ##[group]Determining the checkout info
build	Checkout repository	2026-09-05T03:13:13.7458120Z ##[endgroup]
build	Checkout repository	2026-09-05T03:13:13.7458660Z [command]/opt/homebrew/bin/git sparse-checkout disable
build	Checkout repository	2026-09-05T03:13:13.7560500Z [command]/opt/homebrew/bin/git config --local --unset-all extensions.worktreeConfig
build	Checkout repository	2026-09-05T03:13:13.7647590Z ##[group]Checking out the ref
build	Checkout repository	2026-09-05T03:13:13.7658960Z [command]/opt/homebrew/bin/git checkout --progress --force -B master refs/remotes/origin/master
build	Checkout repository	2026-09-05T03:13:13.8044040Z Reset branch 'master'
build	Checkout repository	2026-09-05T03:13:13.8049840Z branch 'master' set up to track 'origin/master'.
build	Checkout repository	2026-09-05T03:13:13.8054550Z ##[endgroup]
build	Checkout repository	2026-09-05T03:13:13.8162730Z [command]/opt/homebrew/bin/git log -1 --format=%H
build	Checkout repository	2026-09-05T03:13:13.8246340Z e9b4af8874c4b9e0e4a9e7eabdd00e8dfb46392a
build	Setup Xcode	﻿2026-09-05T03:13:13.8455240Z ##[group]Run maxim-lobanov/setup-xcode@v1
build	Setup Xcode	2026-09-05T03:13:13.8455530Z with:
build	Setup Xcode	2026-09-05T03:13:13.8455680Z   xcode-version: 26
build	Setup Xcode	2026-09-05T03:13:13.8455830Z ##[endgroup]
build	Setup Xcode	2026-09-05T03:13:13.9198760Z Switching Xcode to version '26'...
build	Setup Xcode	2026-09-05T03:13:14.0901070Z Xcode is set to 26.6.0 (17F113)
build	Restore DerivedData cache	﻿2026-09-05T03:13:14.1039620Z ##[group]Run actions/cache/restore@v6
build	Restore DerivedData cache	2026-09-05T03:13:14.1039920Z with:
build	Restore DerivedData cache	2026-09-05T03:13:14.1040060Z   path: DerivedData
build	Restore DerivedData cache	2026-09-05T03:13:14.1040250Z   key: deriveddata-33941232338
build	Restore DerivedData cache	2026-09-05T03:13:14.1040580Z   restore-keys: deriveddata-
build	Restore DerivedData cache	
build	Restore DerivedData cache	2026-09-05T03:13:14.1040810Z   enableCrossOsArchive: false
build	Restore DerivedData cache	2026-09-05T03:13:14.1041000Z   fail-on-cache-miss: false
build	Restore DerivedData cache	2026-09-05T03:13:14.1041180Z   lookup-only: false
build	Restore DerivedData cache	2026-09-05T03:13:14.1041330Z env:
build	Restore DerivedData cache	2026-09-05T03:13:14.1041530Z   MD_APPLE_SDK_ROOT: /Applications/Xcode_26.6.app
build	Restore DerivedData cache	2026-09-05T03:13:14.1041790Z ##[endgroup]
build	Restore DerivedData cache	2026-09-05T03:13:14.4963910Z Cache hit for restore-key: deriveddata-33939764849
build	Restore DerivedData cache	2026-09-05T03:13:15.8237080Z Received 0 of 406036455 (0.0%), 0.0 MBs/sec
build	Restore DerivedData cache	2026-09-05T03:13:16.8277130Z Received 58720256 of 406036455 (14.5%), 27.9 MBs/sec
build	Restore DerivedData cache	2026-09-05T03:13:17.8325860Z Received 130023424 of 406036455 (32.0%), 41.2 MBs/sec
build	Restore DerivedData cache	2026-09-05T03:13:18.8316460Z Received 130023424 of 406036455 (32.0%), 30.9 MBs/sec
build	Restore DerivedData cache	2026-09-05T03:13:19.9617830Z Received 134217728 of 406036455 (33.1%), 24.9 MBs/sec
build	Restore DerivedData cache	2026-09-05T03:13:20.9653400Z Received 184549376 of 406036455 (45.5%), 28.7 MBs/sec
build	Restore DerivedData cache	2026-09-05T03:13:21.9632820Z Received 255852544 of 406036455 (63.0%), 34.2 MBs/sec
build	Restore DerivedData cache	2026-09-05T03:13:22.9647660Z Received 268435456 of 406036455 (66.1%), 31.4 MBs/sec
build	Restore DerivedData cache	2026-09-05T03:13:23.9655540Z Received 322961408 of 406036455 (79.5%), 33.7 MBs/sec
build	Restore DerivedData cache	2026-09-05T03:13:24.9659210Z Received 385875968 of 406036455 (95.0%), 36.3 MBs/sec
build	Restore DerivedData cache	2026-09-05T03:13:25.9675430Z Received 402653184 of 406036455 (99.2%), 34.4 MBs/sec
build	Restore DerivedData cache	2026-09-05T03:13:26.7103610Z Received 406036455 of 406036455 (100.0%), 32.6 MBs/sec
build	Restore DerivedData cache	2026-09-05T03:13:26.7181960Z Cache Size: ~387 MB (406036455 B)
build	Restore DerivedData cache	2026-09-05T03:13:26.7192050Z [command]/opt/homebrew/bin/gtar -xf /Users/runner/work/_temp/d23deb81-6a47-4b80-b3db-6e5fe088d0de/cache.tzst -P -C /Users/runner/work/huamei-indexTTS/huamei-indexTTS --delay-directory-restore --use-compress-program unzstd
build	Restore DerivedData cache	2026-09-05T03:13:30.3802360Z Cache restored successfully
build	Restore DerivedData cache	2026-09-05T03:13:30.4360300Z Cache restored from key: deriveddata-33939764849
build	Detect project type	﻿2026-09-05T03:13:30.4641430Z ##[group]Run if [ -f "pubspec.yaml" ]; then
build	Detect project type	2026-09-05T03:13:30.4642030Z [36;1mif [ -f "pubspec.yaml" ]; then[0m
build	Detect project type	2026-09-05T03:13:30.4642420Z [36;1m  echo "type=flutter" >> $GITHUB_OUTPUT[0m
build	Detect project type	2026-09-05T03:13:30.4642930Z [36;1melif [ -f "package.json" ] && grep -q '"expo"' package.json; then[0m
build	Detect project type	2026-09-05T03:13:30.4643420Z [36;1m  echo "type=expo" >> $GITHUB_OUTPUT[0m
build	Detect project type	2026-09-05T03:13:30.4643820Z [36;1melif [ -f "package.json" ] && grep -q '"react-native"' package.json; then[0m
build	Detect project type	2026-09-05T03:13:30.4644290Z [36;1m  echo "type=reactnative" >> $GITHUB_OUTPUT[0m
build	Detect project type	2026-09-05T03:13:30.4645170Z [36;1melif grep -rqlE 'kotlin\("multiplatform"\)|org\.jetbrains\.kotlin\.multiplatform|id\("org.jetbrains.kotlin.multiplatform"\)' --include='*.gradle.kts' --include='*.gradle' --include='libs.versions.toml' . 2>/dev/null; then[0m
build	Detect project type	2026-09-05T03:13:30.4646000Z [36;1m  echo "type=kmp" >> $GITHUB_OUTPUT[0m
build	Detect project type	2026-09-05T03:13:30.4646370Z [36;1melse[0m
build	Detect project type	2026-09-05T03:13:30.4646670Z [36;1m  echo "type=native" >> $GITHUB_OUTPUT[0m
build	Detect project type	2026-09-05T03:13:30.4647060Z [36;1mfi[0m
build	Detect project type	2026-09-05T03:13:30.4700870Z shell: /bin/bash -e {0}
build	Detect project type	2026-09-05T03:13:30.4701370Z env:
build	Detect project type	2026-09-05T03:13:30.4701730Z   MD_APPLE_SDK_ROOT: /Applications/Xcode_26.6.app
build	Detect project type	2026-09-05T03:13:30.4702320Z ##[endgroup]
build	Materialize missing xcconfig files	﻿2026-09-05T03:13:30.6071620Z ##[group]Run set -e
build	Materialize missing xcconfig files	2026-09-05T03:13:30.6072110Z [36;1mset -e[0m
build	Materialize missing xcconfig files	2026-09-05T03:13:30.6072440Z [36;1mfind . -path ./DerivedData -prune -o -type f \[0m
build	Materialize missing xcconfig files	2026-09-05T03:13:30.6072820Z [36;1m  \( -name '*.xcconfig.template' -o -name '*.xcconfig.example' \[0m
build	Materialize missing xcconfig files	2026-09-05T03:13:30.6073330Z [36;1m     -o -name '*.xcconfig.sample' -o -name '*.template.xcconfig' \[0m
build	Materialize missing xcconfig files	2026-09-05T03:13:30.6073770Z [36;1m     -o -name '*.example.xcconfig' -o -name '*.sample.xcconfig' \) -print \[0m
build	Materialize missing xcconfig files	2026-09-05T03:13:30.6074130Z [36;1m| while IFS= read -r template; do[0m
build	Materialize missing xcconfig files	2026-09-05T03:13:30.6074370Z [36;1m    case "$template" in[0m
build	Materialize missing xcconfig files	2026-09-05T03:13:30.6074750Z [36;1m      *.xcconfig.template|*.xcconfig.example|*.xcconfig.sample) target="${template%.*}" ;;[0m
build	Materialize missing xcconfig files	2026-09-05T03:13:30.6098210Z [36;1m      *) target="$(dirname "$template")/$(basename "$template" | sed -E 's/\.(template|example|sample)\.xcconfig$/.xcconfig/')" ;;[0m
build	Materialize missing xcconfig files	2026-09-05T03:13:30.6098920Z [36;1m    esac[0m
build	Materialize missing xcconfig files	2026-09-05T03:13:30.6099090Z [36;1m    if [ ! -f "$target" ]; then[0m
build	Materialize missing xcconfig files	2026-09-05T03:13:30.6099540Z [36;1m      cp "$template" "$target"[0m
build	Materialize missing xcconfig files	2026-09-05T03:13:30.6100140Z [36;1m      echo "::warning::$target was missing (gitignored?); copied $template over it. Any placeholder values in it are what the build sees."[0m
build	Materialize missing xcconfig files	2026-09-05T03:13:30.6100860Z [36;1m    fi[0m
build	Materialize missing xcconfig files	2026-09-05T03:13:30.6101190Z [36;1m  done[0m
build	Materialize missing xcconfig files	2026-09-05T03:13:30.6139150Z shell: /bin/bash -e {0}
build	Materialize missing xcconfig files	2026-09-05T03:13:30.6139620Z env:
build	Materialize missing xcconfig files	2026-09-05T03:13:30.6140040Z   MD_APPLE_SDK_ROOT: /Applications/Xcode_26.6.app
build	Materialize missing xcconfig files	2026-09-05T03:13:30.6140480Z ##[endgroup]
build	Generate Xcode project (XcodeGen)	﻿2026-09-05T03:13:30.6574430Z ##[group]Run set -e
build	Generate Xcode project (XcodeGen)	2026-09-05T03:13:30.6574850Z [36;1mset -e[0m
build	Generate Xcode project (XcodeGen)	2026-09-05T03:13:30.6575200Z [36;1mcd "$IOS_PATH"[0m
build	Generate Xcode project (XcodeGen)	2026-09-05T03:13:30.6575520Z [36;1m[0m
build	Generate Xcode project (XcodeGen)	2026-09-05T03:13:30.6576130Z [36;1m# Projects generated by XcodeGen usually keep the .xcodeproj out of git,[0m
build	Generate Xcode project (XcodeGen)	2026-09-05T03:13:30.6586320Z [36;1m# so the checkout has a project.yml manifest but nothing to build.[0m
build	Generate Xcode project (XcodeGen)	2026-09-05T03:13:30.6586820Z [36;1mMANIFEST=""[0m
build	Generate Xcode project (XcodeGen)	2026-09-05T03:13:30.6587080Z [36;1mfor f in project.yml project.yaml; do[0m
build	Generate Xcode project (XcodeGen)	2026-09-05T03:13:30.6587560Z [36;1m  if [ -f "$f" ] && grep -qE '^targets:' "$f"; then[0m
build	Generate Xcode project (XcodeGen)	2026-09-05T03:13:30.6588200Z [36;1m    MANIFEST="$f"[0m
build	Generate Xcode project (XcodeGen)	2026-09-05T03:13:30.6588530Z [36;1m    break[0m
build	Generate Xcode project (XcodeGen)	2026-09-05T03:13:30.6588940Z [36;1m  fi[0m
build	Generate Xcode project (XcodeGen)	2026-09-05T03:13:30.6589230Z [36;1mdone[0m
build	Generate Xcode project (XcodeGen)	2026-09-05T03:13:30.6589500Z [36;1m[0m
build	Generate Xcode project (XcodeGen)	2026-09-05T03:13:30.6589790Z [36;1mif [ -z "$MANIFEST" ]; then[0m
build	Generate Xcode project (XcodeGen)	2026-09-05T03:13:30.6590210Z [36;1m  echo "No XcodeGen manifest — skipping."[0m
build	Generate Xcode project (XcodeGen)	2026-09-05T03:13:30.6592140Z [36;1melif [ -n "$(find . -maxdepth 1 -name '*.xcodeproj' -print -quit)" ]; then[0m
build	Generate Xcode project (XcodeGen)	2026-09-05T03:13:30.6592930Z [36;1m  echo "Found a committed .xcodeproj — skipping generation."[0m
build	Generate Xcode project (XcodeGen)	2026-09-05T03:13:30.6593350Z [36;1melse[0m
build	Generate Xcode project (XcodeGen)	2026-09-05T03:13:30.6595150Z [36;1m  echo "Found $MANIFEST and no .xcodeproj — generating with XcodeGen."[0m
build	Generate Xcode project (XcodeGen)	2026-09-05T03:13:30.6595660Z [36;1m  brew install xcodegen[0m
build	Generate Xcode project (XcodeGen)	2026-09-05T03:13:30.6595900Z [36;1m  xcodegen generate[0m
build	Generate Xcode project (XcodeGen)	2026-09-05T03:13:30.6596140Z [36;1mfi[0m
build	Generate Xcode project (XcodeGen)	2026-09-05T03:13:30.6637920Z shell: /bin/bash -e {0}
build	Generate Xcode project (XcodeGen)	2026-09-05T03:13:30.6638160Z env:
build	Generate Xcode project (XcodeGen)	2026-09-05T03:13:30.6638350Z   MD_APPLE_SDK_ROOT: /Applications/Xcode_26.6.app
build	Generate Xcode project (XcodeGen)	2026-09-05T03:13:30.6638640Z   IOS_PATH: ios
build	Generate Xcode project (XcodeGen)	2026-09-05T03:13:30.6638860Z ##[endgroup]
build	Generate Xcode project (XcodeGen)	2026-09-05T03:13:30.6986750Z Found project.yml and no .xcodeproj — generating with XcodeGen.
build	Generate Xcode project (XcodeGen)	2026-09-05T03:13:33.7875590Z [32m==>[0m [1mDownloading bottle manifests[0m
build	Generate Xcode project (XcodeGen)	2026-09-05T03:13:33.8108920Z ✔︎ Bottle Manifest xcodegen (2.46.0)
build	Generate Xcode project (XcodeGen)	2026-09-05T03:13:33.8158210Z [32m==>[0m [1mFetching downloads for: [32mxcodegen[39m[0m
build	Generate Xcode project (XcodeGen)	2026-09-05T03:13:33.8158690Z [34m==>[0m [1mWould install 1 formula:[0m
build	Generate Xcode project (XcodeGen)	2026-09-05T03:13:33.8159330Z xcodegen
build	Generate Xcode project (XcodeGen)	2026-09-05T03:13:34.1165020Z ✔︎ Bottle xcodegen (2.46.0)
build	Generate Xcode project (XcodeGen)	2026-09-05T03:13:34.1635750Z [34m==>[0m [1mPouring xcodegen--2.46.0.arm64_tahoe.bottle.1.tar.gz[0m
build	Generate Xcode project (XcodeGen)	2026-09-05T03:13:34.3981870Z 🍺  /opt/homebrew/Cellar/xcodegen/2.46.0: 38 files, 7.4MB
build	Generate Xcode project (XcodeGen)	2026-09-05T03:13:34.4218360Z ⚙️  Generating plists...
build	Generate Xcode project (XcodeGen)	2026-09-05T03:13:34.4218870Z ⚙️  Generating project...
build	Generate Xcode project (XcodeGen)	2026-09-05T03:13:34.4382890Z ⚙️  Writing project...
build	Generate Xcode project (XcodeGen)	2026-09-05T03:13:34.4554500Z Created project at /Users/runner/work/huamei-indexTTS/huamei-indexTTS/ios/HuameiIndexTTS.xcodeproj
build	Check base configuration files	﻿2026-09-05T03:13:34.4635840Z ##[group]Run set -e
build	Check base configuration files	2026-09-05T03:13:34.4636100Z [36;1mset -e[0m
build	Check base configuration files	2026-09-05T03:13:34.4636280Z [36;1mMISSING=""[0m
build	Check base configuration files	2026-09-05T03:13:34.4636760Z [36;1mfor pbx in $(find "$IOS_PATH" -maxdepth 2 -name project.pbxproj -not -path '*/Pods.xcodeproj/*'); do[0m
build	Check base configuration files	2026-09-05T03:13:34.4637370Z [36;1m  for id in $(grep -o 'baseConfigurationReference = [A-Za-z0-9]*' "$pbx" | awk '{print $3}' | sort -u); do[0m
build	Check base configuration files	2026-09-05T03:13:34.4637890Z [36;1m    ref=$(grep -m1 "^[[:space:]]*$id .*isa = PBXFileReference" "$pbx" || true)[0m
build	Check base configuration files	2026-09-05T03:13:34.4638360Z [36;1m    name=$(printf '%s' "$ref" | sed -n 's/.*[ \t]path = "\{0,1\}\([^";]*\)"\{0,1\};.*/\1/p')[0m
build	Check base configuration files	2026-09-05T03:13:34.4638720Z [36;1m    [ -n "$name" ] || continue[0m
build	Check base configuration files	2026-09-05T03:13:34.4638960Z [36;1m    base=$(basename "$name")[0m
build	Check base configuration files	2026-09-05T03:13:34.4639360Z [36;1m    # CocoaPods writes its xcconfigs during pod install and Flutter[0m
build	Check base configuration files	2026-09-05T03:13:34.4639800Z [36;1m    # writes Generated.xcconfig during pub get — both happen later in[0m
build	Check base configuration files	2026-09-05T03:13:34.4640310Z [36;1m    # this job, so they are legitimately absent right now.[0m
build	Check base configuration files	2026-09-05T03:13:34.4640750Z [36;1m    case "$name" in *Pods/*|*"Target Support Files"*) continue ;; esac[0m
build	Check base configuration files	2026-09-05T03:13:34.4641230Z [36;1m    case "$base" in Pods-*|Generated.xcconfig) continue ;; esac[0m
build	Check base configuration files	2026-09-05T03:13:34.4641580Z [36;1m    if [ -z "$(find . -name "$base" -print -quit)" ]; then[0m
build	Check base configuration files	2026-09-05T03:13:34.4641870Z [36;1m      MISSING="$MISSING $base"[0m
build	Check base configuration files	2026-09-05T03:13:34.4642120Z [36;1m    fi[0m
build	Check base configuration files	2026-09-05T03:13:34.4642760Z [36;1m  done[0m
build	Check base configuration files	2026-09-05T03:13:34.4642990Z [36;1mdone[0m
build	Check base configuration files	2026-09-05T03:13:34.4643180Z [36;1mif [ -n "$MISSING" ]; then[0m
build	Check base configuration files	2026-09-05T03:13:34.4643890Z [36;1m  echo "::error::The project has base configuration files that are not in the repository:$MISSING. They are probably gitignored — commit them, or commit a <name>.xcconfig.template next to each so the build can fill them in."[0m
build	Check base configuration files	2026-09-05T03:13:34.4644620Z [36;1m  exit 1[0m
build	Check base configuration files	2026-09-05T03:13:34.4644840Z [36;1mfi[0m
build	Check base configuration files	2026-09-05T03:13:34.4680530Z shell: /bin/bash -e {0}
build	Check base configuration files	2026-09-05T03:13:34.4680830Z env:
build	Check base configuration files	2026-09-05T03:13:34.4681030Z   MD_APPLE_SDK_ROOT: /Applications/Xcode_26.6.app
build	Check base configuration files	2026-09-05T03:13:34.4707170Z   IOS_PATH: ios
build	Check base configuration files	2026-09-05T03:13:34.4707430Z ##[endgroup]
build	Restore Pods cache	﻿2026-09-05T03:13:34.8206190Z ##[group]Run actions/cache@v6
build	Restore Pods cache	2026-09-05T03:13:34.8206470Z with:
build	Restore Pods cache	2026-09-05T03:13:34.8206640Z   path: ios/Pods
build	Restore Pods cache	~/.cocoapods/repos
build	Restore Pods cache	
build	Restore Pods cache	2026-09-05T03:13:34.8206880Z   key: pods-macOS-
build	Restore Pods cache	2026-09-05T03:13:34.8207050Z   restore-keys: pods-macOS-
build	Restore Pods cache	
build	Restore Pods cache	2026-09-05T03:13:34.8207310Z   enableCrossOsArchive: false
build	Restore Pods cache	2026-09-05T03:13:34.8207510Z   fail-on-cache-miss: false
build	Restore Pods cache	2026-09-05T03:13:34.8207710Z   lookup-only: false
build	Restore Pods cache	2026-09-05T03:13:34.8207890Z   save-always: false
build	Restore Pods cache	2026-09-05T03:13:34.8208060Z env:
build	Restore Pods cache	2026-09-05T03:13:34.8208290Z   MD_APPLE_SDK_ROOT: /Applications/Xcode_26.6.app
build	Restore Pods cache	2026-09-05T03:13:34.8208610Z ##[endgroup]
build	Restore Pods cache	2026-09-05T03:13:35.2888040Z Cache not found for input keys: pods-macOS-, pods-macOS-
build	Build IPA	﻿2026-09-05T03:13:35.2989240Z ##[group]Run set -e
build	Build IPA	2026-09-05T03:13:35.2990780Z [36;1mset -e[0m
build	Build IPA	2026-09-05T03:13:35.2991030Z [36;1m[0m
build	Build IPA	2026-09-05T03:13:35.2991230Z [36;1m# Navigate to iOS project[0m
build	Build IPA	2026-09-05T03:13:35.2991520Z [36;1mcd "$IOS_PATH"[0m
build	Build IPA	2026-09-05T03:13:35.2991710Z [36;1m[0m
build	Build IPA	2026-09-05T03:13:35.2991870Z [36;1m# Find workspace or project[0m
build	Build IPA	2026-09-05T03:13:35.2992270Z [36;1m# 本仓库为 SwiftPM + XcodeGen（无 .xcodeproj 入库）：CI 的 find 探测[0m
build	Build IPA	2026-09-05T03:13:35.2992630Z [36;1m# 在 macOS runner 上行为不可靠，这里直接强制生成并写死工程绝对路径。[0m
build	Build IPA	2026-09-05T03:13:35.2993030Z [36;1mcommand -v xcodegen >/dev/null 2>&1 || brew install xcodegen[0m
build	Build IPA	2026-09-05T03:13:35.2993440Z [36;1mecho "Regenerating project with xcodegen (deterministic)..."[0m
build	Build IPA	2026-09-05T03:13:35.2993740Z [36;1mxcodegen generate[0m
build	Build IPA	2026-09-05T03:13:35.2993950Z [36;1mWORKSPACE=""[0m
build	Build IPA	2026-09-05T03:13:35.2994200Z [36;1mPROJECT="$(pwd)/HuameiIndexTTS.xcodeproj"[0m
build	Build IPA	2026-09-05T03:13:35.2994490Z [36;1mecho "Using project: $PROJECT"[0m
build	Build IPA	2026-09-05T03:13:35.2994710Z [36;1m[0m
build	Build IPA	2026-09-05T03:13:35.2995120Z [36;1m# Install pods if Podfile exists (always run to ensure sync with Podfile.lock)[0m
build	Build IPA	2026-09-05T03:13:35.2995520Z [36;1mif [ -f "Podfile" ]; then[0m
build	Build IPA	2026-09-05T03:13:35.2995800Z [36;1m  echo "Running pod install..."[0m
build	Build IPA	2026-09-05T03:13:35.2996100Z [36;1m  pod install[0m
build	Build IPA	2026-09-05T03:13:35.2996360Z [36;1m  WORKSPACE=$(find . -maxdepth 1 -name "*.xcworkspace" | head -1)[0m
build	Build IPA	2026-09-05T03:13:35.2996740Z [36;1mfi[0m
build	Build IPA	2026-09-05T03:13:35.2996920Z [36;1m[0m
build	Build IPA	2026-09-05T03:13:35.2997180Z [36;1m# Determine scheme (only needed for native projects)[0m
build	Build IPA	2026-09-05T03:13:35.2997590Z [36;1mif [ -z "$SCHEME" ] && [ "$PROJECT_TYPE" = "native" ]; then[0m
build	Build IPA	2026-09-05T03:13:35.2997890Z [36;1m  if [ -n "$WORKSPACE" ]; then[0m
build	Build IPA	2026-09-05T03:13:35.2998140Z [36;1m    TARGET_FLAG=-workspace[0m
build	Build IPA	2026-09-05T03:13:35.2998420Z [36;1m    TARGET_PATH=$WORKSPACE[0m
build	Build IPA	2026-09-05T03:13:35.2998680Z [36;1m    BASE=$(basename "$WORKSPACE" .xcworkspace)[0m
build	Build IPA	2026-09-05T03:13:35.2998960Z [36;1m  else[0m
build	Build IPA	2026-09-05T03:13:35.2999150Z [36;1m    TARGET_FLAG=-project[0m
build	Build IPA	2026-09-05T03:13:35.2999370Z [36;1m    TARGET_PATH=$PROJECT[0m
build	Build IPA	2026-09-05T03:13:35.2999660Z [36;1m    BASE=$(basename "$PROJECT" .xcodeproj)[0m
build	Build IPA	2026-09-05T03:13:35.2999960Z [36;1m  fi[0m
build	Build IPA	2026-09-05T03:13:35.3000140Z [36;1m[0m
build	Build IPA	2026-09-05T03:13:35.3000630Z [36;1m  SCHEMES=$(xcodebuild "$TARGET_FLAG" "$TARGET_PATH" -list -json 2>/dev/null | jq -r '(.workspace // .project).schemes[]?' || true)[0m
build	Build IPA	2026-09-05T03:13:35.3001150Z [36;1m  if [ -z "$SCHEMES" ]; then[0m
build	Build IPA	2026-09-05T03:13:35.3002470Z [36;1m    SCHEMES=$(xcodebuild "$TARGET_FLAG" "$TARGET_PATH" -list 2>/dev/null | sed -n '/Schemes:/,$p' | tail -n +2 | sed 's/^[[:space:]]*//' | sed '/^$/d' || true)[0m
build	Build IPA	2026-09-05T03:13:35.3003050Z [36;1m  fi[0m
build	Build IPA	2026-09-05T03:13:35.3003250Z [36;1m  echo "Schemes:"[0m
build	Build IPA	2026-09-05T03:13:35.3004550Z [36;1m  printf '%s\n' "$SCHEMES" | sed 's/^/  /'[0m
build	Build IPA	2026-09-05T03:13:35.3005240Z [36;1m[0m
build	Build IPA	2026-09-05T03:13:35.3006080Z [36;1m  # In a workspace, the scheme list also holds package and pod[0m
build	Build IPA	2026-09-05T03:13:35.3007610Z [36;1m  # schemes, and they sort ahead of the app as often as not. The[0m
build	Build IPA	2026-09-05T03:13:35.3008650Z [36;1m  # scheme named after the project is the app in nearly every repo.[0m
build	Build IPA	2026-09-05T03:13:35.3009730Z [36;1m  SCHEME=$(printf '%s\n' "$SCHEMES" | grep -Fx "$BASE" | head -1 || true)[0m
build	Build IPA	2026-09-05T03:13:35.3010640Z [36;1m  if [ -z "$SCHEME" ]; then[0m
build	Build IPA	2026-09-05T03:13:35.3011540Z [36;1m    SCHEME=$(printf '%s\n' "$SCHEMES" | grep -v '^Pods-' | while IFS= read -r s; do[0m
build	Build IPA	2026-09-05T03:13:35.3012570Z [36;1m      [ -n "$s" ] || continue[0m
build	Build IPA	2026-09-05T03:13:35.3013390Z [36;1m      # A scheme that belongs to a local Swift package is not the app.[0m
build	Build IPA	2026-09-05T03:13:35.3014940Z [36;1m      [ -z "$(find . -maxdepth 4 -path "*/$s/Package.swift" -print -quit)" ] || continue[0m
build	Build IPA	2026-09-05T03:13:35.3015930Z [36;1m      printf '%s\n' "$s"[0m
build	Build IPA	2026-09-05T03:13:35.3016590Z [36;1m      break[0m
build	Build IPA	2026-09-05T03:13:35.3017300Z [36;1m    done)[0m
build	Build IPA	2026-09-05T03:13:35.3017490Z [36;1m  fi[0m
build	Build IPA	2026-09-05T03:13:35.3017770Z [36;1m  echo "Building with scheme: $SCHEME (configuration: $CONFIGURATION)"[0m
build	Build IPA	2026-09-05T03:13:35.3018090Z [36;1mfi[0m
build	Build IPA	2026-09-05T03:13:35.3018240Z [36;1m[0m
build	Build IPA	2026-09-05T03:13:35.3018450Z [36;1mif [ "$PROJECT_TYPE" = "native" ]; then[0m
build	Build IPA	2026-09-05T03:13:35.3018750Z [36;1m  if [ -z "$WORKSPACE" ] && [ -z "$PROJECT" ]; then[0m
build	Build IPA	2026-09-05T03:13:35.3019370Z [36;1m    echo "::error::No .xcworkspace or .xcodeproj found in '$IOS_PATH'. If the project is generated (XcodeGen/Tuist), commit it or add a generation step."[0m
build	Build IPA	2026-09-05T03:13:35.3020000Z [36;1m    exit 1[0m
build	Build IPA	2026-09-05T03:13:35.3020210Z [36;1m  fi[0m
build	Build IPA	2026-09-05T03:13:35.3020370Z [36;1m  if [ -z "$SCHEME" ]; then[0m
build	Build IPA	2026-09-05T03:13:35.3021060Z [36;1m    echo "::error::Could not determine a scheme. Pass one via the 'scheme' input, or make sure the project has a shared scheme."[0m
build	Build IPA	2026-09-05T03:13:35.3022020Z [36;1m    exit 1[0m
build	Build IPA	2026-09-05T03:13:35.3022210Z [36;1m  fi[0m
build	Build IPA	2026-09-05T03:13:35.3022350Z [36;1mfi[0m
build	Build IPA	2026-09-05T03:13:35.3022530Z [36;1m[0m
build	Build IPA	2026-09-05T03:13:35.3022780Z [36;1m# Use custom DerivedData path for caching[0m
build	Build IPA	2026-09-05T03:13:35.3023130Z [36;1mDERIVED_DATA_PATH="${GITHUB_WORKSPACE}/DerivedData"[0m
build	Build IPA	2026-09-05T03:13:35.3023400Z [36;1m[0m
build	Build IPA	2026-09-05T03:13:35.3023580Z [36;1mif [ "$PROJECT_TYPE" = "flutter" ]; then[0m
build	Build IPA	2026-09-05T03:13:35.3023850Z [36;1m  cd "$GITHUB_WORKSPACE"[0m
build	Build IPA	2026-09-05T03:13:35.3024090Z [36;1m  if [ "$CONFIGURATION" = "Debug" ]; then[0m
build	Build IPA	2026-09-05T03:13:35.3024360Z [36;1m    echo "Building Flutter iOS Debug..."[0m
build	Build IPA	2026-09-05T03:13:35.3024690Z [36;1m    flutter build ios --debug --no-codesign[0m
build	Build IPA	2026-09-05T03:13:35.3025010Z [36;1m  else[0m
build	Build IPA	2026-09-05T03:13:35.3025220Z [36;1m    echo "Building Flutter iOS Release..."[0m
build	Build IPA	2026-09-05T03:13:35.3025540Z [36;1m    flutter build ios --release --no-codesign[0m
build	Build IPA	2026-09-05T03:13:35.3025810Z [36;1m  fi[0m
build	Build IPA	2026-09-05T03:13:35.3025970Z [36;1m  cd "$IOS_PATH"[0m
build	Build IPA	2026-09-05T03:13:35.3026160Z [36;1m[0m
build	Build IPA	2026-09-05T03:13:35.3026330Z [36;1m  if [ "$USE_SIGNING" = "true" ]; then[0m
build	Build IPA	2026-09-05T03:13:35.3026670Z [36;1m    # 'flutter build ios' never signs, so archive the Runner project it[0m
build	Build IPA	2026-09-05T03:13:35.3027170Z [36;1m    # generated. The IPA step below exports build/App.xcarchive[0m
build	Build IPA	2026-09-05T03:13:35.3027480Z [36;1m    # whenever signing is on.[0m
build	Build IPA	2026-09-05T03:13:35.3027790Z [36;1m    ARCHIVE_CMD="xcodebuild"[0m
build	Build IPA	2026-09-05T03:13:35.3028440Z [36;1m    if [ -n "$WORKSPACE" ]; then[0m
build	Build IPA	2026-09-05T03:13:35.3029120Z [36;1m      ARCHIVE_CMD="$ARCHIVE_CMD -workspace '$WORKSPACE'"[0m
build	Build IPA	2026-09-05T03:13:35.3029410Z [36;1m    elif [ -n "$PROJECT" ]; then[0m
build	Build IPA	2026-09-05T03:13:35.3029700Z [36;1m      ARCHIVE_CMD="$ARCHIVE_CMD -project '$PROJECT'"[0m
build	Build IPA	2026-09-05T03:13:35.3030710Z [36;1m    else[0m
build	Build IPA	2026-09-05T03:13:35.3045110Z [36;1m      echo "::error::Signing requested but no Runner workspace/project found in '$IOS_PATH'."[0m
build	Build IPA	2026-09-05T03:13:35.3046030Z [36;1m      exit 1[0m
build	Build IPA	2026-09-05T03:13:35.3046220Z [36;1m    fi[0m
build	Build IPA	2026-09-05T03:13:35.3046390Z [36;1m[0m
build	Build IPA	2026-09-05T03:13:35.3046610Z [36;1m    ARCHIVE_CMD="$ARCHIVE_CMD -scheme '${SCHEME:-Runner}'"[0m
build	Build IPA	2026-09-05T03:13:35.3047070Z [36;1m    ARCHIVE_CMD="$ARCHIVE_CMD -configuration '$CONFIGURATION'"[0m
build	Build IPA	2026-09-05T03:13:35.3047450Z [36;1m    ARCHIVE_CMD="$ARCHIVE_CMD -destination 'generic/platform=iOS'"[0m
build	Build IPA	2026-09-05T03:13:35.3047850Z [36;1m    ARCHIVE_CMD="$ARCHIVE_CMD -derivedDataPath '$DERIVED_DATA_PATH'"[0m
build	Build IPA	2026-09-05T03:13:35.3048340Z [36;1m    ARCHIVE_CMD="$ARCHIVE_CMD COMPILER_INDEX_STORE_ENABLE=NO"[0m
build	Build IPA	2026-09-05T03:13:35.3048730Z [36;1m    ARCHIVE_CMD="$ARCHIVE_CMD DEVELOPMENT_TEAM='$DEVELOPMENT_TEAM'"[0m
build	Build IPA	2026-09-05T03:13:35.3049080Z [36;1m    ARCHIVE_CMD="$ARCHIVE_CMD CODE_SIGN_STYLE=Manual"[0m
build	Build IPA	2026-09-05T03:13:35.3049510Z [36;1m    ARCHIVE_CMD="$ARCHIVE_CMD PROVISIONING_PROFILE_SPECIFIER='$PROVISIONING_PROFILE_NAME'"[0m
build	Build IPA	2026-09-05T03:13:35.3049930Z [36;1m    ARCHIVE_CMD="$ARCHIVE_CMD -quiet"[0m
build	Build IPA	2026-09-05T03:13:35.3050750Z [36;1m    ARCHIVE_CMD="$ARCHIVE_CMD -archivePath '$GITHUB_WORKSPACE/build/App.xcarchive' archive"[0m
build	Build IPA	2026-09-05T03:13:35.3051170Z [36;1m[0m
build	Build IPA	2026-09-05T03:13:35.3051330Z [36;1m    echo "Running: $ARCHIVE_CMD"[0m
build	Build IPA	2026-09-05T03:13:35.3051590Z [36;1m    eval $ARCHIVE_CMD[0m
build	Build IPA	2026-09-05T03:13:35.3051850Z [36;1m  fi[0m
build	Build IPA	2026-09-05T03:13:35.3052260Z [36;1melif [ "$PROJECT_TYPE" = "reactnative" ] || [ "$PROJECT_TYPE" = "expo" ] || [ "$PROJECT_TYPE" = "kmp" ]; then[0m
build	Build IPA	2026-09-05T03:13:35.3052810Z [36;1m  # Use xcodebuild directly for React Native/Expo and Kotlin Multiplatform.[0m
build	Build IPA	2026-09-05T03:13:35.3053250Z [36;1m  # For KMP, the Xcode build phase (or CocoaPods) invokes Gradle to[0m
build	Build IPA	2026-09-05T03:13:35.3053720Z [36;1m  # compile the shared Kotlin framework, so the JDK must be on PATH.[0m
build	Build IPA	2026-09-05T03:13:35.3054060Z [36;1m  if [ "$PROJECT_TYPE" = "kmp" ]; then[0m
build	Build IPA	2026-09-05T03:13:35.3054400Z [36;1m    echo "Building Kotlin Multiplatform iOS ($CONFIGURATION)..."[0m
build	Build IPA	2026-09-05T03:13:35.3054780Z [36;1m    if [ -f "${GITHUB_WORKSPACE}/gradlew" ]; then[0m
build	Build IPA	2026-09-05T03:13:35.3055070Z [36;1m      chmod +x "${GITHUB_WORKSPACE}/gradlew"[0m
build	Build IPA	2026-09-05T03:13:35.3055290Z [36;1m    fi[0m
build	Build IPA	2026-09-05T03:13:35.3055490Z [36;1m  else[0m
build	Build IPA	2026-09-05T03:13:35.3055730Z [36;1m    echo "Building React Native iOS ($CONFIGURATION)..."[0m
build	Build IPA	2026-09-05T03:13:35.3055990Z [36;1m  fi[0m
build	Build IPA	2026-09-05T03:13:35.3056180Z [36;1m  BUILD_CMD="xcodebuild"[0m
build	Build IPA	2026-09-05T03:13:35.3056430Z [36;1m  if [ -n "$WORKSPACE" ]; then[0m
build	Build IPA	2026-09-05T03:13:35.3056690Z [36;1m    BUILD_CMD="$BUILD_CMD -workspace $WORKSPACE"[0m
build	Build IPA	2026-09-05T03:13:35.3056970Z [36;1m  elif [ -n "$PROJECT" ]; then[0m
build	Build IPA	2026-09-05T03:13:35.3057240Z [36;1m    BUILD_CMD="$BUILD_CMD -project $PROJECT"[0m
build	Build IPA	2026-09-05T03:13:35.3057500Z [36;1m  fi[0m
build	Build IPA	2026-09-05T03:13:35.3057680Z [36;1m[0m
build	Build IPA	2026-09-05T03:13:35.3057980Z [36;1m  # Auto-detect scheme from workspace/project name (e.g., MyApp.xcworkspace -> MyApp)[0m
build	Build IPA	2026-09-05T03:13:35.3058390Z [36;1m  # unless an explicit scheme was provided.[0m
build	Build IPA	2026-09-05T03:13:35.3058630Z [36;1m  if [ -z "$SCHEME" ]; then[0m
build	Build IPA	2026-09-05T03:13:35.3058850Z [36;1m    if [ -n "$WORKSPACE" ]; then[0m
build	Build IPA	2026-09-05T03:13:35.3059150Z [36;1m      SCHEME=$(basename "$WORKSPACE" .xcworkspace)[0m
build	Build IPA	2026-09-05T03:13:35.3059460Z [36;1m    elif [ -n "$PROJECT" ]; then[0m
build	Build IPA	2026-09-05T03:13:35.3059760Z [36;1m      SCHEME=$(basename "$PROJECT" .xcodeproj)[0m
build	Build IPA	2026-09-05T03:13:35.3060050Z [36;1m    fi[0m
build	Build IPA	2026-09-05T03:13:35.3060480Z [36;1m  fi[0m
build	Build IPA	2026-09-05T03:13:35.3060650Z [36;1m[0m
build	Build IPA	2026-09-05T03:13:35.3060860Z [36;1m  BUILD_CMD="$BUILD_CMD -scheme '$SCHEME'"[0m
build	Build IPA	2026-09-05T03:13:35.3061210Z [36;1m  BUILD_CMD="$BUILD_CMD -configuration '$CONFIGURATION'"[0m
build	Build IPA	2026-09-05T03:13:35.3061620Z [36;1m  BUILD_CMD="$BUILD_CMD -destination 'generic/platform=iOS'"[0m
build	Build IPA	2026-09-05T03:13:35.3062000Z [36;1m  BUILD_CMD="$BUILD_CMD -derivedDataPath '$DERIVED_DATA_PATH'"[0m
build	Build IPA	2026-09-05T03:13:35.3062380Z [36;1m  BUILD_CMD="$BUILD_CMD COMPILER_INDEX_STORE_ENABLE=NO"[0m
build	Build IPA	2026-09-05T03:13:35.3062770Z [36;1m  BUILD_CMD="$BUILD_CMD -quiet"[0m
build	Build IPA	2026-09-05T03:13:35.3063000Z [36;1m[0m
build	Build IPA	2026-09-05T03:13:35.3064260Z [36;1m  if [ "$USE_SIGNING" = "true" ]; then[0m
build	Build IPA	2026-09-05T03:13:35.3065200Z [36;1m    # Must archive, not build: the IPA step below exports[0m
build	Build IPA	2026-09-05T03:13:35.3066050Z [36;1m    # build/App.xcarchive whenever signing is on.[0m
build	Build IPA	2026-09-05T03:13:35.3066920Z [36;1m    BUILD_CMD="$BUILD_CMD DEVELOPMENT_TEAM='$DEVELOPMENT_TEAM'"[0m
build	Build IPA	2026-09-05T03:13:35.3067890Z [36;1m    BUILD_CMD="$BUILD_CMD CODE_SIGN_STYLE=Manual"[0m
build	Build IPA	2026-09-05T03:13:35.3068920Z [36;1m    BUILD_CMD="$BUILD_CMD PROVISIONING_PROFILE_SPECIFIER='$PROVISIONING_PROFILE_NAME'"[0m
build	Build IPA	2026-09-05T03:13:35.3070270Z [36;1m    BUILD_CMD="$BUILD_CMD -archivePath '$GITHUB_WORKSPACE/build/App.xcarchive' archive"[0m
build	Build IPA	2026-09-05T03:13:35.3071210Z [36;1m  else[0m
build	Build IPA	2026-09-05T03:13:35.3071800Z [36;1m    BUILD_CMD="$BUILD_CMD CODE_SIGNING_ALLOWED=NO build"[0m
build	Build IPA	2026-09-05T03:13:35.3073960Z [36;1m  fi[0m
build	Build IPA	2026-09-05T03:13:35.3077570Z [36;1m[0m
build	Build IPA	2026-09-05T03:13:35.3077780Z [36;1m  echo "Running: $BUILD_CMD"[0m
build	Build IPA	2026-09-05T03:13:35.3078070Z [36;1m  eval $BUILD_CMD[0m
build	Build IPA	2026-09-05T03:13:35.3078240Z [36;1melse[0m
build	Build IPA	2026-09-05T03:13:35.3078430Z [36;1m  BUILD_CMD="xcodebuild"[0m
build	Build IPA	2026-09-05T03:13:35.3078740Z [36;1m  if [ -n "$WORKSPACE" ]; then[0m
build	Build IPA	2026-09-05T03:13:35.3079050Z [36;1m    BUILD_CMD="$BUILD_CMD -workspace $WORKSPACE"[0m
build	Build IPA	2026-09-05T03:13:35.3079380Z [36;1m  elif [ -n "$PROJECT" ]; then[0m
build	Build IPA	2026-09-05T03:13:35.3079620Z [36;1m    BUILD_CMD="$BUILD_CMD -project $PROJECT"[0m
build	Build IPA	2026-09-05T03:13:35.3079890Z [36;1m  fi[0m
build	Build IPA	2026-09-05T03:13:35.3080060Z [36;1m[0m
build	Build IPA	2026-09-05T03:13:35.3080260Z [36;1m  BUILD_CMD="$BUILD_CMD -scheme '$SCHEME'"[0m
build	Build IPA	2026-09-05T03:13:35.3080590Z [36;1m  BUILD_CMD="$BUILD_CMD -configuration '$CONFIGURATION'"[0m
build	Build IPA	2026-09-05T03:13:35.3081000Z [36;1m  BUILD_CMD="$BUILD_CMD -destination 'generic/platform=iOS'"[0m
build	Build IPA	2026-09-05T03:13:35.3081370Z [36;1m  BUILD_CMD="$BUILD_CMD -derivedDataPath '$DERIVED_DATA_PATH'"[0m
build	Build IPA	2026-09-05T03:13:35.3081790Z [36;1m[0m
build	Build IPA	2026-09-05T03:13:35.3081980Z [36;1m  # Speed optimization flags[0m
build	Build IPA	2026-09-05T03:13:35.3082250Z [36;1m  BUILD_CMD="$BUILD_CMD COMPILER_INDEX_STORE_ENABLE=NO"[0m
build	Build IPA	2026-09-05T03:13:35.3082570Z [36;1m  BUILD_CMD="$BUILD_CMD DEBUG_INFORMATION_FORMAT=dwarf"[0m
build	Build IPA	2026-09-05T03:13:35.3082870Z [36;1m  BUILD_CMD="$BUILD_CMD ONLY_ACTIVE_ARCH=YES"[0m
build	Build IPA	2026-09-05T03:13:35.3083140Z [36;1m  BUILD_CMD="$BUILD_CMD -quiet"[0m
build	Build IPA	2026-09-05T03:13:35.3083340Z [36;1m[0m
build	Build IPA	2026-09-05T03:13:35.3083530Z [36;1m  # mlx-swift 自带 CudaBuild 构建插件在 iOS 交叉编译下无法通过验证 →[0m
build	Build IPA	2026-09-05T03:13:35.3083830Z [36;1m  # 跳过包插件校验（不影响产物，规避 "Validate plug-in ... failed"）[0m
build	Build IPA	2026-09-05T03:13:35.3084140Z [36;1m  BUILD_CMD="$BUILD_CMD -skipPackagePluginValidation"[0m
build	Build IPA	2026-09-05T03:13:35.3084400Z [36;1m[0m
build	Build IPA	2026-09-05T03:13:35.3084570Z [36;1m  # Xcode 16+ native compilation caching[0m
build	Build IPA	2026-09-05T03:13:35.3084890Z [36;1m  BUILD_CMD="$BUILD_CMD SWIFT_ENABLE_COMPILE_CACHE=YES"[0m
build	Build IPA	2026-09-05T03:13:35.3085210Z [36;1m  BUILD_CMD="$BUILD_CMD CLANG_ENABLE_COMPILE_CACHE=YES"[0m
build	Build IPA	2026-09-05T03:13:35.3085470Z [36;1m[0m
build	Build IPA	2026-09-05T03:13:35.3085630Z [36;1m  if [ "$USE_SIGNING" = "true" ]; then[0m
build	Build IPA	2026-09-05T03:13:35.3085960Z [36;1m    # For signed builds, use archive. Automatic signing cannot resolve a[0m
build	Build IPA	2026-09-05T03:13:35.3086360Z [36;1m    # team on a runner (no Xcode account), so sign manually against the[0m
build	Build IPA	2026-09-05T03:13:35.3087370Z [36;1m    # profile installed above.[0m
build	Build IPA	2026-09-05T03:13:35.3087690Z [36;1m    BUILD_CMD="$BUILD_CMD DEVELOPMENT_TEAM='$DEVELOPMENT_TEAM'"[0m
build	Build IPA	2026-09-05T03:13:35.3088130Z [36;1m    BUILD_CMD="$BUILD_CMD CODE_SIGN_STYLE=Manual"[0m
build	Build IPA	2026-09-05T03:13:35.3088520Z [36;1m    BUILD_CMD="$BUILD_CMD PROVISIONING_PROFILE_SPECIFIER='$PROVISIONING_PROFILE_NAME'"[0m
build	Build IPA	2026-09-05T03:13:35.3089070Z [36;1m    BUILD_CMD="$BUILD_CMD -archivePath '$GITHUB_WORKSPACE/build/App.xcarchive' archive"[0m
build	Build IPA	2026-09-05T03:13:35.3089930Z [36;1m  else[0m
build	Build IPA	2026-09-05T03:13:35.3090150Z [36;1m    # For unsigned builds, use faster 'build' action[0m
build	Build IPA	2026-09-05T03:13:35.3090460Z [36;1m    BUILD_CMD="$BUILD_CMD CODE_SIGNING_ALLOWED=NO build"[0m
build	Build IPA	2026-09-05T03:13:35.3090710Z [36;1m  fi[0m
build	Build IPA	2026-09-05T03:13:35.3090880Z [36;1m[0m
build	Build IPA	2026-09-05T03:13:35.3091070Z [36;1m  echo "Running: $BUILD_CMD"[0m
build	Build IPA	2026-09-05T03:13:35.3091310Z [36;1m  eval $BUILD_CMD[0m
build	Build IPA	2026-09-05T03:13:35.3091490Z [36;1mfi[0m
build	Build IPA	2026-09-05T03:13:35.3091630Z [36;1m[0m
build	Build IPA	2026-09-05T03:13:35.3091770Z [36;1m# Create IPA[0m
build	Build IPA	2026-09-05T03:13:35.3091960Z [36;1mif [ "$USE_SIGNING" = "true" ]; then[0m
build	Build IPA	2026-09-05T03:13:35.3092240Z [36;1m  # For signed builds, use xcodebuild -exportArchive.[0m
build	Build IPA	2026-09-05T03:13:35.3092680Z [36;1m  # Everything below is relative to the repo root, which is also what[0m
build	Build IPA	2026-09-05T03:13:35.3093110Z [36;1m  # the upload-artifact step ("build/*.ipa") resolves against — do not[0m
build	Build IPA	2026-09-05T03:13:35.3094150Z [36;1m  # use "cd .." here, it breaks when ios_path is "." (native at root).[0m
build	Build IPA	2026-09-05T03:13:35.3094480Z [36;1m  cd "$GITHUB_WORKSPACE"[0m
build	Build IPA	2026-09-05T03:13:35.3094680Z [36;1m[0m
build	Build IPA	2026-09-05T03:13:35.3094910Z [36;1m  # The export has to use the same manual signing as the archive, and[0m
build	Build IPA	2026-09-05T03:13:35.3095280Z [36;1m  # it needs the app's real bundle id to map it to the profile.[0m
build	Build IPA	2026-09-05T03:13:35.3095910Z [36;1m  APP_BUNDLE_ID=$(plutil -extract ApplicationProperties.CFBundleIdentifier raw -o - build/App.xcarchive/Info.plist)[0m
build	Build IPA	2026-09-05T03:13:35.3096550Z [36;1m  echo "Exporting $APP_BUNDLE_ID with profile '$PROVISIONING_PROFILE_NAME' (team $DEVELOPMENT_TEAM)"[0m
build	Build IPA	2026-09-05T03:13:35.3096970Z [36;1m[0m
build	Build IPA	2026-09-05T03:13:35.3097150Z [36;1m  printf '%s\n' \[0m
build	Build IPA	2026-09-05T03:13:35.3097410Z [36;1m    '<?xml version="1.0" encoding="UTF-8"?>' \[0m
build	Build IPA	2026-09-05T03:13:35.3097890Z [36;1m    '<!DOCTYPE plist PUBLIC "-//Apple//DTD PLIST 1.0//EN" "http://www.apple.com/DTDs/PropertyList-1.0.dtd">' \[0m
build	Build IPA	2026-09-05T03:13:35.3098330Z [36;1m    '<plist version="1.0">' \[0m
build	Build IPA	2026-09-05T03:13:35.3098580Z [36;1m    '<dict>' \[0m
build	Build IPA	2026-09-05T03:13:35.3098790Z [36;1m    '    <key>method</key>' \[0m
build	Build IPA	2026-09-05T03:13:35.3099020Z [36;1m    '    <string>development</string>' \[0m
build	Build IPA	2026-09-05T03:13:35.3099280Z [36;1m    '    <key>signingStyle</key>' \[0m
build	Build IPA	2026-09-05T03:13:35.3100430Z [36;1m    '    <string>manual</string>' \[0m
build	Build IPA	2026-09-05T03:13:35.3101160Z [36;1m    '    <key>teamID</key>' \[0m
build	Build IPA	2026-09-05T03:13:35.3101910Z [36;1m    "    <string>${DEVELOPMENT_TEAM}</string>" \[0m
build	Build IPA	2026-09-05T03:13:35.3102730Z [36;1m    '    <key>provisioningProfiles</key>' \[0m
build	Build IPA	2026-09-05T03:13:35.3103450Z [36;1m    '    <dict>' \[0m
build	Build IPA	2026-09-05T03:13:35.3104100Z [36;1m    "        <key>${APP_BUNDLE_ID}</key>" \[0m
build	Build IPA	2026-09-05T03:13:35.3104960Z [36;1m    "        <string>${PROVISIONING_PROFILE_NAME}</string>" \[0m
build	Build IPA	2026-09-05T03:13:35.3105740Z [36;1m    '    </dict>' \[0m
build	Build IPA	2026-09-05T03:13:35.3106310Z [36;1m    '</dict>' \[0m
build	Build IPA	2026-09-05T03:13:35.3107030Z [36;1m    '</plist>' > ExportOptions.plist[0m
build	Build IPA	2026-09-05T03:13:35.3107930Z [36;1m  xcodebuild -exportArchive \[0m
build	Build IPA	2026-09-05T03:13:35.3108650Z [36;1m    -archivePath build/App.xcarchive \[0m
build	Build IPA	2026-09-05T03:13:35.3109400Z [36;1m    -exportOptionsPlist ExportOptions.plist \[0m
build	Build IPA	2026-09-05T03:13:35.3110020Z [36;1m    -exportPath build/export[0m
build	Build IPA	2026-09-05T03:13:35.3110280Z [36;1m[0m
build	Build IPA	2026-09-05T03:13:35.3110490Z [36;1m  # Move IPA to expected location[0m
build	Build IPA	2026-09-05T03:13:35.3111520Z [36;1m  mv build/export/*.ipa "build/$BUILD_ID.ipa"[0m
build	Build IPA	2026-09-05T03:13:35.3111860Z [36;1m  echo "Created signed IPA: build/$BUILD_ID.ipa"[0m
build	Build IPA	2026-09-05T03:13:35.3112120Z [36;1melse[0m
build	Build IPA	2026-09-05T03:13:35.3112320Z [36;1m  # For unsigned builds, find .app and create IPA[0m
build	Build IPA	2026-09-05T03:13:35.3112610Z [36;1m  if [ "$PROJECT_TYPE" = "flutter" ]; then[0m
build	Build IPA	2026-09-05T03:13:35.3112880Z [36;1m    # Flutter outputs to build/ios/iphoneos/[0m
build	Build IPA	2026-09-05T03:13:35.3113290Z [36;1m    APP_PATH=$(find "${GITHUB_WORKSPACE}/build/ios/iphoneos" -name "*.app" -type d | head -1)[0m
build	Build IPA	2026-09-05T03:13:35.3113640Z [36;1m  else[0m
build	Build IPA	2026-09-05T03:13:35.3113880Z [36;1m    # Native and React Native/Expo use DerivedData. Ask the project[0m
build	Build IPA	2026-09-05T03:13:35.3114310Z [36;1m    # which bundle this scheme produces: the first .app under[0m
build	Build IPA	2026-09-05T03:13:35.3115020Z [36;1m    # Build/Products is the wrong one whenever the repo has more than[0m
build	Build IPA	2026-09-05T03:13:35.3115450Z [36;1m    # one app target.[0m
build	Build IPA	2026-09-05T03:13:35.3115720Z [36;1m    if [ -n "$WORKSPACE" ]; then[0m
build	Build IPA	2026-09-05T03:13:35.3115960Z [36;1m      TARGET_FLAG=-workspace[0m
build	Build IPA	2026-09-05T03:13:35.3116230Z [36;1m      TARGET_PATH=$WORKSPACE[0m
build	Build IPA	2026-09-05T03:13:35.3116450Z [36;1m    else[0m
build	Build IPA	2026-09-05T03:13:35.3116620Z [36;1m      TARGET_FLAG=-project[0m
build	Build IPA	2026-09-05T03:13:35.3116830Z [36;1m      TARGET_PATH=$PROJECT[0m
build	Build IPA	2026-09-05T03:13:35.3117020Z [36;1m    fi[0m
build	Build IPA	2026-09-05T03:13:35.3117250Z [36;1m    APP_PATH=$(xcodebuild "$TARGET_FLAG" "$TARGET_PATH" \[0m
build	Build IPA	2026-09-05T03:13:35.3118970Z [36;1m      -scheme "$SCHEME" \[0m
build	Build IPA	2026-09-05T03:13:35.3119350Z [36;1m      -configuration "$CONFIGURATION" \[0m
build	Build IPA	2026-09-05T03:13:35.3119690Z [36;1m      -destination 'generic/platform=iOS' \[0m
build	Build IPA	2026-09-05T03:13:35.3119990Z [36;1m      -derivedDataPath "$DERIVED_DATA_PATH" \[0m
build	Build IPA	2026-09-05T03:13:35.3120270Z [36;1m      -showBuildSettings -json 2>/dev/null \[0m
build	Build IPA	2026-09-05T03:13:35.3120540Z [36;1m      | jq -r 'map(.buildSettings)[0m
build	Build IPA	2026-09-05T03:13:35.3120900Z [36;1m               | map(select(.PRODUCT_TYPE == "com.apple.product-type.application"[0m
build	Build IPA	2026-09-05T03:13:35.3121610Z [36;1m                            and (.TARGET_BUILD_DIR | contains("-iphoneos"))))[0m
build	Build IPA	2026-09-05T03:13:35.3122070Z [36;1m               | map(.TARGET_BUILD_DIR + "/" + .FULL_PRODUCT_NAME)[0m
build	Build IPA	2026-09-05T03:13:35.3122440Z [36;1m               | first // empty' || true)[0m
build	Build IPA	2026-09-05T03:13:35.3122710Z [36;1m    if [ ! -d "$APP_PATH" ]; then[0m
build	Build IPA	2026-09-05T03:13:35.3123250Z [36;1m      APP_PATH=$(find "$DERIVED_DATA_PATH/Build/Products/${CONFIGURATION}-iphoneos" -maxdepth 1 -name "*.app" -type d -print -quit 2>/dev/null || true)[0m
build	Build IPA	2026-09-05T03:13:35.3125410Z [36;1m    fi[0m
build	Build IPA	2026-09-05T03:13:35.3125980Z [36;1m  fi[0m
build	Build IPA	2026-09-05T03:13:35.3126170Z [36;1m[0m
build	Build IPA	2026-09-05T03:13:35.3126320Z [36;1m  if [ -z "$APP_PATH" ]; then[0m
build	Build IPA	2026-09-05T03:13:35.3126560Z [36;1m    echo "Error: Could not find .app"[0m
build	Build IPA	2026-09-05T03:13:35.3126780Z [36;1m    exit 1[0m
build	Build IPA	2026-09-05T03:13:35.3126950Z [36;1m  fi[0m
build	Build IPA	2026-09-05T03:13:35.3127110Z [36;1m  echo "Found app at: $APP_PATH"[0m
build	Build IPA	2026-09-05T03:13:35.3127380Z [36;1m  cd "$GITHUB_WORKSPACE"[0m
build	Build IPA	2026-09-05T03:13:35.3127730Z [36;1m  mkdir -p build/Payload[0m
build	Build IPA	2026-09-05T03:13:35.3127990Z [36;1m  cp -R "$APP_PATH" build/Payload/[0m
build	Build IPA	2026-09-05T03:13:35.3128260Z [36;1m  cd build[0m
build	Build IPA	2026-09-05T03:13:35.3128440Z [36;1m  zip -rq "$BUILD_ID.ipa" Payload[0m
build	Build IPA	2026-09-05T03:13:35.3128650Z [36;1m  rm -rf Payload[0m
build	Build IPA	2026-09-05T03:13:35.3128890Z [36;1m  echo "Created unsigned IPA: build/$BUILD_ID.ipa"[0m
build	Build IPA	2026-09-05T03:13:35.3129600Z [36;1mfi[0m
build	Build IPA	2026-09-05T03:13:35.3170760Z shell: /bin/bash -e {0}
build	Build IPA	2026-09-05T03:13:35.3170990Z env:
build	Build IPA	2026-09-05T03:13:35.3171170Z   MD_APPLE_SDK_ROOT: /Applications/Xcode_26.6.app
build	Build IPA	2026-09-05T03:13:35.3171420Z   BUILD_ID: huamei-0905-11125
build	Build IPA	2026-09-05T03:13:35.3171620Z   IOS_PATH: ios
build	Build IPA	2026-09-05T03:13:35.3171810Z   SCHEME: HuameiIndexTTS
build	Build IPA	2026-09-05T03:13:35.3172020Z   PROJECT_TYPE: native
build	Build IPA	2026-09-05T03:13:35.3172460Z   USE_SIGNING: false
build	Build IPA	2026-09-05T03:13:35.3172620Z   CONFIGURATION: Debug
build	Build IPA	2026-09-05T03:13:35.3172780Z ##[endgroup]
build	Build IPA	2026-09-05T03:13:35.3434840Z Regenerating project with xcodegen (deterministic)...
build	Build IPA	2026-09-05T03:13:35.3589540Z ⚙️  Generating plists...
build	Build IPA	2026-09-05T03:13:35.3589900Z ⚙️  Generating project...
build	Build IPA	2026-09-05T03:13:35.3716170Z ⚙️  Writing project...
build	Build IPA	2026-09-05T03:13:35.3810610Z Created project at /Users/runner/work/huamei-indexTTS/huamei-indexTTS/ios/HuameiIndexTTS.xcodeproj
build	Build IPA	2026-09-05T03:13:35.3822260Z Using project: /Users/runner/work/huamei-indexTTS/huamei-indexTTS/ios/HuameiIndexTTS.xcodeproj
build	Build IPA	2026-09-05T03:13:35.3831710Z Running: xcodebuild -project /Users/runner/work/huamei-indexTTS/huamei-indexTTS/ios/HuameiIndexTTS.xcodeproj -scheme 'HuameiIndexTTS' -configuration 'Debug' -destination 'generic/platform=iOS' -derivedDataPath '/Users/runner/work/huamei-indexTTS/huamei-indexTTS/DerivedData' COMPILER_INDEX_STORE_ENABLE=NO DEBUG_INFORMATION_FORMAT=dwarf ONLY_ACTIVE_ARCH=YES -quiet -skipPackagePluginValidation SWIFT_ENABLE_COMPILE_CACHE=YES CLANG_ENABLE_COMPILE_CACHE=YES CODE_SIGNING_ALLOWED=NO build
build	Build IPA	2026-09-05T03:14:20.1967520Z In file included from /Users/runner/work/huamei-indexTTS/huamei-indexTTS/DerivedData/SourcePackages/checkouts/mlx-swift/Source/Cmlx/mlx-generated/metal/steel/attn/kernels/steel_attention.metal:6:
build	Build IPA	2026-09-05T03:14:20.1992090Z In file included from /Users/runner/work/huamei-indexTTS/huamei-indexTTS/DerivedData/SourcePackages/checkouts/mlx-swift/Source/Cmlx/mlx-generated/metal/steel/attn/kernels/../../../steel/attn/kernels/steel_attention.h:3:
build	Build IPA	2026-09-05T03:14:20.2001990Z In file included from /Users/runner/work/huamei-indexTTS/huamei-indexTTS/DerivedData/SourcePackages/checkouts/mlx-swift/Source/Cmlx/mlx-generated/metal/steel/attn/kernels/../../../steel/attn/attn.h:6:
build	Build IPA	2026-09-05T03:14:20.2003420Z In file included from /Users/runner/work/huamei-indexTTS/huamei-indexTTS/DerivedData/SourcePackages/checkouts/mlx-swift/Source/Cmlx/mlx-generated/metal/steel/attn/kernels/../../../steel/attn/../../steel/attn/mma.h:11:
build	Build IPA	2026-09-05T03:14:20.2005100Z /Users/runner/work/huamei-indexTTS/huamei-indexTTS/DerivedData/SourcePackages/checkouts/mlx-swift/Source/Cmlx/mlx-generated/metal/steel/attn/kernels/../../../steel/attn/../../steel/utils/integral_constant.h:108:6: warning: constexpr if is a C++17 extension [-Wc++17-extensions]
build	Build IPA	2026-09-05T03:14:20.2006290Z   if constexpr (start < stop) {
build	Build IPA	2026-09-05T03:14:20.2006520Z      ^
build	Build IPA	2026-09-05T03:14:20.2007310Z In file included from /Users/runner/work/huamei-indexTTS/huamei-indexTTS/DerivedData/SourcePackages/checkouts/mlx-swift/Source/Cmlx/mlx-generated/metal/steel/attn/kernels/steel_attention.metal:6:
build	Build IPA	2026-09-05T03:14:20.2008810Z /Users/runner/work/huamei-indexTTS/huamei-indexTTS/DerivedData/SourcePackages/checkouts/mlx-swift/Source/Cmlx/mlx-generated/metal/steel/attn/kernels/../../../steel/attn/kernels/steel_attention.h:356:16: warning: constexpr if is a C++17 extension [-Wc++17-extensions]
build	Build IPA	2026-09-05T03:14:20.2009770Z             if constexpr (is_bool) {
build	Build IPA	2026-09-05T03:14:20.2010090Z                ^
build	Build IPA	2026-09-05T03:14:20.2010920Z /Users/runner/work/huamei-indexTTS/huamei-indexTTS/DerivedData/SourcePackages/checkouts/mlx-swift/Source/Cmlx/mlx-generated/metal/steel/attn/kernels/../../../steel/attn/kernels/steel_attention.h:426:14: warning: constexpr if is a C++17 extension [-Wc++17-extensions]
build	Build IPA	2026-09-05T03:14:20.2016370Z           if constexpr (BD == 128) {
build	Build IPA	2026-09-05T03:14:20.2016730Z              ^
build	Build IPA	2026-09-05T03:14:20.2020660Z /Users/runner/work/huamei-indexTTS/huamei-indexTTS/DerivedData/SourcePackages/checkouts/mlx-swift/Source/Cmlx/mlx-generated/metal/steel/attn/kernels/../../../steel/attn/kernels/steel_attention.h:436:14: warning: constexpr if is a C++17 extension [-Wc++17-extensions]
build	Build IPA	2026-09-05T03:14:20.2021720Z           if constexpr (BD == 128) {
build	Build IPA	2026-09-05T03:14:20.2022150Z              ^
build	Build IPA	2026-09-05T03:14:20.2023770Z 4 warnings generated.
build	Build IPA	2026-09-05T03:14:22.8826060Z Cache miss
build	Build IPA	2026-09-05T03:14:22.8827830Z Failed frontend command:
build	Build IPA	2026-09-05T03:14:22.8895590Z /Applications/Xcode_26.6.app/Contents/Developer/Toolchains/XcodeDefault.xctoolchain/usr/bin/swift-frontend -frontend -c /Users/runner/work/huamei-indexTTS/huamei-indexTTS/ios/Sources/MLXIndexTTS2Core/Voice/AudioFeatures.swift /Users/runner/work/huamei-indexTTS/huamei-indexTTS/ios/Sources/MLXIndexTTS2Core/BigVGAN.swift /Users/runner/work/huamei-indexTTS/huamei-indexTTS/ios/Sources/MLXIndexTTS2Core/Voice/Campplus.swift /Users/runner/work/huamei-indexTTS/huamei-indexTTS/ios/Sources/MLXIndexTTS2Core/Codec.swift /Users/runner/work/huamei-indexTTS/huamei-indexTTS/ios/Sources/MLXIndexTTS2Core/Config.swift /Users/runner/work/huamei-indexTTS/huamei-indexTTS/ios/Sources/MLXIndexTTS2Core/GPT2.swift /Users/runner/work/huamei-indexTTS/huamei-indexTTS/ios/Sources/MLXIndexTTS2Core/GPTGenerator.swift /Users/runner/work/huamei-indexTTS/huamei-indexTTS/ios/Sources/MLXIndexTTS2Core/Ops.swift /Users/runner/work/huamei-indexTTS/huamei-indexTTS/ios/Sources/MLXIndexTTS2Core/OpsCPU.swift /Users/runner/work/huamei-indexTTS/huamei-indexTTS/ios/Sources/MLXIndexTTS2Core/S2MelInfer.swift /Users/runner/work/huamei-indexTTS/huamei-indexTTS/ios/Sources/MLXIndexTTS2Core/S2MelWeights.swift /Users/runner/work/huamei-indexTTS/huamei-indexTTS/ios/Sources/MLXIndexTTS2Core/IO/Safetensors.swift -primary-file /Users/runner/work/huamei-indexTTS/huamei-indexTTS/ios/Sources/MLXIndexTTS2Core/TTSPipeline.swift -primary-file /Users/runner/work/huamei-indexTTS/huamei-indexTTS/ios/Sources/MLXIndexTTS2Core/Text/TiktokenBPE.swift -primary-file /Users/runner/work/huamei-indexTTS/huamei-indexTTS/ios/Sources/MLXIndexTTS2Core/Voice/VoiceExtractor.swift -primary-file /Users/runner/work/huamei-indexTTS/huamei-indexTTS/ios/Sources/MLXIndexTTS2Core/Voice/Voiceprint.swift -primary-file /Users/runner/work/huamei-indexTTS/huamei-indexTTS/ios/Sources/MLXIndexTTS2Core/Voice/W2VBert.swift -supplementary-output-file-map /Users/runner/work/huamei-indexTTS/huamei-indexTTS/DerivedData/Build/Intermediates.noindex/HuameiIndexTTS.build/Debug-iphoneos/MLXIndexTTS2Core.build/Objects-normal/arm64/supplementaryOutputs-3 -target arm64-apple-ios17.0 -direct-clang-cc1-module-build -Xcc -cc1 -Xcc -fansi-escape-codes -Xcc -ferror-limit -Xcc 19 -Xcc -Wdeprecated-objc-isa-usage -Xcc -Werror\=deprecated-objc-isa-usage -Xcc -Werror\=implicit-function-declaration -Xcc -Wno-elaborated-enum-base -Xcc -Wno-error\=allocator-wrappers -Xcc -disable-free -Xcc -fno-pch-timestamp -Xcc -fsyntax-only -Xcc -x -Xcc objective-c -Xcc \<swift-imported-modules\> -Xcc -target-abi -Xcc darwinpcs -Xcc -target-cpu -Xcc apple-a12 -Xcc -target-feature -Xcc +v8.3a -Xcc -target-feature -Xcc +aes -Xcc -target-feature -Xcc +complxnum -Xcc -target-feature -Xcc +crc -Xcc -target-feature -Xcc +fp-armv8 -Xcc -target-feature -Xcc +fullfp16 -Xcc -target-feature -Xcc +jsconv -Xcc -target-feature -Xcc +lse -Xcc -target-feature -Xcc +neon -Xcc -target-feature -Xcc +pauth -Xcc -target-feature -Xcc +perfmon -Xcc -target-feature -Xcc +ras -Xcc -target-feature -Xcc +rcpc -Xcc -target-feature -Xcc +rdm -Xcc -target-feature -Xcc +sha2 -Xcc -triple -Xcc arm64-apple-ios26.5.0 -Xcc -target-linker-version -Xcc 1267 -Xcc -target-sdk-version\=26.5 -Xcc -fmodules-validate-system-headers -Xcc -fno-modulemap-allow-subdirectory-search -Xcc -isysroot -Xcc /Applications/Xcode_26.6.app/Contents/Developer/Platforms/iPhoneOS.platform/Developer/SDKs/iPhoneOS26.5.sdk -Xcc -resource-dir -Xcc /Applications/Xcode_26.6.app/Contents/Developer/Toolchains/XcodeDefault.xctoolchain/usr/lib/swift/clang -Xcc -fmodule-format\=obj -Xcc -fapinotes-swift-version\=5 -Xcc -std\=gnu11 -Xcc -fapinotes-modules -Xcc -fexceptions -Xcc -fskip-odr-check-in-gmf -Xcc -fmodules -Xcc -fno-implicit-modules -Xcc -fretain-comments-from-system-headers -Xcc -fobjc-exceptions -Xcc -fmax-type-align\=16 -Xcc -fstack-check -Xcc -fvisibility-inlines-hidden-static-local-var -Xcc -fmodule-feature -Xcc swift -Xcc -fno-odr-hash-protocols -Xcc -pic-level -Xcc 2 -Xcc -fencode-extended-block-signature -Xcc -stack-protector -Xcc 1 -Xcc -fobjc-runtime\=ios-26.5.0 -Xcc -fobjc-arc -Xcc -fobjc-runtime-has-weak -Xcc -fobjc-weak -Xcc -fgnuc-version\=4.2.1 -Xcc -fblocks -Xcc -fno-convergent-functions -Xcc -ffp-contract\=on -Xcc -fclang-abi-compat\=4.0 -Xcc -fno-experimental-relative-c++-abi-vtables -Xcc -fno-file-reproducible -Xcc -clang-vendor-feature\=+disableNonDependentMemberExprInCurrentInstantiation -Xcc -clang-vendor-feature\=+enableAggressiveVLAFolding -Xcc -clang-vendor-feature\=+revert09abecef7bbf -Xcc -clang-vendor-feature\=+thisNoAlignAttr -Xcc -clang-vendor-feature\=+thisNoNullAttr -Xcc -clang-vendor-feature\=+disableAtImportPrivateFrameworkInImplementationError -Xcc -O0 -Xcc -fno-assume-unique-vtables -Xcc -fcommon -Xcc -fdwarf2-cfi-asm -Xcc -fobjc-msgsend-selector-stubs -Xcc -fregister-global-dtors-with-atexit -Xcc -fno-strict-return -Xcc -debugger-tuning\=lldb -Xcc -disable-llvm-verifier -Xcc -funwind-tables\=1 -Xcc -enable-tlsdesc -Xcc -clear-ast-before-backend -Xcc -discard-value-names -Xcc -mframe-pointer\=non-leaf -Xcc -fno-loop-interchange -Xcc -save-temps\=obj -Xcc -fdiagnostics-hotness-threshold\=0 -Xcc -fdiagnostics-misexpect-tolerance\=0 -Xcc -D -Xcc __swift__\=51000 -Xcc -D -Xcc _ISO646_H_ -Xcc -D -Xcc __ISO646_H -Xcc -D -Xcc SWIFT_SDK_OVERLAY_APPKIT_EPOCH\=2 -Xcc -D -Xcc SWIFT_SDK_OVERLAY_FOUNDATION_EPOCH\=8 -Xcc -D -Xcc SWIFT_SDK_OVERLAY2_SCENEKIT_EPOCH\=3 -Xcc -D -Xcc SWIFT_SDK_OVERLAY_GAMEPLAYKIT_EPOCH\=1 -Xcc -D -Xcc SWIFT_SDK_OVERLAY_SPRITEKIT_EPOCH\=1 -Xcc -D -Xcc SWIFT_SDK_OVERLAY_COREIMAGE_EPOCH\=2 -Xcc -D -Xcc SWIFT_SDK_OVERLAY_DISPATCH_EPOCH\=2 -Xcc -D -Xcc SWIFT_SDK_OVERLAY_PTHREAD_EPOCH\=1 -Xcc -D -Xcc SWIFT_SDK_OVERLAY_COREGRAPHICS_EPOCH\=0 -Xcc -D -Xcc SWIFT_SDK_OVERLAY_UIKIT_EPOCH\=2 -Xcc -D -Xcc SWIFT_CLASS_EXTRA\= -Xcc -D -Xcc __SWIFT_ATTR_SUPPORTS_SENDABLE_DECLS\=1 -Xcc -D -Xcc __SWIFT_COMPILER_VERSION\=6003003001003 -Xcc -D -Xcc __SWIFT_ATTR_SUPPORTS_SENDING\=1 -Xcc -D -Xcc _LIBCPP_HARDENING_MODE\=_LIBCPP_HARDENING_MODE_DEBUG -Xcc -D -Xcc DEBUG\=1 -Xcc -fdefine-target-os-macros -load-resolved-plugin /Applications/Xcode_26.6.app/Contents/Developer/Platforms/iPhoneOS.platform/Developer/usr/lib/swift/host/plugins/libFoundationMacros.dylib\#/Applications/Xcode_26.6.app/Contents/Developer/Platforms/iPhoneOS.platform/Developer/usr/bin/swift-plugin-server\#FoundationMacros -load-resolved-plugin /Applications/Xcode_26.6.app/Contents/Developer/Platforms/iPhoneOS.platform/Developer/usr/lib/swift/host/plugins/libObservationMacros.dylib\#/Applications/Xcode_26.6.app/Contents/Developer/Platforms/iPhoneOS.platform/Developer/usr/bin/swift-plugin-server\#ObservationMacros -load-resolved-plugin /Applications/Xcode_26.6.app/Contents/Developer/Platforms/iPhoneOS.platform/Developer/usr/lib/swift/host/plugins/libSwiftMacros.dylib\#/Applications/Xcode_26.6.app/Contents/Developer/Platforms/iPhoneOS.platform/Developer/usr/bin/swift-plugin-server\#SwiftMacros -read-legacy-type-info-path\=/Applications/Xcode_26.6.app/Contents/Developer/Toolchains/XcodeDefault.xctoolchain/usr/lib/swift/iphoneos/layouts-arm64.yaml -clang-include-tree-filelist llvmcas://0bba23c126d7934b4cf03c22a94eb5accf8c1788f9551a3e4b0c6f0b80e4aa37 -disable-implicit-swift-modules -Xcc -fno-implicit-modules -Xcc -fno-implicit-module-maps -explicit-swift-module-map-file llvmcas://72bd5941c8d0bfcd120d4442ac52924fd08ff6f5e70f1ef15c7e4685da19191b -debug-module-path /Users/runner/work/huamei-indexTTS/huamei-indexTTS/DerivedData/Build/Intermediates.noindex/HuameiIndexTTS.build/Debug-iphoneos/MLXIndexTTS2Core.build/Objects-normal/arm64/MLXIndexTTS2Core.swiftmodule -Xllvm -aarch64-use-tbi -enable-objc-interop -stack-check -sdk /Applications/Xcode_26.6.app/Contents/Developer/Platforms/iPhoneOS.platform/Developer/SDKs/iPhoneOS26.5.sdk -I /Users/runner/work/huamei-indexTTS/huamei-indexTTS/DerivedData/Build/Products/Debug-iphoneos -F /Users/runner/work/huamei-indexTTS/huamei-indexTTS/DerivedData/Build/Products/Debug-iphoneos/PackageFrameworks -F /Users/runner/work/huamei-indexTTS/huamei-indexTTS/DerivedData/Build/Products/Debug-iphoneos/PackageFrameworks -F /Users/runner/work/huamei-indexTTS/huamei-indexTTS/DerivedData/Build/Products/Debug-iphoneos/PackageFrameworks -F /Users/runner/work/huamei-indexTTS/huamei-indexTTS/DerivedData/Build/Products/Debug-iphoneos/PackageFrameworks -F /Users/runner/work/huamei-indexTTS/huamei-indexTTS/DerivedData/Build/Products/Debug-iphoneos/PackageFrameworks -F /Users/runner/work/huamei-indexTTS/huamei-indexTTS/DerivedData/Build/Products/Debug-iphoneos/PackageFrameworks -F /Users/runner/work/huamei-indexTTS/huamei-indexTTS/DerivedData/Build/Products/Debug-iphoneos/PackageFrameworks -F /Users/runner/work/huamei-indexTTS/huamei-indexTTS/DerivedData/Build/Products/Debug-iphoneos/PackageFrameworks -F /Users/runner/work/huamei-indexTTS/huamei-indexTTS/DerivedData/Build/Products/Debug-iphoneos/PackageFrameworks -F /Users/runner/work/huamei-indexTTS/huamei-indexTTS/DerivedData/Build/Products/Debug-iphoneos/PackageFrameworks -F /Users/runner/work/huamei-indexTTS/huamei-indexTTS/DerivedData/Build/Products/Debug-iphoneos -no-color-diagnostics -enable-testing -g -debug-info-format\=dwarf -dwarf-version\=4 -module-cache-path /Users/runner/work/huamei-indexTTS/huamei-indexTTS/DerivedData/Build/Intermediates.noindex/SwiftExplicitPrecompiledModules -swift-version 5 -Onone -D DEBUG -serialize-debugging-options -const-gather-protocols-file /Users/runner/work/huamei-indexTTS/huamei-indexTTS/DerivedData/Build/Intermediates.noindex/HuameiIndexTTS.build/Debug-iphoneos/MLXIndexTTS2Core.build/Objects-normal/arm64/MLXIndexTTS2Core_const_extract_protocols.json -enable-experimental-feature DebugDescriptionMacro -enable-bare-slash-regex -empty-abi-descriptor -validate-clang-modules-once -clang-build-session-file /Users/runner/work/huamei-indexTTS/huamei-indexTTS/DerivedData/ModuleCache.noindex/Session.modulevalidation -enable-anonymous-context-mangled-names -file-compilation-dir /Users/runner/work/huamei-indexTTS/huamei-indexTTS/ios -cache-compile-job -cas-path /Users/runner/work/huamei-indexTTS/huamei-indexTTS/DerivedData/CompilationCache.noindex/builtin -auto-bridging-header-chaining -module-name MLXIndexTTS2Core -frontend-parseable-output -disable-clang-spi -clang-target arm64-apple-ios26.5 -target-sdk-version 26.5 -target-sdk-name iphoneos26.5 -in-process-plugin-server-path /Applications/Xcode_26.6.app/Contents/Developer/Toolchains/XcodeDefault.xctoolchain/usr/lib/swift/host/libSwiftInProcPluginServer.dylib -o /Users/runner/work/huamei-indexTTS/huamei-indexTTS/DerivedData/Build/Intermediates.noindex/HuameiIndexTTS.build/Debug-iphoneos/MLXIndexTTS2Core.build/Objects-normal/arm64/TTSPipeline.o -o /Users/runner/work/huamei-indexTTS/huamei-indexTTS/DerivedData/Build/Intermediates.noindex/HuameiIndexTTS.build/Debug-iphoneos/MLXIndexTTS2Core.build/Objects-normal/arm64/TiktokenBPE.o -o /Users/runner/work/huamei-indexTTS/huamei-indexTTS/DerivedData/Build/Intermediates.noindex/HuameiIndexTTS.build/Debug-iphoneos/MLXIndexTTS2Core.build/Objects-normal/arm64/VoiceExtractor.o -o /Users/runner/work/huamei-indexTTS/huamei-indexTTS/DerivedData/Build/Intermediates.noindex/HuameiIndexTTS.build/Debug-iphoneos/MLXIndexTTS2Core.build/Objects-normal/arm64/Voiceprint.o -o /Users/runner/work/huamei-indexTTS/huamei-indexTTS/DerivedData/Build/Intermediates.noindex/HuameiIndexTTS.build/Debug-iphoneos/MLXIndexTTS2Core.build/Objects-normal/arm64/W2VBert.o -index-unit-output-path /HuameiIndexTTS.build/Debug-iphoneos/MLXIndexTTS2Core.build/Objects-normal/arm64/TTSPipeline.o -index-unit-output-path /HuameiIndexTTS.build/Debug-iphoneos/MLXIndexTTS2Core.build/Objects-normal/arm64/TiktokenBPE.o -index-unit-output-path /HuameiIndexTTS.build/Debug-iphoneos/MLXIndexTTS2Core.build/Objects-normal/arm64/VoiceExtractor.o -index-unit-output-path /HuameiIndexTTS.build/Debug-iphoneos/MLXIndexTTS2Core.build/Objects-normal/arm64/Voiceprint.o -index-unit-output-path /HuameiIndexTTS.build/Debug-iphoneos/MLXIndexTTS2Core.build/Objects-normal/arm64/W2VBert.o
build	Build IPA	2026-09-05T03:14:22.8950760Z /Users/runner/work/huamei-indexTTS/huamei-indexTTS/ios/Sources/MLXIndexTTS2Core/TTSPipeline.swift:193:44: error: value of type 'MLXArray' has no member 'concatenated'
build	Build IPA	2026-09-05T03:14:22.8951670Z                 catMu = pb.promptCondition.concatenated([cond], axis: 1)
build	Build IPA	2026-09-05T03:14:22.8952530Z                         ~~~~~~~~~~~~~~~~~~ ^~~~~~~~~~~~
build	Build IPA	2026-09-05T03:14:22.8955130Z /Users/runner/work/huamei-indexTTS/huamei-indexTTS/ios/Sources/MLXIndexTTS2Core/TTSPipeline.swift:198:31: error: value of type 'MLXArray' has no member 'concatenated'
build	Build IPA	2026-09-05T03:14:22.8956260Z                 catMu = zeros.concatenated([cond], axis: 1)
build	Build IPA	2026-09-05T03:14:22.8956690Z                         ~~~~~ ^~~~~~~~~~~~
build	Build IPA	2026-09-05T03:14:22.8957560Z /Users/runner/work/huamei-indexTTS/huamei-indexTTS/ios/Sources/MLXIndexTTS2Core/Voice/VoiceExtractor.swift:137:51: error: value of type 'MLXArray' has no member 'squareRoot'
build	Build IPA	2026-09-05T03:14:22.8958900Z         let std = MLXArray(stats.1, [1, 1, 1024]).squareRoot()
build	Build IPA	2026-09-05T03:14:22.8959400Z                   ~~~~~~~~~~~~~~~~~~~~~~~~~~~~~~~ ^~~~~~~~~~
build	Build IPA	2026-09-05T03:14:22.8960220Z /Users/runner/work/huamei-indexTTS/huamei-indexTTS/ios/Sources/MLXIndexTTS2Core/Voice/VoiceExtractor.swift:150:22: warning: no calls to throwing functions occur within 'try' expression
build	Build IPA	2026-09-05T03:14:22.8961190Z         let prompt = try s2mel!.lengthRegulate(h, targetLen: P) // [1,P,512]
build	Build IPA	2026-09-05T03:14:22.8961730Z                      ^
build	Build IPA	2026-09-05T03:14:22.8962720Z /Users/runner/work/huamei-indexTTS/huamei-indexTTS/ios/Sources/MLXIndexTTS2Core/Voice/W2VBert.swift:175:39: error: value of type 'MLXArray' has no member 'astype'
build	Build IPA	2026-09-05T03:14:22.8963680Z         return MLXArray(rows, [T, T]).astype(.int32)
build	Build IPA	2026-09-05T03:14:22.8966050Z                ~~~~~~~~~~~~~~~~~~~~~~ ^~~~~~
build	Build IPA	2026-09-05T03:14:22.8966700Z /Users/runner/work/huamei-indexTTS/huamei-indexTTS/ios/Sources/MLXIndexTTS2Core/Voice/W2VBert.swift:175:47: error: cannot infer contextual base in reference to member 'int32'
build	Build IPA	2026-09-05T03:14:22.8967440Z         return MLXArray(rows, [T, T]).astype(.int32)
build	Build IPA	2026-09-05T03:14:22.8967790Z                                              ~^~~~~
build	Build IPA	2026-09-05T03:14:22.8969260Z /Users/runner/work/huamei-indexTTS/huamei-indexTTS/ios/Sources/MLXIndexTTS2Core/Voice/W2VBert.swift:188:13: warning: variable 'h' was never mutated; consider changing to 'let' constant
build	Build IPA	2026-09-05T03:14:22.8970870Z         var h = Ops.layerNorm(x, weight: b.convLNw, bias: b.convLNb)     // [B,T,D]
build	Build IPA	2026-09-05T03:14:22.8971360Z         ~~~ ^
build	Build IPA	2026-09-05T03:14:22.8971710Z         let
build	Build IPA	2026-09-05T03:14:22.9476090Z ** BUILD FAILED **
build	Build IPA	2026-09-05T03:14:22.9483460Z 
build	Build IPA	2026-09-05T03:14:23.1961120Z ##[error]Process completed with exit code 65.
build	Check for DerivedData	﻿2026-09-05T03:14:23.2143010Z ##[group]Run if [ -d DerivedData ]; then echo "exists=yes" >> $GITHUB_OUTPUT; fi
build	Check for DerivedData	2026-09-05T03:14:23.2145120Z [36;1mif [ -d DerivedData ]; then echo "exists=yes" >> $GITHUB_OUTPUT; fi[0m
build	Check for DerivedData	2026-09-05T03:14:23.4008460Z shell: /bin/bash -e {0}
build	Check for DerivedData	2026-09-05T03:14:23.4008870Z env:
build	Check for DerivedData	2026-09-05T03:14:23.4009170Z   MD_APPLE_SDK_ROOT: /Applications/Xcode_26.6.app
build	Check for DerivedData	2026-09-05T03:14:23.4009470Z ##[endgroup]
build	Save DerivedData cache	﻿2026-09-05T03:14:23.4853060Z ##[group]Run actions/cache/save@v6
build	Save DerivedData cache	2026-09-05T03:14:23.4853590Z with:
build	Save DerivedData cache	2026-09-05T03:14:23.4853920Z   path: DerivedData
build	Save DerivedData cache	2026-09-05T03:14:23.4854190Z   key: deriveddata-33941232338
build	Save DerivedData cache	2026-09-05T03:14:23.4854510Z   enableCrossOsArchive: false
build	Save DerivedData cache	2026-09-05T03:14:23.4855170Z env:
build	Save DerivedData cache	2026-09-05T03:14:23.4855360Z   MD_APPLE_SDK_ROOT: /Applications/Xcode_26.6.app
build	Save DerivedData cache	2026-09-05T03:14:23.4855940Z ##[endgroup]
build	Save DerivedData cache	2026-09-05T03:14:24.0703540Z [command]/opt/homebrew/bin/gtar --posix -cf cache.tzst --exclude cache.tzst -P -C /Users/runner/work/huamei-indexTTS/huamei-indexTTS --files-from manifest.txt --delay-directory-restore --use-compress-program zstdmt
build	Save DerivedData cache	2026-09-05T03:14:49.1269630Z Sent 0 of 418311350 (0.0%), 0.0 MBs/sec
build	Save DerivedData cache	2026-09-05T03:14:50.1297380Z Sent 15658166 of 418311350 (3.7%), 7.5 MBs/sec
build	Save DerivedData cache	2026-09-05T03:14:51.1257300Z Sent 15658166 of 418311350 (3.7%), 5.0 MBs/sec
build	Save DerivedData cache	2026-09-05T03:14:51.8378310Z Sent 418311350 of 418311350 (100.0%), 107.3 MBs/sec
build	Save DerivedData cache	2026-09-05T03:14:52.1264910Z Cache saved with key: deriveddata-33941232338
build	Build summary	﻿2026-09-05T03:14:52.1671520Z ##[group]Run echo "## Build Summary" >> $GITHUB_STEP_SUMMARY
build	Build summary	2026-09-05T03:14:52.1673590Z [36;1mecho "## Build Summary" >> $GITHUB_STEP_SUMMARY[0m
build	Build summary	2026-09-05T03:14:52.1674200Z [36;1mecho "" >> $GITHUB_STEP_SUMMARY[0m
build	Build summary	2026-09-05T03:14:52.1674560Z [36;1mecho "- **Build ID:** huamei-0905-11125" >> $GITHUB_STEP_SUMMARY[0m
build	Build summary	2026-09-05T03:14:52.1675100Z [36;1mecho "- **Status:** failure" >> $GITHUB_STEP_SUMMARY[0m
build	Build summary	2026-09-05T03:14:52.1676330Z [36;1mecho "- **Configuration:** $CONFIGURATION" >> $GITHUB_STEP_SUMMARY[0m
build	Build summary	2026-09-05T03:14:52.1676860Z [36;1mecho "- **DerivedData Cache:** Miss" >> $GITHUB_STEP_SUMMARY[0m
build	Build summary	2026-09-05T03:14:52.1677430Z [36;1mecho "- **Pods Cache:** Miss" >> $GITHUB_STEP_SUMMARY[0m
build	Build summary	2026-09-05T03:14:52.1678170Z [36;1mecho "- **Node Modules Cache:** N/A" >> $GITHUB_STEP_SUMMARY[0m
build	Build summary	2026-09-05T03:14:52.1678600Z [36;1mif [ "$USE_SIGNING" = "true" ]; then[0m
build	Build summary	2026-09-05T03:14:52.1679070Z [36;1m  echo "- **Signing:** Signed (development)" >> $GITHUB_STEP_SUMMARY[0m
build	Build summary	2026-09-05T03:14:52.1679770Z [36;1melse[0m
build	Build summary	2026-09-05T03:14:52.1680640Z [36;1m  echo "- **Signing:** Unsigned (sign locally with AltStore/Sideloadly)" >> $GITHUB_STEP_SUMMARY[0m
build	Build summary	2026-09-05T03:14:52.1681120Z [36;1mfi[0m
build	Build summary	2026-09-05T03:14:52.1681520Z [36;1mif [ -f build/*.ipa ]; then[0m
build	Build summary	2026-09-05T03:14:52.1682160Z [36;1m  IPA_PATH=$(find build -name "*.ipa" -type f | head -1)[0m
build	Build summary	2026-09-05T03:14:52.1682760Z [36;1m  echo "- **IPA Size:** $(ls -lh "$IPA_PATH" | awk '{print $5}')" >> $GITHUB_STEP_SUMMARY[0m
build	Build summary	2026-09-05T03:14:52.1683300Z [36;1mfi[0m
build	Build summary	2026-09-05T03:14:52.1757970Z shell: /bin/bash -e {0}
build	Build summary	2026-09-05T03:14:52.1758410Z env:
build	Build summary	2026-09-05T03:14:52.1758830Z   MD_APPLE_SDK_ROOT: /Applications/Xcode_26.6.app
build	Build summary	2026-09-05T03:14:52.1759150Z   USE_SIGNING: false
build	Build summary	2026-09-05T03:14:52.1759810Z   CONFIGURATION: Debug
build	Build summary	2026-09-05T03:14:52.1760100Z ##[endgroup]
build	Post Checkout repository	﻿2026-09-05T03:14:52.2911560Z Post job cleanup.
build	Post Checkout repository	2026-09-05T03:14:52.4783670Z [command]/opt/homebrew/bin/git version
build	Post Checkout repository	2026-09-05T03:14:52.5361680Z git version 2.55.0
build	Post Checkout repository	2026-09-05T03:14:52.5380670Z Copying '/Users/runner/.gitconfig' to '/Users/runner/work/_temp/912db899-1f10-43f0-98e3-84531d1d9f9f/.gitconfig'
build	Post Checkout repository	2026-09-05T03:14:52.5383190Z Temporarily overriding HOME='/Users/runner/work/_temp/912db899-1f10-43f0-98e3-84531d1d9f9f' before making global git config changes
build	Post Checkout repository	2026-09-05T03:14:52.5386340Z Adding repository directory to the temporary git global config as a safe directory
build	Post Checkout repository	2026-09-05T03:14:52.5387140Z [command]/opt/homebrew/bin/git config --global --add safe.directory /Users/runner/work/huamei-indexTTS/huamei-indexTTS
build	Post Checkout repository	2026-09-05T03:14:52.5638840Z Removing SSH command configuration
build	Post Checkout repository	2026-09-05T03:14:52.5737830Z [command]/opt/homebrew/bin/git config --local --name-only --get-regexp core\.sshCommand
build	Post Checkout repository	2026-09-05T03:14:52.5776570Z [command]/opt/homebrew/bin/git submodule foreach --recursive sh -c "git config --local --name-only --get-regexp 'core\.sshCommand' && git config --local --unset-all 'core.sshCommand' || :"
build	Post Checkout repository	2026-09-05T03:14:52.7603730Z Removing HTTP extra header
build	Post Checkout repository	2026-09-05T03:14:52.7611710Z [command]/opt/homebrew/bin/git config --local --name-only --get-regexp http\.https\:\/\/github\.com\/\.extraheader
build	Post Checkout repository	2026-09-05T03:14:52.7705990Z [command]/opt/homebrew/bin/git submodule foreach --recursive sh -c "git config --local --name-only --get-regexp 'http\.https\:\/\/github\.com\/\.extraheader' && git config --local --unset-all 'http.https://github.com/.extraheader' || :"
build	Post Checkout repository	2026-09-05T03:14:52.8786580Z Removing includeIf entries pointing to credentials config files
build	Post Checkout repository	2026-09-05T03:14:52.8792170Z [command]/opt/homebrew/bin/git config --local --name-only --get-regexp ^includeIf\.gitdir:
build	Post Checkout repository	2026-09-05T03:14:52.8878450Z includeif.gitdir:/Users/runner/work/huamei-indexTTS/huamei-indexTTS/.git.path
build	Post Checkout repository	2026-09-05T03:14:52.8879500Z includeif.gitdir:/Users/runner/work/huamei-indexTTS/huamei-indexTTS/.git/worktrees/*.path
build	Post Checkout repository	2026-09-05T03:14:52.8880040Z includeif.gitdir:/github/workspace/.git.path
build	Post Checkout repository	2026-09-05T03:14:52.8880390Z includeif.gitdir:/github/workspace/.git/worktrees/*.path
build	Post Checkout repository	2026-09-05T03:14:52.8885100Z [command]/opt/homebrew/bin/git config --local --get-all includeif.gitdir:/Users/runner/work/huamei-indexTTS/huamei-indexTTS/.git.path
build	Post Checkout repository	2026-09-05T03:14:52.8974530Z /Users/runner/work/_temp/git-credentials-f74e44c7-08c3-4147-a30d-dea210c8a102.config
build	Post Checkout repository	2026-09-05T03:14:52.8993730Z [command]/opt/homebrew/bin/git config --local --unset includeif.gitdir:/Users/runner/work/huamei-indexTTS/huamei-indexTTS/.git.path \/Users\/runner\/work\/_temp\/git\-credentials\-f74e44c7\-08c3\-4147\-a30d\-dea210c8a102\.config
build	Post Checkout repository	2026-09-05T03:14:52.9079810Z [command]/opt/homebrew/bin/git config --local --get-all includeif.gitdir:/Users/runner/work/huamei-indexTTS/huamei-indexTTS/.git/worktrees/*.path
build	Post Checkout repository	2026-09-05T03:14:52.9158250Z /Users/runner/work/_temp/git-credentials-f74e44c7-08c3-4147-a30d-dea210c8a102.config
build	Post Checkout repository	2026-09-05T03:14:52.9172220Z [command]/opt/homebrew/bin/git config --local --unset includeif.gitdir:/Users/runner/work/huamei-indexTTS/huamei-indexTTS/.git/worktrees/*.path \/Users\/runner\/work\/_temp\/git\-credentials\-f74e44c7\-08c3\-4147\-a30d\-dea210c8a102\.config
build	Post Checkout repository	2026-09-05T03:14:52.9264490Z [command]/opt/homebrew/bin/git config --local --get-all includeif.gitdir:/github/workspace/.git.path
build	Post Checkout repository	2026-09-05T03:14:52.9347890Z /github/runner_temp/git-credentials-f74e44c7-08c3-4147-a30d-dea210c8a102.config
build	Post Checkout repository	2026-09-05T03:14:52.9359850Z [command]/opt/homebrew/bin/git config --local --unset includeif.gitdir:/github/workspace/.git.path \/github\/runner_temp\/git\-credentials\-f74e44c7\-08c3\-4147\-a30d\-dea210c8a102\.config
build	Post Checkout repository	2026-09-05T03:14:52.9452200Z [command]/opt/homebrew/bin/git config --local --get-all includeif.gitdir:/github/workspace/.git/worktrees/*.path
build	Post Checkout repository	2026-09-05T03:14:52.9523880Z /github/runner_temp/git-credentials-f74e44c7-08c3-4147-a30d-dea210c8a102.config
build	Post Checkout repository	2026-09-05T03:14:52.9530090Z [command]/opt/homebrew/bin/git config --local --unset includeif.gitdir:/github/workspace/.git/worktrees/*.path \/github\/runner_temp\/git\-credentials\-f74e44c7\-08c3\-4147\-a30d\-dea210c8a102\.config
build	Post Checkout repository	2026-09-05T03:14:52.9612570Z [command]/opt/homebrew/bin/git submodule foreach --recursive git config --local --show-origin --name-only --get-regexp remote.origin.url
build	Post Checkout repository	2026-09-05T03:14:53.1425410Z Removing credentials config '/Users/runner/work/_temp/git-credentials-f74e44c7-08c3-4147-a30d-dea210c8a102.config'
build	Complete job	﻿2026-09-05T03:14:53.1940030Z Cleaning up orphan processes
