build	Build IPA	﻿2026-09-05T03:35:09.8242160Z ##[group]Run set -e
build	Build IPA	2026-09-05T03:35:09.8243530Z [36;1mset -e[0m
build	Build IPA	2026-09-05T03:35:09.8243890Z [36;1m[0m
build	Build IPA	2026-09-05T03:35:09.8244200Z [36;1m# Navigate to iOS project[0m
build	Build IPA	2026-09-05T03:35:09.8244890Z [36;1mcd "$IOS_PATH"[0m
build	Build IPA	2026-09-05T03:35:09.8245270Z [36;1m[0m
build	Build IPA	2026-09-05T03:35:09.8245760Z [36;1m# Find workspace or project[0m
build	Build IPA	2026-09-05T03:35:09.8252650Z [36;1m# 本仓库为 SwiftPM + XcodeGen（无 .xcodeproj 入库）：CI 的 find 探测[0m
build	Build IPA	2026-09-05T03:35:09.8253470Z [36;1m# 在 macOS runner 上行为不可靠，这里直接强制生成并写死工程绝对路径。[0m
build	Build IPA	2026-09-05T03:35:09.8254320Z [36;1mcommand -v xcodegen >/dev/null 2>&1 || brew install xcodegen[0m
build	Build IPA	2026-09-05T03:35:09.8255060Z [36;1mecho "Regenerating project with xcodegen (deterministic)..."[0m
build	Build IPA	2026-09-05T03:35:09.8256090Z [36;1mxcodegen generate[0m
build	Build IPA	2026-09-05T03:35:09.8257350Z [36;1mWORKSPACE=""[0m
build	Build IPA	2026-09-05T03:35:09.8257970Z [36;1mPROJECT="$(pwd)/HuameiIndexTTS.xcodeproj"[0m
build	Build IPA	2026-09-05T03:35:09.8259210Z [36;1mecho "Using project: $PROJECT"[0m
build	Build IPA	2026-09-05T03:35:09.8259560Z [36;1m[0m
build	Build IPA	2026-09-05T03:35:09.8260240Z [36;1m# Install pods if Podfile exists (always run to ensure sync with Podfile.lock)[0m
build	Build IPA	2026-09-05T03:35:09.8260800Z [36;1mif [ -f "Podfile" ]; then[0m
build	Build IPA	2026-09-05T03:35:09.8261180Z [36;1m  echo "Running pod install..."[0m
build	Build IPA	2026-09-05T03:35:09.8261640Z [36;1m  pod install[0m
build	Build IPA	2026-09-05T03:35:09.8262870Z [36;1m  WORKSPACE=$(find . -maxdepth 1 -name "*.xcworkspace" | head -1)[0m
build	Build IPA	2026-09-05T03:35:09.8263250Z [36;1mfi[0m
build	Build IPA	2026-09-05T03:35:09.8263460Z [36;1m[0m
build	Build IPA	2026-09-05T03:35:09.8263830Z [36;1m# Determine scheme (only needed for native projects)[0m
build	Build IPA	2026-09-05T03:35:09.8264660Z [36;1mif [ -z "$SCHEME" ] && [ "$PROJECT_TYPE" = "native" ]; then[0m
build	Build IPA	2026-09-05T03:35:09.8265050Z [36;1m  if [ -n "$WORKSPACE" ]; then[0m
build	Build IPA	2026-09-05T03:35:09.8265470Z [36;1m    TARGET_FLAG=-workspace[0m
build	Build IPA	2026-09-05T03:35:09.8265790Z [36;1m    TARGET_PATH=$WORKSPACE[0m
build	Build IPA	2026-09-05T03:35:09.8266310Z [36;1m    BASE=$(basename "$WORKSPACE" .xcworkspace)[0m
build	Build IPA	2026-09-05T03:35:09.8267010Z [36;1m  else[0m
build	Build IPA	2026-09-05T03:35:09.8267800Z [36;1m    TARGET_FLAG=-project[0m
build	Build IPA	2026-09-05T03:35:09.8268170Z [36;1m    TARGET_PATH=$PROJECT[0m
build	Build IPA	2026-09-05T03:35:09.8268680Z [36;1m    BASE=$(basename "$PROJECT" .xcodeproj)[0m
build	Build IPA	2026-09-05T03:35:09.8269140Z [36;1m  fi[0m
build	Build IPA	2026-09-05T03:35:09.8269740Z [36;1m[0m
build	Build IPA	2026-09-05T03:35:09.8270560Z [36;1m  SCHEMES=$(xcodebuild "$TARGET_FLAG" "$TARGET_PATH" -list -json 2>/dev/null | jq -r '(.workspace // .project).schemes[]?' || true)[0m
build	Build IPA	2026-09-05T03:35:09.8271380Z [36;1m  if [ -z "$SCHEMES" ]; then[0m
build	Build IPA	2026-09-05T03:35:09.8272140Z [36;1m    SCHEMES=$(xcodebuild "$TARGET_FLAG" "$TARGET_PATH" -list 2>/dev/null | sed -n '/Schemes:/,$p' | tail -n +2 | sed 's/^[[:space:]]*//' | sed '/^$/d' || true)[0m
build	Build IPA	2026-09-05T03:35:09.8272920Z [36;1m  fi[0m
build	Build IPA	2026-09-05T03:35:09.8273120Z [36;1m  echo "Schemes:"[0m
build	Build IPA	2026-09-05T03:35:09.8273350Z [36;1m  printf '%s\n' "$SCHEMES" | sed 's/^/  /'[0m
build	Build IPA	2026-09-05T03:35:09.8274120Z [36;1m[0m
build	Build IPA	2026-09-05T03:35:09.8274800Z [36;1m  # In a workspace, the scheme list also holds package and pod[0m
build	Build IPA	2026-09-05T03:35:09.8276210Z [36;1m  # schemes, and they sort ahead of the app as often as not. The[0m
build	Build IPA	2026-09-05T03:35:09.8276900Z [36;1m  # scheme named after the project is the app in nearly every repo.[0m
build	Build IPA	2026-09-05T03:35:09.8278080Z [36;1m  SCHEME=$(printf '%s\n' "$SCHEMES" | grep -Fx "$BASE" | head -1 || true)[0m
build	Build IPA	2026-09-05T03:35:09.8278780Z [36;1m  if [ -z "$SCHEME" ]; then[0m
build	Build IPA	2026-09-05T03:35:09.8279510Z [36;1m    SCHEME=$(printf '%s\n' "$SCHEMES" | grep -v '^Pods-' | while IFS= read -r s; do[0m
build	Build IPA	2026-09-05T03:35:09.8280100Z [36;1m      [ -n "$s" ] || continue[0m
build	Build IPA	2026-09-05T03:35:09.8281320Z [36;1m      # A scheme that belongs to a local Swift package is not the app.[0m
build	Build IPA	2026-09-05T03:35:09.8282730Z [36;1m      [ -z "$(find . -maxdepth 4 -path "*/$s/Package.swift" -print -quit)" ] || continue[0m
build	Build IPA	2026-09-05T03:35:09.8283730Z [36;1m      printf '%s\n' "$s"[0m
build	Build IPA	2026-09-05T03:35:09.8284030Z [36;1m      break[0m
build	Build IPA	2026-09-05T03:35:09.8285110Z [36;1m    done)[0m
build	Build IPA	2026-09-05T03:35:09.8285340Z [36;1m  fi[0m
build	Build IPA	2026-09-05T03:35:09.8285800Z [36;1m  echo "Building with scheme: $SCHEME (configuration: $CONFIGURATION)"[0m
build	Build IPA	2026-09-05T03:35:09.8286500Z [36;1mfi[0m
build	Build IPA	2026-09-05T03:35:09.8286730Z [36;1m[0m
build	Build IPA	2026-09-05T03:35:09.8287160Z [36;1mif [ "$PROJECT_TYPE" = "native" ]; then[0m
build	Build IPA	2026-09-05T03:35:09.8287540Z [36;1m  if [ -z "$WORKSPACE" ] && [ -z "$PROJECT" ]; then[0m
build	Build IPA	2026-09-05T03:35:09.8288710Z [36;1m    echo "::error::No .xcworkspace or .xcodeproj found in '$IOS_PATH'. If the project is generated (XcodeGen/Tuist), commit it or add a generation step."[0m
build	Build IPA	2026-09-05T03:35:09.8290240Z [36;1m    exit 1[0m
build	Build IPA	2026-09-05T03:35:09.8290640Z [36;1m  fi[0m
build	Build IPA	2026-09-05T03:35:09.8290840Z [36;1m  if [ -z "$SCHEME" ]; then[0m
build	Build IPA	2026-09-05T03:35:09.8291630Z [36;1m    echo "::error::Could not determine a scheme. Pass one via the 'scheme' input, or make sure the project has a shared scheme."[0m
build	Build IPA	2026-09-05T03:35:09.8292410Z [36;1m    exit 1[0m
build	Build IPA	2026-09-05T03:35:09.8292630Z [36;1m  fi[0m
build	Build IPA	2026-09-05T03:35:09.8292980Z [36;1mfi[0m
build	Build IPA	2026-09-05T03:35:09.8293260Z [36;1m[0m
build	Build IPA	2026-09-05T03:35:09.8293530Z [36;1m# Use custom DerivedData path for caching[0m
build	Build IPA	2026-09-05T03:35:09.8294190Z [36;1mDERIVED_DATA_PATH="${GITHUB_WORKSPACE}/DerivedData"[0m
build	Build IPA	2026-09-05T03:35:09.8294490Z [36;1m[0m
build	Build IPA	2026-09-05T03:35:09.8294790Z [36;1mif [ "$PROJECT_TYPE" = "flutter" ]; then[0m
build	Build IPA	2026-09-05T03:35:09.8295130Z [36;1m  cd "$GITHUB_WORKSPACE"[0m
build	Build IPA	2026-09-05T03:35:09.8295420Z [36;1m  if [ "$CONFIGURATION" = "Debug" ]; then[0m
build	Build IPA	2026-09-05T03:35:09.8295870Z [36;1m    echo "Building Flutter iOS Debug..."[0m
build	Build IPA	2026-09-05T03:35:09.8296210Z [36;1m    flutter build ios --debug --no-codesign[0m
build	Build IPA	2026-09-05T03:35:09.8296590Z [36;1m  else[0m
build	Build IPA	2026-09-05T03:35:09.8296840Z [36;1m    echo "Building Flutter iOS Release..."[0m
build	Build IPA	2026-09-05T03:35:09.8297280Z [36;1m    flutter build ios --release --no-codesign[0m
build	Build IPA	2026-09-05T03:35:09.8297570Z [36;1m  fi[0m
build	Build IPA	2026-09-05T03:35:09.8297740Z [36;1m  cd "$IOS_PATH"[0m
build	Build IPA	2026-09-05T03:35:09.8298020Z [36;1m[0m
build	Build IPA	2026-09-05T03:35:09.8298260Z [36;1m  if [ "$USE_SIGNING" = "true" ]; then[0m
build	Build IPA	2026-09-05T03:35:09.8298750Z [36;1m    # 'flutter build ios' never signs, so archive the Runner project it[0m
build	Build IPA	2026-09-05T03:35:09.8299210Z [36;1m    # generated. The IPA step below exports build/App.xcarchive[0m
build	Build IPA	2026-09-05T03:35:09.8299640Z [36;1m    # whenever signing is on.[0m
build	Build IPA	2026-09-05T03:35:09.8299920Z [36;1m    ARCHIVE_CMD="xcodebuild"[0m
build	Build IPA	2026-09-05T03:35:09.8300290Z [36;1m    if [ -n "$WORKSPACE" ]; then[0m
build	Build IPA	2026-09-05T03:35:09.8300620Z [36;1m      ARCHIVE_CMD="$ARCHIVE_CMD -workspace '$WORKSPACE'"[0m
build	Build IPA	2026-09-05T03:35:09.8300910Z [36;1m    elif [ -n "$PROJECT" ]; then[0m
build	Build IPA	2026-09-05T03:35:09.8301340Z [36;1m      ARCHIVE_CMD="$ARCHIVE_CMD -project '$PROJECT'"[0m
build	Build IPA	2026-09-05T03:35:09.8301640Z [36;1m    else[0m
build	Build IPA	2026-09-05T03:35:09.8302160Z [36;1m      echo "::error::Signing requested but no Runner workspace/project found in '$IOS_PATH'."[0m
build	Build IPA	2026-09-05T03:35:09.8302670Z [36;1m      exit 1[0m
build	Build IPA	2026-09-05T03:35:09.8302890Z [36;1m    fi[0m
build	Build IPA	2026-09-05T03:35:09.8303470Z [36;1m[0m
build	Build IPA	2026-09-05T03:35:09.8303820Z [36;1m    ARCHIVE_CMD="$ARCHIVE_CMD -scheme '${SCHEME:-Runner}'"[0m
build	Build IPA	2026-09-05T03:35:09.8304240Z [36;1m    ARCHIVE_CMD="$ARCHIVE_CMD -configuration '$CONFIGURATION'"[0m
build	Build IPA	2026-09-05T03:35:09.8304760Z [36;1m    ARCHIVE_CMD="$ARCHIVE_CMD -destination 'generic/platform=iOS'"[0m
build	Build IPA	2026-09-05T03:35:09.8318190Z [36;1m    ARCHIVE_CMD="$ARCHIVE_CMD -derivedDataPath '$DERIVED_DATA_PATH'"[0m
build	Build IPA	2026-09-05T03:35:09.8318780Z [36;1m    ARCHIVE_CMD="$ARCHIVE_CMD COMPILER_INDEX_STORE_ENABLE=NO"[0m
build	Build IPA	2026-09-05T03:35:09.8319320Z [36;1m    ARCHIVE_CMD="$ARCHIVE_CMD DEVELOPMENT_TEAM='$DEVELOPMENT_TEAM'"[0m
build	Build IPA	2026-09-05T03:35:09.8319750Z [36;1m    ARCHIVE_CMD="$ARCHIVE_CMD CODE_SIGN_STYLE=Manual"[0m
build	Build IPA	2026-09-05T03:35:09.8320330Z [36;1m    ARCHIVE_CMD="$ARCHIVE_CMD PROVISIONING_PROFILE_SPECIFIER='$PROVISIONING_PROFILE_NAME'"[0m
build	Build IPA	2026-09-05T03:35:09.8320910Z [36;1m    ARCHIVE_CMD="$ARCHIVE_CMD -quiet"[0m
build	Build IPA	2026-09-05T03:35:09.8321990Z [36;1m    ARCHIVE_CMD="$ARCHIVE_CMD -archivePath '$GITHUB_WORKSPACE/build/App.xcarchive' archive"[0m
build	Build IPA	2026-09-05T03:35:09.8322480Z [36;1m[0m
build	Build IPA	2026-09-05T03:35:09.8322690Z [36;1m    echo "Running: $ARCHIVE_CMD"[0m
build	Build IPA	2026-09-05T03:35:09.8322930Z [36;1m    eval $ARCHIVE_CMD[0m
build	Build IPA	2026-09-05T03:35:09.8323320Z [36;1m  fi[0m
build	Build IPA	2026-09-05T03:35:09.8323760Z [36;1melif [ "$PROJECT_TYPE" = "reactnative" ] || [ "$PROJECT_TYPE" = "expo" ] || [ "$PROJECT_TYPE" = "kmp" ]; then[0m
build	Build IPA	2026-09-05T03:35:09.8324530Z [36;1m  # Use xcodebuild directly for React Native/Expo and Kotlin Multiplatform.[0m
build	Build IPA	2026-09-05T03:35:09.8325130Z [36;1m  # For KMP, the Xcode build phase (or CocoaPods) invokes Gradle to[0m
build	Build IPA	2026-09-05T03:35:09.8325620Z [36;1m  # compile the shared Kotlin framework, so the JDK must be on PATH.[0m
build	Build IPA	2026-09-05T03:35:09.8326120Z [36;1m  if [ "$PROJECT_TYPE" = "kmp" ]; then[0m
build	Build IPA	2026-09-05T03:35:09.8326530Z [36;1m    echo "Building Kotlin Multiplatform iOS ($CONFIGURATION)..."[0m
build	Build IPA	2026-09-05T03:35:09.8327310Z [36;1m    if [ -f "${GITHUB_WORKSPACE}/gradlew" ]; then[0m
build	Build IPA	2026-09-05T03:35:09.8327800Z [36;1m      chmod +x "${GITHUB_WORKSPACE}/gradlew"[0m
build	Build IPA	2026-09-05T03:35:09.8328110Z [36;1m    fi[0m
build	Build IPA	2026-09-05T03:35:09.8328290Z [36;1m  else[0m
build	Build IPA	2026-09-05T03:35:09.8328520Z [36;1m    echo "Building React Native iOS ($CONFIGURATION)..."[0m
build	Build IPA	2026-09-05T03:35:09.8329030Z [36;1m  fi[0m
build	Build IPA	2026-09-05T03:35:09.8329310Z [36;1m  BUILD_CMD="xcodebuild"[0m
build	Build IPA	2026-09-05T03:35:09.8329580Z [36;1m  if [ -n "$WORKSPACE" ]; then[0m
build	Build IPA	2026-09-05T03:35:09.8329900Z [36;1m    BUILD_CMD="$BUILD_CMD -workspace $WORKSPACE"[0m
build	Build IPA	2026-09-05T03:35:09.8330180Z [36;1m  elif [ -n "$PROJECT" ]; then[0m
build	Build IPA	2026-09-05T03:35:09.8330420Z [36;1m    BUILD_CMD="$BUILD_CMD -project $PROJECT"[0m
build	Build IPA	2026-09-05T03:35:09.8330660Z [36;1m  fi[0m
build	Build IPA	2026-09-05T03:35:09.8330830Z [36;1m[0m
build	Build IPA	2026-09-05T03:35:09.8331180Z [36;1m  # Auto-detect scheme from workspace/project name (e.g., MyApp.xcworkspace -> MyApp)[0m
build	Build IPA	2026-09-05T03:35:09.8331600Z [36;1m  # unless an explicit scheme was provided.[0m
build	Build IPA	2026-09-05T03:35:09.8331870Z [36;1m  if [ -z "$SCHEME" ]; then[0m
build	Build IPA	2026-09-05T03:35:09.8332110Z [36;1m    if [ -n "$WORKSPACE" ]; then[0m
build	Build IPA	2026-09-05T03:35:09.8332400Z [36;1m      SCHEME=$(basename "$WORKSPACE" .xcworkspace)[0m
build	Build IPA	2026-09-05T03:35:09.8332680Z [36;1m    elif [ -n "$PROJECT" ]; then[0m
build	Build IPA	2026-09-05T03:35:09.8332940Z [36;1m      SCHEME=$(basename "$PROJECT" .xcodeproj)[0m
build	Build IPA	2026-09-05T03:35:09.8333170Z [36;1m    fi[0m
build	Build IPA	2026-09-05T03:35:09.8333310Z [36;1m  fi[0m
build	Build IPA	2026-09-05T03:35:09.8333460Z [36;1m[0m
build	Build IPA	2026-09-05T03:35:09.8333680Z [36;1m  BUILD_CMD="$BUILD_CMD -scheme '$SCHEME'"[0m
build	Build IPA	2026-09-05T03:35:09.8334000Z [36;1m  BUILD_CMD="$BUILD_CMD -configuration '$CONFIGURATION'"[0m
build	Build IPA	2026-09-05T03:35:09.8334390Z [36;1m  BUILD_CMD="$BUILD_CMD -destination 'generic/platform=iOS'"[0m
build	Build IPA	2026-09-05T03:35:09.8334820Z [36;1m  BUILD_CMD="$BUILD_CMD -derivedDataPath '$DERIVED_DATA_PATH'"[0m
build	Build IPA	2026-09-05T03:35:09.8335170Z [36;1m  BUILD_CMD="$BUILD_CMD COMPILER_INDEX_STORE_ENABLE=NO"[0m
build	Build IPA	2026-09-05T03:35:09.8335680Z [36;1m  BUILD_CMD="$BUILD_CMD -quiet"[0m
build	Build IPA	2026-09-05T03:35:09.8335880Z [36;1m[0m
build	Build IPA	2026-09-05T03:35:09.8336050Z [36;1m  if [ "$USE_SIGNING" = "true" ]; then[0m
build	Build IPA	2026-09-05T03:35:09.8336350Z [36;1m    # Must archive, not build: the IPA step below exports[0m
build	Build IPA	2026-09-05T03:35:09.8336670Z [36;1m    # build/App.xcarchive whenever signing is on.[0m
build	Build IPA	2026-09-05T03:35:09.8337000Z [36;1m    BUILD_CMD="$BUILD_CMD DEVELOPMENT_TEAM='$DEVELOPMENT_TEAM'"[0m
build	Build IPA	2026-09-05T03:35:09.8337320Z [36;1m    BUILD_CMD="$BUILD_CMD CODE_SIGN_STYLE=Manual"[0m
build	Build IPA	2026-09-05T03:35:09.8337700Z [36;1m    BUILD_CMD="$BUILD_CMD PROVISIONING_PROFILE_SPECIFIER='$PROVISIONING_PROFILE_NAME'"[0m
build	Build IPA	2026-09-05T03:35:09.8338390Z [36;1m    BUILD_CMD="$BUILD_CMD -archivePath '$GITHUB_WORKSPACE/build/App.xcarchive' archive"[0m
build	Build IPA	2026-09-05T03:35:09.8338730Z [36;1m  else[0m
build	Build IPA	2026-09-05T03:35:09.8338940Z [36;1m    BUILD_CMD="$BUILD_CMD CODE_SIGNING_ALLOWED=NO build"[0m
build	Build IPA	2026-09-05T03:35:09.8339360Z [36;1m  fi[0m
build	Build IPA	2026-09-05T03:35:09.8339510Z [36;1m[0m
build	Build IPA	2026-09-05T03:35:09.8339660Z [36;1m  echo "Running: $BUILD_CMD"[0m
build	Build IPA	2026-09-05T03:35:09.8339870Z [36;1m  eval $BUILD_CMD[0m
build	Build IPA	2026-09-05T03:35:09.8340040Z [36;1melse[0m
build	Build IPA	2026-09-05T03:35:09.8340280Z [36;1m  BUILD_CMD="xcodebuild"[0m
build	Build IPA	2026-09-05T03:35:09.8340530Z [36;1m  if [ -n "$WORKSPACE" ]; then[0m
build	Build IPA	2026-09-05T03:35:09.8340790Z [36;1m    BUILD_CMD="$BUILD_CMD -workspace $WORKSPACE"[0m
build	Build IPA	2026-09-05T03:35:09.8341050Z [36;1m  elif [ -n "$PROJECT" ]; then[0m
build	Build IPA	2026-09-05T03:35:09.8341310Z [36;1m    BUILD_CMD="$BUILD_CMD -project $PROJECT"[0m
build	Build IPA	2026-09-05T03:35:09.8341550Z [36;1m  fi[0m
build	Build IPA	2026-09-05T03:35:09.8341700Z [36;1m[0m
build	Build IPA	2026-09-05T03:35:09.8341910Z [36;1m  BUILD_CMD="$BUILD_CMD -scheme '$SCHEME'"[0m
build	Build IPA	2026-09-05T03:35:09.8342220Z [36;1m  BUILD_CMD="$BUILD_CMD -configuration '$CONFIGURATION'"[0m
build	Build IPA	2026-09-05T03:35:09.8342570Z [36;1m  BUILD_CMD="$BUILD_CMD -destination 'generic/platform=iOS'"[0m
build	Build IPA	2026-09-05T03:35:09.8342930Z [36;1m  BUILD_CMD="$BUILD_CMD -derivedDataPath '$DERIVED_DATA_PATH'"[0m
build	Build IPA	2026-09-05T03:35:09.8343360Z [36;1m[0m
build	Build IPA	2026-09-05T03:35:09.8343550Z [36;1m  # Speed optimization flags[0m
build	Build IPA	2026-09-05T03:35:09.8343820Z [36;1m  BUILD_CMD="$BUILD_CMD COMPILER_INDEX_STORE_ENABLE=NO"[0m
build	Build IPA	2026-09-05T03:35:09.8344150Z [36;1m  BUILD_CMD="$BUILD_CMD DEBUG_INFORMATION_FORMAT=dwarf"[0m
build	Build IPA	2026-09-05T03:35:09.8344460Z [36;1m  BUILD_CMD="$BUILD_CMD ONLY_ACTIVE_ARCH=YES"[0m
build	Build IPA	2026-09-05T03:35:09.8344710Z [36;1m  BUILD_CMD="$BUILD_CMD -quiet"[0m
build	Build IPA	2026-09-05T03:35:09.8344910Z [36;1m[0m
build	Build IPA	2026-09-05T03:35:09.8345210Z [36;1m  # mlx-swift 自带 CudaBuild 构建插件在 iOS 交叉编译下无法通过验证 →[0m
build	Build IPA	2026-09-05T03:35:09.8345570Z [36;1m  # 跳过包插件校验（不影响产物，规避 "Validate plug-in ... failed"）[0m
build	Build IPA	2026-09-05T03:35:09.8345900Z [36;1m  BUILD_CMD="$BUILD_CMD -skipPackagePluginValidation"[0m
build	Build IPA	2026-09-05T03:35:09.8346190Z [36;1m[0m
build	Build IPA	2026-09-05T03:35:09.8346360Z [36;1m  # Xcode 16+ native compilation caching[0m
build	Build IPA	2026-09-05T03:35:09.8346670Z [36;1m  BUILD_CMD="$BUILD_CMD SWIFT_ENABLE_COMPILE_CACHE=YES"[0m
build	Build IPA	2026-09-05T03:35:09.8347000Z [36;1m  BUILD_CMD="$BUILD_CMD CLANG_ENABLE_COMPILE_CACHE=YES"[0m
build	Build IPA	2026-09-05T03:35:09.8347260Z [36;1m[0m
build	Build IPA	2026-09-05T03:35:09.8347420Z [36;1m  if [ "$USE_SIGNING" = "true" ]; then[0m
build	Build IPA	2026-09-05T03:35:09.8347750Z [36;1m    # For signed builds, use archive. Automatic signing cannot resolve a[0m
build	Build IPA	2026-09-05T03:35:09.8348160Z [36;1m    # team on a runner (no Xcode account), so sign manually against the[0m
build	Build IPA	2026-09-05T03:35:09.8348460Z [36;1m    # profile installed above.[0m
build	Build IPA	2026-09-05T03:35:09.8348720Z [36;1m    BUILD_CMD="$BUILD_CMD DEVELOPMENT_TEAM='$DEVELOPMENT_TEAM'"[0m
build	Build IPA	2026-09-05T03:35:09.8349070Z [36;1m    BUILD_CMD="$BUILD_CMD CODE_SIGN_STYLE=Manual"[0m
build	Build IPA	2026-09-05T03:35:09.8349430Z [36;1m    BUILD_CMD="$BUILD_CMD PROVISIONING_PROFILE_SPECIFIER='$PROVISIONING_PROFILE_NAME'"[0m
build	Build IPA	2026-09-05T03:35:09.8349900Z [36;1m    BUILD_CMD="$BUILD_CMD -archivePath '$GITHUB_WORKSPACE/build/App.xcarchive' archive"[0m
build	Build IPA	2026-09-05T03:35:09.8350240Z [36;1m  else[0m
build	Build IPA	2026-09-05T03:35:09.8350750Z [36;1m    # For unsigned builds, use faster 'build' action[0m
build	Build IPA	2026-09-05T03:35:09.8351090Z [36;1m    BUILD_CMD="$BUILD_CMD CODE_SIGNING_ALLOWED=NO build"[0m
build	Build IPA	2026-09-05T03:35:09.8351340Z [36;1m  fi[0m
build	Build IPA	2026-09-05T03:35:09.8351480Z [36;1m[0m
build	Build IPA	2026-09-05T03:35:09.8351630Z [36;1m  echo "Running: $BUILD_CMD"[0m
build	Build IPA	2026-09-05T03:35:09.8351850Z [36;1m  eval $BUILD_CMD[0m
build	Build IPA	2026-09-05T03:35:09.8352050Z [36;1mfi[0m
build	Build IPA	2026-09-05T03:35:09.8352220Z [36;1m[0m
build	Build IPA	2026-09-05T03:35:09.8352360Z [36;1m# Create IPA[0m
build	Build IPA	2026-09-05T03:35:09.8352580Z [36;1mif [ "$USE_SIGNING" = "true" ]; then[0m
build	Build IPA	2026-09-05T03:35:09.8353030Z [36;1m  # For signed builds, use xcodebuild -exportArchive.[0m
build	Build IPA	2026-09-05T03:35:09.8353610Z [36;1m  # Everything below is relative to the repo root, which is also what[0m
build	Build IPA	2026-09-05T03:35:09.8354090Z [36;1m  # the upload-artifact step ("build/*.ipa") resolves against — do not[0m
build	Build IPA	2026-09-05T03:35:09.8354700Z [36;1m  # use "cd .." here, it breaks when ios_path is "." (native at root).[0m
build	Build IPA	2026-09-05T03:35:09.8355030Z [36;1m  cd "$GITHUB_WORKSPACE"[0m
build	Build IPA	2026-09-05T03:35:09.8355270Z [36;1m[0m
build	Build IPA	2026-09-05T03:35:09.8355540Z [36;1m  # The export has to use the same manual signing as the archive, and[0m
build	Build IPA	2026-09-05T03:35:09.8355910Z [36;1m  # it needs the app's real bundle id to map it to the profile.[0m
build	Build IPA	2026-09-05T03:35:09.8356470Z [36;1m  APP_BUNDLE_ID=$(plutil -extract ApplicationProperties.CFBundleIdentifier raw -o - build/App.xcarchive/Info.plist)[0m
build	Build IPA	2026-09-05T03:35:09.8357120Z [36;1m  echo "Exporting $APP_BUNDLE_ID with profile '$PROVISIONING_PROFILE_NAME' (team $DEVELOPMENT_TEAM)"[0m
build	Build IPA	2026-09-05T03:35:09.8357510Z [36;1m[0m
build	Build IPA	2026-09-05T03:35:09.8357640Z [36;1m  printf '%s\n' \[0m
build	Build IPA	2026-09-05T03:35:09.8357850Z [36;1m    '<?xml version="1.0" encoding="UTF-8"?>' \[0m
build	Build IPA	2026-09-05T03:35:09.8358280Z [36;1m    '<!DOCTYPE plist PUBLIC "-//Apple//DTD PLIST 1.0//EN" "http://www.apple.com/DTDs/PropertyList-1.0.dtd">' \[0m
build	Build IPA	2026-09-05T03:35:09.8358680Z [36;1m    '<plist version="1.0">' \[0m
build	Build IPA	2026-09-05T03:35:09.8358880Z [36;1m    '<dict>' \[0m
build	Build IPA	2026-09-05T03:35:09.8359050Z [36;1m    '    <key>method</key>' \[0m
build	Build IPA	2026-09-05T03:35:09.8359260Z [36;1m    '    <string>development</string>' \[0m
build	Build IPA	2026-09-05T03:35:09.8359490Z [36;1m    '    <key>signingStyle</key>' \[0m
build	Build IPA	2026-09-05T03:35:09.8359710Z [36;1m    '    <string>manual</string>' \[0m
build	Build IPA	2026-09-05T03:35:09.8359920Z [36;1m    '    <key>teamID</key>' \[0m
build	Build IPA	2026-09-05T03:35:09.8360140Z [36;1m    "    <string>${DEVELOPMENT_TEAM}</string>" \[0m
build	Build IPA	2026-09-05T03:35:09.8360400Z [36;1m    '    <key>provisioningProfiles</key>' \[0m
build	Build IPA	2026-09-05T03:35:09.8360610Z [36;1m    '    <dict>' \[0m
build	Build IPA	2026-09-05T03:35:09.8360820Z [36;1m    "        <key>${APP_BUNDLE_ID}</key>" \[0m
build	Build IPA	2026-09-05T03:35:09.8361080Z [36;1m    "        <string>${PROVISIONING_PROFILE_NAME}</string>" \[0m
build	Build IPA	2026-09-05T03:35:09.8361330Z [36;1m    '    </dict>' \[0m
build	Build IPA	2026-09-05T03:35:09.8361500Z [36;1m    '</dict>' \[0m
build	Build IPA	2026-09-05T03:35:09.8361690Z [36;1m    '</plist>' > ExportOptions.plist[0m
build	Build IPA	2026-09-05T03:35:09.8361910Z [36;1m  xcodebuild -exportArchive \[0m
build	Build IPA	2026-09-05T03:35:09.8362130Z [36;1m    -archivePath build/App.xcarchive \[0m
build	Build IPA	2026-09-05T03:35:09.8362390Z [36;1m    -exportOptionsPlist ExportOptions.plist \[0m
build	Build IPA	2026-09-05T03:35:09.8362630Z [36;1m    -exportPath build/export[0m
build	Build IPA	2026-09-05T03:35:09.8362810Z [36;1m[0m
build	Build IPA	2026-09-05T03:35:09.8362960Z [36;1m  # Move IPA to expected location[0m
build	Build IPA	2026-09-05T03:35:09.8363190Z [36;1m  mv build/export/*.ipa "build/$BUILD_ID.ipa"[0m
build	Build IPA	2026-09-05T03:35:09.8363460Z [36;1m  echo "Created signed IPA: build/$BUILD_ID.ipa"[0m
build	Build IPA	2026-09-05T03:35:09.8363690Z [36;1melse[0m
build	Build IPA	2026-09-05T03:35:09.8363870Z [36;1m  # For unsigned builds, find .app and create IPA[0m
build	Build IPA	2026-09-05T03:35:09.8364130Z [36;1m  if [ "$PROJECT_TYPE" = "flutter" ]; then[0m
build	Build IPA	2026-09-05T03:35:09.8364380Z [36;1m    # Flutter outputs to build/ios/iphoneos/[0m
build	Build IPA	2026-09-05T03:35:09.8364760Z [36;1m    APP_PATH=$(find "${GITHUB_WORKSPACE}/build/ios/iphoneos" -name "*.app" -type d | head -1)[0m
build	Build IPA	2026-09-05T03:35:09.8365260Z [36;1m  else[0m
build	Build IPA	2026-09-05T03:35:09.8365510Z [36;1m    # Native and React Native/Expo use DerivedData. Ask the project[0m
build	Build IPA	2026-09-05T03:35:09.8365880Z [36;1m    # which bundle this scheme produces: the first .app under[0m
build	Build IPA	2026-09-05T03:35:09.8366250Z [36;1m    # Build/Products is the wrong one whenever the repo has more than[0m
build	Build IPA	2026-09-05T03:35:09.8366550Z [36;1m    # one app target.[0m
build	Build IPA	2026-09-05T03:35:09.8366760Z [36;1m    if [ -n "$WORKSPACE" ]; then[0m
build	Build IPA	2026-09-05T03:35:09.8366980Z [36;1m      TARGET_FLAG=-workspace[0m
build	Build IPA	2026-09-05T03:35:09.8367190Z [36;1m      TARGET_PATH=$WORKSPACE[0m
build	Build IPA	2026-09-05T03:35:09.8367380Z [36;1m    else[0m
build	Build IPA	2026-09-05T03:35:09.8367550Z [36;1m      TARGET_FLAG=-project[0m
build	Build IPA	2026-09-05T03:35:09.8367750Z [36;1m      TARGET_PATH=$PROJECT[0m
build	Build IPA	2026-09-05T03:35:09.8367920Z [36;1m    fi[0m
build	Build IPA	2026-09-05T03:35:09.8368120Z [36;1m    APP_PATH=$(xcodebuild "$TARGET_FLAG" "$TARGET_PATH" \[0m
build	Build IPA	2026-09-05T03:35:09.8368510Z [36;1m      -scheme "$SCHEME" \[0m
build	Build IPA	2026-09-05T03:35:09.8368730Z [36;1m      -configuration "$CONFIGURATION" \[0m
build	Build IPA	2026-09-05T03:35:09.8368980Z [36;1m      -destination 'generic/platform=iOS' \[0m
build	Build IPA	2026-09-05T03:35:09.8369230Z [36;1m      -derivedDataPath "$DERIVED_DATA_PATH" \[0m
build	Build IPA	2026-09-05T03:35:09.8369490Z [36;1m      -showBuildSettings -json 2>/dev/null \[0m
build	Build IPA	2026-09-05T03:35:09.8369730Z [36;1m      | jq -r 'map(.buildSettings)[0m
build	Build IPA	2026-09-05T03:35:09.8370050Z [36;1m               | map(select(.PRODUCT_TYPE == "com.apple.product-type.application"[0m
build	Build IPA	2026-09-05T03:35:09.8370420Z [36;1m                            and (.TARGET_BUILD_DIR | contains("-iphoneos"))))[0m
build	Build IPA	2026-09-05T03:35:09.8370740Z [36;1m               | map(.TARGET_BUILD_DIR + "/" + .FULL_PRODUCT_NAME)[0m
build	Build IPA	2026-09-05T03:35:09.8371020Z [36;1m               | first // empty' || true)[0m
build	Build IPA	2026-09-05T03:35:09.8371250Z [36;1m    if [ ! -d "$APP_PATH" ]; then[0m
build	Build IPA	2026-09-05T03:35:09.8371750Z [36;1m      APP_PATH=$(find "$DERIVED_DATA_PATH/Build/Products/${CONFIGURATION}-iphoneos" -maxdepth 1 -name "*.app" -type d -print -quit 2>/dev/null || true)[0m
build	Build IPA	2026-09-05T03:35:09.8372230Z [36;1m    fi[0m
build	Build IPA	2026-09-05T03:35:09.8372360Z [36;1m  fi[0m
build	Build IPA	2026-09-05T03:35:09.8372490Z [36;1m[0m
build	Build IPA	2026-09-05T03:35:09.8372620Z [36;1m  if [ -z "$APP_PATH" ]; then[0m
build	Build IPA	2026-09-05T03:35:09.8372830Z [36;1m    echo "Error: Could not find .app"[0m
build	Build IPA	2026-09-05T03:35:09.8373040Z [36;1m    exit 1[0m
build	Build IPA	2026-09-05T03:35:09.8373170Z [36;1m  fi[0m
build	Build IPA	2026-09-05T03:35:09.8373320Z [36;1m  echo "Found app at: $APP_PATH"[0m
build	Build IPA	2026-09-05T03:35:09.8373530Z [36;1m  cd "$GITHUB_WORKSPACE"[0m
build	Build IPA	2026-09-05T03:35:09.8373720Z [36;1m  mkdir -p build/Payload[0m
build	Build IPA	2026-09-05T03:35:09.8373920Z [36;1m  cp -R "$APP_PATH" build/Payload/[0m
build	Build IPA	2026-09-05T03:35:09.8374120Z [36;1m  cd build[0m
build	Build IPA	2026-09-05T03:35:09.8374290Z [36;1m  zip -rq "$BUILD_ID.ipa" Payload[0m
build	Build IPA	2026-09-05T03:35:09.8374490Z [36;1m  rm -rf Payload[0m
build	Build IPA	2026-09-05T03:35:09.8374710Z [36;1m  echo "Created unsigned IPA: build/$BUILD_ID.ipa"[0m
build	Build IPA	2026-09-05T03:35:09.8374940Z [36;1mfi[0m
build	Build IPA	2026-09-05T03:35:09.8403860Z shell: /bin/bash -e {0}
build	Build IPA	2026-09-05T03:35:09.8404020Z env:
build	Build IPA	2026-09-05T03:35:09.8404200Z   MD_APPLE_SDK_ROOT: /Applications/Xcode_26.6.app
build	Build IPA	2026-09-05T03:35:09.8404430Z   BUILD_ID: huamei-0905-11347
build	Build IPA	2026-09-05T03:35:09.8404600Z   IOS_PATH: ios
build	Build IPA	2026-09-05T03:35:09.8404740Z   SCHEME: HuameiIndexTTS
build	Build IPA	2026-09-05T03:35:09.8404910Z   PROJECT_TYPE: native
build	Build IPA	2026-09-05T03:35:09.8405070Z   USE_SIGNING: false
build	Build IPA	2026-09-05T03:35:09.8405220Z   CONFIGURATION: Debug
build	Build IPA	2026-09-05T03:35:09.8405370Z ##[endgroup]
build	Build IPA	2026-09-05T03:35:09.8590380Z Regenerating project with xcodegen (deterministic)...
build	Build IPA	2026-09-05T03:35:09.8703560Z ⚙️  Generating plists...
build	Build IPA	2026-09-05T03:35:09.8703960Z ⚙️  Generating project...
build	Build IPA	2026-09-05T03:35:09.8834760Z ⚙️  Writing project...
build	Build IPA	2026-09-05T03:35:09.9099730Z Created project at /Users/runner/work/huamei-indexTTS/huamei-indexTTS/ios/HuameiIndexTTS.xcodeproj
build	Build IPA	2026-09-05T03:35:09.9110160Z Using project: /Users/runner/work/huamei-indexTTS/huamei-indexTTS/ios/HuameiIndexTTS.xcodeproj
build	Build IPA	2026-09-05T03:35:09.9116660Z Running: xcodebuild -project /Users/runner/work/huamei-indexTTS/huamei-indexTTS/ios/HuameiIndexTTS.xcodeproj -scheme 'HuameiIndexTTS' -configuration 'Debug' -destination 'generic/platform=iOS' -derivedDataPath '/Users/runner/work/huamei-indexTTS/huamei-indexTTS/DerivedData' COMPILER_INDEX_STORE_ENABLE=NO DEBUG_INFORMATION_FORMAT=dwarf ONLY_ACTIVE_ARCH=YES -quiet -skipPackagePluginValidation SWIFT_ENABLE_COMPILE_CACHE=YES CLANG_ENABLE_COMPILE_CACHE=YES CODE_SIGNING_ALLOWED=NO build
build	Build IPA	2026-09-05T03:35:39.8126910Z In file included from /Users/runner/work/huamei-indexTTS/huamei-indexTTS/DerivedData/SourcePackages/checkouts/mlx-swift/Source/Cmlx/mlx-generated/metal/steel/attn/kernels/steel_attention.metal:6:
build	Build IPA	2026-09-05T03:35:39.8230280Z In file included from /Users/runner/work/huamei-indexTTS/huamei-indexTTS/DerivedData/SourcePackages/checkouts/mlx-swift/Source/Cmlx/mlx-generated/metal/steel/attn/kernels/../../../steel/attn/kernels/steel_attention.h:3:
build	Build IPA	2026-09-05T03:35:39.8349610Z In file included from /Users/runner/work/huamei-indexTTS/huamei-indexTTS/DerivedData/SourcePackages/checkouts/mlx-swift/Source/Cmlx/mlx-generated/metal/steel/attn/kernels/../../../steel/attn/attn.h:6:
build	Build IPA	2026-09-05T03:35:39.8452310Z In file included from /Users/runner/work/huamei-indexTTS/huamei-indexTTS/DerivedData/SourcePackages/checkouts/mlx-swift/Source/Cmlx/mlx-generated/metal/steel/attn/kernels/../../../steel/attn/../../steel/attn/mma.h:11:
build	Build IPA	2026-09-05T03:35:39.8552880Z /Users/runner/work/huamei-indexTTS/huamei-indexTTS/DerivedData/SourcePackages/checkouts/mlx-swift/Source/Cmlx/mlx-generated/metal/steel/attn/kernels/../../../steel/attn/../../steel/utils/integral_constant.h:108:6: warning: constexpr if is a C++17 extension [-Wc++17-extensions]
build	Build IPA	2026-09-05T03:35:39.8693520Z   if constexpr (start < stop) {
build	Build IPA	2026-09-05T03:35:39.8818670Z      ^
build	Build IPA	2026-09-05T03:35:39.8833230Z In file included from /Users/runner/work/huamei-indexTTS/huamei-indexTTS/DerivedData/SourcePackages/checkouts/mlx-swift/Source/Cmlx/mlx-generated/metal/steel/attn/kernels/steel_attention.metal:6:
build	Build IPA	2026-09-05T03:35:39.8954120Z /Users/runner/work/huamei-indexTTS/huamei-indexTTS/DerivedData/SourcePackages/checkouts/mlx-swift/Source/Cmlx/mlx-generated/metal/steel/attn/kernels/../../../steel/attn/kernels/steel_attention.h:356:16: warning: constexpr if is a C++17 extension [-Wc++17-extensions]
build	Build IPA	2026-09-05T03:35:39.9077540Z             if constexpr (is_bool) {
build	Build IPA	2026-09-05T03:35:39.9181740Z                ^
build	Build IPA	2026-09-05T03:35:39.9286160Z /Users/runner/work/huamei-indexTTS/huamei-indexTTS/DerivedData/SourcePackages/checkouts/mlx-swift/Source/Cmlx/mlx-generated/metal/steel/attn/kernels/../../../steel/attn/kernels/steel_attention.h:426:14: warning: constexpr if is a C++17 extension [-Wc++17-extensions]
build	Build IPA	2026-09-05T03:35:39.9403740Z           if constexpr (BD == 128) {
build	Build IPA	2026-09-05T03:35:39.9510730Z              ^
build	Build IPA	2026-09-05T03:35:39.9612320Z /Users/runner/work/huamei-indexTTS/huamei-indexTTS/DerivedData/SourcePackages/checkouts/mlx-swift/Source/Cmlx/mlx-generated/metal/steel/attn/kernels/../../../steel/attn/kernels/steel_attention.h:436:14: warning: constexpr if is a C++17 extension [-Wc++17-extensions]
build	Build IPA	2026-09-05T03:35:39.9711880Z           if constexpr (BD == 128) {
build	Build IPA	2026-09-05T03:35:39.9812810Z              ^
build	Build IPA	2026-09-05T03:35:39.9913780Z 4 warnings generated.
build	Build IPA	2026-09-05T03:35:40.2117760Z Cache miss
build	Build IPA	2026-09-05T03:35:40.2122060Z Failed frontend command:
build	Build IPA	2026-09-05T03:35:40.2164470Z /Applications/Xcode_26.6.app/Contents/Developer/Toolchains/XcodeDefault.xctoolchain/usr/bin/swift-frontend -frontend -c /Users/runner/work/huamei-indexTTS/huamei-indexTTS/ios/Sources/MLXIndexTTS2Core/Voice/AudioFeatures.swift /Users/runner/work/huamei-indexTTS/huamei-indexTTS/ios/Sources/MLXIndexTTS2Core/BigVGAN.swift /Users/runner/work/huamei-indexTTS/huamei-indexTTS/ios/Sources/MLXIndexTTS2Core/Voice/Campplus.swift /Users/runner/work/huamei-indexTTS/huamei-indexTTS/ios/Sources/MLXIndexTTS2Core/Codec.swift /Users/runner/work/huamei-indexTTS/huamei-indexTTS/ios/Sources/MLXIndexTTS2Core/Config.swift /Users/runner/work/huamei-indexTTS/huamei-indexTTS/ios/Sources/MLXIndexTTS2Core/GPT2.swift -primary-file /Users/runner/work/huamei-indexTTS/huamei-indexTTS/ios/Sources/MLXIndexTTS2Core/GPTGenerator.swift -primary-file /Users/runner/work/huamei-indexTTS/huamei-indexTTS/ios/Sources/MLXIndexTTS2Core/Ops.swift -primary-file /Users/runner/work/huamei-indexTTS/huamei-indexTTS/ios/Sources/MLXIndexTTS2Core/OpsCPU.swift -primary-file /Users/runner/work/huamei-indexTTS/huamei-indexTTS/ios/Sources/MLXIndexTTS2Core/S2MelInfer.swift -primary-file /Users/runner/work/huamei-indexTTS/huamei-indexTTS/ios/Sources/MLXIndexTTS2Core/S2MelWeights.swift -primary-file /Users/runner/work/huamei-indexTTS/huamei-indexTTS/ios/Sources/MLXIndexTTS2Core/IO/Safetensors.swift /Users/runner/work/huamei-indexTTS/huamei-indexTTS/ios/Sources/MLXIndexTTS2Core/TTSPipeline.swift /Users/runner/work/huamei-indexTTS/huamei-indexTTS/ios/Sources/MLXIndexTTS2Core/Text/TiktokenBPE.swift /Users/runner/work/huamei-indexTTS/huamei-indexTTS/ios/Sources/MLXIndexTTS2Core/Voice/VoiceExtractor.swift /Users/runner/work/huamei-indexTTS/huamei-indexTTS/ios/Sources/MLXIndexTTS2Core/Voice/Voiceprint.swift /Users/runner/work/huamei-indexTTS/huamei-indexTTS/ios/Sources/MLXIndexTTS2Core/Voice/W2VBert.swift -supplementary-output-file-map /Users/runner/work/huamei-indexTTS/huamei-indexTTS/DerivedData/Build/Intermediates.noindex/HuameiIndexTTS.build/Debug-iphoneos/MLXIndexTTS2Core.build/Objects-normal/arm64/supplementaryOutputs-2 -target arm64-apple-ios17.0 -direct-clang-cc1-module-build -Xcc -cc1 -Xcc -fansi-escape-codes -Xcc -ferror-limit -Xcc 19 -Xcc -Wdeprecated-objc-isa-usage -Xcc -Werror\=deprecated-objc-isa-usage -Xcc -Werror\=implicit-function-declaration -Xcc -Wno-elaborated-enum-base -Xcc -Wno-error\=allocator-wrappers -Xcc -disable-free -Xcc -fno-pch-timestamp -Xcc -fsyntax-only -Xcc -x -Xcc objective-c -Xcc \<swift-imported-modules\> -Xcc -target-abi -Xcc darwinpcs -Xcc -target-cpu -Xcc apple-a12 -Xcc -target-feature -Xcc +v8.3a -Xcc -target-feature -Xcc +aes -Xcc -target-feature -Xcc +complxnum -Xcc -target-feature -Xcc +crc -Xcc -target-feature -Xcc +fp-armv8 -Xcc -target-feature -Xcc +fullfp16 -Xcc -target-feature -Xcc +jsconv -Xcc -target-feature -Xcc +lse -Xcc -target-feature -Xcc +neon -Xcc -target-feature -Xcc +pauth -Xcc -target-feature -Xcc +perfmon -Xcc -target-feature -Xcc +ras -Xcc -target-feature -Xcc +rcpc -Xcc -target-feature -Xcc +rdm -Xcc -target-feature -Xcc +sha2 -Xcc -triple -Xcc arm64-apple-ios26.5.0 -Xcc -target-linker-version -Xcc 1267 -Xcc -target-sdk-version\=26.5 -Xcc -fmodules-validate-system-headers -Xcc -fno-modulemap-allow-subdirectory-search -Xcc -isysroot -Xcc /Applications/Xcode_26.6.app/Contents/Developer/Platforms/iPhoneOS.platform/Developer/SDKs/iPhoneOS26.5.sdk -Xcc -resource-dir -Xcc /Applications/Xcode_26.6.app/Contents/Developer/Toolchains/XcodeDefault.xctoolchain/usr/lib/swift/clang -Xcc -fmodule-format\=obj -Xcc -fapinotes-swift-version\=5 -Xcc -std\=gnu11 -Xcc -fapinotes-modules -Xcc -fexceptions -Xcc -fskip-odr-check-in-gmf -Xcc -fmodules -Xcc -fno-implicit-modules -Xcc -fretain-comments-from-system-headers -Xcc -fobjc-exceptions -Xcc -fmax-type-align\=16 -Xcc -fstack-check -Xcc -fvisibility-inlines-hidden-static-local-var -Xcc -fmodule-feature -Xcc swift -Xcc -fno-odr-hash-protocols -Xcc -pic-level -Xcc 2 -Xcc -fencode-extended-block-signature -Xcc -stack-protector -Xcc 1 -Xcc -fobjc-runtime\=ios-26.5.0 -Xcc -fobjc-arc -Xcc -fobjc-runtime-has-weak -Xcc -fobjc-weak -Xcc -fgnuc-version\=4.2.1 -Xcc -fblocks -Xcc -fno-convergent-functions -Xcc -ffp-contract\=on -Xcc -fclang-abi-compat\=4.0 -Xcc -fno-experimental-relative-c++-abi-vtables -Xcc -fno-file-reproducible -Xcc -clang-vendor-feature\=+disableNonDependentMemberExprInCurrentInstantiation -Xcc -clang-vendor-feature\=+enableAggressiveVLAFolding -Xcc -clang-vendor-feature\=+revert09abecef7bbf -Xcc -clang-vendor-feature\=+thisNoAlignAttr -Xcc -clang-vendor-feature\=+thisNoNullAttr -Xcc -clang-vendor-feature\=+disableAtImportPrivateFrameworkInImplementationError -Xcc -O0 -Xcc -fno-assume-unique-vtables -Xcc -fcommon -Xcc -fdwarf2-cfi-asm -Xcc -fobjc-msgsend-selector-stubs -Xcc -fregister-global-dtors-with-atexit -Xcc -fno-strict-return -Xcc -debugger-tuning\=lldb -Xcc -disable-llvm-verifier -Xcc -funwind-tables\=1 -Xcc -enable-tlsdesc -Xcc -clear-ast-before-backend -Xcc -discard-value-names -Xcc -mframe-pointer\=non-leaf -Xcc -fno-loop-interchange -Xcc -save-temps\=obj -Xcc -fdiagnostics-hotness-threshold\=0 -Xcc -fdiagnostics-misexpect-tolerance\=0 -Xcc -D -Xcc __swift__\=51000 -Xcc -D -Xcc _ISO646_H_ -Xcc -D -Xcc __ISO646_H -Xcc -D -Xcc SWIFT_SDK_OVERLAY_APPKIT_EPOCH\=2 -Xcc -D -Xcc SWIFT_SDK_OVERLAY_FOUNDATION_EPOCH\=8 -Xcc -D -Xcc SWIFT_SDK_OVERLAY2_SCENEKIT_EPOCH\=3 -Xcc -D -Xcc SWIFT_SDK_OVERLAY_GAMEPLAYKIT_EPOCH\=1 -Xcc -D -Xcc SWIFT_SDK_OVERLAY_SPRITEKIT_EPOCH\=1 -Xcc -D -Xcc SWIFT_SDK_OVERLAY_COREIMAGE_EPOCH\=2 -Xcc -D -Xcc SWIFT_SDK_OVERLAY_DISPATCH_EPOCH\=2 -Xcc -D -Xcc SWIFT_SDK_OVERLAY_PTHREAD_EPOCH\=1 -Xcc -D -Xcc SWIFT_SDK_OVERLAY_COREGRAPHICS_EPOCH\=0 -Xcc -D -Xcc SWIFT_SDK_OVERLAY_UIKIT_EPOCH\=2 -Xcc -D -Xcc SWIFT_CLASS_EXTRA\= -Xcc -D -Xcc __SWIFT_ATTR_SUPPORTS_SENDABLE_DECLS\=1 -Xcc -D -Xcc __SWIFT_COMPILER_VERSION\=6003003001003 -Xcc -D -Xcc __SWIFT_ATTR_SUPPORTS_SENDING\=1 -Xcc -D -Xcc _LIBCPP_HARDENING_MODE\=_LIBCPP_HARDENING_MODE_DEBUG -Xcc -D -Xcc DEBUG\=1 -Xcc -fdefine-target-os-macros -load-resolved-plugin /Applications/Xcode_26.6.app/Contents/Developer/Platforms/iPhoneOS.platform/Developer/usr/lib/swift/host/plugins/libFoundationMacros.dylib\#/Applications/Xcode_26.6.app/Contents/Developer/Platforms/iPhoneOS.platform/Developer/usr/bin/swift-plugin-server\#FoundationMacros -load-resolved-plugin /Applications/Xcode_26.6.app/Contents/Developer/Platforms/iPhoneOS.platform/Developer/usr/lib/swift/host/plugins/libObservationMacros.dylib\#/Applications/Xcode_26.6.app/Contents/Developer/Platforms/iPhoneOS.platform/Developer/usr/bin/swift-plugin-server\#ObservationMacros -load-resolved-plugin /Applications/Xcode_26.6.app/Contents/Developer/Platforms/iPhoneOS.platform/Developer/usr/lib/swift/host/plugins/libSwiftMacros.dylib\#/Applications/Xcode_26.6.app/Contents/Developer/Platforms/iPhoneOS.platform/Developer/usr/bin/swift-plugin-server\#SwiftMacros -read-legacy-type-info-path\=/Applications/Xcode_26.6.app/Contents/Developer/Toolchains/XcodeDefault.xctoolchain/usr/lib/swift/iphoneos/layouts-arm64.yaml -clang-include-tree-filelist llvmcas://550da9d92d3d17dc3b73375a849eae23c9e1dfbe1c6aa8b5a93d4146117e1f05 -disable-implicit-swift-modules -Xcc -fno-implicit-modules -Xcc -fno-implicit-module-maps -explicit-swift-module-map-file llvmcas://72bd5941c8d0bfcd120d4442ac52924fd08ff6f5e70f1ef15c7e4685da19191b -debug-module-path /Users/runner/work/huamei-indexTTS/huamei-indexTTS/DerivedData/Build/Intermediates.noindex/HuameiIndexTTS.build/Debug-iphoneos/MLXIndexTTS2Core.build/Objects-normal/arm64/MLXIndexTTS2Core.swiftmodule -Xllvm -aarch64-use-tbi -enable-objc-interop -stack-check -sdk /Applications/Xcode_26.6.app/Contents/Developer/Platforms/iPhoneOS.platform/Developer/SDKs/iPhoneOS26.5.sdk -I /Users/runner/work/huamei-indexTTS/huamei-indexTTS/DerivedData/Build/Products/Debug-iphoneos -F /Users/runner/work/huamei-indexTTS/huamei-indexTTS/DerivedData/Build/Products/Debug-iphoneos/PackageFrameworks -F /Users/runner/work/huamei-indexTTS/huamei-indexTTS/DerivedData/Build/Products/Debug-iphoneos/PackageFrameworks -F /Users/runner/work/huamei-indexTTS/huamei-indexTTS/DerivedData/Build/Products/Debug-iphoneos/PackageFrameworks -F /Users/runner/work/huamei-indexTTS/huamei-indexTTS/DerivedData/Build/Products/Debug-iphoneos/PackageFrameworks -F /Users/runner/work/huamei-indexTTS/huamei-indexTTS/DerivedData/Build/Products/Debug-iphoneos/PackageFrameworks -F /Users/runner/work/huamei-indexTTS/huamei-indexTTS/DerivedData/Build/Products/Debug-iphoneos/PackageFrameworks -F /Users/runner/work/huamei-indexTTS/huamei-indexTTS/DerivedData/Build/Products/Debug-iphoneos/PackageFrameworks -F /Users/runner/work/huamei-indexTTS/huamei-indexTTS/DerivedData/Build/Products/Debug-iphoneos/PackageFrameworks -F /Users/runner/work/huamei-indexTTS/huamei-indexTTS/DerivedData/Build/Products/Debug-iphoneos/PackageFrameworks -F /Users/runner/work/huamei-indexTTS/huamei-indexTTS/DerivedData/Build/Products/Debug-iphoneos/PackageFrameworks -F /Users/runner/work/huamei-indexTTS/huamei-indexTTS/DerivedData/Build/Products/Debug-iphoneos -no-color-diagnostics -enable-testing -g -debug-info-format\=dwarf -dwarf-version\=4 -module-cache-path /Users/runner/work/huamei-indexTTS/huamei-indexTTS/DerivedData/Build/Intermediates.noindex/SwiftExplicitPrecompiledModules -swift-version 5 -Onone -D DEBUG -serialize-debugging-options -const-gather-protocols-file /Users/runner/work/huamei-indexTTS/huamei-indexTTS/DerivedData/Build/Intermediates.noindex/HuameiIndexTTS.build/Debug-iphoneos/MLXIndexTTS2Core.build/Objects-normal/arm64/MLXIndexTTS2Core_const_extract_protocols.json -enable-experimental-feature DebugDescriptionMacro -enable-bare-slash-regex -empty-abi-descriptor -validate-clang-modules-once -clang-build-session-file /Users/runner/work/huamei-indexTTS/huamei-indexTTS/DerivedData/ModuleCache.noindex/Session.modulevalidation -enable-anonymous-context-mangled-names -file-compilation-dir /Users/runner/work/huamei-indexTTS/huamei-indexTTS/ios -cache-compile-job -cas-path /Users/runner/work/huamei-indexTTS/huamei-indexTTS/DerivedData/CompilationCache.noindex/builtin -auto-bridging-header-chaining -module-name MLXIndexTTS2Core -frontend-parseable-output -disable-clang-spi -clang-target arm64-apple-ios26.5 -target-sdk-version 26.5 -target-sdk-name iphoneos26.5 -in-process-plugin-server-path /Applications/Xcode_26.6.app/Contents/Developer/Toolchains/XcodeDefault.xctoolchain/usr/lib/swift/host/libSwiftInProcPluginServer.dylib -o /Users/runner/work/huamei-indexTTS/huamei-indexTTS/DerivedData/Build/Intermediates.noindex/HuameiIndexTTS.build/Debug-iphoneos/MLXIndexTTS2Core.build/Objects-normal/arm64/GPTGenerator.o -o /Users/runner/work/huamei-indexTTS/huamei-indexTTS/DerivedData/Build/Intermediates.noindex/HuameiIndexTTS.build/Debug-iphoneos/MLXIndexTTS2Core.build/Objects-normal/arm64/Ops.o -o /Users/runner/work/huamei-indexTTS/huamei-indexTTS/DerivedData/Build/Intermediates.noindex/HuameiIndexTTS.build/Debug-iphoneos/MLXIndexTTS2Core.build/Objects-normal/arm64/OpsCPU.o -o /Users/runner/work/huamei-indexTTS/huamei-indexTTS/DerivedData/Build/Intermediates.noindex/HuameiIndexTTS.build/Debug-iphoneos/MLXIndexTTS2Core.build/Objects-normal/arm64/S2MelInfer.o -o /Users/runner/work/huamei-indexTTS/huamei-indexTTS/DerivedData/Build/Intermediates.noindex/HuameiIndexTTS.build/Debug-iphoneos/MLXIndexTTS2Core.build/Objects-normal/arm64/S2MelWeights.o -o /Users/runner/work/huamei-indexTTS/huamei-indexTTS/DerivedData/Build/Intermediates.noindex/HuameiIndexTTS.build/Debug-iphoneos/MLXIndexTTS2Core.build/Objects-normal/arm64/Safetensors.o -index-unit-output-path /HuameiIndexTTS.build/Debug-iphoneos/MLXIndexTTS2Core.build/Objects-normal/arm64/GPTGenerator.o -index-unit-output-path /HuameiIndexTTS.build/Debug-iphoneos/MLXIndexTTS2Core.build/Objects-normal/arm64/Ops.o -index-unit-output-path /HuameiIndexTTS.build/Debug-iphoneos/MLXIndexTTS2Core.build/Objects-normal/arm64/OpsCPU.o -index-unit-output-path /HuameiIndexTTS.build/Debug-iphoneos/MLXIndexTTS2Core.build/Objects-normal/arm64/S2MelInfer.o -index-unit-output-path /HuameiIndexTTS.build/Debug-iphoneos/MLXIndexTTS2Core.build/Objects-normal/arm64/S2MelWeights.o -index-unit-output-path /HuameiIndexTTS.build/Debug-iphoneos/MLXIndexTTS2Core.build/Objects-normal/arm64/Safetensors.o
build	Build IPA	2026-09-05T03:35:40.2222070Z /Users/runner/work/huamei-indexTTS/huamei-indexTTS/ios/Sources/MLXIndexTTS2Core/GPTGenerator.swift:70:19: error: cannot find 'SplitMix64' in scope
build	Build IPA	2026-09-05T03:35:40.2223210Z         var rng = SplitMix64(seed: seed)
build	Build IPA	2026-09-05T03:35:40.2223680Z                   ^~~~~~~~~~
build	Build IPA	2026-09-05T03:35:40.2224450Z /Users/runner/work/huamei-indexTTS/huamei-indexTTS/ios/Sources/MLXIndexTTS2Core/GPTGenerator.swift:87:31: error: value of type 'MLXArray' has no member 'concatenated'
build	Build IPA	2026-09-05T03:35:40.2225910Z         prefixEmb = prefixEmb.concatenated([MLXArray.zeros([1, d])], axis: 0)
build	Build IPA	2026-09-05T03:35:40.2226380Z                     ~~~~~~~~~ ^~~~~~~~~~~~
build	Build IPA	2026-09-05T03:35:40.2227110Z /Users/runner/work/huamei-indexTTS/huamei-indexTTS/ios/Sources/MLXIndexTTS2Core/GPTGenerator.swift:88:31: error: value of type 'MLXArray' has no member 'concatenated'
build	Build IPA	2026-09-05T03:35:40.2229370Z         prefixEmb = prefixEmb.concatenated([MLXArray.zeros([1, d])], axis: 0)   // [3,1280]
build	Build IPA	2026-09-05T03:35:40.2229920Z                     ~~~~~~~~~ ^~~~~~~~~~~~
build	Build IPA	2026-09-05T03:35:40.2230830Z /Users/runner/work/huamei-indexTTS/huamei-indexTTS/ios/Sources/MLXIndexTTS2Core/GPTGenerator.swift:95:35: error: value of type 'MLXArray' has no member 'concatenated'
build	Build IPA	2026-09-05T03:35:40.2231570Z             prefixEmb = prefixEmb.concatenated([row], axis: 0)
build	Build IPA	2026-09-05T03:35:40.2231970Z                         ~~~~~~~~~ ^~~~~~~~~~~~
build	Build IPA	2026-09-05T03:35:40.2234090Z /Users/runner/work/huamei-indexTTS/huamei-indexTTS/ios/Sources/MLXIndexTTS2Core/GPTGenerator.swift:108:33: error: value of type 'MLXArray' has no member 'concatenated'
build	Build IPA	2026-09-05T03:35:40.2235200Z         var fullSeq = prefixEmb.concatenated([startRow + startPos0], axis: 0)   // [4+L,D]
build	Build IPA	2026-09-05T03:35:40.2235790Z                       ~~~~~~~~~ ^~~~~~~~~~~~
build	Build IPA	2026-09-05T03:35:40.2236750Z /Users/runner/work/huamei-indexTTS/huamei-indexTTS/ios/Sources/MLXIndexTTS2Core/Ops.swift:80:23: warning: 'quantizedMatmul(_:_:scales:biases:transpose:groupSize:bits:mode:stream:)' is deprecated: renamed to 'quantizedMM(_:_:scales:biases:transpose:groupSize:bits:mode:stream:)'
build	Build IPA	2026-09-05T03:35:40.2238040Z         let out = MLX.quantizedMatmul(
build	Build IPA	2026-09-05T03:35:40.2238450Z                       ^
build	Build IPA	2026-09-05T03:35:40.2239120Z /Users/runner/work/huamei-indexTTS/huamei-indexTTS/ios/Sources/MLXIndexTTS2Core/Ops.swift:80:23: note: use 'quantizedMM(_:_:scales:biases:transpose:groupSize:bits:mode:stream:)' instead
build	Build IPA	2026-09-05T03:35:40.2239940Z         let out = MLX.quantizedMatmul(
build	Build IPA	2026-09-05T03:35:40.2240920Z                       ^~~~~~~~~~~~~~~
build	Build IPA	2026-09-05T03:35:40.2241280Z                       quantizedMM
build	Build IPA	2026-09-05T03:35:40.2241970Z /Users/runner/work/huamei-indexTTS/huamei-indexTTS/ios/Sources/MLXIndexTTS2Core/Ops.swift:97:56: error: cannot convert value of type '[Int]' to expected argument type 'Int'
build	Build IPA	2026-09-05T03:35:40.2242860Z         var out = MLX.conv1d(x, w, stride: 1, padding: [0, 0], dilation: dilation)
build	Build IPA	2026-09-05T03:35:40.2243680Z                                                        ^
build	Build IPA	2026-09-05T03:35:40.2244500Z /Users/runner/work/huamei-indexTTS/huamei-indexTTS/ios/Sources/MLXIndexTTS2Core/Ops.swift:107:58: error: value of type 'MLXArray' has no member 'concatenated'
build	Build IPA	2026-09-05T03:35:40.2245270Z         if left > 0 { out = MLXArray.zeros([b, c, left]).concatenated([out], axis: 2) }
build	Build IPA	2026-09-05T03:35:40.2245750Z                             ~~~~~~~~~~~~~~~~~~~~~~~~~~~~ ^~~~~~~~~~~~
build	Build IPA	2026-09-05T03:35:40.2246670Z /Users/runner/work/huamei-indexTTS/huamei-indexTTS/ios/Sources/MLXIndexTTS2Core/Ops.swift:108:34: error: value of type 'MLXArray' has no member 'concatenated'
build	Build IPA	2026-09-05T03:35:40.2247730Z         if right > 0 { out = out.concatenated([MLXArray.zeros([b, c, right])], axis: 2) }
build	Build IPA	2026-09-05T03:35:40.2248260Z                              ~~~ ^~~~~~~~~~~~
build	Build IPA	2026-09-05T03:35:40.2249040Z /Users/runner/work/huamei-indexTTS/huamei-indexTTS/ios/Sources/MLXIndexTTS2Core/Ops.swift:119:23: error: module 'MLX' has no member named 'flip'
build	Build IPA	2026-09-05T03:35:40.2249850Z             let rev = MLX.flip(slice, axis: 2)
build	Build IPA	2026-09-05T03:35:40.2250330Z                       ^~~ ~~~~
build	Build IPA	2026-09-05T03:35:40.2251020Z /Users/runner/work/huamei-indexTTS/huamei-indexTTS/ios/Sources/MLXIndexTTS2Core/Ops.swift:124:23: error: module 'MLX' has no member named 'flip'
build	Build IPA	2026-09-05T03:35:40.2251680Z             let rev = MLX.flip(slice, axis: 2)
build	Build IPA	2026-09-05T03:35:40.2251970Z                       ^~~ ~~~~
build	Build IPA	2026-09-05T03:35:40.2253360Z /Users/runner/work/huamei-indexTTS/huamei-indexTTS/ios/Sources/MLXIndexTTS2Core/Ops.swift:125:23: error: value of type 'MLXArray' has no member 'concatenated'
build	Build IPA	2026-09-05T03:35:40.2254310Z             out = out.concatenated([rev], axis: 2)
build	Build IPA	2026-09-05T03:35:40.2254690Z                   ~~~ ^~~~~~~~~~~~
build	Build IPA	2026-09-05T03:35:40.2255690Z /Users/runner/work/huamei-indexTTS/huamei-indexTTS/ios/Sources/MLXIndexTTS2Core/OpsCPU.swift:11:29: error: missing argument for parameter #1 in call
build	Build IPA	2026-09-05T03:35:40.2256560Z         return self.asArray()
build	Build IPA	2026-09-05T03:35:40.2257020Z                             ^
build	Build IPA	2026-09-05T03:35:40.2257370Z                             <#Float.Type#>
build	Build IPA	2026-09-05T03:35:40.2257770Z MLX.MLXArray.asArray:2:13: note: 'asArray' declared here
build	Build IPA	2026-09-05T03:35:40.2258580Z public func asArray<T>(_ type: T.Type) -> [T] where T : MLX.HasDType}
build	Build IPA	2026-09-05T03:35:40.2258950Z             ^
build	Build IPA	2026-09-05T03:35:40.2259760Z /Users/runner/work/huamei-indexTTS/huamei-indexTTS/ios/Sources/MLXIndexTTS2Core/S2MelInfer.swift:20:30: error: value of type 'MLXArray' has no member 'concatenated'
build	Build IPA	2026-09-05T03:35:40.2261440Z         let emb = args.cos().concatenated([args.sin()], axis: 0)   // [256]
build	Build IPA	2026-09-05T03:35:40.2261800Z                   ~~~~~~~~~~ ^~~~~~~~~~~~
build	Build IPA	2026-09-05T03:35:40.2262520Z /Users/runner/work/huamei-indexTTS/huamei-indexTTS/ios/Sources/MLXIndexTTS2Core/S2MelInfer.swift:30:30: error: value of type 'MLXArray' has no member 'expanded'
build	Build IPA	2026-09-05T03:35:40.2263460Z         let m = Ops.linear(c.expanded(to: [1, 512]), w: pw, b: pb).reshaped([-1])   // [1024]
build	Build IPA	2026-09-05T03:35:40.2264220Z                            ~ ^~~~~~~~
build	Build IPA	2026-09-05T03:35:40.2265040Z /Users/runner/work/huamei-indexTTS/huamei-indexTTS/ios/Sources/MLXIndexTTS2Core/S2MelInfer.swift:42:29: error: value of type 'MLXArray' has no member 'expanded'
build	Build IPA	2026-09-05T03:35:40.2265820Z         let t1 = timeEmb(t).expanded(to: [B, 512])                       // [B,512]
build	Build IPA	2026-09-05T03:35:40.2266190Z                  ~~~~~~~~~~ ^~~~~~~~
build	Build IPA	2026-09-05T03:35:40.2266950Z /Users/runner/work/huamei-indexTTS/huamei-indexTTS/ios/Sources/MLXIndexTTS2Core/S2MelInfer.swift:49:22: error: value of type 'MLXArray' has no member 'concatenated'
build	Build IPA	2026-09-05T03:35:40.2267800Z         var xIn = xt.concatenated([pxt], axis: 2)
build	Build IPA	2026-09-05T03:35:40.2268170Z                   ~~ ^~~~~~~~~~~~
build	Build IPA	2026-09-05T03:35:40.2268840Z /Users/runner/work/huamei-indexTTS/huamei-indexTTS/ios/Sources/MLXIndexTTS2Core/S2MelInfer.swift:51:28: error: value of type 'MLXArray' has no member 'expanded'
build	Build IPA	2026-09-05T03:35:40.2269530Z         let styleT = style.expanded(to: [1, T, TTSConfig.spkDim])
build	Build IPA	2026-09-05T03:35:40.2270010Z                      ~~~~~ ^~~~~~~~
build	Build IPA	2026-09-05T03:35:40.2270810Z /Users/runner/work/huamei-indexTTS/huamei-indexTTS/ios/Sources/MLXIndexTTS2Core/S2MelInfer.swift:108:21: error: value of type 'MLXArray' has no member 'expanded'
build	Build IPA	2026-09-05T03:35:40.2271760Z         let g2 = t2.expanded(to: [1, 512, 1])
build	Build IPA	2026-09-05T03:35:40.2272180Z                  ~~ ^~~~~~~~
build	Build IPA	2026-09-05T03:35:40.2272990Z /Users/runner/work/huamei-indexTTS/huamei-indexTTS/ios/Sources/MLXIndexTTS2Core/S2MelInfer.swift:132:29: error: value of type 'MLXArray' has no member 'expanded'
build	Build IPA	2026-09-05T03:35:40.2273730Z             let gs = gslice.expanded(to: [1, 2 * ch, xIn.shape[2]])
build	Build IPA	2026-09-05T03:35:40.2274160Z                      ~~~~~~ ^~~~~~~~
build	Build IPA	2026-09-05T03:35:40.2275410Z /Users/runner/work/huamei-indexTTS/huamei-indexTTS/ios/Sources/MLXIndexTTS2Core/S2MelInfer.swift:154:20: error: type 'Ops' has no member 'tanhOp'
build	Build IPA	2026-09-05T03:35:40.2276110Z         return Ops.tanhOp(h1) * Ops.sigmoidOp(h2)
build	Build IPA	2026-09-05T03:35:40.2276470Z                ~~~ ^~~~~~
build	Build IPA	2026-09-05T03:35:40.2277060Z /Users/runner/work/huamei-indexTTS/huamei-indexTTS/ios/Sources/MLXIndexTTS2Core/S2MelInfer.swift:154:37: error: type 'Ops' has no member 'sigmoidOp'
build	Build IPA	2026-09-05T03:35:40.2277810Z         return Ops.tanhOp(h1) * Ops.sigmoidOp(h2)
build	Build IPA	2026-09-05T03:35:40.2278170Z                                 ~~~ ^~~~~~~~~
build	Build IPA	2026-09-05T03:35:40.2278930Z /Users/runner/work/huamei-indexTTS/huamei-indexTTS/ios/Sources/MLXIndexTTS2Core/S2MelInfer.swift:163:30: error: value of type 'MLXArray' has no member 'expanded'
build	Build IPA	2026-09-05T03:35:40.2280030Z         let m = Ops.linear(s.expanded(to: [1, 512]),
build	Build IPA	2026-09-05T03:35:40.2280360Z                            ~ ^~~~~~~~
build	Build IPA	2026-09-05T03:35:40.2281220Z /Users/runner/work/huamei-indexTTS/huamei-indexTTS/ios/Sources/MLXIndexTTS2Core/S2MelInfer.swift:182:17: error: module 'MLX' has no member named 'mish'
build	Build IPA	2026-09-05T03:35:40.2281840Z             x = MLX.mish(y)
build	Build IPA	2026-09-05T03:35:40.2282200Z                 ^~~ ~~~~
build	Build IPA	2026-09-05T03:35:40.2282990Z /Users/runner/work/huamei-indexTTS/huamei-indexTTS/ios/Sources/MLXIndexTTS2Core/S2MelInfer.swift:211:19: error: cannot find 'SplitMix64' in scope
build	Build IPA	2026-09-05T03:35:40.2283840Z         var rng = SplitMix64(seed: seed)
build	Build IPA	2026-09-05T03:35:40.2284160Z                   ^~~~~~~~~~
build	Build IPA	2026-09-05T03:35:40.2284840Z /Users/runner/work/huamei-indexTTS/huamei-indexTTS/ios/Sources/MLXIndexTTS2Core/S2MelInfer.swift:236:35: error: value of type 'MLXArray' has no member 'concatenated'
build	Build IPA	2026-09-05T03:35:40.2286120Z                 let px2 = promptX.concatenated([MLXArray.zeros([1, 80, T])], axis: 0)
build	Build IPA	2026-09-05T03:35:40.2286650Z                           ~~~~~~~ ^~~~~~~~~~~~
build	Build IPA	2026-09-05T03:35:40.2287360Z /Users/runner/work/huamei-indexTTS/huamei-indexTTS/ios/Sources/MLXIndexTTS2Core/S2MelInfer.swift:237:33: error: value of type 'MLXArray' has no member 'concatenated'
build	Build IPA	2026-09-05T03:35:40.2288200Z                 let st2 = style.concatenated([MLXArray.zeros([1, TTSConfig.spkDim])], axis: 0)
build	Build IPA	2026-09-05T03:35:40.2288890Z                           ~~~~~ ^~~~~~~~~~~~
build	Build IPA	2026-09-05T03:35:40.2289640Z /Users/runner/work/huamei-indexTTS/huamei-indexTTS/ios/Sources/MLXIndexTTS2Core/S2MelInfer.swift:238:30: error: value of type 'MLXArray' has no member 'concatenated'
build	Build IPA	2026-09-05T03:35:40.2290460Z                 let mu2 = mu.concatenated([MLXArray.zeros([1, T, 512])], axis: 0)
build	Build IPA	2026-09-05T03:35:40.2290940Z                           ~~ ^~~~~~~~~~~~
build	Build IPA	2026-09-05T03:35:40.2291920Z /Users/runner/work/huamei-indexTTS/huamei-indexTTS/ios/Sources/MLXIndexTTS2Core/S2MelInfer.swift:239:29: error: value of type 'MLXArray' has no member 'concatenated'
build	Build IPA	2026-09-05T03:35:40.2292670Z                 let xx = xt.concatenated([xt], axis: 0)
build	Build IPA	2026-09-05T03:35:40.2293010Z                          ~~ ^~~~~~~~~~~~
build	Build IPA	2026-09-05T03:35:40.2293770Z /Users/runner/work/huamei-indexTTS/huamei-indexTTS/ios/Sources/MLXIndexTTS2Core/S2MelInfer.swift:261:14: warning: immutable value 'b' was never used; consider replacing with '_' or removing it
build	Build IPA	2026-09-05T03:35:40.2294600Z         let (b, c, t) = (dstShape[0], dstShape[1], dstShape[2])
build	Build IPA	2026-09-05T03:35:40.2294970Z              ^
build	Build IPA	2026-09-05T03:35:40.2295380Z              _
build	Build IPA	2026-09-05T03:35:40.2296220Z /Users/runner/work/huamei-indexTTS/huamei-indexTTS/ios/Sources/MLXIndexTTS2Core/IO/Safetensors.swift:32:16: error: cannot assign value of type '[String : Any]' to type '[String : [String : Any]]'
build	Build IPA	2026-09-05T03:35:40.2296940Z         header = obj
build	Build IPA	2026-09-05T03:35:40.2297170Z                ^
build	Build IPA	2026-09-05T03:35:40.2297480Z                      as! [String : [String : Any]]
build	Build IPA	2026-09-05T03:35:40.2298530Z /Users/runner/work/huamei-indexTTS/huamei-indexTTS/ios/Sources/MLXIndexTTS2Core/IO/Safetensors.swift:32:16: note: arguments to generic parameter 'Value' ('Any' and '[String : Any]') are expected to be equal
build	Build IPA	2026-09-05T03:35:40.2299430Z         header = obj
build	Build IPA	2026-09-05T03:35:40.2299700Z                ^
build	Build IPA	2026-09-05T03:35:40.2300380Z /Users/runner/work/huamei-indexTTS/huamei-indexTTS/ios/Sources/MLXIndexTTS2Core/IO/Safetensors.swift:41:39: warning: conditional downcast from '[String : Any]?' to '[String : Any]' does nothing
build	Build IPA	2026-09-05T03:35:40.2301180Z         guard let info = header[name] as? [String: Any],
build	Build IPA	2026-09-05T03:35:40.2301700Z                          ~~~~~~~~~~~~~^~~~~~~~~~~~~~~~~
build	Build IPA	2026-09-05T03:35:40.2302100Z                                      
build	Build IPA	2026-09-05T03:35:40.2302900Z /Users/runner/work/huamei-indexTTS/huamei-indexTTS/ios/Sources/MLXIndexTTS2Core/IO/Safetensors.swift:48:39: warning: conditional downcast from '[String : Any]?' to '[String : Any]' does nothing
build	Build IPA	2026-09-05T03:35:40.2303880Z         guard let info = header[name] as? [String: Any],
build	Build IPA	2026-09-05T03:35:40.2304500Z                          ~~~~~~~~~~~~~^~~~~~~~~~~~~~~~~
build	Build IPA	2026-09-05T03:35:40.2304910Z                                      
build	Build IPA	2026-09-05T03:35:40.2305740Z /Users/runner/work/huamei-indexTTS/huamei-indexTTS/ios/Sources/MLXIndexTTS2Core/IO/Safetensors.swift:63:39: warning: conditional downcast from '[String : Any]?' to '[String : Any]' does nothing
build	Build IPA	2026-09-05T03:35:40.2306570Z         guard let info = header[name] as? [String: Any],
build	Build IPA	2026-09-05T03:35:40.2306940Z                          ~~~~~~~~~~~~~^~~~~~~~~~~~~~~~~
build	Build IPA	2026-09-05T03:35:40.2307280Z                                      
build	Build IPA	2026-09-05T03:35:40.2308120Z /Users/runner/work/huamei-indexTTS/huamei-indexTTS/ios/Sources/MLXIndexTTS2Core/IO/Safetensors.swift:79:51: error: static member 'halfToFloat' cannot be used on instance of type 'SafetensorsFile'
build	Build IPA	2026-09-05T03:35:40.2310220Z             raw.bindMemory(to: UInt16.self).map { halfToFloat($0) }
build	Build IPA	2026-09-05T03:35:40.2310810Z                                                   ^~~~~~~~~~~
build	Build IPA	2026-09-05T03:35:40.2311310Z                                                   SafetensorsFile.
build	Build IPA	2026-09-05T03:35:40.2312180Z /Users/runner/work/huamei-indexTTS/huamei-indexTTS/ios/Sources/MLXIndexTTS2Core/IO/Safetensors.swift:101:28: error: extraneous argument labels 'fromHalfBytes:shape:' in call
build	Build IPA	2026-09-05T03:35:40.2313090Z             return MLXArray(fromHalfBytes: data, shape: shape)
build	Build IPA	2026-09-05T03:35:40.2313520Z                            ^~~~~~~~~~~~~~~~      ~~~~~~~
build	Build IPA	2026-09-05T03:35:40.2313950Z                                                  
build	Build IPA	2026-09-05T03:35:40.2314810Z /Users/runner/work/huamei-indexTTS/huamei-indexTTS/ios/Sources/MLXIndexTTS2Core/IO/Safetensors.swift:103:28: error: extraneous argument labels 'fromFloatBytes:shape:' in call
build	Build IPA	2026-09-05T03:35:40.2315650Z             return MLXArray(fromFloatBytes: data, shape: shape)
build	Build IPA	2026-09-05T03:35:40.2316080Z                            ^~~~~~~~~~~~~~~~~      ~~~~~~~
build	Build IPA	2026-09-05T03:35:40.2316520Z                                                   
build	Build IPA	2026-09-05T03:35:40.2317330Z /Users/runner/work/huamei-indexTTS/huamei-indexTTS/ios/Sources/MLXIndexTTS2Core/IO/Safetensors.swift:142:48: error: 'halfToFloat' is inaccessible due to 'private' protection level
build	Build IPA	2026-09-05T03:35:40.2318280Z             return halfs.map { SafetensorsFile.halfToFloat($0) }
build	Build IPA	2026-09-05T03:35:40.2318780Z                                                ^~~~~~~~~~~
build	Build IPA	2026-09-05T03:35:40.2319500Z /Users/runner/work/huamei-indexTTS/huamei-indexTTS/ios/Sources/MLXIndexTTS2Core/IO/Safetensors.swift:87:25: note: 'halfToFloat' declared here
build	Build IPA	2026-09-05T03:35:40.2320390Z     private static func halfToFloat(_ h: UInt16) -> Float {
build	Build IPA	2026-09-05T03:35:40.2320840Z                         ^
build	Build IPA	2026-09-05T03:35:40.2321640Z /Users/runner/work/huamei-indexTTS/huamei-indexTTS/ios/Sources/MLXIndexTTS2Core/IO/Safetensors.swift:156:25: error: 'halfToFloat' is inaccessible due to 'private' protection level
build	Build IPA	2026-09-05T03:35:40.2322580Z         SafetensorsFile.halfToFloat(h)
build	Build IPA	2026-09-05T03:35:40.2322930Z                         ^~~~~~~~~~~
build	Build IPA	2026-09-05T03:35:40.2323680Z /Users/runner/work/huamei-indexTTS/huamei-indexTTS/ios/Sources/MLXIndexTTS2Core/IO/Safetensors.swift:87:25: note: 'halfToFloat' declared here
build	Build IPA	2026-09-05T03:35:40.2324490Z     private static func halfToFloat(_ h: UInt16) -> Float {
build	Build IPA	2026-09-05T03:35:40.2324860Z                         ^
build	Build IPA	2026-09-05T03:35:40.2325580Z /Users/runner/work/huamei-indexTTS/huamei-indexTTS/ios/Sources/MLXIndexTTS2Core/IO/Safetensors.swift:164:54: error: extra argument 'shape' in call
build	Build IPA	2026-09-05T03:35:40.2326420Z         MLXArray(data: bytes, dtype: .uint32, shape: shape)
build	Build IPA	2026-09-05T03:35:40.2326810Z                 ~~~~~~~~~~~~~~~~~~~~~~~~~~~~~~~~~~~~~^~~~~~
build	Build IPA	2026-09-05T03:35:40.2327710Z /Users/runner/work/huamei-indexTTS/huamei-indexTTS/ios/Sources/MLXIndexTTS2Core/IO/Safetensors.swift:164:9: error: initializer 'init(_:dtype:)' requires that 'Data' conform to 'HasDType'
build	Build IPA	2026-09-05T03:35:40.2328700Z         MLXArray(data: bytes, dtype: .uint32, shape: shape)
build	Build IPA	2026-09-05T03:35:40.2329570Z         ^
build	Build IPA	2026-09-05T03:35:40.2329890Z MLX.MLXArray.init:2:20: note: where 'T' = 'Data'
build	Build IPA	2026-09-05T03:35:40.2330360Z public convenience init<T>(_ value: T, dtype: MLX.DType) where T : MLX.HasDType}
build	Build IPA	2026-09-05T03:35:40.2330890Z                    ^
build	Build IPA	2026-09-05T03:35:40.3347080Z ** BUILD FAILED **
build	Build IPA	2026-09-05T03:35:40.3347530Z 
build	Build IPA	2026-09-05T03:35:40.3983540Z ##[error]Process completed with exit code 65.
